#! /usr/bin/vvp
:ivl_version "12.0 (stable)";
:ivl_delay_selection "TYPICAL";
:vpi_time_precision - 12;
:vpi_module "/usr/lib/x86_64-linux-gnu/ivl/system.vpi";
:vpi_module "/usr/lib/x86_64-linux-gnu/ivl/vhdl_sys.vpi";
:vpi_module "/usr/lib/x86_64-linux-gnu/ivl/vhdl_textio.vpi";
:vpi_module "/usr/lib/x86_64-linux-gnu/ivl/v2005_math.vpi";
:vpi_module "/usr/lib/x86_64-linux-gnu/ivl/va_math.vpi";
:vpi_module "/usr/lib/x86_64-linux-gnu/ivl/v2009.vpi";
S_0x55853662c990 .scope package, "$unit" "$unit" 2 1;
 .timescale 0 0;
S_0x55853662e690 .scope module, "tb_johnson" "tb_johnson" 3 3;
 .timescale -9 -12;
v0x558536664950_0 .var "areset_n", 0 0;
v0x558536664a10_0 .var "clk", 0 0;
v0x558536664ad0_0 .var "en", 0 0;
v0x558536664b70_0 .var "load_shift", 0 0;
v0x558536664c10_0 .net "out", 3 0, L_0x55853662d730;  1 drivers
E_0x55853663a240 .event negedge, v0x55853662f930_0;
S_0x5585365fd490 .scope task, "check" "check" 3 33, 3 33 0, S_0x55853662e690;
 .timescale -9 -12;
TD_tb_johnson.check ;
    %vpi_call/w 3 35 "$display", "en = %b | areset_n = %b | out = %b", v0x558536664ad0_0, v0x558536664950_0, v0x558536664c10_0 {0 0 0};
    %end;
S_0x5585365fd670 .scope module, "dut" "johnson" 3 11, 4 1 0, S_0x55853662e690;
 .timescale 0 0;
    .port_info 0 /INPUT 1 "clk";
    .port_info 1 /INPUT 1 "en";
    .port_info 2 /INPUT 1 "areset_n";
    .port_info 3 /INPUT 1 "load_shift";
    .port_info 4 /OUTPUT 4 "out";
L_0x55853662d730 .functor BUFZ 4, L_0x558536665b00, C4<0000>, C4<0000>, C4<0000>;
L_0x55853662f710 .functor NOT 1, L_0x558536664fb0, C4<0>, C4<0>, C4<0>;
v0x558536664120_0 .net *"_ivl_7", 0 0, L_0x558536664fb0;  1 drivers
v0x558536664220_0 .net "areset_n", 0 0, v0x558536664950_0;  1 drivers
v0x5585366642e0_0 .net "clk", 0 0, v0x558536664a10_0;  1 drivers
v0x5585366643b0_0 .net "en", 0 0, v0x558536664ad0_0;  1 drivers
L_0x7f75559cb018 .functor BUFT 1, C4<0000>, C4<0>, C4<0>, C4<0>;
v0x558536664560_0 .net "in", 3 0, L_0x7f75559cb018;  1 drivers
v0x558536664650_0 .net "load_shift", 0 0, v0x558536664b70_0;  1 drivers
v0x5585366646f0_0 .net "out", 3 0, L_0x55853662d730;  alias, 1 drivers
v0x5585366647d0_0 .net "w", 3 0, L_0x558536665b00;  1 drivers
L_0x558536664e70 .part L_0x7f75559cb018, 3, 1;
L_0x558536664fb0 .part L_0x558536665b00, 0, 1;
L_0x558536665250 .part L_0x7f75559cb018, 2, 1;
L_0x558536665340 .part L_0x558536665b00, 3, 1;
L_0x558536665660 .part L_0x7f75559cb018, 1, 1;
L_0x558536665750 .part L_0x558536665b00, 2, 1;
L_0x5585366658d0 .part L_0x7f75559cb018, 0, 1;
L_0x5585366659c0 .part L_0x558536665b00, 1, 1;
L_0x558536665b00 .concat8 [ 1 1 1 1], v0x558536630720_0, v0x558536661a30_0, v0x558536662a20_0, v0x5585366638f0_0;
S_0x55853663c170 .scope module, "u0" "mux_D" 4 43, 5 1 0, S_0x5585365fd670;
 .timescale 0 0;
    .port_info 0 /INPUT 1 "clk";
    .port_info 1 /INPUT 1 "en";
    .port_info 2 /INPUT 1 "areset_n";
    .port_info 3 /INPUT 1 "p_in";
    .port_info 4 /INPUT 1 "s_in";
    .port_info 5 /INPUT 1 "load_shift";
    .port_info 6 /OUTPUT 1 "out";
v0x558536632270_0 .net "areset_n", 0 0, v0x558536664950_0;  alias, 1 drivers
v0x558536633dc0_0 .net "clk", 0 0, v0x558536664a10_0;  alias, 1 drivers
v0x558536660cd0_0 .net "en", 0 0, v0x558536664ad0_0;  alias, 1 drivers
v0x558536660da0_0 .net "in", 0 0, L_0x558536665830;  1 drivers
v0x558536660e70_0 .net "load_shift", 0 0, v0x558536664b70_0;  alias, 1 drivers
v0x558536660f60_0 .net "out", 0 0, v0x558536630720_0;  1 drivers
v0x558536661000_0 .net "p_in", 0 0, L_0x5585366658d0;  1 drivers
v0x5585366610a0_0 .net "s_in", 0 0, L_0x5585366659c0;  1 drivers
L_0x558536665830 .functor MUXZ 1, L_0x5585366659c0, L_0x5585366658d0, v0x558536664b70_0, C4<>;
S_0x55853663c400 .scope module, "dff" "D" 5 15, 6 1 0, S_0x55853663c170;
 .timescale 0 0;
    .port_info 0 /INPUT 1 "clk";
    .port_info 1 /INPUT 1 "en";
    .port_info 2 /INPUT 1 "areset_n";
    .port_info 3 /INPUT 1 "d";
    .port_info 4 /OUTPUT 1 "q";
v0x55853662f830_0 .net "areset_n", 0 0, v0x558536664950_0;  alias, 1 drivers
v0x55853662f930_0 .net "clk", 0 0, v0x558536664a10_0;  alias, 1 drivers
v0x558536631380_0 .net "d", 0 0, L_0x558536665830;  alias, 1 drivers
v0x558536631480_0 .net "en", 0 0, v0x558536664ad0_0;  alias, 1 drivers
v0x558536630720_0 .var "q", 0 0;
E_0x55853663a430/0 .event negedge, v0x55853662f830_0;
E_0x55853663a430/1 .event posedge, v0x55853662f930_0;
E_0x55853663a430 .event/or E_0x55853663a430/0, E_0x55853663a430/1;
S_0x5585366611c0 .scope module, "u1" "mux_D" 4 33, 5 1 0, S_0x5585365fd670;
 .timescale 0 0;
    .port_info 0 /INPUT 1 "clk";
    .port_info 1 /INPUT 1 "en";
    .port_info 2 /INPUT 1 "areset_n";
    .port_info 3 /INPUT 1 "p_in";
    .port_info 4 /INPUT 1 "s_in";
    .port_info 5 /INPUT 1 "load_shift";
    .port_info 6 /OUTPUT 1 "out";
v0x558536661bc0_0 .net "areset_n", 0 0, v0x558536664950_0;  alias, 1 drivers
v0x558536661c80_0 .net "clk", 0 0, v0x558536664a10_0;  alias, 1 drivers
v0x558536661d40_0 .net "en", 0 0, v0x558536664ad0_0;  alias, 1 drivers
v0x558536661de0_0 .net "in", 0 0, L_0x558536665460;  1 drivers
v0x558536661e80_0 .net "load_shift", 0 0, v0x558536664b70_0;  alias, 1 drivers
v0x558536661f70_0 .net "out", 0 0, v0x558536661a30_0;  1 drivers
v0x558536662010_0 .net "p_in", 0 0, L_0x558536665660;  1 drivers
v0x5585366620b0_0 .net "s_in", 0 0, L_0x558536665750;  1 drivers
L_0x558536665460 .functor MUXZ 1, L_0x558536665750, L_0x558536665660, v0x558536664b70_0, C4<>;
S_0x558536661470 .scope module, "dff" "D" 5 15, 6 1 0, S_0x5585366611c0;
 .timescale 0 0;
    .port_info 0 /INPUT 1 "clk";
    .port_info 1 /INPUT 1 "en";
    .port_info 2 /INPUT 1 "areset_n";
    .port_info 3 /INPUT 1 "d";
    .port_info 4 /OUTPUT 1 "q";
v0x558536661680_0 .net "areset_n", 0 0, v0x558536664950_0;  alias, 1 drivers
v0x558536661790_0 .net "clk", 0 0, v0x558536664a10_0;  alias, 1 drivers
v0x5585366618a0_0 .net "d", 0 0, L_0x558536665460;  alias, 1 drivers
v0x558536661940_0 .net "en", 0 0, v0x558536664ad0_0;  alias, 1 drivers
v0x558536661a30_0 .var "q", 0 0;
S_0x5585366621d0 .scope module, "u2" "mux_D" 4 23, 5 1 0, S_0x5585365fd670;
 .timescale 0 0;
    .port_info 0 /INPUT 1 "clk";
    .port_info 1 /INPUT 1 "en";
    .port_info 2 /INPUT 1 "areset_n";
    .port_info 3 /INPUT 1 "p_in";
    .port_info 4 /INPUT 1 "s_in";
    .port_info 5 /INPUT 1 "load_shift";
    .port_info 6 /OUTPUT 1 "out";
v0x558536662b60_0 .net "areset_n", 0 0, v0x558536664950_0;  alias, 1 drivers
v0x558536662c20_0 .net "clk", 0 0, v0x558536664a10_0;  alias, 1 drivers
v0x558536662ce0_0 .net "en", 0 0, v0x558536664ad0_0;  alias, 1 drivers
v0x558536662d80_0 .net "in", 0 0, L_0x558536665140;  1 drivers
v0x558536662e50_0 .net "load_shift", 0 0, v0x558536664b70_0;  alias, 1 drivers
v0x558536662ef0_0 .net "out", 0 0, v0x558536662a20_0;  1 drivers
v0x558536662f90_0 .net "p_in", 0 0, L_0x558536665250;  1 drivers
v0x558536663030_0 .net "s_in", 0 0, L_0x558536665340;  1 drivers
L_0x558536665140 .functor MUXZ 1, L_0x558536665340, L_0x558536665250, v0x558536664b70_0, C4<>;
S_0x558536662490 .scope module, "dff" "D" 5 15, 6 1 0, S_0x5585366621d0;
 .timescale 0 0;
    .port_info 0 /INPUT 1 "clk";
    .port_info 1 /INPUT 1 "en";
    .port_info 2 /INPUT 1 "areset_n";
    .port_info 3 /INPUT 1 "d";
    .port_info 4 /OUTPUT 1 "q";
v0x5585366626a0_0 .net "areset_n", 0 0, v0x558536664950_0;  alias, 1 drivers
v0x558536662760_0 .net "clk", 0 0, v0x558536664a10_0;  alias, 1 drivers
v0x558536662820_0 .net "d", 0 0, L_0x558536665140;  alias, 1 drivers
v0x5585366628f0_0 .net "en", 0 0, v0x558536664ad0_0;  alias, 1 drivers
v0x558536662a20_0 .var "q", 0 0;
S_0x558536663170 .scope module, "u3" "mux_D" 4 13, 5 1 0, S_0x5585365fd670;
 .timescale 0 0;
    .port_info 0 /INPUT 1 "clk";
    .port_info 1 /INPUT 1 "en";
    .port_info 2 /INPUT 1 "areset_n";
    .port_info 3 /INPUT 1 "p_in";
    .port_info 4 /INPUT 1 "s_in";
    .port_info 5 /INPUT 1 "load_shift";
    .port_info 6 /OUTPUT 1 "out";
v0x558536663a80_0 .net "areset_n", 0 0, v0x558536664950_0;  alias, 1 drivers
v0x558536663b40_0 .net "clk", 0 0, v0x558536664a10_0;  alias, 1 drivers
v0x558536663c00_0 .net "en", 0 0, v0x558536664ad0_0;  alias, 1 drivers
v0x558536663ca0_0 .net "in", 0 0, L_0x558536664d30;  1 drivers
v0x558536663d70_0 .net "load_shift", 0 0, v0x558536664b70_0;  alias, 1 drivers
v0x558536663e60_0 .net "out", 0 0, v0x5585366638f0_0;  1 drivers
v0x558536663f00_0 .net "p_in", 0 0, L_0x558536664e70;  1 drivers
v0x558536663fa0_0 .net "s_in", 0 0, L_0x55853662f710;  1 drivers
L_0x558536664d30 .functor MUXZ 1, L_0x55853662f710, L_0x558536664e70, v0x558536664b70_0, C4<>;
S_0x558536663400 .scope module, "dff" "D" 5 15, 6 1 0, S_0x558536663170;
 .timescale 0 0;
    .port_info 0 /INPUT 1 "clk";
    .port_info 1 /INPUT 1 "en";
    .port_info 2 /INPUT 1 "areset_n";
    .port_info 3 /INPUT 1 "d";
    .port_info 4 /OUTPUT 1 "q";
v0x558536663600_0 .net "areset_n", 0 0, v0x558536664950_0;  alias, 1 drivers
v0x5585366636c0_0 .net "clk", 0 0, v0x558536664a10_0;  alias, 1 drivers
v0x558536663780_0 .net "d", 0 0, L_0x558536664d30;  alias, 1 drivers
v0x558536663850_0 .net "en", 0 0, v0x558536664ad0_0;  alias, 1 drivers
v0x5585366638f0_0 .var "q", 0 0;
    .scope S_0x558536663400;
T_1 ;
    %wait E_0x55853663a430;
    %load/vec4 v0x558536663600_0;
    %nor/r;
    %flag_set/vec4 8;
    %jmp/0xz  T_1.0, 8;
    %pushi/vec4 0, 0, 1;
    %assign/vec4 v0x5585366638f0_0, 0;
    %jmp T_1.1;
T_1.0 ;
    %load/vec4 v0x558536663850_0;
    %flag_set/vec4 8;
    %jmp/0xz  T_1.2, 8;
    %load/vec4 v0x558536663780_0;
    %assign/vec4 v0x5585366638f0_0, 0;
    %jmp T_1.3;
T_1.2 ;
    %load/vec4 v0x5585366638f0_0;
    %assign/vec4 v0x5585366638f0_0, 0;
T_1.3 ;
T_1.1 ;
    %jmp T_1;
    .thread T_1;
    .scope S_0x558536662490;
T_2 ;
    %wait E_0x55853663a430;
    %load/vec4 v0x5585366626a0_0;
    %nor/r;
    %flag_set/vec4 8;
    %jmp/0xz  T_2.0, 8;
    %pushi/vec4 0, 0, 1;
    %assign/vec4 v0x558536662a20_0, 0;
    %jmp T_2.1;
T_2.0 ;
    %load/vec4 v0x5585366628f0_0;
    %flag_set/vec4 8;
    %jmp/0xz  T_2.2, 8;
    %load/vec4 v0x558536662820_0;
    %assign/vec4 v0x558536662a20_0, 0;
    %jmp T_2.3;
T_2.2 ;
    %load/vec4 v0x558536662a20_0;
    %assign/vec4 v0x558536662a20_0, 0;
T_2.3 ;
T_2.1 ;
    %jmp T_2;
    .thread T_2;
    .scope S_0x558536661470;
T_3 ;
    %wait E_0x55853663a430;
    %load/vec4 v0x558536661680_0;
    %nor/r;
    %flag_set/vec4 8;
    %jmp/0xz  T_3.0, 8;
    %pushi/vec4 0, 0, 1;
    %assign/vec4 v0x558536661a30_0, 0;
    %jmp T_3.1;
T_3.0 ;
    %load/vec4 v0x558536661940_0;
    %flag_set/vec4 8;
    %jmp/0xz  T_3.2, 8;
    %load/vec4 v0x5585366618a0_0;
    %assign/vec4 v0x558536661a30_0, 0;
    %jmp T_3.3;
T_3.2 ;
    %load/vec4 v0x558536661a30_0;
    %assign/vec4 v0x558536661a30_0, 0;
T_3.3 ;
T_3.1 ;
    %jmp T_3;
    .thread T_3;
    .scope S_0x55853663c400;
T_4 ;
    %wait E_0x55853663a430;
    %load/vec4 v0x55853662f830_0;
    %nor/r;
    %flag_set/vec4 8;
    %jmp/0xz  T_4.0, 8;
    %pushi/vec4 0, 0, 1;
    %assign/vec4 v0x558536630720_0, 0;
    %jmp T_4.1;
T_4.0 ;
    %load/vec4 v0x558536631480_0;
    %flag_set/vec4 8;
    %jmp/0xz  T_4.2, 8;
    %load/vec4 v0x558536631380_0;
    %assign/vec4 v0x558536630720_0, 0;
    %jmp T_4.3;
T_4.2 ;
    %load/vec4 v0x558536630720_0;
    %assign/vec4 v0x558536630720_0, 0;
T_4.3 ;
T_4.1 ;
    %jmp T_4;
    .thread T_4;
    .scope S_0x55853662e690;
T_5 ;
    %vpi_call/w 3 20 "$dumpfile", "waves/dump.vcd" {0 0 0};
    %vpi_call/w 3 21 "$dumpvars", 32'sb00000000000000000000000000000000, S_0x55853662e690 {0 0 0};
    %end;
    .thread T_5;
    .scope S_0x55853662e690;
T_6 ;
    %pushi/vec4 0, 0, 1;
    %store/vec4 v0x558536664a10_0, 0, 1;
    %pushi/vec4 0, 0, 1;
    %store/vec4 v0x558536664ad0_0, 0, 1;
    %pushi/vec4 0, 0, 1;
    %store/vec4 v0x558536664950_0, 0, 1;
    %pushi/vec4 0, 0, 1;
    %store/vec4 v0x558536664b70_0, 0, 1;
T_6.0 ;
    %delay 5000, 0;
    %load/vec4 v0x558536664a10_0;
    %inv;
    %store/vec4 v0x558536664a10_0, 0, 1;
    %jmp T_6.0;
    %end;
    .thread T_6;
    .scope S_0x55853662e690;
T_7 ;
    %delay 7000, 0;
    %pushi/vec4 1, 0, 1;
    %store/vec4 v0x558536664950_0, 0, 1;
    %delay 7000, 0;
    %pushi/vec4 1, 0, 1;
    %store/vec4 v0x558536664ad0_0, 0, 1;
    %delay 7000, 0;
    %pushi/vec4 1, 0, 1;
    %store/vec4 v0x558536664b70_0, 0, 1;
    %delay 7000, 0;
    %pushi/vec4 0, 0, 1;
    %store/vec4 v0x558536664b70_0, 0, 1;
    %delay 7000, 0;
    %pushi/vec4 10, 0, 32;
T_7.0 %dup/vec4;
    %pushi/vec4 0, 0, 32;
    %cmp/s;
    %jmp/1xz T_7.1, 5;
    %jmp/1 T_7.1, 4;
    %pushi/vec4 1, 0, 32;
    %sub;
    %wait E_0x55853663a240;
    %fork TD_tb_johnson.check, S_0x5585365fd490;
    %join;
    %jmp T_7.0;
T_7.1 ;
    %pop/vec4 1;
    %delay 10000, 0;
    %vpi_call/w 3 49 "$finish" {0 0 0};
    %end;
    .thread T_7;
# The file index is used to find the file name in the following table.
:file_names 7;
    "N/A";
    "<interactive>";
    "-";
    "tb/tb_johnson.v";
    "rtl/johnson.v";
    "rtl/mux_D.v";
    "rtl/D.v";
