#! /usr/bin/vvp
:ivl_version "12.0 (stable)";
:ivl_delay_selection "TYPICAL";
:vpi_time_precision - 12;
:vpi_module "/usr/lib/x86_64-linux-gnu/ivl/system.vpi";
:vpi_module "/usr/lib/x86_64-linux-gnu/ivl/vhdl_sys.vpi";
:vpi_module "/usr/lib/x86_64-linux-gnu/ivl/vhdl_textio.vpi";
:vpi_module "/usr/lib/x86_64-linux-gnu/ivl/v2005_math.vpi";
:vpi_module "/usr/lib/x86_64-linux-gnu/ivl/va_math.vpi";
:vpi_module "/usr/lib/x86_64-linux-gnu/ivl/v2009.vpi";
S_0x558235021490 .scope package, "$unit" "$unit" 2 1;
 .timescale 0 0;
S_0x558235021620 .scope module, "tb_mod_8" "tb_mod_8" 3 2;
 .timescale -9 -12;
v0x55823507bd20_0 .var "areset_n", 0 0;
v0x55823507bde0_0 .var "clk", 0 0;
v0x55823507bf30_0 .var "en", 0 0;
v0x55823507c060_0 .net "out", 2 0, L_0x55823507c9c0;  1 drivers
E_0x55823505cfe0 .event negedge, v0x55823504afe0_0;
S_0x55823505ef80 .scope task, "check" "check" 3 30, 3 30 0, S_0x558235021620;
 .timescale -9 -12;
TD_tb_mod_8.check ;
    %vpi_call/w 3 32 "$display", "en = %b | areset_n = %b | out = %h", v0x55823507bf30_0, v0x55823507bd20_0, v0x55823507c060_0 {0 0 0};
    %end;
S_0x55823505f110 .scope module, "dut" "mod_8" 3 8, 4 1 0, S_0x558235021620;
 .timescale 0 0;
    .port_info 0 /INPUT 1 "clk";
    .port_info 1 /INPUT 1 "en";
    .port_info 2 /INPUT 1 "areset_n";
    .port_info 3 /OUTPUT 3 "out";
L_0x55823504ce90 .functor AND 1, L_0x55823507c1d0, L_0x55823507c2a0, C4<1>, C4<1>;
L_0x55823507c370 .functor XOR 1, L_0x55823507c100, L_0x55823504ce90, C4<0>, C4<0>;
L_0x55823507c630 .functor XOR 1, L_0x55823507c430, L_0x55823507c590, C4<0>, C4<0>;
L_0x55823507c7d0 .functor NOT 1, L_0x55823507c6f0, C4<0>, C4<0>, C4<0>;
L_0x55823507c9c0 .functor BUFZ 3, L_0x55823507c8c0, C4<000>, C4<000>, C4<000>;
v0x55823507b290_0 .net *"_ivl_1", 0 0, L_0x55823507c100;  1 drivers
v0x55823507b390_0 .net *"_ivl_13", 0 0, L_0x55823507c430;  1 drivers
v0x55823507b470_0 .net *"_ivl_15", 0 0, L_0x55823507c590;  1 drivers
v0x55823507b530_0 .net *"_ivl_21", 0 0, L_0x55823507c6f0;  1 drivers
v0x55823507b610_0 .net *"_ivl_3", 0 0, L_0x55823507c1d0;  1 drivers
v0x55823507b740_0 .net *"_ivl_5", 0 0, L_0x55823507c2a0;  1 drivers
v0x55823507b820_0 .net *"_ivl_6", 0 0, L_0x55823504ce90;  1 drivers
v0x55823507b900_0 .net "areset_n", 0 0, v0x55823507bd20_0;  1 drivers
v0x55823507b9a0_0 .net "clk", 0 0, v0x55823507bde0_0;  1 drivers
v0x55823507ba40_0 .net "en", 0 0, v0x55823507bf30_0;  1 drivers
v0x55823507bae0_0 .net "out", 2 0, L_0x55823507c9c0;  alias, 1 drivers
v0x55823507bbc0_0 .net "w", 2 0, L_0x55823507c8c0;  1 drivers
L_0x55823507c100 .part L_0x55823507c8c0, 2, 1;
L_0x55823507c1d0 .part L_0x55823507c8c0, 1, 1;
L_0x55823507c2a0 .part L_0x55823507c8c0, 0, 1;
L_0x55823507c430 .part L_0x55823507c8c0, 1, 1;
L_0x55823507c590 .part L_0x55823507c8c0, 0, 1;
L_0x55823507c6f0 .part L_0x55823507c8c0, 0, 1;
L_0x55823507c8c0 .concat8 [ 1 1 1 0], v0x55823504e130_0, v0x55823507aa10_0, v0x55823507b100_0;
S_0x55823505c930 .scope module, "dff0" "D" 4 26, 5 1 0, S_0x55823505f110;
 .timescale 0 0;
    .port_info 0 /INPUT 1 "clk";
    .port_info 1 /INPUT 1 "en";
    .port_info 2 /INPUT 1 "areset_n";
    .port_info 3 /INPUT 1 "d";
    .port_info 4 /OUTPUT 1 "q";
v0x55823504af10_0 .net "areset_n", 0 0, v0x55823507bd20_0;  alias, 1 drivers
v0x55823504afe0_0 .net "clk", 0 0, v0x55823507bde0_0;  alias, 1 drivers
v0x55823504cfb0_0 .net "d", 0 0, L_0x55823507c7d0;  1 drivers
v0x55823504d0b0_0 .net "en", 0 0, v0x55823507bf30_0;  alias, 1 drivers
v0x55823504e130_0 .var "q", 0 0;
E_0x55823505d720/0 .event negedge, v0x55823504af10_0;
E_0x55823505d720/1 .event posedge, v0x55823504afe0_0;
E_0x55823505d720 .event/or E_0x55823505d720/0, E_0x55823505d720/1;
S_0x55823507a5d0 .scope module, "dff1" "D" 4 18, 5 1 0, S_0x55823505f110;
 .timescale 0 0;
    .port_info 0 /INPUT 1 "clk";
    .port_info 1 /INPUT 1 "en";
    .port_info 2 /INPUT 1 "areset_n";
    .port_info 3 /INPUT 1 "d";
    .port_info 4 /OUTPUT 1 "q";
v0x55823504f4c0_0 .net "areset_n", 0 0, v0x55823507bd20_0;  alias, 1 drivers
v0x55823507a7d0_0 .net "clk", 0 0, v0x55823507bde0_0;  alias, 1 drivers
v0x55823507a870_0 .net "d", 0 0, L_0x55823507c630;  1 drivers
v0x55823507a940_0 .net "en", 0 0, v0x55823507bf30_0;  alias, 1 drivers
v0x55823507aa10_0 .var "q", 0 0;
S_0x55823507ab60 .scope module, "dff2" "D" 4 10, 5 1 0, S_0x55823505f110;
 .timescale 0 0;
    .port_info 0 /INPUT 1 "clk";
    .port_info 1 /INPUT 1 "en";
    .port_info 2 /INPUT 1 "areset_n";
    .port_info 3 /INPUT 1 "d";
    .port_info 4 /OUTPUT 1 "q";
v0x55823507ad70_0 .net "areset_n", 0 0, v0x55823507bd20_0;  alias, 1 drivers
v0x55823507ae60_0 .net "clk", 0 0, v0x55823507bde0_0;  alias, 1 drivers
v0x55823507af70_0 .net "d", 0 0, L_0x55823507c370;  1 drivers
v0x55823507b010_0 .net "en", 0 0, v0x55823507bf30_0;  alias, 1 drivers
v0x55823507b100_0 .var "q", 0 0;
    .scope S_0x55823507ab60;
T_1 ;
    %wait E_0x55823505d720;
    %load/vec4 v0x55823507ad70_0;
    %nor/r;
    %flag_set/vec4 8;
    %jmp/0xz  T_1.0, 8;
    %pushi/vec4 0, 0, 1;
    %assign/vec4 v0x55823507b100_0, 0;
    %jmp T_1.1;
T_1.0 ;
    %load/vec4 v0x55823507b010_0;
    %flag_set/vec4 8;
    %jmp/0xz  T_1.2, 8;
    %load/vec4 v0x55823507af70_0;
    %assign/vec4 v0x55823507b100_0, 0;
    %jmp T_1.3;
T_1.2 ;
    %load/vec4 v0x55823507b100_0;
    %assign/vec4 v0x55823507b100_0, 0;
T_1.3 ;
T_1.1 ;
    %jmp T_1;
    .thread T_1;
    .scope S_0x55823507a5d0;
T_2 ;
    %wait E_0x55823505d720;
    %load/vec4 v0x55823504f4c0_0;
    %nor/r;
    %flag_set/vec4 8;
    %jmp/0xz  T_2.0, 8;
    %pushi/vec4 0, 0, 1;
    %assign/vec4 v0x55823507aa10_0, 0;
    %jmp T_2.1;
T_2.0 ;
    %load/vec4 v0x55823507a940_0;
    %flag_set/vec4 8;
    %jmp/0xz  T_2.2, 8;
    %load/vec4 v0x55823507a870_0;
    %assign/vec4 v0x55823507aa10_0, 0;
    %jmp T_2.3;
T_2.2 ;
    %load/vec4 v0x55823507aa10_0;
    %assign/vec4 v0x55823507aa10_0, 0;
T_2.3 ;
T_2.1 ;
    %jmp T_2;
    .thread T_2;
    .scope S_0x55823505c930;
T_3 ;
    %wait E_0x55823505d720;
    %load/vec4 v0x55823504af10_0;
    %nor/r;
    %flag_set/vec4 8;
    %jmp/0xz  T_3.0, 8;
    %pushi/vec4 0, 0, 1;
    %assign/vec4 v0x55823504e130_0, 0;
    %jmp T_3.1;
T_3.0 ;
    %load/vec4 v0x55823504d0b0_0;
    %flag_set/vec4 8;
    %jmp/0xz  T_3.2, 8;
    %load/vec4 v0x55823504cfb0_0;
    %assign/vec4 v0x55823504e130_0, 0;
    %jmp T_3.3;
T_3.2 ;
    %load/vec4 v0x55823504e130_0;
    %assign/vec4 v0x55823504e130_0, 0;
T_3.3 ;
T_3.1 ;
    %jmp T_3;
    .thread T_3;
    .scope S_0x558235021620;
T_4 ;
    %vpi_call/w 3 16 "$dumpfile", "waves/dump.vcd" {0 0 0};
    %vpi_call/w 3 17 "$dumpvars", 32'sb00000000000000000000000000000000, S_0x558235021620 {0 0 0};
    %end;
    .thread T_4;
    .scope S_0x558235021620;
T_5 ;
    %pushi/vec4 0, 0, 1;
    %store/vec4 v0x55823507bde0_0, 0, 1;
T_5.0 ;
    %delay 5000, 0;
    %load/vec4 v0x55823507bde0_0;
    %inv;
    %store/vec4 v0x55823507bde0_0, 0, 1;
    %jmp T_5.0;
    %end;
    .thread T_5;
    .scope S_0x558235021620;
T_6 ;
    %pushi/vec4 0, 0, 1;
    %store/vec4 v0x55823507bf30_0, 0, 1;
    %pushi/vec4 0, 0, 1;
    %store/vec4 v0x55823507bd20_0, 0, 1;
    %end;
    .thread T_6;
    .scope S_0x558235021620;
T_7 ;
    %delay 20000, 0;
    %pushi/vec4 1, 0, 1;
    %store/vec4 v0x55823507bd20_0, 0, 1;
    %delay 10000, 0;
    %pushi/vec4 1, 0, 1;
    %store/vec4 v0x55823507bf30_0, 0, 1;
    %pushi/vec4 10, 0, 32;
T_7.0 %dup/vec4;
    %pushi/vec4 0, 0, 32;
    %cmp/s;
    %jmp/1xz T_7.1, 5;
    %jmp/1 T_7.1, 4;
    %pushi/vec4 1, 0, 32;
    %sub;
    %wait E_0x55823505cfe0;
    %fork TD_tb_mod_8.check, S_0x55823505ef80;
    %join;
    %jmp T_7.0;
T_7.1 ;
    %pop/vec4 1;
    %delay 20000, 0;
    %vpi_call/w 3 43 "$finish" {0 0 0};
    %end;
    .thread T_7;
# The file index is used to find the file name in the following table.
:file_names 6;
    "N/A";
    "<interactive>";
    "-";
    "tb/tb_mod_8.v";
    "rtl/mod_8.v";
    "rtl/D.v";
