#! /usr/bin/vvp
:ivl_version "12.0 (stable)";
:ivl_delay_selection "TYPICAL";
:vpi_time_precision - 12;
:vpi_module "/usr/lib/x86_64-linux-gnu/ivl/system.vpi";
:vpi_module "/usr/lib/x86_64-linux-gnu/ivl/vhdl_sys.vpi";
:vpi_module "/usr/lib/x86_64-linux-gnu/ivl/vhdl_textio.vpi";
:vpi_module "/usr/lib/x86_64-linux-gnu/ivl/v2005_math.vpi";
:vpi_module "/usr/lib/x86_64-linux-gnu/ivl/va_math.vpi";
:vpi_module "/usr/lib/x86_64-linux-gnu/ivl/v2009.vpi";
S_0x562d17f4c480 .scope package, "$unit" "$unit" 2 1;
 .timescale 0 0;
S_0x562d17f1b490 .scope module, "tb_mod_8" "tb_mod_8" 3 3;
 .timescale -9 -12;
v0x562d17f7d860_0 .var "areset_n", 0 0;
v0x562d17f7d920_0 .var "clk", 0 0;
v0x562d17f7d9e0_0 .var "en", 0 0;
v0x562d17f7da80_0 .net "out", 2 0, L_0x562d17f7ef10;  1 drivers
v0x562d17f7db50_0 .var "up_down", 0 0;
S_0x562d17f1b620 .scope task, "check" "check" 3 35, 3 35 0, S_0x562d17f1b490;
 .timescale -9 -12;
v0x562d17f1b800_0 .var "in", 0 0;
E_0x562d17f58650 .event negedge, v0x562d17f7d300_0;
TD_tb_mod_8.check ;
    %load/vec4 v0x562d17f1b800_0;
    %store/vec4 v0x562d17f7db50_0, 0, 1;
    %delay 1000, 0;
    %pushi/vec4 10, 0, 32;
T_0.0 %dup/vec4;
    %pushi/vec4 0, 0, 32;
    %cmp/s;
    %jmp/1xz T_0.1, 5;
    %jmp/1 T_0.1, 4;
    %pushi/vec4 1, 0, 32;
    %sub;
    %wait E_0x562d17f58650;
    %vpi_call/w 3 42 "$display", "en = %b | areset_n = %b | up_down = %b | out = %h", v0x562d17f7d9e0_0, v0x562d17f7d860_0, v0x562d17f7db50_0, v0x562d17f7da80_0 {0 0 0};
    %jmp T_0.0;
T_0.1 ;
    %pop/vec4 1;
    %end;
S_0x562d17f7abc0 .scope module, "dut" "mod_8" 3 10, 4 1 0, S_0x562d17f1b490;
 .timescale 0 0;
    .port_info 0 /INPUT 1 "clk";
    .port_info 1 /INPUT 1 "en";
    .port_info 2 /INPUT 1 "areset_n";
    .port_info 3 /INPUT 1 "up_down";
    .port_info 4 /OUTPUT 3 "out";
L_0x562d17f7dcf0 .functor NOT 1, L_0x562d17f7dbf0, C4<0>, C4<0>, C4<0>;
L_0x562d17f7de30 .functor NOT 1, L_0x562d17f7dd90, C4<0>, C4<0>, C4<0>;
L_0x562d17f7e780 .functor NOT 1, L_0x562d17f7e6e0, C4<0>, C4<0>, C4<0>;
L_0x562d17f7e9e0 .functor NOT 1, L_0x562d17f7e940, C4<0>, C4<0>, C4<0>;
L_0x562d17f7ecc0 .functor NOT 1, L_0x562d17f7ec20, C4<0>, C4<0>, C4<0>;
v0x562d17f7c250_0 .net *"_ivl_1", 0 0, L_0x562d17f7dbf0;  1 drivers
v0x562d17f7c350_0 .net *"_ivl_11", 0 0, L_0x562d17f7e0b0;  1 drivers
v0x562d17f7c430_0 .net *"_ivl_13", 0 0, L_0x562d17f7e180;  1 drivers
v0x562d17f7c4f0_0 .net *"_ivl_14", 2 0, L_0x562d17f7e2b0;  1 drivers
v0x562d17f7c5d0_0 .net *"_ivl_2", 0 0, L_0x562d17f7dcf0;  1 drivers
v0x562d17f7c700_0 .net *"_ivl_21", 0 0, L_0x562d17f7e6e0;  1 drivers
v0x562d17f7c7e0_0 .net *"_ivl_29", 0 0, L_0x562d17f7e940;  1 drivers
v0x562d17f7c8c0_0 .net *"_ivl_37", 0 0, L_0x562d17f7ec20;  1 drivers
v0x562d17f7c9a0_0 .net *"_ivl_43", 0 0, L_0x562d17f7f090;  1 drivers
v0x562d17f7ca80_0 .net *"_ivl_45", 0 0, L_0x562d17f7f210;  1 drivers
v0x562d17f7cb60_0 .net *"_ivl_47", 0 0, L_0x562d17f7f350;  1 drivers
v0x562d17f7cc40_0 .net *"_ivl_5", 0 0, L_0x562d17f7dd90;  1 drivers
v0x562d17f7cd20_0 .net *"_ivl_55", 0 0, L_0x562d17f7f4e0;  1 drivers
v0x562d17f7ce00_0 .net *"_ivl_57", 0 0, L_0x562d17f7f580;  1 drivers
v0x562d17f7cee0_0 .net *"_ivl_59", 0 0, L_0x562d17f7f440;  1 drivers
v0x562d17f7cfc0_0 .net *"_ivl_6", 0 0, L_0x562d17f7de30;  1 drivers
v0x562d17f7d0a0_0 .net *"_ivl_60", 2 0, L_0x562d17f7f6d0;  1 drivers
v0x562d17f7d180_0 .net *"_ivl_8", 2 0, L_0x562d17f7def0;  1 drivers
v0x562d17f7d260_0 .net "areset_n", 0 0, v0x562d17f7d860_0;  1 drivers
v0x562d17f7d300_0 .net "clk", 0 0, v0x562d17f7d920_0;  1 drivers
v0x562d17f7d3c0_0 .net "clk_in", 2 0, L_0x562d17f7e410;  1 drivers
v0x562d17f7d4a0_0 .net "en", 0 0, v0x562d17f7d9e0_0;  1 drivers
v0x562d17f7d540_0 .net "out", 2 0, L_0x562d17f7ef10;  alias, 1 drivers
v0x562d17f7d620_0 .net "up_down", 0 0, v0x562d17f7db50_0;  1 drivers
v0x562d17f7d6e0_0 .net "w", 2 0, L_0x562d17f7ed60;  1 drivers
L_0x562d17f7dbf0 .part L_0x562d17f7ed60, 2, 1;
L_0x562d17f7dd90 .part L_0x562d17f7ed60, 1, 1;
L_0x562d17f7def0 .concat [ 1 1 1 0], L_0x562d17f7de30, L_0x562d17f7dcf0, v0x562d17f7d920_0;
L_0x562d17f7e0b0 .part L_0x562d17f7ed60, 2, 1;
L_0x562d17f7e180 .part L_0x562d17f7ed60, 1, 1;
L_0x562d17f7e2b0 .concat [ 1 1 1 0], L_0x562d17f7e180, L_0x562d17f7e0b0, v0x562d17f7d920_0;
L_0x562d17f7e410 .functor MUXZ 3, L_0x562d17f7e2b0, L_0x562d17f7def0, v0x562d17f7db50_0, C4<>;
L_0x562d17f7e5a0 .part L_0x562d17f7e410, 2, 1;
L_0x562d17f7e6e0 .part L_0x562d17f7ed60, 2, 1;
L_0x562d17f7e840 .part L_0x562d17f7e410, 1, 1;
L_0x562d17f7e940 .part L_0x562d17f7ed60, 1, 1;
L_0x562d17f7ea80 .part L_0x562d17f7e410, 0, 1;
L_0x562d17f7ec20 .part L_0x562d17f7ed60, 0, 1;
L_0x562d17f7ed60 .concat8 [ 1 1 1 0], v0x562d17f7b2e0_0, v0x562d17f7b980_0, v0x562d17f7c0a0_0;
L_0x562d17f7ef10 .concat8 [ 1 1 1 0], L_0x562d17f7f350, L_0x562d17f7f210, L_0x562d17f7f090;
L_0x562d17f7f090 .part L_0x562d17f7f6d0, 2, 1;
L_0x562d17f7f210 .part L_0x562d17f7f6d0, 1, 1;
L_0x562d17f7f350 .part L_0x562d17f7f6d0, 0, 1;
L_0x562d17f7f4e0 .part L_0x562d17f7ed60, 0, 1;
L_0x562d17f7f580 .part L_0x562d17f7ed60, 1, 1;
L_0x562d17f7f440 .part L_0x562d17f7ed60, 2, 1;
L_0x562d17f7f6d0 .concat [ 1 1 1 0], L_0x562d17f7f440, L_0x562d17f7f580, L_0x562d17f7f4e0;
S_0x562d17f7adc0 .scope module, "u0" "D" 4 31, 5 1 0, S_0x562d17f7abc0;
 .timescale 0 0;
    .port_info 0 /INPUT 1 "clk";
    .port_info 1 /INPUT 1 "en";
    .port_info 2 /INPUT 1 "areset_n";
    .port_info 3 /INPUT 1 "d";
    .port_info 4 /OUTPUT 1 "q";
v0x562d17f7afe0_0 .net "areset_n", 0 0, v0x562d17f7d860_0;  alias, 1 drivers
v0x562d17f7b0c0_0 .net "clk", 0 0, L_0x562d17f7ea80;  1 drivers
v0x562d17f7b180_0 .net "d", 0 0, L_0x562d17f7ecc0;  1 drivers
v0x562d17f7b220_0 .net "en", 0 0, v0x562d17f7d9e0_0;  alias, 1 drivers
v0x562d17f7b2e0_0 .var "q", 0 0;
E_0x562d17f58d90/0 .event negedge, v0x562d17f7afe0_0;
E_0x562d17f58d90/1 .event posedge, v0x562d17f7b0c0_0;
E_0x562d17f58d90 .event/or E_0x562d17f58d90/0, E_0x562d17f58d90/1;
S_0x562d17f7b490 .scope module, "u1" "D" 4 23, 5 1 0, S_0x562d17f7abc0;
 .timescale 0 0;
    .port_info 0 /INPUT 1 "clk";
    .port_info 1 /INPUT 1 "en";
    .port_info 2 /INPUT 1 "areset_n";
    .port_info 3 /INPUT 1 "d";
    .port_info 4 /OUTPUT 1 "q";
v0x562d17f7b6b0_0 .net "areset_n", 0 0, v0x562d17f7d860_0;  alias, 1 drivers
v0x562d17f7b770_0 .net "clk", 0 0, L_0x562d17f7e840;  1 drivers
v0x562d17f7b810_0 .net "d", 0 0, L_0x562d17f7e9e0;  1 drivers
v0x562d17f7b8b0_0 .net "en", 0 0, v0x562d17f7d9e0_0;  alias, 1 drivers
v0x562d17f7b980_0 .var "q", 0 0;
E_0x562d17f588e0/0 .event negedge, v0x562d17f7afe0_0;
E_0x562d17f588e0/1 .event posedge, v0x562d17f7b770_0;
E_0x562d17f588e0 .event/or E_0x562d17f588e0/0, E_0x562d17f588e0/1;
S_0x562d17f7bb10 .scope module, "u2" "D" 4 15, 5 1 0, S_0x562d17f7abc0;
 .timescale 0 0;
    .port_info 0 /INPUT 1 "clk";
    .port_info 1 /INPUT 1 "en";
    .port_info 2 /INPUT 1 "areset_n";
    .port_info 3 /INPUT 1 "d";
    .port_info 4 /OUTPUT 1 "q";
v0x562d17f7bd40_0 .net "areset_n", 0 0, v0x562d17f7d860_0;  alias, 1 drivers
v0x562d17f7be50_0 .net "clk", 0 0, L_0x562d17f7e5a0;  1 drivers
v0x562d17f7bf10_0 .net "d", 0 0, L_0x562d17f7e780;  1 drivers
v0x562d17f7bfb0_0 .net "en", 0 0, v0x562d17f7d9e0_0;  alias, 1 drivers
v0x562d17f7c0a0_0 .var "q", 0 0;
E_0x562d17f59050/0 .event negedge, v0x562d17f7afe0_0;
E_0x562d17f59050/1 .event posedge, v0x562d17f7be50_0;
E_0x562d17f59050 .event/or E_0x562d17f59050/0, E_0x562d17f59050/1;
    .scope S_0x562d17f7bb10;
T_1 ;
    %wait E_0x562d17f59050;
    %load/vec4 v0x562d17f7bd40_0;
    %nor/r;
    %flag_set/vec4 8;
    %jmp/0xz  T_1.0, 8;
    %pushi/vec4 0, 0, 1;
    %assign/vec4 v0x562d17f7c0a0_0, 0;
    %jmp T_1.1;
T_1.0 ;
    %load/vec4 v0x562d17f7bfb0_0;
    %flag_set/vec4 8;
    %jmp/0xz  T_1.2, 8;
    %load/vec4 v0x562d17f7bf10_0;
    %assign/vec4 v0x562d17f7c0a0_0, 0;
    %jmp T_1.3;
T_1.2 ;
    %load/vec4 v0x562d17f7c0a0_0;
    %assign/vec4 v0x562d17f7c0a0_0, 0;
T_1.3 ;
T_1.1 ;
    %jmp T_1;
    .thread T_1;
    .scope S_0x562d17f7b490;
T_2 ;
    %wait E_0x562d17f588e0;
    %load/vec4 v0x562d17f7b6b0_0;
    %nor/r;
    %flag_set/vec4 8;
    %jmp/0xz  T_2.0, 8;
    %pushi/vec4 0, 0, 1;
    %assign/vec4 v0x562d17f7b980_0, 0;
    %jmp T_2.1;
T_2.0 ;
    %load/vec4 v0x562d17f7b8b0_0;
    %flag_set/vec4 8;
    %jmp/0xz  T_2.2, 8;
    %load/vec4 v0x562d17f7b810_0;
    %assign/vec4 v0x562d17f7b980_0, 0;
    %jmp T_2.3;
T_2.2 ;
    %load/vec4 v0x562d17f7b980_0;
    %assign/vec4 v0x562d17f7b980_0, 0;
T_2.3 ;
T_2.1 ;
    %jmp T_2;
    .thread T_2;
    .scope S_0x562d17f7adc0;
T_3 ;
    %wait E_0x562d17f58d90;
    %load/vec4 v0x562d17f7afe0_0;
    %nor/r;
    %flag_set/vec4 8;
    %jmp/0xz  T_3.0, 8;
    %pushi/vec4 0, 0, 1;
    %assign/vec4 v0x562d17f7b2e0_0, 0;
    %jmp T_3.1;
T_3.0 ;
    %load/vec4 v0x562d17f7b220_0;
    %flag_set/vec4 8;
    %jmp/0xz  T_3.2, 8;
    %load/vec4 v0x562d17f7b180_0;
    %assign/vec4 v0x562d17f7b2e0_0, 0;
    %jmp T_3.3;
T_3.2 ;
    %load/vec4 v0x562d17f7b2e0_0;
    %assign/vec4 v0x562d17f7b2e0_0, 0;
T_3.3 ;
T_3.1 ;
    %jmp T_3;
    .thread T_3;
    .scope S_0x562d17f1b490;
T_4 ;
    %vpi_call/w 3 19 "$dumpfile", "waves/dump.vcd" {0 0 0};
    %vpi_call/w 3 20 "$dumpvars", 32'sb00000000000000000000000000000000, S_0x562d17f1b490 {0 0 0};
    %end;
    .thread T_4;
    .scope S_0x562d17f1b490;
T_5 ;
    %pushi/vec4 0, 0, 1;
    %store/vec4 v0x562d17f7d920_0, 0, 1;
T_5.0 ;
    %delay 5000, 0;
    %load/vec4 v0x562d17f7d920_0;
    %inv;
    %store/vec4 v0x562d17f7d920_0, 0, 1;
    %jmp T_5.0;
    %end;
    .thread T_5;
    .scope S_0x562d17f1b490;
T_6 ;
    %pushi/vec4 0, 0, 1;
    %store/vec4 v0x562d17f7d9e0_0, 0, 1;
    %pushi/vec4 0, 0, 1;
    %store/vec4 v0x562d17f7d860_0, 0, 1;
    %pushi/vec4 0, 0, 1;
    %store/vec4 v0x562d17f7db50_0, 0, 1;
    %end;
    .thread T_6;
    .scope S_0x562d17f1b490;
T_7 ;
    %delay 6000, 0;
    %pushi/vec4 1, 0, 1;
    %store/vec4 v0x562d17f7d9e0_0, 0, 1;
    %delay 6000, 0;
    %pushi/vec4 1, 0, 1;
    %store/vec4 v0x562d17f7d860_0, 0, 1;
    %delay 8000, 0;
    %pushi/vec4 1, 0, 1;
    %store/vec4 v0x562d17f1b800_0, 0, 1;
    %fork TD_tb_mod_8.check, S_0x562d17f1b620;
    %join;
    %pushi/vec4 0, 0, 1;
    %store/vec4 v0x562d17f1b800_0, 0, 1;
    %fork TD_tb_mod_8.check, S_0x562d17f1b620;
    %join;
    %delay 20000, 0;
    %vpi_call/w 3 53 "$finish" {0 0 0};
    %end;
    .thread T_7;
# The file index is used to find the file name in the following table.
:file_names 6;
    "N/A";
    "<interactive>";
    "-";
    "tb/tb_mod_8.v";
    "rtl/mod_8.v";
    "rtl/D.v";
