#! /usr/bin/vvp
:ivl_version "12.0 (stable)";
:ivl_delay_selection "TYPICAL";
:vpi_time_precision - 12;
:vpi_module "/usr/lib/x86_64-linux-gnu/ivl/system.vpi";
:vpi_module "/usr/lib/x86_64-linux-gnu/ivl/vhdl_sys.vpi";
:vpi_module "/usr/lib/x86_64-linux-gnu/ivl/vhdl_textio.vpi";
:vpi_module "/usr/lib/x86_64-linux-gnu/ivl/v2005_math.vpi";
:vpi_module "/usr/lib/x86_64-linux-gnu/ivl/va_math.vpi";
:vpi_module "/usr/lib/x86_64-linux-gnu/ivl/v2009.vpi";
S_0x55eee12ca3d0 .scope package, "$unit" "$unit" 2 1;
 .timescale 0 0;
S_0x55eee12ca560 .scope module, "tb_cla_adder" "tb_cla_adder" 3 2;
 .timescale -9 -12;
v0x55eee12f5390_0 .var "a", 3 0;
v0x55eee12f5470_0 .var "b", 3 0;
v0x55eee12f5540_0 .net "carry_out", 0 0, L_0x55eee12f5ce0;  1 drivers
v0x55eee12f5640_0 .var "cin", 0 0;
v0x55eee12f5710_0 .var/i "fail", 31 0;
v0x55eee12f5800_0 .var/i "pass", 31 0;
v0x55eee12f58a0_0 .net "sum", 3 0, L_0x55eee12f5ba0;  1 drivers
S_0x55eee128d490 .scope task, "check" "check" 3 58, 3 58 0, S_0x55eee12ca560;
 .timescale -9 -12;
v0x55eee12cc370_0 .var "exp_carry_out", 0 0;
v0x55eee12f3bc0_0 .var "exp_sum", 3 0;
v0x55eee12f3ca0_0 .var "t_a", 3 0;
v0x55eee12f3d60_0 .var "t_b", 3 0;
v0x55eee12f3e40_0 .var "t_cin", 0 0;
TD_tb_cla_adder.check ;
    %load/vec4 v0x55eee12f3ca0_0;
    %store/vec4 v0x55eee12f5390_0, 0, 4;
    %load/vec4 v0x55eee12f3d60_0;
    %store/vec4 v0x55eee12f5470_0, 0, 4;
    %load/vec4 v0x55eee12f3e40_0;
    %store/vec4 v0x55eee12f5640_0, 0, 1;
    %load/vec4 v0x55eee12f5390_0;
    %pad/u 5;
    %load/vec4 v0x55eee12f5470_0;
    %pad/u 5;
    %add;
    %load/vec4 v0x55eee12f5640_0;
    %pad/u 5;
    %add;
    %split/vec4 4;
    %store/vec4 v0x55eee12f3bc0_0, 0, 4;
    %store/vec4 v0x55eee12cc370_0, 0, 1;
    %delay 10000, 0;
    %load/vec4 v0x55eee12f3bc0_0;
    %load/vec4 v0x55eee12f58a0_0;
    %cmp/e;
    %flag_get/vec4 6;
    %jmp/0 T_0.2, 6;
    %load/vec4 v0x55eee12cc370_0;
    %load/vec4 v0x55eee12f5540_0;
    %cmp/e;
    %flag_get/vec4 6;
    %and;
T_0.2;
    %flag_set/vec4 8;
    %jmp/0xz  T_0.0, 8;
    %vpi_call/w 3 68 "$display", "PASS: a=%b b=%b cin=%b | carry_out=%b sum=%b", v0x55eee12f5390_0, v0x55eee12f5470_0, v0x55eee12f5640_0, v0x55eee12f5540_0, v0x55eee12f58a0_0 {0 0 0};
    %load/vec4 v0x55eee12f5800_0;
    %addi 1, 0, 32;
    %store/vec4 v0x55eee12f5800_0, 0, 32;
    %jmp T_0.1;
T_0.0 ;
    %vpi_call/w 3 73 "$display", "FAIL: a=%b b=%b cin=%b | carry_out=%b sum=%b | exp_carry_out=%b exp_sum=%b", v0x55eee12f5390_0, v0x55eee12f5470_0, v0x55eee12f5640_0, v0x55eee12f5540_0, v0x55eee12f58a0_0, v0x55eee12cc370_0, v0x55eee12f3bc0_0 {0 0 0};
    %load/vec4 v0x55eee12f5710_0;
    %addi 1, 0, 32;
    %store/vec4 v0x55eee12f5710_0, 0, 32;
T_0.1 ;
    %end;
S_0x55eee12f3f50 .scope module, "dut" "cla_adder" 3 9, 4 1 0, S_0x55eee12ca560;
 .timescale 0 0;
    .port_info 0 /INPUT 4 "a";
    .port_info 1 /INPUT 4 "b";
    .port_info 2 /INPUT 1 "cin";
    .port_info 3 /OUTPUT 4 "sum";
    .port_info 4 /OUTPUT 1 "carry_out";
P_0x55eee12f4150 .param/l "N" 0 4 1, +C4<00000000000000000000000000000100>;
L_0x55eee12f5ae0 .functor XOR 5, L_0x55eee12f5960, v0x55eee12f48a0_0, C4<00000>, C4<00000>;
v0x55eee12f4230_0 .var "G", 3 0;
v0x55eee12f4330_0 .var "P", 3 0;
v0x55eee12f4410_0 .net *"_ivl_0", 4 0, L_0x55eee12f5960;  1 drivers
L_0x7fa8fb794018 .functor BUFT 1, C4<0>, C4<0>, C4<0>, C4<0>;
v0x55eee12f44d0_0 .net *"_ivl_3", 0 0, L_0x7fa8fb794018;  1 drivers
v0x55eee12f45b0_0 .net *"_ivl_4", 4 0, L_0x55eee12f5ae0;  1 drivers
v0x55eee12f46e0_0 .net "a", 3 0, v0x55eee12f5390_0;  1 drivers
v0x55eee12f47c0_0 .net "b", 3 0, v0x55eee12f5470_0;  1 drivers
v0x55eee12f48a0_0 .var "carry", 4 0;
v0x55eee12f4980_0 .net "carry_out", 0 0, L_0x55eee12f5ce0;  alias, 1 drivers
v0x55eee12f4a40_0 .net "cin", 0 0, v0x55eee12f5640_0;  1 drivers
v0x55eee12f4b00_0 .var "i", 3 0;
v0x55eee12f4be0_0 .net "sum", 3 0, L_0x55eee12f5ba0;  alias, 1 drivers
E_0x55eee12c6850/0 .event anyedge, v0x55eee12f4a40_0, v0x55eee12f46e0_0, v0x55eee12f47c0_0, v0x55eee12f4230_0;
E_0x55eee12c6850/1 .event anyedge, v0x55eee12f48a0_0, v0x55eee12f4330_0;
E_0x55eee12c6850 .event/or E_0x55eee12c6850/0, E_0x55eee12c6850/1;
L_0x55eee12f5960 .concat [ 4 1 0 0], v0x55eee12f4330_0, L_0x7fa8fb794018;
L_0x55eee12f5ba0 .part L_0x55eee12f5ae0, 0, 4;
L_0x55eee12f5ce0 .part v0x55eee12f48a0_0, 4, 1;
S_0x55eee12f4d60 .scope task, "exhaustive" "exhaustive" 3 25, 3 25 0, S_0x55eee12ca560;
 .timescale -9 -12;
v0x55eee12f4ef0_0 .var "exp_carry_out", 0 0;
v0x55eee12f4fb0_0 .var "exp_sum", 3 0;
v0x55eee12f5090_0 .var "i", 5 0;
v0x55eee12f5180_0 .var "j", 5 0;
v0x55eee12f5260_0 .var "k", 1 0;
TD_tb_cla_adder.exhaustive ;
    %pushi/vec4 0, 0, 6;
    %store/vec4 v0x55eee12f5090_0, 0, 6;
T_1.3 ;
    %load/vec4 v0x55eee12f5090_0;
    %pad/u 32;
    %cmpi/u 16, 0, 32;
    %jmp/0xz T_1.4, 5;
    %load/vec4 v0x55eee12f5090_0;
    %pad/u 4;
    %store/vec4 v0x55eee12f5390_0, 0, 4;
    %pushi/vec4 0, 0, 6;
    %store/vec4 v0x55eee12f5180_0, 0, 6;
T_1.5 ;
    %load/vec4 v0x55eee12f5180_0;
    %pad/u 32;
    %cmpi/u 16, 0, 32;
    %jmp/0xz T_1.6, 5;
    %load/vec4 v0x55eee12f5180_0;
    %pad/u 4;
    %store/vec4 v0x55eee12f5470_0, 0, 4;
    %pushi/vec4 0, 0, 2;
    %store/vec4 v0x55eee12f5260_0, 0, 2;
T_1.7 ;
    %load/vec4 v0x55eee12f5260_0;
    %pad/u 32;
    %cmpi/u 2, 0, 32;
    %jmp/0xz T_1.8, 5;
    %load/vec4 v0x55eee12f5260_0;
    %pad/u 1;
    %store/vec4 v0x55eee12f5640_0, 0, 1;
    %load/vec4 v0x55eee12f5390_0;
    %pad/u 5;
    %load/vec4 v0x55eee12f5470_0;
    %pad/u 5;
    %add;
    %load/vec4 v0x55eee12f5640_0;
    %pad/u 5;
    %add;
    %split/vec4 4;
    %store/vec4 v0x55eee12f4fb0_0, 0, 4;
    %store/vec4 v0x55eee12f4ef0_0, 0, 1;
    %delay 10000, 0;
    %load/vec4 v0x55eee12f4fb0_0;
    %load/vec4 v0x55eee12f58a0_0;
    %cmp/e;
    %flag_get/vec4 6;
    %jmp/0 T_1.11, 6;
    %load/vec4 v0x55eee12f4ef0_0;
    %load/vec4 v0x55eee12f5540_0;
    %cmp/e;
    %flag_get/vec4 6;
    %and;
T_1.11;
    %flag_set/vec4 8;
    %jmp/0xz  T_1.9, 8;
    %vpi_call/w 3 40 "$display", "PASS: a=%b b=%b cin=%b | carry_out=%b sum=%b", v0x55eee12f5390_0, v0x55eee12f5470_0, v0x55eee12f5640_0, v0x55eee12f5540_0, v0x55eee12f58a0_0 {0 0 0};
    %load/vec4 v0x55eee12f5800_0;
    %addi 1, 0, 32;
    %store/vec4 v0x55eee12f5800_0, 0, 32;
    %jmp T_1.10;
T_1.9 ;
    %vpi_call/w 3 45 "$display", "FAIL: a=%b b=%b cin=%b | carry_out=%b sum=%b | exp_carry_out=%b exp_sum=%b", v0x55eee12f5390_0, v0x55eee12f5470_0, v0x55eee12f5640_0, v0x55eee12f5540_0, v0x55eee12f58a0_0, v0x55eee12f4ef0_0, v0x55eee12f4fb0_0 {0 0 0};
    %load/vec4 v0x55eee12f5710_0;
    %addi 1, 0, 32;
    %store/vec4 v0x55eee12f5710_0, 0, 32;
T_1.10 ;
    %load/vec4 v0x55eee12f5260_0;
    %addi 1, 0, 2;
    %store/vec4 v0x55eee12f5260_0, 0, 2;
    %jmp T_1.7;
T_1.8 ;
    %load/vec4 v0x55eee12f5180_0;
    %addi 1, 0, 6;
    %store/vec4 v0x55eee12f5180_0, 0, 6;
    %jmp T_1.5;
T_1.6 ;
    %load/vec4 v0x55eee12f5090_0;
    %addi 1, 0, 6;
    %store/vec4 v0x55eee12f5090_0, 0, 6;
    %jmp T_1.3;
T_1.4 ;
    %end;
    .scope S_0x55eee12f3f50;
T_2 ;
    %wait E_0x55eee12c6850;
    %load/vec4 v0x55eee12f4a40_0;
    %ix/load 4, 0, 0;
    %flag_set/imm 4, 0;
    %store/vec4 v0x55eee12f48a0_0, 4, 1;
    %pushi/vec4 0, 0, 4;
    %store/vec4 v0x55eee12f4b00_0, 0, 4;
T_2.0 ;
    %load/vec4 v0x55eee12f4b00_0;
    %pad/u 32;
    %cmpi/u 4, 0, 32;
    %jmp/0xz T_2.1, 5;
    %load/vec4 v0x55eee12f46e0_0;
    %load/vec4 v0x55eee12f4b00_0;
    %part/u 1;
    %load/vec4 v0x55eee12f47c0_0;
    %load/vec4 v0x55eee12f4b00_0;
    %part/u 1;
    %xor;
    %ix/getv 4, v0x55eee12f4b00_0;
    %store/vec4 v0x55eee12f4330_0, 4, 1;
    %load/vec4 v0x55eee12f46e0_0;
    %load/vec4 v0x55eee12f4b00_0;
    %part/u 1;
    %load/vec4 v0x55eee12f47c0_0;
    %load/vec4 v0x55eee12f4b00_0;
    %part/u 1;
    %and;
    %ix/getv 4, v0x55eee12f4b00_0;
    %store/vec4 v0x55eee12f4230_0, 4, 1;
    %load/vec4 v0x55eee12f4230_0;
    %load/vec4 v0x55eee12f4b00_0;
    %part/u 1;
    %load/vec4 v0x55eee12f48a0_0;
    %load/vec4 v0x55eee12f4b00_0;
    %part/u 1;
    %load/vec4 v0x55eee12f4330_0;
    %load/vec4 v0x55eee12f4b00_0;
    %part/u 1;
    %and;
    %or;
    %load/vec4 v0x55eee12f4b00_0;
    %pad/u 32;
    %addi 1, 0, 32;
    %ix/vec4 4;
    %store/vec4 v0x55eee12f48a0_0, 4, 1;
    %load/vec4 v0x55eee12f4b00_0;
    %addi 1, 0, 4;
    %store/vec4 v0x55eee12f4b00_0, 0, 4;
    %jmp T_2.0;
T_2.1 ;
    %jmp T_2;
    .thread T_2, $push;
    .scope S_0x55eee12ca560;
T_3 ;
    %pushi/vec4 0, 0, 32;
    %store/vec4 v0x55eee12f5800_0, 0, 32;
    %pushi/vec4 0, 0, 32;
    %store/vec4 v0x55eee12f5710_0, 0, 32;
    %end;
    .thread T_3, $init;
    .scope S_0x55eee12ca560;
T_4 ;
    %vpi_call/w 3 18 "$dumpfile", "waves/dump.vcd" {0 0 0};
    %vpi_call/w 3 19 "$dumpvars", 32'sb00000000000000000000000000000000, S_0x55eee12ca560 {0 0 0};
    %end;
    .thread T_4;
    .scope S_0x55eee12ca560;
T_5 ;
    %fork TD_tb_cla_adder.exhaustive, S_0x55eee12f4d60;
    %join;
    %pushi/vec4 0, 0, 4;
    %store/vec4 v0x55eee12f3ca0_0, 0, 4;
    %pushi/vec4 0, 0, 4;
    %store/vec4 v0x55eee12f3d60_0, 0, 4;
    %pushi/vec4 0, 0, 1;
    %store/vec4 v0x55eee12f3e40_0, 0, 1;
    %fork TD_tb_cla_adder.check, S_0x55eee128d490;
    %join;
    %pushi/vec4 5, 0, 4;
    %store/vec4 v0x55eee12f3ca0_0, 0, 4;
    %pushi/vec4 5, 0, 4;
    %store/vec4 v0x55eee12f3d60_0, 0, 4;
    %pushi/vec4 1, 0, 1;
    %store/vec4 v0x55eee12f3e40_0, 0, 1;
    %fork TD_tb_cla_adder.check, S_0x55eee128d490;
    %join;
    %pushi/vec4 5, 0, 4;
    %store/vec4 v0x55eee12f3ca0_0, 0, 4;
    %pushi/vec4 5, 0, 4;
    %store/vec4 v0x55eee12f3d60_0, 0, 4;
    %pushi/vec4 0, 0, 1;
    %store/vec4 v0x55eee12f3e40_0, 0, 1;
    %fork TD_tb_cla_adder.check, S_0x55eee128d490;
    %join;
    %pushi/vec4 5, 0, 4;
    %store/vec4 v0x55eee12f3ca0_0, 0, 4;
    %pushi/vec4 5, 0, 4;
    %store/vec4 v0x55eee12f3d60_0, 0, 4;
    %pushi/vec4 1, 0, 1;
    %store/vec4 v0x55eee12f3e40_0, 0, 1;
    %fork TD_tb_cla_adder.check, S_0x55eee128d490;
    %join;
    %pushi/vec4 5, 0, 4;
    %store/vec4 v0x55eee12f3ca0_0, 0, 4;
    %pushi/vec4 0, 0, 4;
    %store/vec4 v0x55eee12f3d60_0, 0, 4;
    %pushi/vec4 0, 0, 1;
    %store/vec4 v0x55eee12f3e40_0, 0, 1;
    %fork TD_tb_cla_adder.check, S_0x55eee128d490;
    %join;
    %pushi/vec4 5, 0, 4;
    %store/vec4 v0x55eee12f3ca0_0, 0, 4;
    %pushi/vec4 1, 0, 4;
    %store/vec4 v0x55eee12f3d60_0, 0, 4;
    %pushi/vec4 0, 0, 1;
    %store/vec4 v0x55eee12f3e40_0, 0, 1;
    %fork TD_tb_cla_adder.check, S_0x55eee128d490;
    %join;
    %pushi/vec4 1, 0, 4;
    %store/vec4 v0x55eee12f3ca0_0, 0, 4;
    %pushi/vec4 0, 0, 4;
    %store/vec4 v0x55eee12f3d60_0, 0, 4;
    %pushi/vec4 0, 0, 1;
    %store/vec4 v0x55eee12f3e40_0, 0, 1;
    %fork TD_tb_cla_adder.check, S_0x55eee128d490;
    %join;
    %pushi/vec4 0, 0, 4;
    %store/vec4 v0x55eee12f3ca0_0, 0, 4;
    %pushi/vec4 1, 0, 4;
    %store/vec4 v0x55eee12f3d60_0, 0, 4;
    %pushi/vec4 0, 0, 1;
    %store/vec4 v0x55eee12f3e40_0, 0, 1;
    %fork TD_tb_cla_adder.check, S_0x55eee128d490;
    %join;
    %vpi_call/w 3 92 "$display", "Test Summary:" {0 0 0};
    %vpi_call/w 3 93 "$display", "PASS:%d", v0x55eee12f5800_0 {0 0 0};
    %vpi_call/w 3 94 "$display", "FAIL:%d", v0x55eee12f5710_0 {0 0 0};
    %vpi_call/w 3 95 "$finish" {0 0 0};
    %end;
    .thread T_5;
# The file index is used to find the file name in the following table.
:file_names 5;
    "N/A";
    "<interactive>";
    "-";
    "tb/tb_cla_adder.v";
    "rtl/cla_adder.v";
