#! /usr/bin/vvp
:ivl_version "12.0 (stable)";
:ivl_delay_selection "TYPICAL";
:vpi_time_precision - 12;
:vpi_module "/usr/lib/x86_64-linux-gnu/ivl/system.vpi";
:vpi_module "/usr/lib/x86_64-linux-gnu/ivl/vhdl_sys.vpi";
:vpi_module "/usr/lib/x86_64-linux-gnu/ivl/vhdl_textio.vpi";
:vpi_module "/usr/lib/x86_64-linux-gnu/ivl/v2005_math.vpi";
:vpi_module "/usr/lib/x86_64-linux-gnu/ivl/va_math.vpi";
:vpi_module "/usr/lib/x86_64-linux-gnu/ivl/v2009.vpi";
S_0x55add47fee40 .scope package, "$unit" "$unit" 2 1;
 .timescale 0 0;
S_0x55add47fefd0 .scope module, "tb_parity_gen" "tb_parity_gen" 3 2;
 .timescale -9 -12;
v0x55add481af70_0 .var "data", 7 0;
v0x55add481b060_0 .net "even_parity", 0 0, v0x55add481ad60_0;  1 drivers
v0x55add481b130_0 .var/i "fail", 31 0;
v0x55add481b200_0 .net "odd_parity", 0 0, v0x55add481ae20_0;  1 drivers
v0x55add481b2d0_0 .var/i "pass", 31 0;
S_0x55add47c5490 .scope task, "check" "check" 3 20, 3 20 0, S_0x55add47fefd0;
 .timescale -9 -12;
v0x55add47c5670_0 .var "case_type", 63 0;
v0x55add481a790_0 .var "exp_even_parity", 0 0;
v0x55add481a850_0 .var "exp_odd_parity", 0 0;
v0x55add481a8f0_0 .var "t_data", 7 0;
TD_tb_parity_gen.check ;
    %load/vec4 v0x55add481a8f0_0;
    %store/vec4 v0x55add481af70_0, 0, 8;
    %vpi_call/w 3 26 "$display", "%s case", v0x55add47c5670_0 {0 0 0};
    %load/vec4 v0x55add481af70_0;
    %xor/r;
    %store/vec4 v0x55add481a790_0, 0, 1;
    %load/vec4 v0x55add481a790_0;
    %inv;
    %store/vec4 v0x55add481a850_0, 0, 1;
    %delay 10000, 0;
    %load/vec4 v0x55add481a790_0;
    %load/vec4 v0x55add481b060_0;
    %cmp/e;
    %flag_get/vec4 6;
    %jmp/0 T_0.2, 6;
    %load/vec4 v0x55add481a850_0;
    %load/vec4 v0x55add481b200_0;
    %cmp/e;
    %flag_get/vec4 6;
    %and;
T_0.2;
    %flag_set/vec4 8;
    %jmp/0xz  T_0.0, 8;
    %vpi_call/w 3 32 "$display", "PASS: data=%b even_parity=%b odd_parity=%b", v0x55add481af70_0, v0x55add481b060_0, v0x55add481b200_0 {0 0 0};
    %load/vec4 v0x55add481b2d0_0;
    %addi 1, 0, 32;
    %store/vec4 v0x55add481b2d0_0, 0, 32;
    %jmp T_0.1;
T_0.0 ;
    %vpi_call/w 3 37 "$display", "FAIL: data=%b even_parity=%b odd_parity=%b | exp_even_parity=%b exp_odd_parity=%b", v0x55add481af70_0, v0x55add481b060_0, v0x55add481b200_0, v0x55add481a790_0, v0x55add481a850_0 {0 0 0};
    %load/vec4 v0x55add481b130_0;
    %addi 1, 0, 32;
    %store/vec4 v0x55add481b130_0, 0, 32;
T_0.1 ;
    %end;
S_0x55add481a9d0 .scope module, "dut" "parity_gen" 3 6, 4 1 0, S_0x55add47fefd0;
 .timescale 0 0;
    .port_info 0 /INPUT 8 "data";
    .port_info 1 /OUTPUT 1 "even_parity";
    .port_info 2 /OUTPUT 1 "odd_parity";
v0x55add481ac60_0 .net "data", 7 0, v0x55add481af70_0;  1 drivers
v0x55add481ad60_0 .var "even_parity", 0 0;
v0x55add481ae20_0 .var "odd_parity", 0 0;
E_0x55add47c5a50 .event anyedge, v0x55add481ac60_0, v0x55add481ad60_0;
    .scope S_0x55add481a9d0;
T_1 ;
    %wait E_0x55add47c5a50;
    %load/vec4 v0x55add481ac60_0;
    %xor/r;
    %store/vec4 v0x55add481ad60_0, 0, 1;
    %load/vec4 v0x55add481ad60_0;
    %inv;
    %store/vec4 v0x55add481ae20_0, 0, 1;
    %jmp T_1;
    .thread T_1, $push;
    .scope S_0x55add47fefd0;
T_2 ;
    %pushi/vec4 0, 0, 32;
    %store/vec4 v0x55add481b2d0_0, 0, 32;
    %pushi/vec4 0, 0, 32;
    %store/vec4 v0x55add481b130_0, 0, 32;
    %end;
    .thread T_2, $init;
    .scope S_0x55add47fefd0;
T_3 ;
    %vpi_call/w 3 13 "$dumpfile", "waves/dump.vcd" {0 0 0};
    %vpi_call/w 3 14 "$dumpvars", 32'sb00000000000000000000000000000000, S_0x55add47fefd0 {0 0 0};
    %end;
    .thread T_3;
    .scope S_0x55add47fefd0;
T_4 ;
    %pushi/vec4 1114600814, 0, 32; draw_string_vec4
    %pushi/vec4 1684107897, 0, 32; draw_string_vec4
    %concat/vec4; draw_string_vec4
    %store/vec4 v0x55add47c5670_0, 0, 64;
    %pushi/vec4 0, 0, 8;
    %store/vec4 v0x55add481a8f0_0, 0, 8;
    %fork TD_tb_parity_gen.check, S_0x55add47c5490;
    %join;
    %pushi/vec4 1114600814, 0, 32; draw_string_vec4
    %pushi/vec4 1684107897, 0, 32; draw_string_vec4
    %concat/vec4; draw_string_vec4
    %store/vec4 v0x55add47c5670_0, 0, 64;
    %pushi/vec4 255, 0, 8;
    %store/vec4 v0x55add481a8f0_0, 0, 8;
    %fork TD_tb_parity_gen.check, S_0x55add47c5490;
    %join;
    %pushi/vec4 4419438, 0, 32; draw_string_vec4
    %pushi/vec4 1953656684, 0, 32; draw_string_vec4
    %concat/vec4; draw_string_vec4
    %store/vec4 v0x55add47c5670_0, 0, 64;
    %pushi/vec4 32, 0, 8;
    %store/vec4 v0x55add481a8f0_0, 0, 8;
    %fork TD_tb_parity_gen.check, S_0x55add47c5490;
    %join;
    %pushi/vec4 4419438, 0, 32; draw_string_vec4
    %pushi/vec4 1953656684, 0, 32; draw_string_vec4
    %concat/vec4; draw_string_vec4
    %store/vec4 v0x55add47c5670_0, 0, 64;
    %pushi/vec4 4, 0, 8;
    %store/vec4 v0x55add481a8f0_0, 0, 8;
    %fork TD_tb_parity_gen.check, S_0x55add47c5490;
    %join;
    %pushi/vec4 4419438, 0, 32; draw_string_vec4
    %pushi/vec4 1953656684, 0, 32; draw_string_vec4
    %concat/vec4; draw_string_vec4
    %store/vec4 v0x55add47c5670_0, 0, 64;
    %pushi/vec4 20, 0, 8;
    %store/vec4 v0x55add481a8f0_0, 0, 8;
    %fork TD_tb_parity_gen.check, S_0x55add47c5490;
    %join;
    %pushi/vec4 4419438, 0, 32; draw_string_vec4
    %pushi/vec4 1953656684, 0, 32; draw_string_vec4
    %concat/vec4; draw_string_vec4
    %store/vec4 v0x55add47c5670_0, 0, 64;
    %pushi/vec4 5, 0, 8;
    %store/vec4 v0x55add481a8f0_0, 0, 8;
    %fork TD_tb_parity_gen.check, S_0x55add47c5490;
    %join;
    %pushi/vec4 3873364162, 0, 33;
    %concati/vec4 1953066862, 0, 31;
    %store/vec4 v0x55add47c5670_0, 0, 64;
    %pushi/vec4 1, 0, 8;
    %store/vec4 v0x55add481a8f0_0, 0, 8;
    %fork TD_tb_parity_gen.check, S_0x55add47c5490;
    %join;
    %pushi/vec4 3873364162, 0, 33;
    %concati/vec4 1953066862, 0, 31;
    %store/vec4 v0x55add47c5670_0, 0, 64;
    %pushi/vec4 128, 0, 8;
    %store/vec4 v0x55add481a8f0_0, 0, 8;
    %fork TD_tb_parity_gen.check, S_0x55add47c5490;
    %join;
    %pushi/vec4 3269256914, 0, 33;
    %concati/vec4 1953066862, 0, 31;
    %store/vec4 v0x55add47c5670_0, 0, 64;
    %pushi/vec4 3, 0, 8;
    %store/vec4 v0x55add481a8f0_0, 0, 8;
    %fork TD_tb_parity_gen.check, S_0x55add47c5490;
    %join;
    %pushi/vec4 3269256914, 0, 33;
    %concati/vec4 1953066862, 0, 31;
    %store/vec4 v0x55add47c5670_0, 0, 64;
    %pushi/vec4 1, 0, 8;
    %store/vec4 v0x55add481a8f0_0, 0, 8;
    %fork TD_tb_parity_gen.check, S_0x55add47c5490;
    %join;
    %vpi_call/w 3 59 "$display", "Test summary:" {0 0 0};
    %vpi_call/w 3 60 "$display", "PASS:%d", v0x55add481b2d0_0 {0 0 0};
    %vpi_call/w 3 61 "$display", "FAIL:%d", v0x55add481b130_0 {0 0 0};
    %end;
    .thread T_4;
# The file index is used to find the file name in the following table.
:file_names 5;
    "N/A";
    "<interactive>";
    "-";
    "tb/tb_parity_gen.v";
    "rtl/parity_gen.v";
