#! /usr/bin/vvp
:ivl_version "12.0 (stable)";
:ivl_delay_selection "TYPICAL";
:vpi_time_precision - 12;
:vpi_module "/usr/lib/x86_64-linux-gnu/ivl/system.vpi";
:vpi_module "/usr/lib/x86_64-linux-gnu/ivl/vhdl_sys.vpi";
:vpi_module "/usr/lib/x86_64-linux-gnu/ivl/vhdl_textio.vpi";
:vpi_module "/usr/lib/x86_64-linux-gnu/ivl/v2005_math.vpi";
:vpi_module "/usr/lib/x86_64-linux-gnu/ivl/va_math.vpi";
:vpi_module "/usr/lib/x86_64-linux-gnu/ivl/v2009.vpi";
S_0x555f30e35490 .scope package, "$unit" "$unit" 2 1;
 .timescale 0 0;
S_0x555f30e35620 .scope module, "tb_mod_6" "tb_mod_6" 3 3;
 .timescale -9 -12;
v0x555f30e939a0_0 .var "areset_n", 0 0;
v0x555f30e93a60_0 .var "clk", 0 0;
v0x555f30e93b20_0 .var "en", 0 0;
v0x555f30e93c50_0 .net "out", 2 0, L_0x555f30e950b0;  1 drivers
E_0x555f30e71720 .event negedge, v0x555f30e5efe0_0;
S_0x555f30e736c0 .scope task, "check" "check" 3 31, 3 31 0, S_0x555f30e35620;
 .timescale -9 -12;
TD_tb_mod_6.check ;
    %vpi_call/w 3 33 "$display", "en = %b | areset_n = %b | out = %h", v0x555f30e93b20_0, v0x555f30e939a0_0, v0x555f30e93c50_0 {0 0 0};
    %end;
S_0x555f30e73850 .scope module, "dut" "mod_6" 3 9, 4 1 0, S_0x555f30e35620;
 .timescale 0 0;
    .port_info 0 /INPUT 1 "clk";
    .port_info 1 /INPUT 1 "en";
    .port_info 2 /INPUT 1 "areset_n";
    .port_info 3 /OUTPUT 3 "out";
L_0x555f30e61a00 .functor NOT 1, L_0x555f30e93dc0, C4<0>, C4<0>, C4<0>;
L_0x555f30e93e90 .functor AND 1, L_0x555f30e93cf0, L_0x555f30e61a00, C4<1>, C4<1>;
L_0x555f30e94100 .functor AND 1, L_0x555f30e93f00, L_0x555f30e93fa0, C4<1>, C4<1>;
L_0x555f30e941f0 .functor OR 1, L_0x555f30e93e90, L_0x555f30e94100, C4<0>, C4<0>;
L_0x555f30e944b0 .functor NOT 1, L_0x555f30e943d0, C4<0>, C4<0>, C4<0>;
L_0x555f30e94570 .functor AND 1, L_0x555f30e94330, L_0x555f30e944b0, C4<1>, C4<1>;
L_0x555f30e94760 .functor NOT 1, L_0x555f30e946c0, C4<0>, C4<0>, C4<0>;
L_0x555f30e94910 .functor NOT 1, L_0x555f30e94820, C4<0>, C4<0>, C4<0>;
L_0x555f30e94a20 .functor AND 1, L_0x555f30e94760, L_0x555f30e94910, C4<1>, C4<1>;
L_0x555f30e94bd0 .functor AND 1, L_0x555f30e94a20, L_0x555f30e94b30, C4<1>, C4<1>;
L_0x555f30e94d40 .functor OR 1, L_0x555f30e94570, L_0x555f30e94bd0, C4<0>, C4<0>;
L_0x555f30e94f00 .functor NOT 1, L_0x555f30e94e00, C4<0>, C4<0>, C4<0>;
L_0x555f30e950b0 .functor BUFZ 3, L_0x555f30e94fe0, C4<000>, C4<000>, C4<000>;
v0x555f30e92490_0 .net *"_ivl_1", 0 0, L_0x555f30e93cf0;  1 drivers
v0x555f30e92590_0 .net *"_ivl_11", 0 0, L_0x555f30e93fa0;  1 drivers
v0x555f30e92670_0 .net *"_ivl_12", 0 0, L_0x555f30e94100;  1 drivers
v0x555f30e92730_0 .net *"_ivl_19", 0 0, L_0x555f30e94330;  1 drivers
v0x555f30e92810_0 .net *"_ivl_21", 0 0, L_0x555f30e943d0;  1 drivers
v0x555f30e92940_0 .net *"_ivl_22", 0 0, L_0x555f30e944b0;  1 drivers
v0x555f30e92a20_0 .net *"_ivl_24", 0 0, L_0x555f30e94570;  1 drivers
v0x555f30e92b00_0 .net *"_ivl_27", 0 0, L_0x555f30e946c0;  1 drivers
v0x555f30e92be0_0 .net *"_ivl_28", 0 0, L_0x555f30e94760;  1 drivers
v0x555f30e92cc0_0 .net *"_ivl_3", 0 0, L_0x555f30e93dc0;  1 drivers
v0x555f30e92da0_0 .net *"_ivl_31", 0 0, L_0x555f30e94820;  1 drivers
v0x555f30e92e80_0 .net *"_ivl_32", 0 0, L_0x555f30e94910;  1 drivers
v0x555f30e92f60_0 .net *"_ivl_34", 0 0, L_0x555f30e94a20;  1 drivers
v0x555f30e93040_0 .net *"_ivl_37", 0 0, L_0x555f30e94b30;  1 drivers
v0x555f30e93120_0 .net *"_ivl_38", 0 0, L_0x555f30e94bd0;  1 drivers
v0x555f30e93200_0 .net *"_ivl_4", 0 0, L_0x555f30e61a00;  1 drivers
v0x555f30e932e0_0 .net *"_ivl_45", 0 0, L_0x555f30e94e00;  1 drivers
v0x555f30e933c0_0 .net *"_ivl_6", 0 0, L_0x555f30e93e90;  1 drivers
v0x555f30e934a0_0 .net *"_ivl_9", 0 0, L_0x555f30e93f00;  1 drivers
v0x555f30e93580_0 .net "areset_n", 0 0, v0x555f30e939a0_0;  1 drivers
v0x555f30e93620_0 .net "clk", 0 0, v0x555f30e93a60_0;  1 drivers
v0x555f30e936c0_0 .net "en", 0 0, v0x555f30e93b20_0;  1 drivers
v0x555f30e93760_0 .net "out", 2 0, L_0x555f30e950b0;  alias, 1 drivers
v0x555f30e93840_0 .net "w", 2 0, L_0x555f30e94fe0;  1 drivers
L_0x555f30e93cf0 .part L_0x555f30e94fe0, 2, 1;
L_0x555f30e93dc0 .part L_0x555f30e94fe0, 0, 1;
L_0x555f30e93f00 .part L_0x555f30e94fe0, 1, 1;
L_0x555f30e93fa0 .part L_0x555f30e94fe0, 0, 1;
L_0x555f30e94330 .part L_0x555f30e94fe0, 1, 1;
L_0x555f30e943d0 .part L_0x555f30e94fe0, 0, 1;
L_0x555f30e946c0 .part L_0x555f30e94fe0, 2, 1;
L_0x555f30e94820 .part L_0x555f30e94fe0, 1, 1;
L_0x555f30e94b30 .part L_0x555f30e94fe0, 0, 1;
L_0x555f30e94e00 .part L_0x555f30e94fe0, 0, 1;
L_0x555f30e94fe0 .concat8 [ 1 1 1 0], v0x555f30e65050_0, v0x555f30e91c10_0, v0x555f30e92300_0;
S_0x555f30e71070 .scope module, "dff0" "D" 4 25, 5 1 0, S_0x555f30e73850;
 .timescale 0 0;
    .port_info 0 /INPUT 1 "clk";
    .port_info 1 /INPUT 1 "en";
    .port_info 2 /INPUT 1 "areset_n";
    .port_info 3 /INPUT 1 "d";
    .port_info 4 /OUTPUT 1 "q";
v0x555f30e5ef10_0 .net "areset_n", 0 0, v0x555f30e939a0_0;  alias, 1 drivers
v0x555f30e5efe0_0 .net "clk", 0 0, v0x555f30e93a60_0;  alias, 1 drivers
v0x555f30e61b20_0 .net "d", 0 0, L_0x555f30e94f00;  1 drivers
v0x555f30e61c20_0 .net "en", 0 0, v0x555f30e93b20_0;  alias, 1 drivers
v0x555f30e65050_0 .var "q", 0 0;
E_0x555f30e71e60/0 .event negedge, v0x555f30e5ef10_0;
E_0x555f30e71e60/1 .event posedge, v0x555f30e5efe0_0;
E_0x555f30e71e60 .event/or E_0x555f30e71e60/0, E_0x555f30e71e60/1;
S_0x555f30e917d0 .scope module, "dff1" "D" 4 17, 5 1 0, S_0x555f30e73850;
 .timescale 0 0;
    .port_info 0 /INPUT 1 "clk";
    .port_info 1 /INPUT 1 "en";
    .port_info 2 /INPUT 1 "areset_n";
    .port_info 3 /INPUT 1 "d";
    .port_info 4 /OUTPUT 1 "q";
v0x555f30e66080_0 .net "areset_n", 0 0, v0x555f30e939a0_0;  alias, 1 drivers
v0x555f30e919d0_0 .net "clk", 0 0, v0x555f30e93a60_0;  alias, 1 drivers
v0x555f30e91a70_0 .net "d", 0 0, L_0x555f30e94d40;  1 drivers
v0x555f30e91b40_0 .net "en", 0 0, v0x555f30e93b20_0;  alias, 1 drivers
v0x555f30e91c10_0 .var "q", 0 0;
S_0x555f30e91d60 .scope module, "dff2" "D" 4 9, 5 1 0, S_0x555f30e73850;
 .timescale 0 0;
    .port_info 0 /INPUT 1 "clk";
    .port_info 1 /INPUT 1 "en";
    .port_info 2 /INPUT 1 "areset_n";
    .port_info 3 /INPUT 1 "d";
    .port_info 4 /OUTPUT 1 "q";
v0x555f30e91f70_0 .net "areset_n", 0 0, v0x555f30e939a0_0;  alias, 1 drivers
v0x555f30e92060_0 .net "clk", 0 0, v0x555f30e93a60_0;  alias, 1 drivers
v0x555f30e92170_0 .net "d", 0 0, L_0x555f30e941f0;  1 drivers
v0x555f30e92210_0 .net "en", 0 0, v0x555f30e93b20_0;  alias, 1 drivers
v0x555f30e92300_0 .var "q", 0 0;
    .scope S_0x555f30e91d60;
T_1 ;
    %wait E_0x555f30e71e60;
    %load/vec4 v0x555f30e91f70_0;
    %nor/r;
    %flag_set/vec4 8;
    %jmp/0xz  T_1.0, 8;
    %pushi/vec4 0, 0, 1;
    %assign/vec4 v0x555f30e92300_0, 0;
    %jmp T_1.1;
T_1.0 ;
    %load/vec4 v0x555f30e92210_0;
    %flag_set/vec4 8;
    %jmp/0xz  T_1.2, 8;
    %load/vec4 v0x555f30e92170_0;
    %assign/vec4 v0x555f30e92300_0, 0;
    %jmp T_1.3;
T_1.2 ;
    %load/vec4 v0x555f30e92300_0;
    %assign/vec4 v0x555f30e92300_0, 0;
T_1.3 ;
T_1.1 ;
    %jmp T_1;
    .thread T_1;
    .scope S_0x555f30e917d0;
T_2 ;
    %wait E_0x555f30e71e60;
    %load/vec4 v0x555f30e66080_0;
    %nor/r;
    %flag_set/vec4 8;
    %jmp/0xz  T_2.0, 8;
    %pushi/vec4 0, 0, 1;
    %assign/vec4 v0x555f30e91c10_0, 0;
    %jmp T_2.1;
T_2.0 ;
    %load/vec4 v0x555f30e91b40_0;
    %flag_set/vec4 8;
    %jmp/0xz  T_2.2, 8;
    %load/vec4 v0x555f30e91a70_0;
    %assign/vec4 v0x555f30e91c10_0, 0;
    %jmp T_2.3;
T_2.2 ;
    %load/vec4 v0x555f30e91c10_0;
    %assign/vec4 v0x555f30e91c10_0, 0;
T_2.3 ;
T_2.1 ;
    %jmp T_2;
    .thread T_2;
    .scope S_0x555f30e71070;
T_3 ;
    %wait E_0x555f30e71e60;
    %load/vec4 v0x555f30e5ef10_0;
    %nor/r;
    %flag_set/vec4 8;
    %jmp/0xz  T_3.0, 8;
    %pushi/vec4 0, 0, 1;
    %assign/vec4 v0x555f30e65050_0, 0;
    %jmp T_3.1;
T_3.0 ;
    %load/vec4 v0x555f30e61c20_0;
    %flag_set/vec4 8;
    %jmp/0xz  T_3.2, 8;
    %load/vec4 v0x555f30e61b20_0;
    %assign/vec4 v0x555f30e65050_0, 0;
    %jmp T_3.3;
T_3.2 ;
    %load/vec4 v0x555f30e65050_0;
    %assign/vec4 v0x555f30e65050_0, 0;
T_3.3 ;
T_3.1 ;
    %jmp T_3;
    .thread T_3;
    .scope S_0x555f30e35620;
T_4 ;
    %vpi_call/w 3 17 "$dumpfile", "waves/dump.vcd" {0 0 0};
    %vpi_call/w 3 18 "$dumpvars", 32'sb00000000000000000000000000000000, S_0x555f30e35620 {0 0 0};
    %end;
    .thread T_4;
    .scope S_0x555f30e35620;
T_5 ;
    %pushi/vec4 0, 0, 1;
    %store/vec4 v0x555f30e93a60_0, 0, 1;
T_5.0 ;
    %delay 5000, 0;
    %load/vec4 v0x555f30e93a60_0;
    %inv;
    %store/vec4 v0x555f30e93a60_0, 0, 1;
    %jmp T_5.0;
    %end;
    .thread T_5;
    .scope S_0x555f30e35620;
T_6 ;
    %pushi/vec4 0, 0, 1;
    %store/vec4 v0x555f30e93b20_0, 0, 1;
    %pushi/vec4 0, 0, 1;
    %store/vec4 v0x555f30e939a0_0, 0, 1;
    %end;
    .thread T_6;
    .scope S_0x555f30e35620;
T_7 ;
    %delay 3000, 0;
    %pushi/vec4 1, 0, 1;
    %store/vec4 v0x555f30e93b20_0, 0, 1;
    %delay 3000, 0;
    %pushi/vec4 1, 0, 1;
    %store/vec4 v0x555f30e939a0_0, 0, 1;
    %pushi/vec4 20, 0, 32;
T_7.0 %dup/vec4;
    %pushi/vec4 0, 0, 32;
    %cmp/s;
    %jmp/1xz T_7.1, 5;
    %jmp/1 T_7.1, 4;
    %pushi/vec4 1, 0, 32;
    %sub;
    %wait E_0x555f30e71720;
    %fork TD_tb_mod_6.check, S_0x555f30e736c0;
    %join;
    %jmp T_7.0;
T_7.1 ;
    %pop/vec4 1;
    %delay 20000, 0;
    %vpi_call/w 3 44 "$finish" {0 0 0};
    %end;
    .thread T_7;
# The file index is used to find the file name in the following table.
:file_names 6;
    "N/A";
    "<interactive>";
    "-";
    "tb/tb_mod_6.v";
    "rtl/mod_6.v";
    "rtl/D.v";
