#! /usr/bin/vvp
:ivl_version "12.0 (stable)";
:ivl_delay_selection "TYPICAL";
:vpi_time_precision - 12;
:vpi_module "/usr/lib/x86_64-linux-gnu/ivl/system.vpi";
:vpi_module "/usr/lib/x86_64-linux-gnu/ivl/vhdl_sys.vpi";
:vpi_module "/usr/lib/x86_64-linux-gnu/ivl/vhdl_textio.vpi";
:vpi_module "/usr/lib/x86_64-linux-gnu/ivl/v2005_math.vpi";
:vpi_module "/usr/lib/x86_64-linux-gnu/ivl/va_math.vpi";
:vpi_module "/usr/lib/x86_64-linux-gnu/ivl/v2009.vpi";
S_0x55e1d32af270 .scope package, "$unit" "$unit" 2 1;
 .timescale 0 0;
S_0x55e1d32c1410 .scope module, "tb_demux_1to4" "tb_demux_1to4" 3 2;
 .timescale -9 -12;
v0x55e1d32fa610_0 .net "a", 0 0, v0x55e1d32f9c20_0;  1 drivers
v0x55e1d32fa6d0_0 .net "b", 0 0, v0x55e1d32f9d00_0;  1 drivers
v0x55e1d32fa770_0 .net "c", 0 0, v0x55e1d32f9dc0_0;  1 drivers
v0x55e1d32fa870_0 .net "d", 0 0, v0x55e1d32f9e90_0;  1 drivers
v0x55e1d32fa940_0 .var "exp_a", 0 0;
v0x55e1d32faa30_0 .var "exp_b", 0 0;
v0x55e1d32faad0_0 .var "exp_c", 0 0;
v0x55e1d32fab70_0 .var "exp_d", 0 0;
v0x55e1d32fac10_0 .var/i "fail", 31 0;
v0x55e1d32facd0_0 .var "in", 0 0;
v0x55e1d32fad70_0 .var/i "pass", 31 0;
v0x55e1d32fae30_0 .var "sel", 1 0;
S_0x55e1d32c15a0 .scope task, "boundary" "boundary" 3 57, 3 57 0, S_0x55e1d32c1410;
 .timescale -9 -12;
v0x55e1d32c1780_0 .var "t_in", 0 0;
v0x55e1d32f9140_0 .var "t_sel", 1 0;
TD_tb_demux_1to4.boundary ;
    %vpi_call/w 3 61 "$display", "Boarder Case" {0 0 0};
    %load/vec4 v0x55e1d32c1780_0;
    %store/vec4 v0x55e1d32facd0_0, 0, 1;
    %load/vec4 v0x55e1d32f9140_0;
    %store/vec4 v0x55e1d32fae30_0, 0, 2;
    %pushi/vec4 0, 0, 1;
    %store/vec4 v0x55e1d32fa940_0, 0, 1;
    %pushi/vec4 0, 0, 1;
    %store/vec4 v0x55e1d32faa30_0, 0, 1;
    %pushi/vec4 0, 0, 1;
    %store/vec4 v0x55e1d32faad0_0, 0, 1;
    %pushi/vec4 0, 0, 1;
    %store/vec4 v0x55e1d32fab70_0, 0, 1;
    %load/vec4 v0x55e1d32fae30_0;
    %dup/vec4;
    %pushi/vec4 0, 0, 2;
    %cmp/u;
    %jmp/1 T_0.0, 6;
    %dup/vec4;
    %pushi/vec4 1, 0, 2;
    %cmp/u;
    %jmp/1 T_0.1, 6;
    %dup/vec4;
    %pushi/vec4 2, 0, 2;
    %cmp/u;
    %jmp/1 T_0.2, 6;
    %dup/vec4;
    %pushi/vec4 3, 0, 2;
    %cmp/u;
    %jmp/1 T_0.3, 6;
    %jmp T_0.4;
T_0.0 ;
    %load/vec4 v0x55e1d32c1780_0;
    %store/vec4 v0x55e1d32fa940_0, 0, 1;
    %jmp T_0.4;
T_0.1 ;
    %load/vec4 v0x55e1d32c1780_0;
    %store/vec4 v0x55e1d32faa30_0, 0, 1;
    %jmp T_0.4;
T_0.2 ;
    %load/vec4 v0x55e1d32c1780_0;
    %store/vec4 v0x55e1d32faad0_0, 0, 1;
    %jmp T_0.4;
T_0.3 ;
    %load/vec4 v0x55e1d32c1780_0;
    %store/vec4 v0x55e1d32fab70_0, 0, 1;
    %jmp T_0.4;
T_0.4 ;
    %pop/vec4 1;
    %delay 10000, 0;
    %load/vec4 v0x55e1d32fa940_0;
    %load/vec4 v0x55e1d32fa610_0;
    %cmp/e;
    %flag_get/vec4 6;
    %jmp/0 T_0.9, 6;
    %load/vec4 v0x55e1d32faa30_0;
    %load/vec4 v0x55e1d32fa6d0_0;
    %cmp/e;
    %flag_get/vec4 6;
    %and;
T_0.9;
    %flag_set/vec4 10;
    %flag_get/vec4 10;
    %jmp/0 T_0.8, 10;
    %load/vec4 v0x55e1d32faad0_0;
    %load/vec4 v0x55e1d32fa770_0;
    %cmp/e;
    %flag_get/vec4 6;
    %and;
T_0.8;
    %flag_set/vec4 9;
    %flag_get/vec4 9;
    %jmp/0 T_0.7, 9;
    %load/vec4 v0x55e1d32fab70_0;
    %load/vec4 v0x55e1d32fa870_0;
    %cmp/e;
    %flag_get/vec4 6;
    %and;
T_0.7;
    %flag_set/vec4 8;
    %jmp/0xz  T_0.5, 8;
    %vpi_call/w 3 75 "$display", "PASS: in=%b sel=%b | a=%b b=%b c=%b d=%b", v0x55e1d32facd0_0, v0x55e1d32fae30_0, v0x55e1d32fa610_0, v0x55e1d32fa6d0_0, v0x55e1d32fa770_0, v0x55e1d32fa870_0 {0 0 0};
    %load/vec4 v0x55e1d32fad70_0;
    %addi 1, 0, 32;
    %store/vec4 v0x55e1d32fad70_0, 0, 32;
    %jmp T_0.6;
T_0.5 ;
    %vpi_call/w 3 79 "$display", "FAIL: in=%b sel=%b | a=%b b=%b c=%b d=%b | exp_a=%b exp_b=%b exp_c=%b exp_d=%b", v0x55e1d32facd0_0, v0x55e1d32fae30_0, v0x55e1d32fa610_0, v0x55e1d32fa6d0_0, v0x55e1d32fa770_0, v0x55e1d32fa870_0, v0x55e1d32fa940_0, v0x55e1d32faa30_0, v0x55e1d32faad0_0, v0x55e1d32fab70_0 {0 0 0};
    %load/vec4 v0x55e1d32fac10_0;
    %addi 1, 0, 32;
    %store/vec4 v0x55e1d32fac10_0, 0, 32;
T_0.6 ;
    %end;
S_0x55e1d32f9220 .scope task, "diff_control" "diff_control" 3 85, 3 85 0, S_0x55e1d32c1410;
 .timescale -9 -12;
v0x55e1d32f9420_0 .var/i "i", 31 0;
v0x55e1d32f9500_0 .var "t_in", 0 0;
TD_tb_demux_1to4.diff_control ;
    %vpi_call/w 3 89 "$display", "diff_control Case" {0 0 0};
    %load/vec4 v0x55e1d32f9500_0;
    %store/vec4 v0x55e1d32facd0_0, 0, 1;
    %pushi/vec4 0, 0, 32;
    %store/vec4 v0x55e1d32f9420_0, 0, 32;
T_1.10 ;
    %load/vec4 v0x55e1d32f9420_0;
    %cmpi/s 4, 0, 32;
    %jmp/0xz T_1.11, 5;
    %load/vec4 v0x55e1d32f9420_0;
    %pad/s 2;
    %store/vec4 v0x55e1d32fae30_0, 0, 2;
    %pushi/vec4 0, 0, 1;
    %store/vec4 v0x55e1d32fa940_0, 0, 1;
    %pushi/vec4 0, 0, 1;
    %store/vec4 v0x55e1d32faa30_0, 0, 1;
    %pushi/vec4 0, 0, 1;
    %store/vec4 v0x55e1d32faad0_0, 0, 1;
    %pushi/vec4 0, 0, 1;
    %store/vec4 v0x55e1d32fab70_0, 0, 1;
    %load/vec4 v0x55e1d32fae30_0;
    %dup/vec4;
    %pushi/vec4 0, 0, 2;
    %cmp/u;
    %jmp/1 T_1.12, 6;
    %dup/vec4;
    %pushi/vec4 1, 0, 2;
    %cmp/u;
    %jmp/1 T_1.13, 6;
    %dup/vec4;
    %pushi/vec4 2, 0, 2;
    %cmp/u;
    %jmp/1 T_1.14, 6;
    %dup/vec4;
    %pushi/vec4 3, 0, 2;
    %cmp/u;
    %jmp/1 T_1.15, 6;
    %jmp T_1.16;
T_1.12 ;
    %load/vec4 v0x55e1d32f9500_0;
    %store/vec4 v0x55e1d32fa940_0, 0, 1;
    %jmp T_1.16;
T_1.13 ;
    %load/vec4 v0x55e1d32f9500_0;
    %store/vec4 v0x55e1d32faa30_0, 0, 1;
    %jmp T_1.16;
T_1.14 ;
    %load/vec4 v0x55e1d32f9500_0;
    %store/vec4 v0x55e1d32faad0_0, 0, 1;
    %jmp T_1.16;
T_1.15 ;
    %load/vec4 v0x55e1d32f9500_0;
    %store/vec4 v0x55e1d32fab70_0, 0, 1;
    %jmp T_1.16;
T_1.16 ;
    %pop/vec4 1;
    %delay 10000, 0;
    %load/vec4 v0x55e1d32fa940_0;
    %load/vec4 v0x55e1d32fa610_0;
    %cmp/e;
    %flag_get/vec4 6;
    %jmp/0 T_1.21, 6;
    %load/vec4 v0x55e1d32faa30_0;
    %load/vec4 v0x55e1d32fa6d0_0;
    %cmp/e;
    %flag_get/vec4 6;
    %and;
T_1.21;
    %flag_set/vec4 10;
    %flag_get/vec4 10;
    %jmp/0 T_1.20, 10;
    %load/vec4 v0x55e1d32faad0_0;
    %load/vec4 v0x55e1d32fa770_0;
    %cmp/e;
    %flag_get/vec4 6;
    %and;
T_1.20;
    %flag_set/vec4 9;
    %flag_get/vec4 9;
    %jmp/0 T_1.19, 9;
    %load/vec4 v0x55e1d32fab70_0;
    %load/vec4 v0x55e1d32fa870_0;
    %cmp/e;
    %flag_get/vec4 6;
    %and;
T_1.19;
    %flag_set/vec4 8;
    %jmp/0xz  T_1.17, 8;
    %vpi_call/w 3 106 "$display", "PASS: in=%b sel=%b | a=%b b=%b c=%b d=%b", v0x55e1d32facd0_0, v0x55e1d32fae30_0, v0x55e1d32fa610_0, v0x55e1d32fa6d0_0, v0x55e1d32fa770_0, v0x55e1d32fa870_0 {0 0 0};
    %load/vec4 v0x55e1d32fad70_0;
    %addi 1, 0, 32;
    %store/vec4 v0x55e1d32fad70_0, 0, 32;
    %jmp T_1.18;
T_1.17 ;
    %vpi_call/w 3 110 "$display", "FAIL: in=%b sel=%b | a=%b b=%b c=%b d=%b | exp_a=%b exp_b=%b exp_c=%b exp_d=%b", v0x55e1d32facd0_0, v0x55e1d32fae30_0, v0x55e1d32fa610_0, v0x55e1d32fa6d0_0, v0x55e1d32fa770_0, v0x55e1d32fa870_0, v0x55e1d32fa940_0, v0x55e1d32faa30_0, v0x55e1d32faad0_0, v0x55e1d32fab70_0 {0 0 0};
    %load/vec4 v0x55e1d32fac10_0;
    %addi 1, 0, 32;
    %store/vec4 v0x55e1d32fac10_0, 0, 32;
T_1.18 ;
    %load/vec4 v0x55e1d32f9420_0;
    %addi 1, 0, 32;
    %store/vec4 v0x55e1d32f9420_0, 0, 32;
    %jmp T_1.10;
T_1.11 ;
    %end;
S_0x55e1d32f95c0 .scope task, "diff_input" "diff_input" 3 117, 3 117 0, S_0x55e1d32c1410;
 .timescale -9 -12;
v0x55e1d32f97a0_0 .var/i "i", 31 0;
v0x55e1d32f9880_0 .var "t_sel", 1 0;
TD_tb_demux_1to4.diff_input ;
    %vpi_call/w 3 121 "$display", "diff_input Case" {0 0 0};
    %load/vec4 v0x55e1d32f9880_0;
    %store/vec4 v0x55e1d32fae30_0, 0, 2;
    %pushi/vec4 0, 0, 32;
    %store/vec4 v0x55e1d32f97a0_0, 0, 32;
T_2.22 ;
    %load/vec4 v0x55e1d32f97a0_0;
    %cmpi/s 2, 0, 32;
    %jmp/0xz T_2.23, 5;
    %load/vec4 v0x55e1d32f97a0_0;
    %pad/s 1;
    %store/vec4 v0x55e1d32facd0_0, 0, 1;
    %pushi/vec4 0, 0, 1;
    %store/vec4 v0x55e1d32fa940_0, 0, 1;
    %pushi/vec4 0, 0, 1;
    %store/vec4 v0x55e1d32faa30_0, 0, 1;
    %pushi/vec4 0, 0, 1;
    %store/vec4 v0x55e1d32faad0_0, 0, 1;
    %pushi/vec4 0, 0, 1;
    %store/vec4 v0x55e1d32fab70_0, 0, 1;
    %load/vec4 v0x55e1d32f9880_0;
    %dup/vec4;
    %pushi/vec4 0, 0, 2;
    %cmp/u;
    %jmp/1 T_2.24, 6;
    %dup/vec4;
    %pushi/vec4 1, 0, 2;
    %cmp/u;
    %jmp/1 T_2.25, 6;
    %dup/vec4;
    %pushi/vec4 2, 0, 2;
    %cmp/u;
    %jmp/1 T_2.26, 6;
    %dup/vec4;
    %pushi/vec4 3, 0, 2;
    %cmp/u;
    %jmp/1 T_2.27, 6;
    %jmp T_2.28;
T_2.24 ;
    %load/vec4 v0x55e1d32facd0_0;
    %store/vec4 v0x55e1d32fa940_0, 0, 1;
    %jmp T_2.28;
T_2.25 ;
    %load/vec4 v0x55e1d32facd0_0;
    %store/vec4 v0x55e1d32faa30_0, 0, 1;
    %jmp T_2.28;
T_2.26 ;
    %load/vec4 v0x55e1d32facd0_0;
    %store/vec4 v0x55e1d32faad0_0, 0, 1;
    %jmp T_2.28;
T_2.27 ;
    %load/vec4 v0x55e1d32facd0_0;
    %store/vec4 v0x55e1d32fab70_0, 0, 1;
    %jmp T_2.28;
T_2.28 ;
    %pop/vec4 1;
    %delay 10000, 0;
    %load/vec4 v0x55e1d32fa940_0;
    %load/vec4 v0x55e1d32fa610_0;
    %cmp/e;
    %flag_get/vec4 6;
    %jmp/0 T_2.33, 6;
    %load/vec4 v0x55e1d32faa30_0;
    %load/vec4 v0x55e1d32fa6d0_0;
    %cmp/e;
    %flag_get/vec4 6;
    %and;
T_2.33;
    %flag_set/vec4 10;
    %flag_get/vec4 10;
    %jmp/0 T_2.32, 10;
    %load/vec4 v0x55e1d32faad0_0;
    %load/vec4 v0x55e1d32fa770_0;
    %cmp/e;
    %flag_get/vec4 6;
    %and;
T_2.32;
    %flag_set/vec4 9;
    %flag_get/vec4 9;
    %jmp/0 T_2.31, 9;
    %load/vec4 v0x55e1d32fab70_0;
    %load/vec4 v0x55e1d32fa870_0;
    %cmp/e;
    %flag_get/vec4 6;
    %and;
T_2.31;
    %flag_set/vec4 8;
    %jmp/0xz  T_2.29, 8;
    %vpi_call/w 3 138 "$display", "PASS: in=%b sel=%b | a=%b b=%b c=%b d=%b", v0x55e1d32facd0_0, v0x55e1d32fae30_0, v0x55e1d32fa610_0, v0x55e1d32fa6d0_0, v0x55e1d32fa770_0, v0x55e1d32fa870_0 {0 0 0};
    %load/vec4 v0x55e1d32fad70_0;
    %addi 1, 0, 32;
    %store/vec4 v0x55e1d32fad70_0, 0, 32;
    %jmp T_2.30;
T_2.29 ;
    %vpi_call/w 3 142 "$display", "FAIL: in=%b sel=%b | a=%b b=%b c=%b d=%b | exp_a=%b exp_b=%b exp_c=%b exp_d=%b", v0x55e1d32facd0_0, v0x55e1d32fae30_0, v0x55e1d32fa610_0, v0x55e1d32fa6d0_0, v0x55e1d32fa770_0, v0x55e1d32fa870_0, v0x55e1d32fa940_0, v0x55e1d32faa30_0, v0x55e1d32faad0_0, v0x55e1d32fab70_0 {0 0 0};
    %load/vec4 v0x55e1d32fac10_0;
    %addi 1, 0, 32;
    %store/vec4 v0x55e1d32fac10_0, 0, 32;
T_2.30 ;
    %load/vec4 v0x55e1d32f97a0_0;
    %addi 1, 0, 32;
    %store/vec4 v0x55e1d32f97a0_0, 0, 32;
    %jmp T_2.22;
T_2.23 ;
    %end;
S_0x55e1d32f9960 .scope module, "dut" "demux_1to4" 3 6, 4 1 0, S_0x55e1d32c1410;
 .timescale 0 0;
    .port_info 0 /INPUT 1 "in";
    .port_info 1 /INPUT 2 "sel";
    .port_info 2 /OUTPUT 1 "a";
    .port_info 3 /OUTPUT 1 "b";
    .port_info 4 /OUTPUT 1 "c";
    .port_info 5 /OUTPUT 1 "d";
v0x55e1d32f9c20_0 .var "a", 0 0;
v0x55e1d32f9d00_0 .var "b", 0 0;
v0x55e1d32f9dc0_0 .var "c", 0 0;
v0x55e1d32f9e90_0 .var "d", 0 0;
v0x55e1d32f9f50_0 .net "in", 0 0, v0x55e1d32facd0_0;  1 drivers
v0x55e1d32fa060_0 .net "sel", 1 0, v0x55e1d32fae30_0;  1 drivers
E_0x55e1d3286cd0 .event anyedge, v0x55e1d32fa060_0, v0x55e1d32f9f50_0;
S_0x55e1d32fa200 .scope task, "normal" "normal" 3 24, 3 24 0, S_0x55e1d32c1410;
 .timescale -9 -12;
v0x55e1d32fa430_0 .var/i "i", 31 0;
v0x55e1d32fa530_0 .var/i "j", 31 0;
TD_tb_demux_1to4.normal ;
    %vpi_call/w 3 28 "$display", "Normal Case" {0 0 0};
    %pushi/vec4 0, 0, 32;
    %store/vec4 v0x55e1d32fa430_0, 0, 32;
T_3.34 ;
    %load/vec4 v0x55e1d32fa430_0;
    %cmpi/s 2, 0, 32;
    %jmp/0xz T_3.35, 5;
    %load/vec4 v0x55e1d32fa430_0;
    %pad/s 1;
    %store/vec4 v0x55e1d32facd0_0, 0, 1;
    %pushi/vec4 0, 0, 32;
    %store/vec4 v0x55e1d32fa530_0, 0, 32;
T_3.36 ;
    %load/vec4 v0x55e1d32fa530_0;
    %cmpi/s 4, 0, 32;
    %jmp/0xz T_3.37, 5;
    %load/vec4 v0x55e1d32fa530_0;
    %pad/s 2;
    %store/vec4 v0x55e1d32fae30_0, 0, 2;
    %pushi/vec4 0, 0, 1;
    %store/vec4 v0x55e1d32fa940_0, 0, 1;
    %pushi/vec4 0, 0, 1;
    %store/vec4 v0x55e1d32faa30_0, 0, 1;
    %pushi/vec4 0, 0, 1;
    %store/vec4 v0x55e1d32faad0_0, 0, 1;
    %pushi/vec4 0, 0, 1;
    %store/vec4 v0x55e1d32fab70_0, 0, 1;
    %load/vec4 v0x55e1d32fae30_0;
    %dup/vec4;
    %pushi/vec4 0, 0, 2;
    %cmp/u;
    %jmp/1 T_3.38, 6;
    %dup/vec4;
    %pushi/vec4 1, 0, 2;
    %cmp/u;
    %jmp/1 T_3.39, 6;
    %dup/vec4;
    %pushi/vec4 2, 0, 2;
    %cmp/u;
    %jmp/1 T_3.40, 6;
    %dup/vec4;
    %pushi/vec4 3, 0, 2;
    %cmp/u;
    %jmp/1 T_3.41, 6;
    %jmp T_3.42;
T_3.38 ;
    %load/vec4 v0x55e1d32facd0_0;
    %store/vec4 v0x55e1d32fa940_0, 0, 1;
    %jmp T_3.42;
T_3.39 ;
    %load/vec4 v0x55e1d32facd0_0;
    %store/vec4 v0x55e1d32faa30_0, 0, 1;
    %jmp T_3.42;
T_3.40 ;
    %load/vec4 v0x55e1d32facd0_0;
    %store/vec4 v0x55e1d32faad0_0, 0, 1;
    %jmp T_3.42;
T_3.41 ;
    %load/vec4 v0x55e1d32facd0_0;
    %store/vec4 v0x55e1d32fab70_0, 0, 1;
    %jmp T_3.42;
T_3.42 ;
    %pop/vec4 1;
    %delay 10000, 0;
    %load/vec4 v0x55e1d32fa940_0;
    %load/vec4 v0x55e1d32fa610_0;
    %cmp/e;
    %flag_get/vec4 6;
    %jmp/0 T_3.47, 6;
    %load/vec4 v0x55e1d32faa30_0;
    %load/vec4 v0x55e1d32fa6d0_0;
    %cmp/e;
    %flag_get/vec4 6;
    %and;
T_3.47;
    %flag_set/vec4 10;
    %flag_get/vec4 10;
    %jmp/0 T_3.46, 10;
    %load/vec4 v0x55e1d32faad0_0;
    %load/vec4 v0x55e1d32fa770_0;
    %cmp/e;
    %flag_get/vec4 6;
    %and;
T_3.46;
    %flag_set/vec4 9;
    %flag_get/vec4 9;
    %jmp/0 T_3.45, 9;
    %load/vec4 v0x55e1d32fab70_0;
    %load/vec4 v0x55e1d32fa870_0;
    %cmp/e;
    %flag_get/vec4 6;
    %and;
T_3.45;
    %flag_set/vec4 8;
    %jmp/0xz  T_3.43, 8;
    %vpi_call/w 3 45 "$display", "PASS: in=%b sel=%b | a=%b b=%b c=%b d=%b", v0x55e1d32facd0_0, v0x55e1d32fae30_0, v0x55e1d32fa610_0, v0x55e1d32fa6d0_0, v0x55e1d32fa770_0, v0x55e1d32fa870_0 {0 0 0};
    %load/vec4 v0x55e1d32fad70_0;
    %addi 1, 0, 32;
    %store/vec4 v0x55e1d32fad70_0, 0, 32;
    %jmp T_3.44;
T_3.43 ;
    %vpi_call/w 3 49 "$display", "FAIL: in=%b sel=%b | a=%b b=%b c=%b d=%b | exp_a=%b exp_b=%b exp_c=%b exp_d=%b", v0x55e1d32facd0_0, v0x55e1d32fae30_0, v0x55e1d32fa610_0, v0x55e1d32fa6d0_0, v0x55e1d32fa770_0, v0x55e1d32fa870_0, v0x55e1d32fa940_0, v0x55e1d32faa30_0, v0x55e1d32faad0_0, v0x55e1d32fab70_0 {0 0 0};
    %load/vec4 v0x55e1d32fac10_0;
    %addi 1, 0, 32;
    %store/vec4 v0x55e1d32fac10_0, 0, 32;
T_3.44 ;
    %load/vec4 v0x55e1d32fa530_0;
    %addi 1, 0, 32;
    %store/vec4 v0x55e1d32fa530_0, 0, 32;
    %jmp T_3.36;
T_3.37 ;
    %load/vec4 v0x55e1d32fa430_0;
    %addi 1, 0, 32;
    %store/vec4 v0x55e1d32fa430_0, 0, 32;
    %jmp T_3.34;
T_3.35 ;
    %end;
    .scope S_0x55e1d32f9960;
T_4 ;
    %wait E_0x55e1d3286cd0;
    %pushi/vec4 0, 0, 1;
    %store/vec4 v0x55e1d32f9c20_0, 0, 1;
    %pushi/vec4 0, 0, 1;
    %store/vec4 v0x55e1d32f9d00_0, 0, 1;
    %pushi/vec4 0, 0, 1;
    %store/vec4 v0x55e1d32f9dc0_0, 0, 1;
    %pushi/vec4 0, 0, 1;
    %store/vec4 v0x55e1d32f9e90_0, 0, 1;
    %load/vec4 v0x55e1d32fa060_0;
    %dup/vec4;
    %pushi/vec4 0, 0, 2;
    %cmp/u;
    %jmp/1 T_4.0, 6;
    %dup/vec4;
    %pushi/vec4 1, 0, 2;
    %cmp/u;
    %jmp/1 T_4.1, 6;
    %dup/vec4;
    %pushi/vec4 2, 0, 2;
    %cmp/u;
    %jmp/1 T_4.2, 6;
    %dup/vec4;
    %pushi/vec4 3, 0, 2;
    %cmp/u;
    %jmp/1 T_4.3, 6;
    %jmp T_4.4;
T_4.0 ;
    %load/vec4 v0x55e1d32f9f50_0;
    %store/vec4 v0x55e1d32f9c20_0, 0, 1;
    %jmp T_4.4;
T_4.1 ;
    %load/vec4 v0x55e1d32f9f50_0;
    %store/vec4 v0x55e1d32f9d00_0, 0, 1;
    %jmp T_4.4;
T_4.2 ;
    %load/vec4 v0x55e1d32f9f50_0;
    %store/vec4 v0x55e1d32f9dc0_0, 0, 1;
    %jmp T_4.4;
T_4.3 ;
    %load/vec4 v0x55e1d32f9f50_0;
    %store/vec4 v0x55e1d32f9e90_0, 0, 1;
    %jmp T_4.4;
T_4.4 ;
    %pop/vec4 1;
    %jmp T_4;
    .thread T_4, $push;
    .scope S_0x55e1d32c1410;
T_5 ;
    %pushi/vec4 0, 0, 32;
    %store/vec4 v0x55e1d32fad70_0, 0, 32;
    %pushi/vec4 0, 0, 32;
    %store/vec4 v0x55e1d32fac10_0, 0, 32;
    %end;
    .thread T_5, $init;
    .scope S_0x55e1d32c1410;
T_6 ;
    %vpi_call/w 3 15 "$dumpfile", "waves/dump.vcd" {0 0 0};
    %vpi_call/w 3 16 "$dumpvars", 32'sb00000000000000000000000000000000, S_0x55e1d32c1410 {0 0 0};
    %end;
    .thread T_6;
    .scope S_0x55e1d32c1410;
T_7 ;
    %fork TD_tb_demux_1to4.normal, S_0x55e1d32fa200;
    %join;
    %pushi/vec4 1, 0, 1;
    %store/vec4 v0x55e1d32c1780_0, 0, 1;
    %pushi/vec4 3, 0, 2;
    %store/vec4 v0x55e1d32f9140_0, 0, 2;
    %fork TD_tb_demux_1to4.boundary, S_0x55e1d32c15a0;
    %join;
    %pushi/vec4 0, 0, 1;
    %store/vec4 v0x55e1d32c1780_0, 0, 1;
    %pushi/vec4 0, 0, 2;
    %store/vec4 v0x55e1d32f9140_0, 0, 2;
    %fork TD_tb_demux_1to4.boundary, S_0x55e1d32c15a0;
    %join;
    %pushi/vec4 1, 0, 1;
    %store/vec4 v0x55e1d32f9500_0, 0, 1;
    %fork TD_tb_demux_1to4.diff_control, S_0x55e1d32f9220;
    %join;
    %pushi/vec4 0, 0, 1;
    %store/vec4 v0x55e1d32f9500_0, 0, 1;
    %fork TD_tb_demux_1to4.diff_control, S_0x55e1d32f9220;
    %join;
    %pushi/vec4 3, 0, 2;
    %store/vec4 v0x55e1d32f9880_0, 0, 2;
    %fork TD_tb_demux_1to4.diff_input, S_0x55e1d32f95c0;
    %join;
    %pushi/vec4 0, 0, 2;
    %store/vec4 v0x55e1d32f9880_0, 0, 2;
    %fork TD_tb_demux_1to4.diff_input, S_0x55e1d32f95c0;
    %join;
    %vpi_call/w 3 164 "$display", "Test summary:" {0 0 0};
    %vpi_call/w 3 165 "$display", "PASS:%d", v0x55e1d32fad70_0 {0 0 0};
    %vpi_call/w 3 166 "$display", "FAIL:%d", v0x55e1d32fac10_0 {0 0 0};
    %end;
    .thread T_7;
# The file index is used to find the file name in the following table.
:file_names 5;
    "N/A";
    "<interactive>";
    "-";
    "tb/tb_demux_1to4.v";
    "rtl/demux_1to4.v";
