#! /usr/bin/vvp
:ivl_version "12.0 (stable)";
:ivl_delay_selection "TYPICAL";
:vpi_time_precision - 12;
:vpi_module "/usr/lib/x86_64-linux-gnu/ivl/system.vpi";
:vpi_module "/usr/lib/x86_64-linux-gnu/ivl/vhdl_sys.vpi";
:vpi_module "/usr/lib/x86_64-linux-gnu/ivl/vhdl_textio.vpi";
:vpi_module "/usr/lib/x86_64-linux-gnu/ivl/v2005_math.vpi";
:vpi_module "/usr/lib/x86_64-linux-gnu/ivl/va_math.vpi";
:vpi_module "/usr/lib/x86_64-linux-gnu/ivl/v2009.vpi";
S_0x55ee3f0eaa30 .scope package, "$unit" "$unit" 2 1;
 .timescale 0 0;
S_0x55ee3f0eabc0 .scope module, "tb_shift" "tb_shift" 3 3;
 .timescale -9 -12;
v0x55ee3f10a7e0_0 .var "areset_n", 0 0;
v0x55ee3f10a8a0_0 .var "clk", 0 0;
v0x55ee3f10a960_0 .var "en", 0 0;
v0x55ee3f10aa00_0 .var "i", 0 0;
v0x55ee3f10aaa0_0 .net "out", 0 0, L_0x55ee3f10b170;  1 drivers
E_0x55ee3f0e91a0 .event negedge, v0x55ee3f0dcf20_0;
S_0x55ee3f0ad490 .scope module, "dut" "shift" 3 10, 4 1 0, S_0x55ee3f0eabc0;
 .timescale 0 0;
    .port_info 0 /INPUT 1 "clk";
    .port_info 1 /INPUT 1 "en";
    .port_info 2 /INPUT 1 "areset_n";
    .port_info 3 /INPUT 1 "i";
    .port_info 4 /OUTPUT 1 "out";
L_0x55ee3f0dc8e0 .functor BUFZ 1, v0x55ee3f10aa00_0, C4<0>, C4<0>, C4<0>;
v0x55ee3f10a1b0_0 .net "areset_n", 0 0, v0x55ee3f10a7e0_0;  1 drivers
v0x55ee3f10a270_0 .net "clk", 0 0, v0x55ee3f10a8a0_0;  1 drivers
v0x55ee3f10a330_0 .net "en", 0 0, v0x55ee3f10a960_0;  1 drivers
v0x55ee3f10a490_0 .net "i", 0 0, v0x55ee3f10aa00_0;  1 drivers
v0x55ee3f10a560_0 .net "load_shift", 0 0, L_0x55ee3f0dc8e0;  1 drivers
v0x55ee3f10a600_0 .net "out", 0 0, L_0x55ee3f10b170;  alias, 1 drivers
v0x55ee3f10a6a0_0 .net "w", 1 0, L_0x55ee3f10afe0;  1 drivers
L_0x55ee3f10aef0 .part L_0x55ee3f10afe0, 1, 1;
L_0x55ee3f10afe0 .concat8 [ 1 1 0 0], v0x55ee3f0dd7c0_0, v0x55ee3f109a10_0;
L_0x55ee3f10b170 .part L_0x55ee3f10afe0, 0, 1;
S_0x55ee3f0ad670 .scope module, "u0" "mux_D" 4 24, 5 1 0, S_0x55ee3f0ad490;
 .timescale 0 0;
    .port_info 0 /INPUT 1 "clk";
    .port_info 1 /INPUT 1 "en";
    .port_info 2 /INPUT 1 "areset_n";
    .port_info 3 /INPUT 1 "p_in";
    .port_info 4 /INPUT 1 "s_in";
    .port_info 5 /INPUT 1 "load_shift";
    .port_info 6 /OUTPUT 1 "out";
v0x55ee3f0d8960_0 .net "areset_n", 0 0, v0x55ee3f10a7e0_0;  alias, 1 drivers
v0x55ee3f0d8a60_0 .net "clk", 0 0, v0x55ee3f10a8a0_0;  alias, 1 drivers
v0x55ee3f108cb0_0 .net "en", 0 0, v0x55ee3f10a960_0;  alias, 1 drivers
v0x55ee3f108d80_0 .net "in", 0 0, L_0x55ee3f10adc0;  1 drivers
v0x55ee3f108e50_0 .net "load_shift", 0 0, L_0x55ee3f0dc8e0;  alias, 1 drivers
v0x55ee3f108f40_0 .net "out", 0 0, v0x55ee3f0dd7c0_0;  1 drivers
L_0x7f897ebc9060 .functor BUFT 1, C4<1>, C4<0>, C4<0>, C4<0>;
v0x55ee3f108fe0_0 .net "p_in", 0 0, L_0x7f897ebc9060;  1 drivers
v0x55ee3f109080_0 .net "s_in", 0 0, L_0x55ee3f10aef0;  1 drivers
L_0x55ee3f10adc0 .functor MUXZ 1, L_0x55ee3f10aef0, L_0x7f897ebc9060, L_0x55ee3f0dc8e0, C4<>;
S_0x55ee3f0ecc70 .scope module, "dff" "D" 5 15, 6 1 0, S_0x55ee3f0ad670;
 .timescale 0 0;
    .port_info 0 /INPUT 1 "clk";
    .port_info 1 /INPUT 1 "en";
    .port_info 2 /INPUT 1 "areset_n";
    .port_info 3 /INPUT 1 "d";
    .port_info 4 /OUTPUT 1 "q";
v0x55ee3f0dcc50_0 .net "areset_n", 0 0, v0x55ee3f10a7e0_0;  alias, 1 drivers
v0x55ee3f0dcf20_0 .net "clk", 0 0, v0x55ee3f10a8a0_0;  alias, 1 drivers
v0x55ee3f0dd200_0 .net "d", 0 0, L_0x55ee3f10adc0;  alias, 1 drivers
v0x55ee3f0dd4c0_0 .net "en", 0 0, v0x55ee3f10a960_0;  alias, 1 drivers
v0x55ee3f0dd7c0_0 .var "q", 0 0;
E_0x55ee3f0e9460/0 .event negedge, v0x55ee3f0dcc50_0;
E_0x55ee3f0e9460/1 .event posedge, v0x55ee3f0dcf20_0;
E_0x55ee3f0e9460 .event/or E_0x55ee3f0e9460/0, E_0x55ee3f0e9460/1;
S_0x55ee3f1091a0 .scope module, "u1" "mux_D" 4 14, 5 1 0, S_0x55ee3f0ad490;
 .timescale 0 0;
    .port_info 0 /INPUT 1 "clk";
    .port_info 1 /INPUT 1 "en";
    .port_info 2 /INPUT 1 "areset_n";
    .port_info 3 /INPUT 1 "p_in";
    .port_info 4 /INPUT 1 "s_in";
    .port_info 5 /INPUT 1 "load_shift";
    .port_info 6 /OUTPUT 1 "out";
v0x55ee3f109ba0_0 .net "areset_n", 0 0, v0x55ee3f10a7e0_0;  alias, 1 drivers
v0x55ee3f109c60_0 .net "clk", 0 0, v0x55ee3f10a8a0_0;  alias, 1 drivers
v0x55ee3f109d20_0 .net "en", 0 0, v0x55ee3f10a960_0;  alias, 1 drivers
v0x55ee3f109dc0_0 .net "in", 0 0, L_0x55ee3f10ab90;  1 drivers
v0x55ee3f109e60_0 .net "load_shift", 0 0, L_0x55ee3f0dc8e0;  alias, 1 drivers
v0x55ee3f109f50_0 .net "out", 0 0, v0x55ee3f109a10_0;  1 drivers
L_0x7f897ebc9018 .functor BUFT 1, C4<1>, C4<0>, C4<0>, C4<0>;
v0x55ee3f109ff0_0 .net "p_in", 0 0, L_0x7f897ebc9018;  1 drivers
v0x55ee3f10a090_0 .net "s_in", 0 0, v0x55ee3f10aa00_0;  alias, 1 drivers
L_0x55ee3f10ab90 .functor MUXZ 1, v0x55ee3f10aa00_0, L_0x7f897ebc9018, L_0x55ee3f0dc8e0, C4<>;
S_0x55ee3f109450 .scope module, "dff" "D" 5 15, 6 1 0, S_0x55ee3f1091a0;
 .timescale 0 0;
    .port_info 0 /INPUT 1 "clk";
    .port_info 1 /INPUT 1 "en";
    .port_info 2 /INPUT 1 "areset_n";
    .port_info 3 /INPUT 1 "d";
    .port_info 4 /OUTPUT 1 "q";
v0x55ee3f109660_0 .net "areset_n", 0 0, v0x55ee3f10a7e0_0;  alias, 1 drivers
v0x55ee3f109770_0 .net "clk", 0 0, v0x55ee3f10a8a0_0;  alias, 1 drivers
v0x55ee3f109880_0 .net "d", 0 0, L_0x55ee3f10ab90;  alias, 1 drivers
v0x55ee3f109920_0 .net "en", 0 0, v0x55ee3f10a960_0;  alias, 1 drivers
v0x55ee3f109a10_0 .var "q", 0 0;
    .scope S_0x55ee3f109450;
T_0 ;
    %wait E_0x55ee3f0e9460;
    %load/vec4 v0x55ee3f109660_0;
    %nor/r;
    %flag_set/vec4 8;
    %jmp/0xz  T_0.0, 8;
    %pushi/vec4 0, 0, 1;
    %assign/vec4 v0x55ee3f109a10_0, 0;
    %jmp T_0.1;
T_0.0 ;
    %load/vec4 v0x55ee3f109920_0;
    %flag_set/vec4 8;
    %jmp/0xz  T_0.2, 8;
    %load/vec4 v0x55ee3f109880_0;
    %assign/vec4 v0x55ee3f109a10_0, 0;
    %jmp T_0.3;
T_0.2 ;
    %load/vec4 v0x55ee3f109a10_0;
    %assign/vec4 v0x55ee3f109a10_0, 0;
T_0.3 ;
T_0.1 ;
    %jmp T_0;
    .thread T_0;
    .scope S_0x55ee3f0ecc70;
T_1 ;
    %wait E_0x55ee3f0e9460;
    %load/vec4 v0x55ee3f0dcc50_0;
    %nor/r;
    %flag_set/vec4 8;
    %jmp/0xz  T_1.0, 8;
    %pushi/vec4 0, 0, 1;
    %assign/vec4 v0x55ee3f0dd7c0_0, 0;
    %jmp T_1.1;
T_1.0 ;
    %load/vec4 v0x55ee3f0dd4c0_0;
    %flag_set/vec4 8;
    %jmp/0xz  T_1.2, 8;
    %load/vec4 v0x55ee3f0dd200_0;
    %assign/vec4 v0x55ee3f0dd7c0_0, 0;
    %jmp T_1.3;
T_1.2 ;
    %load/vec4 v0x55ee3f0dd7c0_0;
    %assign/vec4 v0x55ee3f0dd7c0_0, 0;
T_1.3 ;
T_1.1 ;
    %jmp T_1;
    .thread T_1;
    .scope S_0x55ee3f0eabc0;
T_2 ;
    %vpi_call/w 3 19 "$dumpfile", "waves/dump.vcd" {0 0 0};
    %vpi_call/w 3 20 "$dumpvars", 32'sb00000000000000000000000000000000, S_0x55ee3f0eabc0 {0 0 0};
    %end;
    .thread T_2;
    .scope S_0x55ee3f0eabc0;
T_3 ;
    %pushi/vec4 0, 0, 1;
    %store/vec4 v0x55ee3f10a8a0_0, 0, 1;
T_3.0 ;
    %delay 5000, 0;
    %load/vec4 v0x55ee3f10a8a0_0;
    %inv;
    %store/vec4 v0x55ee3f10a8a0_0, 0, 1;
    %jmp T_3.0;
    %end;
    .thread T_3;
    .scope S_0x55ee3f0eabc0;
T_4 ;
    %pushi/vec4 0, 0, 1;
    %store/vec4 v0x55ee3f10a960_0, 0, 1;
    %pushi/vec4 0, 0, 1;
    %store/vec4 v0x55ee3f10a7e0_0, 0, 1;
    %pushi/vec4 0, 0, 1;
    %store/vec4 v0x55ee3f10aa00_0, 0, 1;
    %end;
    .thread T_4;
    .scope S_0x55ee3f0eabc0;
T_5 ;
    %delay 5000, 0;
    %pushi/vec4 1, 0, 1;
    %store/vec4 v0x55ee3f10a7e0_0, 0, 1;
    %delay 5000, 0;
    %pushi/vec4 1, 0, 1;
    %store/vec4 v0x55ee3f10a960_0, 0, 1;
    %wait E_0x55ee3f0e91a0;
    %pushi/vec4 0, 0, 1;
    %store/vec4 v0x55ee3f10aa00_0, 0, 1;
    %wait E_0x55ee3f0e91a0;
    %pushi/vec4 0, 0, 1;
    %store/vec4 v0x55ee3f10aa00_0, 0, 1;
    %wait E_0x55ee3f0e91a0;
    %pushi/vec4 1, 0, 1;
    %store/vec4 v0x55ee3f10aa00_0, 0, 1;
    %wait E_0x55ee3f0e91a0;
    %pushi/vec4 1, 0, 1;
    %store/vec4 v0x55ee3f10aa00_0, 0, 1;
    %wait E_0x55ee3f0e91a0;
    %pushi/vec4 0, 0, 1;
    %store/vec4 v0x55ee3f10aa00_0, 0, 1;
    %wait E_0x55ee3f0e91a0;
    %pushi/vec4 1, 0, 1;
    %store/vec4 v0x55ee3f10aa00_0, 0, 1;
    %wait E_0x55ee3f0e91a0;
    %pushi/vec4 0, 0, 1;
    %store/vec4 v0x55ee3f10aa00_0, 0, 1;
    %delay 50000, 0;
    %vpi_call/w 3 45 "$finish" {0 0 0};
    %end;
    .thread T_5;
# The file index is used to find the file name in the following table.
:file_names 7;
    "N/A";
    "<interactive>";
    "-";
    "tb/tb_shift.v";
    "rtl/shift.v";
    "rtl/mux_D.v";
    "rtl/D.v";
