#! /usr/bin/vvp
:ivl_version "12.0 (stable)";
:ivl_delay_selection "TYPICAL";
:vpi_time_precision - 12;
:vpi_module "/usr/lib/x86_64-linux-gnu/ivl/system.vpi";
:vpi_module "/usr/lib/x86_64-linux-gnu/ivl/vhdl_sys.vpi";
:vpi_module "/usr/lib/x86_64-linux-gnu/ivl/vhdl_textio.vpi";
:vpi_module "/usr/lib/x86_64-linux-gnu/ivl/v2005_math.vpi";
:vpi_module "/usr/lib/x86_64-linux-gnu/ivl/va_math.vpi";
:vpi_module "/usr/lib/x86_64-linux-gnu/ivl/v2009.vpi";
S_0x558bdd284490 .scope package, "$unit" "$unit" 2 1;
 .timescale 0 0;
S_0x558bdd284620 .scope module, "tb_PIPO" "tb_PIPO" 3 2;
 .timescale -9 -12;
v0x558bdd2e0cb0_0 .var "areset_n", 0 0;
v0x558bdd2e0d70_0 .var "clk", 0 0;
v0x558bdd2e0e30_0 .var "en", 0 0;
v0x558bdd2e0ed0_0 .var "in", 3 0;
v0x558bdd2e0f70_0 .net "out", 3 0, L_0x558bdd2e13e0;  1 drivers
E_0x558bdd2c0960 .event negedge, v0x558bdd2ae290_0;
S_0x558bdd2c2170 .scope module, "dut" "PIPO" 3 10, 4 1 0, S_0x558bdd284620;
 .timescale 0 0;
    .port_info 0 /INPUT 1 "clk";
    .port_info 1 /INPUT 1 "en";
    .port_info 2 /INPUT 1 "areset_n";
    .port_info 3 /INPUT 4 "in";
    .port_info 4 /OUTPUT 4 "out";
v0x558bdd2e07e0_0 .net "areset_n", 0 0, v0x558bdd2e0cb0_0;  1 drivers
v0x558bdd2e08a0_0 .net "clk", 0 0, v0x558bdd2e0d70_0;  1 drivers
v0x558bdd2e0960_0 .net "en", 0 0, v0x558bdd2e0e30_0;  1 drivers
v0x558bdd2e0a90_0 .net "in", 3 0, v0x558bdd2e0ed0_0;  1 drivers
v0x558bdd2e0b30_0 .net "out", 3 0, L_0x558bdd2e13e0;  alias, 1 drivers
L_0x558bdd2e1010 .part v0x558bdd2e0ed0_0, 3, 1;
L_0x558bdd2e10e0 .part v0x558bdd2e0ed0_0, 2, 1;
L_0x558bdd2e1180 .part v0x558bdd2e0ed0_0, 1, 1;
L_0x558bdd2e12e0 .part v0x558bdd2e0ed0_0, 0, 1;
L_0x558bdd2e13e0 .concat8 [ 1 1 1 1], v0x558bdd2af600_0, v0x558bdd2df930_0, v0x558bdd2e0020_0, v0x558bdd2e0650_0;
S_0x558bdd2c2300 .scope module, "dff0" "D" 4 33, 5 1 0, S_0x558bdd2c2170;
 .timescale 0 0;
    .port_info 0 /INPUT 1 "clk";
    .port_info 1 /INPUT 1 "en";
    .port_info 2 /INPUT 1 "areset_n";
    .port_info 3 /INPUT 1 "d";
    .port_info 4 /OUTPUT 1 "q";
v0x558bdd2b4410_0 .net "areset_n", 0 0, v0x558bdd2e0cb0_0;  alias, 1 drivers
v0x558bdd2ae290_0 .net "clk", 0 0, v0x558bdd2e0d70_0;  alias, 1 drivers
v0x558bdd2ae390_0 .net "d", 0 0, L_0x558bdd2e12e0;  1 drivers
v0x558bdd2af530_0 .net "en", 0 0, v0x558bdd2e0e30_0;  alias, 1 drivers
v0x558bdd2af600_0 .var "q", 0 0;
E_0x558bdd2c04b0/0 .event negedge, v0x558bdd2b4410_0;
E_0x558bdd2c04b0/1 .event posedge, v0x558bdd2ae290_0;
E_0x558bdd2c04b0 .event/or E_0x558bdd2c04b0/0, E_0x558bdd2c04b0/1;
S_0x558bdd2df590 .scope module, "dff1" "D" 4 25, 5 1 0, S_0x558bdd2c2170;
 .timescale 0 0;
    .port_info 0 /INPUT 1 "clk";
    .port_info 1 /INPUT 1 "en";
    .port_info 2 /INPUT 1 "areset_n";
    .port_info 3 /INPUT 1 "d";
    .port_info 4 /OUTPUT 1 "q";
v0x558bdd2b0660_0 .net "areset_n", 0 0, v0x558bdd2e0cb0_0;  alias, 1 drivers
v0x558bdd2b0730_0 .net "clk", 0 0, v0x558bdd2e0d70_0;  alias, 1 drivers
v0x558bdd2df790_0 .net "d", 0 0, L_0x558bdd2e1180;  1 drivers
v0x558bdd2df860_0 .net "en", 0 0, v0x558bdd2e0e30_0;  alias, 1 drivers
v0x558bdd2df930_0 .var "q", 0 0;
S_0x558bdd2dfa80 .scope module, "dff2" "D" 4 17, 5 1 0, S_0x558bdd2c2170;
 .timescale 0 0;
    .port_info 0 /INPUT 1 "clk";
    .port_info 1 /INPUT 1 "en";
    .port_info 2 /INPUT 1 "areset_n";
    .port_info 3 /INPUT 1 "d";
    .port_info 4 /OUTPUT 1 "q";
v0x558bdd2dfc90_0 .net "areset_n", 0 0, v0x558bdd2e0cb0_0;  alias, 1 drivers
v0x558bdd2dfd80_0 .net "clk", 0 0, v0x558bdd2e0d70_0;  alias, 1 drivers
v0x558bdd2dfe90_0 .net "d", 0 0, L_0x558bdd2e10e0;  1 drivers
v0x558bdd2dff30_0 .net "en", 0 0, v0x558bdd2e0e30_0;  alias, 1 drivers
v0x558bdd2e0020_0 .var "q", 0 0;
S_0x558bdd2e01b0 .scope module, "dff3" "D" 4 9, 5 1 0, S_0x558bdd2c2170;
 .timescale 0 0;
    .port_info 0 /INPUT 1 "clk";
    .port_info 1 /INPUT 1 "en";
    .port_info 2 /INPUT 1 "areset_n";
    .port_info 3 /INPUT 1 "d";
    .port_info 4 /OUTPUT 1 "q";
v0x558bdd2e0390_0 .net "areset_n", 0 0, v0x558bdd2e0cb0_0;  alias, 1 drivers
v0x558bdd2e0450_0 .net "clk", 0 0, v0x558bdd2e0d70_0;  alias, 1 drivers
v0x558bdd2e0510_0 .net "d", 0 0, L_0x558bdd2e1010;  1 drivers
v0x558bdd2e05b0_0 .net "en", 0 0, v0x558bdd2e0e30_0;  alias, 1 drivers
v0x558bdd2e0650_0 .var "q", 0 0;
    .scope S_0x558bdd2e01b0;
T_0 ;
    %wait E_0x558bdd2c04b0;
    %load/vec4 v0x558bdd2e0390_0;
    %nor/r;
    %flag_set/vec4 8;
    %jmp/0xz  T_0.0, 8;
    %pushi/vec4 0, 0, 1;
    %assign/vec4 v0x558bdd2e0650_0, 0;
    %jmp T_0.1;
T_0.0 ;
    %load/vec4 v0x558bdd2e05b0_0;
    %flag_set/vec4 8;
    %jmp/0xz  T_0.2, 8;
    %load/vec4 v0x558bdd2e0510_0;
    %assign/vec4 v0x558bdd2e0650_0, 0;
    %jmp T_0.3;
T_0.2 ;
    %load/vec4 v0x558bdd2e0650_0;
    %assign/vec4 v0x558bdd2e0650_0, 0;
T_0.3 ;
T_0.1 ;
    %jmp T_0;
    .thread T_0;
    .scope S_0x558bdd2dfa80;
T_1 ;
    %wait E_0x558bdd2c04b0;
    %load/vec4 v0x558bdd2dfc90_0;
    %nor/r;
    %flag_set/vec4 8;
    %jmp/0xz  T_1.0, 8;
    %pushi/vec4 0, 0, 1;
    %assign/vec4 v0x558bdd2e0020_0, 0;
    %jmp T_1.1;
T_1.0 ;
    %load/vec4 v0x558bdd2dff30_0;
    %flag_set/vec4 8;
    %jmp/0xz  T_1.2, 8;
    %load/vec4 v0x558bdd2dfe90_0;
    %assign/vec4 v0x558bdd2e0020_0, 0;
    %jmp T_1.3;
T_1.2 ;
    %load/vec4 v0x558bdd2e0020_0;
    %assign/vec4 v0x558bdd2e0020_0, 0;
T_1.3 ;
T_1.1 ;
    %jmp T_1;
    .thread T_1;
    .scope S_0x558bdd2df590;
T_2 ;
    %wait E_0x558bdd2c04b0;
    %load/vec4 v0x558bdd2b0660_0;
    %nor/r;
    %flag_set/vec4 8;
    %jmp/0xz  T_2.0, 8;
    %pushi/vec4 0, 0, 1;
    %assign/vec4 v0x558bdd2df930_0, 0;
    %jmp T_2.1;
T_2.0 ;
    %load/vec4 v0x558bdd2df860_0;
    %flag_set/vec4 8;
    %jmp/0xz  T_2.2, 8;
    %load/vec4 v0x558bdd2df790_0;
    %assign/vec4 v0x558bdd2df930_0, 0;
    %jmp T_2.3;
T_2.2 ;
    %load/vec4 v0x558bdd2df930_0;
    %assign/vec4 v0x558bdd2df930_0, 0;
T_2.3 ;
T_2.1 ;
    %jmp T_2;
    .thread T_2;
    .scope S_0x558bdd2c2300;
T_3 ;
    %wait E_0x558bdd2c04b0;
    %load/vec4 v0x558bdd2b4410_0;
    %nor/r;
    %flag_set/vec4 8;
    %jmp/0xz  T_3.0, 8;
    %pushi/vec4 0, 0, 1;
    %assign/vec4 v0x558bdd2af600_0, 0;
    %jmp T_3.1;
T_3.0 ;
    %load/vec4 v0x558bdd2af530_0;
    %flag_set/vec4 8;
    %jmp/0xz  T_3.2, 8;
    %load/vec4 v0x558bdd2ae390_0;
    %assign/vec4 v0x558bdd2af600_0, 0;
    %jmp T_3.3;
T_3.2 ;
    %load/vec4 v0x558bdd2af600_0;
    %assign/vec4 v0x558bdd2af600_0, 0;
T_3.3 ;
T_3.1 ;
    %jmp T_3;
    .thread T_3;
    .scope S_0x558bdd284620;
T_4 ;
    %vpi_call/w 3 19 "$dumpfile", "waves/dump.vcd" {0 0 0};
    %vpi_call/w 3 20 "$dumpvars", 32'sb00000000000000000000000000000000, S_0x558bdd284620 {0 0 0};
    %end;
    .thread T_4;
    .scope S_0x558bdd284620;
T_5 ;
    %pushi/vec4 0, 0, 1;
    %store/vec4 v0x558bdd2e0d70_0, 0, 1;
T_5.0 ;
    %delay 5000, 0;
    %load/vec4 v0x558bdd2e0d70_0;
    %inv;
    %store/vec4 v0x558bdd2e0d70_0, 0, 1;
    %jmp T_5.0;
    %end;
    .thread T_5;
    .scope S_0x558bdd284620;
T_6 ;
    %pushi/vec4 0, 0, 1;
    %store/vec4 v0x558bdd2e0e30_0, 0, 1;
    %pushi/vec4 0, 0, 1;
    %store/vec4 v0x558bdd2e0cb0_0, 0, 1;
    %pushi/vec4 0, 0, 4;
    %store/vec4 v0x558bdd2e0ed0_0, 0, 4;
    %end;
    .thread T_6;
    .scope S_0x558bdd284620;
T_7 ;
    %delay 5000, 0;
    %pushi/vec4 1, 0, 1;
    %store/vec4 v0x558bdd2e0e30_0, 0, 1;
    %delay 5000, 0;
    %pushi/vec4 1, 0, 1;
    %store/vec4 v0x558bdd2e0cb0_0, 0, 1;
    %delay 5000, 0;
    %wait E_0x558bdd2c0960;
    %pushi/vec4 10, 0, 4;
    %store/vec4 v0x558bdd2e0ed0_0, 0, 4;
    %wait E_0x558bdd2c0960;
    %pushi/vec4 14, 0, 4;
    %store/vec4 v0x558bdd2e0ed0_0, 0, 4;
    %wait E_0x558bdd2c0960;
    %pushi/vec4 3, 0, 4;
    %store/vec4 v0x558bdd2e0ed0_0, 0, 4;
    %wait E_0x558bdd2c0960;
    %pushi/vec4 2, 0, 4;
    %store/vec4 v0x558bdd2e0ed0_0, 0, 4;
    %wait E_0x558bdd2c0960;
    %pushi/vec4 15, 0, 4;
    %store/vec4 v0x558bdd2e0ed0_0, 0, 4;
    %delay 10000, 0;
    %pushi/vec4 0, 0, 1;
    %store/vec4 v0x558bdd2e0cb0_0, 0, 1;
    %wait E_0x558bdd2c0960;
    %pushi/vec4 15, 0, 4;
    %store/vec4 v0x558bdd2e0ed0_0, 0, 4;
    %delay 10000, 0;
    %pushi/vec4 1, 0, 1;
    %store/vec4 v0x558bdd2e0cb0_0, 0, 1;
    %delay 10000, 0;
    %pushi/vec4 0, 0, 1;
    %store/vec4 v0x558bdd2e0e30_0, 0, 1;
    %wait E_0x558bdd2c0960;
    %pushi/vec4 0, 0, 4;
    %store/vec4 v0x558bdd2e0ed0_0, 0, 4;
    %delay 10000, 0;
    %pushi/vec4 1, 0, 1;
    %store/vec4 v0x558bdd2e0e30_0, 0, 1;
    %delay 20000, 0;
    %vpi_call/w 3 54 "$finish" {0 0 0};
    %end;
    .thread T_7;
# The file index is used to find the file name in the following table.
:file_names 6;
    "N/A";
    "<interactive>";
    "-";
    "tb/tb_PIPO.v";
    "rtl/PIPO.v";
    "rtl/D.v";
