#! /usr/bin/vvp
:ivl_version "12.0 (stable)";
:ivl_delay_selection "TYPICAL";
:vpi_time_precision - 12;
:vpi_module "/usr/lib/x86_64-linux-gnu/ivl/system.vpi";
:vpi_module "/usr/lib/x86_64-linux-gnu/ivl/vhdl_sys.vpi";
:vpi_module "/usr/lib/x86_64-linux-gnu/ivl/vhdl_textio.vpi";
:vpi_module "/usr/lib/x86_64-linux-gnu/ivl/v2005_math.vpi";
:vpi_module "/usr/lib/x86_64-linux-gnu/ivl/va_math.vpi";
:vpi_module "/usr/lib/x86_64-linux-gnu/ivl/v2009.vpi";
S_0x5563b7d60950 .scope package, "$unit" "$unit" 2 1;
 .timescale 0 0;
S_0x5563b7d60ae0 .scope module, "tb_SR_latch_NAND" "tb_SR_latch_NAND" 3 3;
 .timescale -9 -12;
v0x5563b7d77510_0 .var "clk", 0 0;
v0x5563b7d775d0_0 .net "q", 0 0, L_0x5563b7d77b60;  1 drivers
v0x5563b7d776a0_0 .net "qb", 0 0, L_0x5563b7d77cc0;  1 drivers
v0x5563b7d777a0_0 .var "r", 0 0;
v0x5563b7d77870_0 .var "s", 0 0;
S_0x5563b7d26490 .scope task, "check" "check" 3 29, 3 29 0, S_0x5563b7d60ae0;
 .timescale -9 -12;
v0x5563b7d60f90_0 .var "i", 2 0;
v0x5563b7d76bf0_0 .var "j", 2 0;
TD_tb_SR_latch_NAND.check ;
    %pushi/vec4 0, 0, 3;
    %store/vec4 v0x5563b7d60f90_0, 0, 3;
T_0.0 ;
    %load/vec4 v0x5563b7d60f90_0;
    %pad/u 32;
    %cmpi/u 2, 0, 32;
    %jmp/0xz T_0.1, 5;
    %pushi/vec4 0, 0, 3;
    %store/vec4 v0x5563b7d76bf0_0, 0, 3;
T_0.2 ;
    %load/vec4 v0x5563b7d76bf0_0;
    %pad/u 32;
    %cmpi/u 2, 0, 32;
    %jmp/0xz T_0.3, 5;
    %load/vec4 v0x5563b7d60f90_0;
    %pad/u 1;
    %store/vec4 v0x5563b7d77870_0, 0, 1;
    %load/vec4 v0x5563b7d76bf0_0;
    %pad/u 1;
    %store/vec4 v0x5563b7d777a0_0, 0, 1;
    %delay 10000, 0;
    %vpi_call/w 3 38 "$display", "s=%b | r=%b | q=%b | qb=%b", v0x5563b7d77870_0, v0x5563b7d777a0_0, v0x5563b7d775d0_0, v0x5563b7d776a0_0 {0 0 0};
    %load/vec4 v0x5563b7d76bf0_0;
    %addi 1, 0, 3;
    %store/vec4 v0x5563b7d76bf0_0, 0, 3;
    %jmp T_0.2;
T_0.3 ;
    %load/vec4 v0x5563b7d60f90_0;
    %addi 1, 0, 3;
    %store/vec4 v0x5563b7d60f90_0, 0, 3;
    %jmp T_0.0;
T_0.1 ;
    %end;
S_0x5563b7d76cd0 .scope module, "dut" "SR_latch_NAND" 3 10, 4 1 0, S_0x5563b7d60ae0;
 .timescale 0 0;
    .port_info 0 /INPUT 1 "clk";
    .port_info 1 /INPUT 1 "s";
    .port_info 2 /INPUT 1 "r";
    .port_info 3 /OUTPUT 1 "q";
    .port_info 4 /OUTPUT 1 "qb";
L_0x5563b7d77960 .functor NAND 1, v0x5563b7d77870_0, v0x5563b7d77510_0, C4<1>, C4<1>;
L_0x5563b7d77aa0 .functor NAND 1, v0x5563b7d777a0_0, v0x5563b7d77510_0, C4<1>, C4<1>;
L_0x5563b7d77b60 .functor NAND 1, L_0x5563b7d77960, L_0x5563b7d77cc0, C4<1>, C4<1>;
L_0x5563b7d77cc0 .functor NAND 1, L_0x5563b7d77aa0, L_0x5563b7d77b60, C4<1>, C4<1>;
v0x5563b7d76ed0_0 .net "clk", 0 0, v0x5563b7d77510_0;  1 drivers
v0x5563b7d76f90_0 .net "q", 0 0, L_0x5563b7d77b60;  alias, 1 drivers
v0x5563b7d77050_0 .net "qb", 0 0, L_0x5563b7d77cc0;  alias, 1 drivers
v0x5563b7d77120_0 .net "r", 0 0, v0x5563b7d777a0_0;  1 drivers
v0x5563b7d771e0_0 .net "s", 0 0, v0x5563b7d77870_0;  1 drivers
v0x5563b7d772f0_0 .net "w1", 0 0, L_0x5563b7d77960;  1 drivers
v0x5563b7d773b0_0 .net "w2", 0 0, L_0x5563b7d77aa0;  1 drivers
    .scope S_0x5563b7d60ae0;
T_1 ;
    %vpi_call/w 3 19 "$dumpfile", "waves/dump.vcd" {0 0 0};
    %vpi_call/w 3 20 "$dumpvars", 32'sb00000000000000000000000000000000, S_0x5563b7d60ae0 {0 0 0};
    %end;
    .thread T_1;
    .scope S_0x5563b7d60ae0;
T_2 ;
    %pushi/vec4 0, 0, 1;
    %store/vec4 v0x5563b7d77510_0, 0, 1;
    %end;
    .thread T_2;
    .scope S_0x5563b7d60ae0;
T_3 ;
    %delay 5000, 0;
    %load/vec4 v0x5563b7d77510_0;
    %inv;
    %store/vec4 v0x5563b7d77510_0, 0, 1;
    %jmp T_3;
    .thread T_3;
    .scope S_0x5563b7d60ae0;
T_4 ;
    %fork TD_tb_SR_latch_NAND.check, S_0x5563b7d26490;
    %join;
    %fork TD_tb_SR_latch_NAND.check, S_0x5563b7d26490;
    %join;
    %vpi_call/w 3 55 "$finish" {0 0 0};
    %end;
    .thread T_4;
# The file index is used to find the file name in the following table.
:file_names 5;
    "N/A";
    "<interactive>";
    "-";
    "tb/tb_SR_latch_NAND.v";
    "rtl/SR_latch_NAND.v";
