#! /usr/bin/vvp
:ivl_version "12.0 (stable)";
:ivl_delay_selection "TYPICAL";
:vpi_time_precision - 12;
:vpi_module "/usr/lib/x86_64-linux-gnu/ivl/system.vpi";
:vpi_module "/usr/lib/x86_64-linux-gnu/ivl/vhdl_sys.vpi";
:vpi_module "/usr/lib/x86_64-linux-gnu/ivl/vhdl_textio.vpi";
:vpi_module "/usr/lib/x86_64-linux-gnu/ivl/v2005_math.vpi";
:vpi_module "/usr/lib/x86_64-linux-gnu/ivl/va_math.vpi";
:vpi_module "/usr/lib/x86_64-linux-gnu/ivl/v2009.vpi";
S_0x5576f704f7c0 .scope package, "$unit" "$unit" 2 1;
 .timescale 0 0;
S_0x5576f7056d00 .scope module, "tb_comparator_4bit" "tb_comparator_4bit" 3 2;
 .timescale -9 -12;
v0x5576f7081500_0 .var "a", 3 0;
v0x5576f70815e0_0 .var "b", 3 0;
v0x5576f70816b0_0 .net "eq", 0 0, v0x5576f7080b80_0;  1 drivers
v0x5576f70817b0_0 .var/i "fail", 31 0;
v0x5576f7081850_0 .net "gt", 0 0, v0x5576f7080c50_0;  1 drivers
v0x5576f7081940_0 .net "lt", 0 0, v0x5576f7080d10_0;  1 drivers
v0x5576f7081a10_0 .var/i "pass", 31 0;
S_0x5576f7056e90 .scope task, "check" "check" 3 58, 3 58 0, S_0x5576f7056d00;
 .timescale -9 -12;
v0x5576f7057070_0 .var "case_type", 99 0;
v0x5576f7080340_0 .var "exp_eq", 0 0;
v0x5576f7080400_0 .var "exp_gt", 0 0;
v0x5576f70804a0_0 .var "exp_lt", 0 0;
v0x5576f7080560_0 .var "t_a", 3 0;
v0x5576f7080690_0 .var "t_b", 3 0;
TD_tb_comparator_4bit.check ;
    %vpi_call/w 3 63 "$display", "%s test", v0x5576f7057070_0 {0 0 0};
    %load/vec4 v0x5576f7080560_0;
    %store/vec4 v0x5576f7081500_0, 0, 4;
    %load/vec4 v0x5576f7080690_0;
    %store/vec4 v0x5576f70815e0_0, 0, 4;
    %load/vec4 v0x5576f7080560_0;
    %load/vec4 v0x5576f7080690_0;
    %cmp/e;
    %flag_get/vec4 4;
    %store/vec4 v0x5576f7080340_0, 0, 1;
    %load/vec4 v0x5576f7080560_0;
    %load/vec4 v0x5576f7080690_0;
    %cmp/u;
    %flag_get/vec4 5;
    %store/vec4 v0x5576f70804a0_0, 0, 1;
    %load/vec4 v0x5576f7080690_0;
    %load/vec4 v0x5576f7080560_0;
    %cmp/u;
    %flag_get/vec4 5;
    %store/vec4 v0x5576f7080400_0, 0, 1;
    %delay 10000, 0;
    %load/vec4 v0x5576f7080340_0;
    %load/vec4 v0x5576f70816b0_0;
    %cmp/e;
    %flag_get/vec4 6;
    %jmp/0 T_0.3, 6;
    %load/vec4 v0x5576f70804a0_0;
    %load/vec4 v0x5576f7081940_0;
    %cmp/e;
    %flag_get/vec4 6;
    %and;
T_0.3;
    %flag_set/vec4 9;
    %flag_get/vec4 9;
    %jmp/0 T_0.2, 9;
    %load/vec4 v0x5576f7080400_0;
    %load/vec4 v0x5576f7081850_0;
    %cmp/e;
    %flag_get/vec4 6;
    %and;
T_0.2;
    %flag_set/vec4 8;
    %jmp/0xz  T_0.0, 8;
    %load/vec4 v0x5576f70816b0_0;
    %pad/u 32;
    %load/vec4 v0x5576f7081940_0;
    %pad/u 32;
    %add;
    %load/vec4 v0x5576f7081850_0;
    %pad/u 32;
    %add;
    %cmpi/ne 1, 0, 32;
    %jmp/0xz  T_0.4, 6;
    %vpi_call/w 3 73 "$display", "Multiple outputs high simultaneously" {0 0 0};
    %jmp T_0.5;
T_0.4 ;
    %vpi_call/w 3 76 "$display", "PASS: a=%b b=%b | eq =%b lt=%b gt=%b", v0x5576f7081500_0, v0x5576f70815e0_0, v0x5576f70816b0_0, v0x5576f7081940_0, v0x5576f7081850_0 {0 0 0};
    %load/vec4 v0x5576f7081a10_0;
    %addi 1, 0, 32;
    %store/vec4 v0x5576f7081a10_0, 0, 32;
T_0.5 ;
    %jmp T_0.1;
T_0.0 ;
    %vpi_call/w 3 82 "$display", "FAIL: a=%b b=%b | eq =%b lt=%b gt=%b | exp_eq=%b exp_lt=%b exp_gt=%b", v0x5576f7081500_0, v0x5576f70815e0_0, v0x5576f70816b0_0, v0x5576f7081940_0, v0x5576f7081850_0, v0x5576f7080340_0, v0x5576f70804a0_0, v0x5576f7080400_0 {0 0 0};
    %load/vec4 v0x5576f70817b0_0;
    %addi 1, 0, 32;
    %store/vec4 v0x5576f70817b0_0, 0, 32;
T_0.1 ;
    %end;
S_0x5576f7080770 .scope module, "dut" "comparator_4bit" 3 6, 4 1 0, S_0x5576f7056d00;
 .timescale 0 0;
    .port_info 0 /INPUT 4 "a";
    .port_info 1 /INPUT 4 "b";
    .port_info 2 /OUTPUT 1 "eq";
    .port_info 3 /OUTPUT 1 "lt";
    .port_info 4 /OUTPUT 1 "gt";
v0x5576f70809a0_0 .net "a", 3 0, v0x5576f7081500_0;  1 drivers
v0x5576f7080aa0_0 .net "b", 3 0, v0x5576f70815e0_0;  1 drivers
v0x5576f7080b80_0 .var "eq", 0 0;
v0x5576f7080c50_0 .var "gt", 0 0;
v0x5576f7080d10_0 .var "lt", 0 0;
E_0x5576f701d060 .event anyedge, v0x5576f70809a0_0, v0x5576f7080aa0_0, v0x5576f7080b80_0, v0x5576f7080d10_0;
S_0x5576f7080ec0 .scope task, "exhaustive_sweep" "exhaustive_sweep" 3 22, 3 22 0, S_0x5576f7056d00;
 .timescale -9 -12;
v0x5576f70810a0_0 .var "exp_eq", 0 0;
v0x5576f7081160_0 .var "exp_gt", 0 0;
v0x5576f7081220_0 .var "exp_lt", 0 0;
v0x5576f70812f0_0 .var "i", 4 0;
v0x5576f70813d0_0 .var "t_a", 3 0;
TD_tb_comparator_4bit.exhaustive_sweep ;
    %load/vec4 v0x5576f70813d0_0;
    %store/vec4 v0x5576f7081500_0, 0, 4;
    %vpi_call/w 3 28 "$display", "Exhaustive Sweep Test" {0 0 0};
    %pushi/vec4 0, 0, 5;
    %store/vec4 v0x5576f70812f0_0, 0, 5;
T_1.6 ;
    %load/vec4 v0x5576f70812f0_0;
    %pad/u 32;
    %cmpi/u 16, 0, 32;
    %jmp/0xz T_1.7, 5;
    %load/vec4 v0x5576f70812f0_0;
    %pad/u 4;
    %store/vec4 v0x5576f70815e0_0, 0, 4;
    %load/vec4 v0x5576f70813d0_0;
    %load/vec4 v0x5576f70815e0_0;
    %cmp/e;
    %flag_get/vec4 4;
    %store/vec4 v0x5576f70810a0_0, 0, 1;
    %load/vec4 v0x5576f70813d0_0;
    %load/vec4 v0x5576f70815e0_0;
    %cmp/u;
    %flag_get/vec4 5;
    %store/vec4 v0x5576f7081220_0, 0, 1;
    %load/vec4 v0x5576f70815e0_0;
    %load/vec4 v0x5576f70813d0_0;
    %cmp/u;
    %flag_get/vec4 5;
    %store/vec4 v0x5576f7081160_0, 0, 1;
    %delay 10000, 0;
    %load/vec4 v0x5576f70810a0_0;
    %load/vec4 v0x5576f70816b0_0;
    %cmp/e;
    %flag_get/vec4 6;
    %jmp/0 T_1.11, 6;
    %load/vec4 v0x5576f7081220_0;
    %load/vec4 v0x5576f7081940_0;
    %cmp/e;
    %flag_get/vec4 6;
    %and;
T_1.11;
    %flag_set/vec4 9;
    %flag_get/vec4 9;
    %jmp/0 T_1.10, 9;
    %load/vec4 v0x5576f7081160_0;
    %load/vec4 v0x5576f7081850_0;
    %cmp/e;
    %flag_get/vec4 6;
    %and;
T_1.10;
    %flag_set/vec4 8;
    %jmp/0xz  T_1.8, 8;
    %load/vec4 v0x5576f70816b0_0;
    %pad/u 32;
    %load/vec4 v0x5576f7081940_0;
    %pad/u 32;
    %add;
    %load/vec4 v0x5576f7081850_0;
    %pad/u 32;
    %add;
    %cmpi/ne 1, 0, 32;
    %jmp/0xz  T_1.12, 6;
    %vpi_call/w 3 38 "$display", "Multiple outputs high simultaneously" {0 0 0};
    %jmp T_1.13;
T_1.12 ;
    %vpi_call/w 3 41 "$display", "PASS: a=%b b=%b | eq =%b lt=%b gt=%b", v0x5576f7081500_0, v0x5576f70815e0_0, v0x5576f70816b0_0, v0x5576f7081940_0, v0x5576f7081850_0 {0 0 0};
    %load/vec4 v0x5576f7081a10_0;
    %addi 1, 0, 32;
    %store/vec4 v0x5576f7081a10_0, 0, 32;
T_1.13 ;
    %jmp T_1.9;
T_1.8 ;
    %vpi_call/w 3 47 "$display", "FAIL: a=%b b=%b | eq =%b lt=%b gt=%b | exp_eq=%b exp_lt=%b exp_gt=%b", v0x5576f7081500_0, v0x5576f70815e0_0, v0x5576f70816b0_0, v0x5576f7081940_0, v0x5576f7081850_0, v0x5576f70810a0_0, v0x5576f7081220_0, v0x5576f7081160_0 {0 0 0};
    %load/vec4 v0x5576f70817b0_0;
    %addi 1, 0, 32;
    %store/vec4 v0x5576f70817b0_0, 0, 32;
T_1.9 ;
    %load/vec4 v0x5576f70812f0_0;
    %addi 1, 0, 5;
    %store/vec4 v0x5576f70812f0_0, 0, 5;
    %jmp T_1.6;
T_1.7 ;
    %end;
    .scope S_0x5576f7080770;
T_2 ;
    %wait E_0x5576f701d060;
    %pushi/vec4 0, 0, 1;
    %store/vec4 v0x5576f7080b80_0, 0, 1;
    %pushi/vec4 0, 0, 1;
    %store/vec4 v0x5576f7080d10_0, 0, 1;
    %pushi/vec4 0, 0, 1;
    %store/vec4 v0x5576f7080c50_0, 0, 1;
    %load/vec4 v0x5576f70809a0_0;
    %load/vec4 v0x5576f7080aa0_0;
    %cmp/e;
    %flag_get/vec4 4;
    %store/vec4 v0x5576f7080b80_0, 0, 1;
    %load/vec4 v0x5576f70809a0_0;
    %load/vec4 v0x5576f7080aa0_0;
    %cmp/u;
    %flag_get/vec4 5;
    %store/vec4 v0x5576f7080d10_0, 0, 1;
    %load/vec4 v0x5576f7080b80_0;
    %inv;
    %load/vec4 v0x5576f7080d10_0;
    %inv;
    %and;
    %store/vec4 v0x5576f7080c50_0, 0, 1;
    %jmp T_2;
    .thread T_2, $push;
    .scope S_0x5576f7056d00;
T_3 ;
    %pushi/vec4 0, 0, 32;
    %store/vec4 v0x5576f7081a10_0, 0, 32;
    %pushi/vec4 0, 0, 32;
    %store/vec4 v0x5576f70817b0_0, 0, 32;
    %end;
    .thread T_3, $init;
    .scope S_0x5576f7056d00;
T_4 ;
    %vpi_call/w 3 15 "$dumpfile", "waves/dump.vcd" {0 0 0};
    %vpi_call/w 3 16 "$dumpvars", 32'sb00000000000000000000000000000000, S_0x5576f7056d00 {0 0 0};
    %end;
    .thread T_4;
    .scope S_0x5576f7056d00;
T_5 ;
    %pushi/vec4 10, 0, 4;
    %store/vec4 v0x5576f70813d0_0, 0, 4;
    %fork TD_tb_comparator_4bit.exhaustive_sweep, S_0x5576f7080ec0;
    %join;
    %pushi/vec4 2229201628, 0, 69;
    %concati/vec4 1684107897, 0, 31;
    %store/vec4 v0x5576f7057070_0, 0, 100;
    %pushi/vec4 0, 0, 4;
    %store/vec4 v0x5576f7080560_0, 0, 4;
    %pushi/vec4 0, 0, 4;
    %store/vec4 v0x5576f7080690_0, 0, 4;
    %fork TD_tb_comparator_4bit.check, S_0x5576f7056e90;
    %join;
    %pushi/vec4 2229201628, 0, 69;
    %concati/vec4 1684107897, 0, 31;
    %store/vec4 v0x5576f7057070_0, 0, 100;
    %pushi/vec4 15, 0, 4;
    %store/vec4 v0x5576f7080560_0, 0, 4;
    %pushi/vec4 15, 0, 4;
    %store/vec4 v0x5576f7080690_0, 0, 4;
    %fork TD_tb_comparator_4bit.check, S_0x5576f7056e90;
    %join;
    %pushi/vec4 2229201628, 0, 69;
    %concati/vec4 1684107897, 0, 31;
    %store/vec4 v0x5576f7057070_0, 0, 100;
    %pushi/vec4 0, 0, 4;
    %store/vec4 v0x5576f7080560_0, 0, 4;
    %pushi/vec4 15, 0, 4;
    %store/vec4 v0x5576f7080690_0, 0, 4;
    %fork TD_tb_comparator_4bit.check, S_0x5576f7056e90;
    %join;
    %pushi/vec4 2229201628, 0, 69;
    %concati/vec4 1684107897, 0, 31;
    %store/vec4 v0x5576f7057070_0, 0, 100;
    %pushi/vec4 15, 0, 4;
    %store/vec4 v0x5576f7080560_0, 0, 4;
    %pushi/vec4 0, 0, 4;
    %store/vec4 v0x5576f7080690_0, 0, 4;
    %fork TD_tb_comparator_4bit.check, S_0x5576f7056e90;
    %join;
    %pushi/vec4 2800933594, 0, 61;
    %concati/vec4 3404260562, 0, 32;
    %concati/vec4 99, 0, 7;
    %store/vec4 v0x5576f7057070_0, 0, 100;
    %pushi/vec4 4, 0, 4;
    %store/vec4 v0x5576f7080560_0, 0, 4;
    %pushi/vec4 5, 0, 4;
    %store/vec4 v0x5576f7080690_0, 0, 4;
    %fork TD_tb_comparator_4bit.check, S_0x5576f7056e90;
    %join;
    %pushi/vec4 2800933594, 0, 61;
    %concati/vec4 3404260562, 0, 32;
    %concati/vec4 99, 0, 7;
    %store/vec4 v0x5576f7057070_0, 0, 100;
    %pushi/vec4 5, 0, 4;
    %store/vec4 v0x5576f7080560_0, 0, 4;
    %pushi/vec4 4, 0, 4;
    %store/vec4 v0x5576f7080690_0, 0, 4;
    %fork TD_tb_comparator_4bit.check, S_0x5576f7056e90;
    %join;
    %pushi/vec4 2330127042, 0, 93;
    %concati/vec4 108, 0, 7;
    %store/vec4 v0x5576f7057070_0, 0, 100;
    %pushi/vec4 8, 0, 4;
    %store/vec4 v0x5576f7080560_0, 0, 4;
    %pushi/vec4 8, 0, 4;
    %store/vec4 v0x5576f7080690_0, 0, 4;
    %fork TD_tb_comparator_4bit.check, S_0x5576f7056e90;
    %join;
    %pushi/vec4 2464603864, 0, 61;
    %concati/vec4 3270038238, 0, 32;
    %concati/vec4 110, 0, 7;
    %store/vec4 v0x5576f7057070_0, 0, 100;
    %pushi/vec4 0, 0, 4;
    %store/vec4 v0x5576f7080560_0, 0, 4;
    %pushi/vec4 1, 0, 4;
    %store/vec4 v0x5576f7080690_0, 0, 4;
    %fork TD_tb_comparator_4bit.check, S_0x5576f7056e90;
    %join;
    %pushi/vec4 2464603864, 0, 61;
    %concati/vec4 3270038238, 0, 32;
    %concati/vec4 110, 0, 7;
    %store/vec4 v0x5576f7057070_0, 0, 100;
    %pushi/vec4 1, 0, 4;
    %store/vec4 v0x5576f7080560_0, 0, 4;
    %pushi/vec4 0, 0, 4;
    %store/vec4 v0x5576f7080690_0, 0, 4;
    %fork TD_tb_comparator_4bit.check, S_0x5576f7056e90;
    %join;
    %vpi_call/w 3 101 "$display", "Test summary" {0 0 0};
    %vpi_call/w 3 102 "$display", "Pass:%d", v0x5576f7081a10_0 {0 0 0};
    %vpi_call/w 3 103 "$display", "FAIL:%d", v0x5576f70817b0_0 {0 0 0};
    %vpi_call/w 3 104 "$finish" {0 0 0};
    %end;
    .thread T_5;
# The file index is used to find the file name in the following table.
:file_names 5;
    "N/A";
    "<interactive>";
    "-";
    "tb/tb_comparator_4bit.v";
    "rtl/comparator_4bit.v";
