#! /usr/bin/vvp
:ivl_version "12.0 (stable)";
:ivl_delay_selection "TYPICAL";
:vpi_time_precision - 12;
:vpi_module "/usr/lib/x86_64-linux-gnu/ivl/system.vpi";
:vpi_module "/usr/lib/x86_64-linux-gnu/ivl/vhdl_sys.vpi";
:vpi_module "/usr/lib/x86_64-linux-gnu/ivl/vhdl_textio.vpi";
:vpi_module "/usr/lib/x86_64-linux-gnu/ivl/v2005_math.vpi";
:vpi_module "/usr/lib/x86_64-linux-gnu/ivl/va_math.vpi";
:vpi_module "/usr/lib/x86_64-linux-gnu/ivl/v2009.vpi";
S_0x563b3c4e99b0 .scope package, "$unit" "$unit" 2 1;
 .timescale 0 0;
S_0x563b3c4e9b40 .scope module, "tb_SR" "tb_SR" 3 3;
 .timescale -9 -12;
v0x563b3c5059c0_0 .var "clk", 0 0;
v0x563b3c505ab0_0 .net "q", 0 0, L_0x563b3c5063b0;  1 drivers
v0x563b3c505bc0_0 .net "qb", 0 0, L_0x563b3c506420;  1 drivers
v0x563b3c505cb0_0 .var "r", 0 0;
v0x563b3c505da0_0 .var "s", 0 0;
S_0x563b3c4eb9b0 .scope task, "check" "check" 3 29, 3 29 0, S_0x563b3c4e9b40;
 .timescale -9 -12;
v0x563b3c4ebff0_0 .var "i", 2 1;
v0x563b3c504050_0 .var "j", 2 1;
TD_tb_SR.check ;
    %pushi/vec4 0, 0, 2;
    %store/vec4 v0x563b3c4ebff0_0, 0, 2;
T_0.0 ;
    %load/vec4 v0x563b3c4ebff0_0;
    %pad/u 32;
    %cmpi/u 2, 0, 32;
    %jmp/0xz T_0.1, 5;
    %pushi/vec4 0, 0, 2;
    %store/vec4 v0x563b3c504050_0, 0, 2;
T_0.2 ;
    %load/vec4 v0x563b3c504050_0;
    %pad/u 32;
    %cmpi/u 2, 0, 32;
    %jmp/0xz T_0.3, 5;
    %load/vec4 v0x563b3c4ebff0_0;
    %pad/u 1;
    %store/vec4 v0x563b3c505da0_0, 0, 1;
    %load/vec4 v0x563b3c504050_0;
    %pad/u 1;
    %store/vec4 v0x563b3c505cb0_0, 0, 1;
    %delay 7000, 0;
    %vpi_call/w 3 36 "$display", "s=%b | r=%b | q=%b |qb=%b", v0x563b3c505da0_0, v0x563b3c505cb0_0, v0x563b3c505ab0_0, v0x563b3c505bc0_0 {0 0 0};
    %load/vec4 v0x563b3c504050_0;
    %addi 1, 0, 2;
    %store/vec4 v0x563b3c504050_0, 0, 2;
    %jmp T_0.2;
T_0.3 ;
    %load/vec4 v0x563b3c4ebff0_0;
    %addi 1, 0, 2;
    %store/vec4 v0x563b3c4ebff0_0, 0, 2;
    %jmp T_0.0;
T_0.1 ;
    %end;
S_0x563b3c504130 .scope module, "dut" "SR" 3 11, 4 1 0, S_0x563b3c4e9b40;
 .timescale 0 0;
    .port_info 0 /INPUT 1 "clk";
    .port_info 1 /INPUT 1 "s";
    .port_info 2 /INPUT 1 "r";
    .port_info 3 /OUTPUT 1 "q";
    .port_info 4 /OUTPUT 1 "qb";
L_0x563b3c506170 .functor NOT 1, v0x563b3c5059c0_0, C4<0>, C4<0>, C4<0>;
v0x563b3c505390_0 .net "clk", 0 0, v0x563b3c5059c0_0;  1 drivers
v0x563b3c505450_0 .net "q", 0 0, L_0x563b3c5063b0;  alias, 1 drivers
v0x563b3c505520_0 .net "qb", 0 0, L_0x563b3c506420;  alias, 1 drivers
v0x563b3c505620_0 .net "r", 0 0, v0x563b3c505cb0_0;  1 drivers
v0x563b3c5056f0_0 .net "s", 0 0, v0x563b3c505da0_0;  1 drivers
v0x563b3c5057e0_0 .net "w1", 0 0, L_0x563b3c506010;  1 drivers
v0x563b3c5058d0_0 .net "w2", 0 0, L_0x563b3c5060d0;  1 drivers
S_0x563b3c504330 .scope module, "sr_latch1" "SR_latch_NAND" 4 9, 5 1 0, S_0x563b3c504130;
 .timescale 0 0;
    .port_info 0 /INPUT 1 "clk";
    .port_info 1 /INPUT 1 "s";
    .port_info 2 /INPUT 1 "r";
    .port_info 3 /OUTPUT 1 "q";
    .port_info 4 /OUTPUT 1 "qb";
L_0x563b3c505ee0 .functor NAND 1, v0x563b3c505da0_0, L_0x563b3c506170, C4<1>, C4<1>;
L_0x563b3c505f50 .functor NAND 1, v0x563b3c505cb0_0, L_0x563b3c506170, C4<1>, C4<1>;
L_0x563b3c506010 .functor NAND 1, L_0x563b3c505ee0, L_0x563b3c5060d0, C4<1>, C4<1>;
L_0x563b3c5060d0 .functor NAND 1, L_0x563b3c505f50, L_0x563b3c506010, C4<1>, C4<1>;
v0x563b3c504510_0 .net "clk", 0 0, L_0x563b3c506170;  1 drivers
v0x563b3c5045f0_0 .net "q", 0 0, L_0x563b3c506010;  alias, 1 drivers
v0x563b3c5046b0_0 .net "qb", 0 0, L_0x563b3c5060d0;  alias, 1 drivers
v0x563b3c504780_0 .net "r", 0 0, v0x563b3c505cb0_0;  alias, 1 drivers
v0x563b3c504840_0 .net "s", 0 0, v0x563b3c505da0_0;  alias, 1 drivers
v0x563b3c504950_0 .net "w1", 0 0, L_0x563b3c505ee0;  1 drivers
v0x563b3c504a10_0 .net "w2", 0 0, L_0x563b3c505f50;  1 drivers
S_0x563b3c504b70 .scope module, "sr_latch2" "SR_latch_NAND" 4 17, 5 1 0, S_0x563b3c504130;
 .timescale 0 0;
    .port_info 0 /INPUT 1 "clk";
    .port_info 1 /INPUT 1 "s";
    .port_info 2 /INPUT 1 "r";
    .port_info 3 /OUTPUT 1 "q";
    .port_info 4 /OUTPUT 1 "qb";
L_0x563b3c506200 .functor NAND 1, L_0x563b3c506010, v0x563b3c5059c0_0, C4<1>, C4<1>;
L_0x563b3c506320 .functor NAND 1, L_0x563b3c5060d0, v0x563b3c5059c0_0, C4<1>, C4<1>;
L_0x563b3c5063b0 .functor NAND 1, L_0x563b3c506200, L_0x563b3c506420, C4<1>, C4<1>;
L_0x563b3c506420 .functor NAND 1, L_0x563b3c506320, L_0x563b3c5063b0, C4<1>, C4<1>;
v0x563b3c504d70_0 .net "clk", 0 0, v0x563b3c5059c0_0;  alias, 1 drivers
v0x563b3c504e30_0 .net "q", 0 0, L_0x563b3c5063b0;  alias, 1 drivers
v0x563b3c504ef0_0 .net "qb", 0 0, L_0x563b3c506420;  alias, 1 drivers
v0x563b3c504fc0_0 .net "r", 0 0, L_0x563b3c5060d0;  alias, 1 drivers
v0x563b3c505090_0 .net "s", 0 0, L_0x563b3c506010;  alias, 1 drivers
v0x563b3c505180_0 .net "w1", 0 0, L_0x563b3c506200;  1 drivers
v0x563b3c505220_0 .net "w2", 0 0, L_0x563b3c506320;  1 drivers
    .scope S_0x563b3c4e9b40;
T_1 ;
    %vpi_call/w 3 20 "$dumpfile", "waves/dump.vcd" {0 0 0};
    %vpi_call/w 3 21 "$dumpvars", 32'sb00000000000000000000000000000000, S_0x563b3c4e9b40 {0 0 0};
    %end;
    .thread T_1;
    .scope S_0x563b3c4e9b40;
T_2 ;
    %pushi/vec4 0, 0, 1;
    %store/vec4 v0x563b3c5059c0_0, 0, 1;
T_2.0 ;
    %delay 2000, 0;
    %load/vec4 v0x563b3c5059c0_0;
    %inv;
    %store/vec4 v0x563b3c5059c0_0, 0, 1;
    %jmp T_2.0;
    %end;
    .thread T_2;
    .scope S_0x563b3c4e9b40;
T_3 ;
    %fork TD_tb_SR.check, S_0x563b3c4eb9b0;
    %join;
    %fork TD_tb_SR.check, S_0x563b3c4eb9b0;
    %join;
    %fork TD_tb_SR.check, S_0x563b3c4eb9b0;
    %join;
    %vpi_call/w 3 48 "$finish" {0 0 0};
    %end;
    .thread T_3;
# The file index is used to find the file name in the following table.
:file_names 6;
    "N/A";
    "<interactive>";
    "-";
    "tb/tb_SR.v";
    "rtl/SR.v";
    "rtl/SR_latch_NAND.v";
