#! /usr/bin/vvp
:ivl_version "12.0 (stable)";
:ivl_delay_selection "TYPICAL";
:vpi_time_precision - 12;
:vpi_module "/usr/lib/x86_64-linux-gnu/ivl/system.vpi";
:vpi_module "/usr/lib/x86_64-linux-gnu/ivl/vhdl_sys.vpi";
:vpi_module "/usr/lib/x86_64-linux-gnu/ivl/vhdl_textio.vpi";
:vpi_module "/usr/lib/x86_64-linux-gnu/ivl/v2005_math.vpi";
:vpi_module "/usr/lib/x86_64-linux-gnu/ivl/va_math.vpi";
:vpi_module "/usr/lib/x86_64-linux-gnu/ivl/v2009.vpi";
S_0x55a77d2f2490 .scope package, "$unit" "$unit" 2 1;
 .timescale 0 0;
S_0x55a77d2f2620 .scope module, "tb_full_adder" "tb_full_adder" 3 5;
 .timescale -9 -12;
v0x55a77d34e0d0_0 .var "a", 0 0;
v0x55a77d34e1c0_0 .var "b", 0 0;
v0x55a77d34e2d0_0 .net "carry_out", 0 0, L_0x55a77d34eb80;  1 drivers
v0x55a77d34e370_0 .var "cin", 0 0;
v0x55a77d34e460_0 .var/i "fail_count", 31 0;
v0x55a77d34e550_0 .var/i "pass_count", 31 0;
v0x55a77d34e610_0 .net "sum", 0 0, L_0x55a77d34e920;  1 drivers
S_0x55a77d32dfb0 .scope task, "apply_and_check" "apply_and_check" 3 22, 3 22 0, S_0x55a77d2f2620;
 .timescale -9 -12;
v0x55a77d32e850_0 .var "exp_cout", 0 0;
v0x55a77d32fa40_0 .var "exp_sum", 0 0;
v0x55a77d34c9f0_0 .var "t_a", 0 0;
v0x55a77d34ca90_0 .var "t_b", 0 0;
v0x55a77d34cb50_0 .var "t_cin", 0 0;
TD_tb_full_adder.apply_and_check ;
    %load/vec4 v0x55a77d34c9f0_0;
    %store/vec4 v0x55a77d34e0d0_0, 0, 1;
    %load/vec4 v0x55a77d34ca90_0;
    %store/vec4 v0x55a77d34e1c0_0, 0, 1;
    %load/vec4 v0x55a77d34cb50_0;
    %store/vec4 v0x55a77d34e370_0, 0, 1;
    %delay 10000, 0;
    %load/vec4 v0x55a77d34e610_0;
    %load/vec4 v0x55a77d32fa40_0;
    %cmp/e;
    %flag_get/vec4 6;
    %jmp/0 T_0.2, 6;
    %load/vec4 v0x55a77d34e2d0_0;
    %load/vec4 v0x55a77d32e850_0;
    %cmp/e;
    %flag_get/vec4 6;
    %and;
T_0.2;
    %flag_set/vec4 8;
    %jmp/0xz  T_0.0, 8;
    %vpi_call/w 3 30 "$display", "PASS: a=%b b=%b cin=%b | sum=%b carry_out=%b", v0x55a77d34c9f0_0, v0x55a77d34ca90_0, v0x55a77d34cb50_0, v0x55a77d34e610_0, v0x55a77d34e2d0_0 {0 0 0};
    %load/vec4 v0x55a77d34e550_0;
    %addi 1, 0, 32;
    %store/vec4 v0x55a77d34e550_0, 0, 32;
    %jmp T_0.1;
T_0.0 ;
    %vpi_call/w 3 35 "$display", "FAIL: a=%b b=%b cin=%b | sum=%b carry_out=%b | Expected sum=%b carry_out=%b", v0x55a77d34c9f0_0, v0x55a77d34ca90_0, v0x55a77d34cb50_0, v0x55a77d34e610_0, v0x55a77d34e2d0_0, v0x55a77d32fa40_0, v0x55a77d32e850_0 {0 0 0};
    %load/vec4 v0x55a77d34e460_0;
    %addi 1, 0, 32;
    %store/vec4 v0x55a77d34e460_0, 0, 32;
T_0.1 ;
    %end;
S_0x55a77d34cc60 .scope module, "dut" "full_adder" 3 9, 4 1 0, S_0x55a77d2f2620;
 .timescale 0 0;
    .port_info 0 /INPUT 1 "a";
    .port_info 1 /INPUT 1 "b";
    .port_info 2 /INPUT 1 "cin";
    .port_info 3 /OUTPUT 1 "sum";
    .port_info 4 /OUTPUT 1 "carry_out";
L_0x55a77d34eb80 .functor OR 1, L_0x55a77d34e7b0, L_0x55a77d34ea60, C4<0>, C4<0>;
v0x55a77d34da20_0 .net "a", 0 0, v0x55a77d34e0d0_0;  1 drivers
v0x55a77d34dae0_0 .net "b", 0 0, v0x55a77d34e1c0_0;  1 drivers
v0x55a77d34dbb0_0 .net "c1", 0 0, L_0x55a77d34e7b0;  1 drivers
v0x55a77d34dcb0_0 .net "c2", 0 0, L_0x55a77d34ea60;  1 drivers
v0x55a77d34dd80_0 .net "carry_out", 0 0, L_0x55a77d34eb80;  alias, 1 drivers
v0x55a77d34de70_0 .net "cin", 0 0, v0x55a77d34e370_0;  1 drivers
v0x55a77d34df10_0 .net "sum", 0 0, L_0x55a77d34e920;  alias, 1 drivers
v0x55a77d34dfe0_0 .net "sum1", 0 0, L_0x55a77d34e700;  1 drivers
S_0x55a77d34ce60 .scope module, "ha1" "half_adder" 4 9, 5 1 0, S_0x55a77d34cc60;
 .timescale 0 0;
    .port_info 0 /INPUT 1 "a";
    .port_info 1 /INPUT 1 "b";
    .port_info 2 /OUTPUT 1 "sum";
    .port_info 3 /OUTPUT 1 "carry_out";
L_0x55a77d34e700 .functor XOR 1, v0x55a77d34e0d0_0, v0x55a77d34e1c0_0, C4<0>, C4<0>;
L_0x55a77d34e7b0 .functor AND 1, v0x55a77d34e0d0_0, v0x55a77d34e1c0_0, C4<1>, C4<1>;
v0x55a77d34d0b0_0 .net "a", 0 0, v0x55a77d34e0d0_0;  alias, 1 drivers
v0x55a77d34d190_0 .net "b", 0 0, v0x55a77d34e1c0_0;  alias, 1 drivers
v0x55a77d34d250_0 .net "carry_out", 0 0, L_0x55a77d34e7b0;  alias, 1 drivers
v0x55a77d34d2f0_0 .net "sum", 0 0, L_0x55a77d34e700;  alias, 1 drivers
S_0x55a77d34d430 .scope module, "ha2" "half_adder" 4 10, 5 1 0, S_0x55a77d34cc60;
 .timescale 0 0;
    .port_info 0 /INPUT 1 "a";
    .port_info 1 /INPUT 1 "b";
    .port_info 2 /OUTPUT 1 "sum";
    .port_info 3 /OUTPUT 1 "carry_out";
L_0x55a77d34e920 .functor XOR 1, L_0x55a77d34e700, v0x55a77d34e370_0, C4<0>, C4<0>;
L_0x55a77d34ea60 .functor AND 1, L_0x55a77d34e700, v0x55a77d34e370_0, C4<1>, C4<1>;
v0x55a77d34d6a0_0 .net "a", 0 0, L_0x55a77d34e700;  alias, 1 drivers
v0x55a77d34d740_0 .net "b", 0 0, v0x55a77d34e370_0;  alias, 1 drivers
v0x55a77d34d7e0_0 .net "carry_out", 0 0, L_0x55a77d34ea60;  alias, 1 drivers
v0x55a77d34d8b0_0 .net "sum", 0 0, L_0x55a77d34e920;  alias, 1 drivers
    .scope S_0x55a77d2f2620;
T_1 ;
    %pushi/vec4 0, 0, 32;
    %store/vec4 v0x55a77d34e550_0, 0, 32;
    %pushi/vec4 0, 0, 32;
    %store/vec4 v0x55a77d34e460_0, 0, 32;
    %end;
    .thread T_1, $init;
    .scope S_0x55a77d2f2620;
T_2 ;
    %vpi_call/w 3 17 "$dumpfile", "waves/dump.vcd" {0 0 0};
    %vpi_call/w 3 18 "$dumpvars", 32'sb00000000000000000000000000000000, S_0x55a77d2f2620 {0 0 0};
    %end;
    .thread T_2;
    .scope S_0x55a77d2f2620;
T_3 ;
    %pushi/vec4 0, 0, 1;
    %store/vec4 v0x55a77d34c9f0_0, 0, 1;
    %pushi/vec4 0, 0, 1;
    %store/vec4 v0x55a77d34ca90_0, 0, 1;
    %pushi/vec4 0, 0, 1;
    %store/vec4 v0x55a77d34cb50_0, 0, 1;
    %pushi/vec4 0, 0, 1;
    %store/vec4 v0x55a77d32fa40_0, 0, 1;
    %pushi/vec4 0, 0, 1;
    %store/vec4 v0x55a77d32e850_0, 0, 1;
    %fork TD_tb_full_adder.apply_and_check, S_0x55a77d32dfb0;
    %join;
    %pushi/vec4 0, 0, 1;
    %store/vec4 v0x55a77d34c9f0_0, 0, 1;
    %pushi/vec4 0, 0, 1;
    %store/vec4 v0x55a77d34ca90_0, 0, 1;
    %pushi/vec4 1, 0, 1;
    %store/vec4 v0x55a77d34cb50_0, 0, 1;
    %pushi/vec4 1, 0, 1;
    %store/vec4 v0x55a77d32fa40_0, 0, 1;
    %pushi/vec4 0, 0, 1;
    %store/vec4 v0x55a77d32e850_0, 0, 1;
    %fork TD_tb_full_adder.apply_and_check, S_0x55a77d32dfb0;
    %join;
    %pushi/vec4 0, 0, 1;
    %store/vec4 v0x55a77d34c9f0_0, 0, 1;
    %pushi/vec4 1, 0, 1;
    %store/vec4 v0x55a77d34ca90_0, 0, 1;
    %pushi/vec4 0, 0, 1;
    %store/vec4 v0x55a77d34cb50_0, 0, 1;
    %pushi/vec4 1, 0, 1;
    %store/vec4 v0x55a77d32fa40_0, 0, 1;
    %pushi/vec4 0, 0, 1;
    %store/vec4 v0x55a77d32e850_0, 0, 1;
    %fork TD_tb_full_adder.apply_and_check, S_0x55a77d32dfb0;
    %join;
    %pushi/vec4 0, 0, 1;
    %store/vec4 v0x55a77d34c9f0_0, 0, 1;
    %pushi/vec4 1, 0, 1;
    %store/vec4 v0x55a77d34ca90_0, 0, 1;
    %pushi/vec4 1, 0, 1;
    %store/vec4 v0x55a77d34cb50_0, 0, 1;
    %pushi/vec4 0, 0, 1;
    %store/vec4 v0x55a77d32fa40_0, 0, 1;
    %pushi/vec4 1, 0, 1;
    %store/vec4 v0x55a77d32e850_0, 0, 1;
    %fork TD_tb_full_adder.apply_and_check, S_0x55a77d32dfb0;
    %join;
    %pushi/vec4 1, 0, 1;
    %store/vec4 v0x55a77d34c9f0_0, 0, 1;
    %pushi/vec4 0, 0, 1;
    %store/vec4 v0x55a77d34ca90_0, 0, 1;
    %pushi/vec4 0, 0, 1;
    %store/vec4 v0x55a77d34cb50_0, 0, 1;
    %pushi/vec4 1, 0, 1;
    %store/vec4 v0x55a77d32fa40_0, 0, 1;
    %pushi/vec4 0, 0, 1;
    %store/vec4 v0x55a77d32e850_0, 0, 1;
    %fork TD_tb_full_adder.apply_and_check, S_0x55a77d32dfb0;
    %join;
    %pushi/vec4 1, 0, 1;
    %store/vec4 v0x55a77d34c9f0_0, 0, 1;
    %pushi/vec4 0, 0, 1;
    %store/vec4 v0x55a77d34ca90_0, 0, 1;
    %pushi/vec4 1, 0, 1;
    %store/vec4 v0x55a77d34cb50_0, 0, 1;
    %pushi/vec4 0, 0, 1;
    %store/vec4 v0x55a77d32fa40_0, 0, 1;
    %pushi/vec4 1, 0, 1;
    %store/vec4 v0x55a77d32e850_0, 0, 1;
    %fork TD_tb_full_adder.apply_and_check, S_0x55a77d32dfb0;
    %join;
    %pushi/vec4 1, 0, 1;
    %store/vec4 v0x55a77d34c9f0_0, 0, 1;
    %pushi/vec4 1, 0, 1;
    %store/vec4 v0x55a77d34ca90_0, 0, 1;
    %pushi/vec4 0, 0, 1;
    %store/vec4 v0x55a77d34cb50_0, 0, 1;
    %pushi/vec4 0, 0, 1;
    %store/vec4 v0x55a77d32fa40_0, 0, 1;
    %pushi/vec4 1, 0, 1;
    %store/vec4 v0x55a77d32e850_0, 0, 1;
    %fork TD_tb_full_adder.apply_and_check, S_0x55a77d32dfb0;
    %join;
    %pushi/vec4 1, 0, 1;
    %store/vec4 v0x55a77d34c9f0_0, 0, 1;
    %pushi/vec4 1, 0, 1;
    %store/vec4 v0x55a77d34ca90_0, 0, 1;
    %pushi/vec4 1, 0, 1;
    %store/vec4 v0x55a77d34cb50_0, 0, 1;
    %pushi/vec4 1, 0, 1;
    %store/vec4 v0x55a77d32fa40_0, 0, 1;
    %pushi/vec4 1, 0, 1;
    %store/vec4 v0x55a77d32e850_0, 0, 1;
    %fork TD_tb_full_adder.apply_and_check, S_0x55a77d32dfb0;
    %join;
    %vpi_call/w 3 50 "$display", "Test Summary: %d Passed | %d Failed", v0x55a77d34e550_0, v0x55a77d34e460_0 {0 0 0};
    %vpi_call/w 3 51 "$finish" {0 0 0};
    %end;
    .thread T_3;
# The file index is used to find the file name in the following table.
:file_names 6;
    "N/A";
    "<interactive>";
    "-";
    "tb/tb_full_adder.v";
    "rtl/full_adder.v";
    "rtl/half_adder.v";
