#! /usr/bin/vvp
:ivl_version "12.0 (stable)";
:ivl_delay_selection "TYPICAL";
:vpi_time_precision - 12;
:vpi_module "/usr/lib/x86_64-linux-gnu/ivl/system.vpi";
:vpi_module "/usr/lib/x86_64-linux-gnu/ivl/vhdl_sys.vpi";
:vpi_module "/usr/lib/x86_64-linux-gnu/ivl/vhdl_textio.vpi";
:vpi_module "/usr/lib/x86_64-linux-gnu/ivl/v2005_math.vpi";
:vpi_module "/usr/lib/x86_64-linux-gnu/ivl/va_math.vpi";
:vpi_module "/usr/lib/x86_64-linux-gnu/ivl/v2009.vpi";
S_0x55f5b9587a30 .scope package, "$unit" "$unit" 2 1;
 .timescale 0 0;
S_0x55f5b9587300 .scope module, "tb_mod_10" "tb_mod_10" 3 3;
 .timescale -9 -12;
v0x55f5b95b9c10_0 .var "areset_n", 0 0;
v0x55f5b95b9cd0_0 .var "clk", 0 0;
v0x55f5b95b9d70_0 .var "en", 0 0;
v0x55f5b95b9e10_0 .net "out", 3 0, L_0x55f5b95bb710;  1 drivers
E_0x55f5b9591c40 .event negedge, v0x55f5b95b7970_0;
S_0x55f5b9585e70 .scope task, "check" "check" 3 31, 3 31 0, S_0x55f5b9587300;
 .timescale -9 -12;
TD_tb_mod_10.check ;
    %vpi_call/w 3 33 "$display", "en = %b | areset_n = %b | out = %b", v0x55f5b95b9d70_0, v0x55f5b95b9c10_0, v0x55f5b95b9e10_0 {0 0 0};
    %end;
S_0x55f5b9585740 .scope module, "dut" "mod_10" 3 9, 4 1 0, S_0x55f5b9587300;
 .timescale 0 0;
    .port_info 0 /INPUT 1 "clk";
    .port_info 1 /INPUT 1 "en";
    .port_info 2 /INPUT 1 "areset_n";
    .port_info 3 /OUTPUT 4 "out";
L_0x55f5b95b9ee0 .functor NOT 1, v0x55f5b95b9c10_0, C4<0>, C4<0>, C4<0>;
L_0x55f5b95ba120 .functor NOT 1, L_0x55f5b95ba050, C4<0>, C4<0>, C4<0>;
L_0x55f5b95ba1e0 .functor AND 1, L_0x55f5b95b9f80, L_0x55f5b95ba120, C4<1>, C4<1>;
L_0x55f5b95ba390 .functor AND 1, L_0x55f5b95ba1e0, L_0x55f5b95ba2f0, C4<1>, C4<1>;
L_0x55f5b95ba630 .functor NOT 1, L_0x55f5b95ba4d0, C4<0>, C4<0>, C4<0>;
L_0x55f5b95ba6a0 .functor AND 1, L_0x55f5b95ba390, L_0x55f5b95ba630, C4<1>, C4<1>;
L_0x55f5b95ba7f0 .functor OR 1, L_0x55f5b95b9ee0, L_0x55f5b95ba6a0, C4<0>, C4<0>;
L_0x55f5b95ba900 .functor NOT 1, L_0x55f5b95ba7f0, C4<0>, C4<0>, C4<0>;
L_0x55f5b95baab0 .functor NOT 1, L_0x55f5b95baa10, C4<0>, C4<0>, C4<0>;
L_0x55f5b95bac50 .functor NOT 1, L_0x55f5b95bab70, C4<0>, C4<0>, C4<0>;
L_0x55f5b95bae10 .functor NOT 1, L_0x55f5b95bad70, C4<0>, C4<0>, C4<0>;
L_0x55f5b95baf70 .functor NOT 1, L_0x55f5b95bae80, C4<0>, C4<0>, C4<0>;
L_0x55f5b95bb140 .functor NOT 1, L_0x55f5b95bb0a0, C4<0>, C4<0>, C4<0>;
L_0x55f5b95bb300 .functor NOT 1, L_0x55f5b95bb200, C4<0>, C4<0>, C4<0>;
L_0x55f5b95bb030 .functor NOT 1, L_0x55f5b95bb420, C4<0>, C4<0>, C4<0>;
v0x55f5b95b7d20_0 .net *"_ivl_0", 0 0, L_0x55f5b95b9ee0;  1 drivers
v0x55f5b95b7e20_0 .net *"_ivl_11", 0 0, L_0x55f5b95ba2f0;  1 drivers
v0x55f5b95b7f00_0 .net *"_ivl_12", 0 0, L_0x55f5b95ba390;  1 drivers
v0x55f5b95b7fc0_0 .net *"_ivl_15", 0 0, L_0x55f5b95ba4d0;  1 drivers
v0x55f5b95b80a0_0 .net *"_ivl_16", 0 0, L_0x55f5b95ba630;  1 drivers
v0x55f5b95b81d0_0 .net *"_ivl_18", 0 0, L_0x55f5b95ba6a0;  1 drivers
v0x55f5b95b82b0_0 .net *"_ivl_20", 0 0, L_0x55f5b95ba7f0;  1 drivers
v0x55f5b95b8390_0 .net *"_ivl_25", 0 0, L_0x55f5b95baa10;  1 drivers
v0x55f5b95b8470_0 .net *"_ivl_3", 0 0, L_0x55f5b95b9f80;  1 drivers
v0x55f5b95b8550_0 .net *"_ivl_31", 0 0, L_0x55f5b95bab70;  1 drivers
v0x55f5b95b8630_0 .net *"_ivl_35", 0 0, L_0x55f5b95bad70;  1 drivers
v0x55f5b95b8710_0 .net *"_ivl_41", 0 0, L_0x55f5b95bae80;  1 drivers
v0x55f5b95b87f0_0 .net *"_ivl_45", 0 0, L_0x55f5b95bb0a0;  1 drivers
v0x55f5b95b88d0_0 .net *"_ivl_5", 0 0, L_0x55f5b95ba050;  1 drivers
v0x55f5b95b89b0_0 .net *"_ivl_51", 0 0, L_0x55f5b95bb200;  1 drivers
v0x55f5b95b8a90_0 .net *"_ivl_55", 0 0, L_0x55f5b95bb420;  1 drivers
v0x55f5b95b8b70_0 .net *"_ivl_6", 0 0, L_0x55f5b95ba120;  1 drivers
v0x55f5b95b8c50_0 .net *"_ivl_61", 0 0, L_0x55f5b95bb8c0;  1 drivers
v0x55f5b95b8d30_0 .net *"_ivl_63", 0 0, L_0x55f5b95bba30;  1 drivers
v0x55f5b95b8e10_0 .net *"_ivl_65", 0 0, L_0x55f5b95bbb70;  1 drivers
v0x55f5b95b8ef0_0 .net *"_ivl_67", 0 0, L_0x55f5b95bbcf0;  1 drivers
v0x55f5b95b8fd0_0 .net *"_ivl_76", 0 0, L_0x55f5b95bbde0;  1 drivers
v0x55f5b95b90b0_0 .net *"_ivl_78", 0 0, L_0x55f5b95bbf20;  1 drivers
v0x55f5b95b9190_0 .net *"_ivl_8", 0 0, L_0x55f5b95ba1e0;  1 drivers
v0x55f5b95b9270_0 .net *"_ivl_80", 0 0, L_0x55f5b95bbfc0;  1 drivers
v0x55f5b95b9350_0 .net *"_ivl_82", 0 0, L_0x55f5b95bbe80;  1 drivers
v0x55f5b95b9430_0 .net *"_ivl_83", 3 0, L_0x55f5b95bc320;  1 drivers
v0x55f5b95b9510_0 .net "areset_n", 0 0, v0x55f5b95b9c10_0;  1 drivers
v0x55f5b95b95d0_0 .net "clk", 0 0, v0x55f5b95b9cd0_0;  1 drivers
v0x55f5b95b9670_0 .net "en", 0 0, v0x55f5b95b9d70_0;  1 drivers
v0x55f5b95b9710_0 .net "out", 3 0, L_0x55f5b95bb710;  alias, 1 drivers
v0x55f5b95b97d0_0 .net "rst", 0 0, L_0x55f5b95ba900;  1 drivers
v0x55f5b95b9870_0 .net "w", 3 0, L_0x55f5b95bb540;  1 drivers
L_0x55f5b95b9f80 .part L_0x55f5b95bb540, 0, 1;
L_0x55f5b95ba050 .part L_0x55f5b95bb540, 1, 1;
L_0x55f5b95ba2f0 .part L_0x55f5b95bb540, 2, 1;
L_0x55f5b95ba4d0 .part L_0x55f5b95bb540, 3, 1;
L_0x55f5b95baa10 .part L_0x55f5b95bb540, 3, 1;
L_0x55f5b95bab70 .part L_0x55f5b95bb540, 3, 1;
L_0x55f5b95bad70 .part L_0x55f5b95bb540, 2, 1;
L_0x55f5b95bae80 .part L_0x55f5b95bb540, 2, 1;
L_0x55f5b95bb0a0 .part L_0x55f5b95bb540, 1, 1;
L_0x55f5b95bb200 .part L_0x55f5b95bb540, 1, 1;
L_0x55f5b95bb420 .part L_0x55f5b95bb540, 0, 1;
L_0x55f5b95bb540 .concat8 [ 1 1 1 1], v0x55f5b95b6720_0, v0x55f5b95b6dc0_0, v0x55f5b95b74e0_0, v0x55f5b95b7b70_0;
L_0x55f5b95bb710 .concat8 [ 1 1 1 1], L_0x55f5b95bbcf0, L_0x55f5b95bbb70, L_0x55f5b95bba30, L_0x55f5b95bb8c0;
L_0x55f5b95bb8c0 .part L_0x55f5b95bc320, 3, 1;
L_0x55f5b95bba30 .part L_0x55f5b95bc320, 2, 1;
L_0x55f5b95bbb70 .part L_0x55f5b95bc320, 1, 1;
L_0x55f5b95bbcf0 .part L_0x55f5b95bc320, 0, 1;
L_0x55f5b95bbde0 .part L_0x55f5b95bb540, 0, 1;
L_0x55f5b95bbf20 .part L_0x55f5b95bb540, 1, 1;
L_0x55f5b95bbfc0 .part L_0x55f5b95bb540, 2, 1;
L_0x55f5b95bbe80 .part L_0x55f5b95bb540, 3, 1;
L_0x55f5b95bc320 .concat [ 1 1 1 1], L_0x55f5b95bbe80, L_0x55f5b95bbfc0, L_0x55f5b95bbf20, L_0x55f5b95bbde0;
S_0x55f5b958c460 .scope module, "u0" "D" 4 37, 5 1 0, S_0x55f5b9585740;
 .timescale 0 0;
    .port_info 0 /INPUT 1 "clk";
    .port_info 1 /INPUT 1 "en";
    .port_info 2 /INPUT 1 "areset_n";
    .port_info 3 /INPUT 1 "d";
    .port_info 4 /OUTPUT 1 "q";
v0x55f5b958c660_0 .net "areset_n", 0 0, L_0x55f5b95ba900;  alias, 1 drivers
v0x55f5b95b6500_0 .net "clk", 0 0, L_0x55f5b95bb300;  1 drivers
v0x55f5b95b65c0_0 .net "d", 0 0, L_0x55f5b95bb030;  1 drivers
v0x55f5b95b6660_0 .net "en", 0 0, v0x55f5b95b9d70_0;  alias, 1 drivers
v0x55f5b95b6720_0 .var "q", 0 0;
E_0x55f5b9592380/0 .event negedge, v0x55f5b958c660_0;
E_0x55f5b9592380/1 .event posedge, v0x55f5b95b6500_0;
E_0x55f5b9592380 .event/or E_0x55f5b9592380/0, E_0x55f5b9592380/1;
S_0x55f5b95b68d0 .scope module, "u1" "D" 4 29, 5 1 0, S_0x55f5b9585740;
 .timescale 0 0;
    .port_info 0 /INPUT 1 "clk";
    .port_info 1 /INPUT 1 "en";
    .port_info 2 /INPUT 1 "areset_n";
    .port_info 3 /INPUT 1 "d";
    .port_info 4 /OUTPUT 1 "q";
v0x55f5b95b6af0_0 .net "areset_n", 0 0, L_0x55f5b95ba900;  alias, 1 drivers
v0x55f5b95b6bb0_0 .net "clk", 0 0, L_0x55f5b95baf70;  1 drivers
v0x55f5b95b6c50_0 .net "d", 0 0, L_0x55f5b95bb140;  1 drivers
v0x55f5b95b6cf0_0 .net "en", 0 0, v0x55f5b95b9d70_0;  alias, 1 drivers
v0x55f5b95b6dc0_0 .var "q", 0 0;
E_0x55f5b9591ed0/0 .event negedge, v0x55f5b958c660_0;
E_0x55f5b9591ed0/1 .event posedge, v0x55f5b95b6bb0_0;
E_0x55f5b9591ed0 .event/or E_0x55f5b9591ed0/0, E_0x55f5b9591ed0/1;
S_0x55f5b95b6f50 .scope module, "u2" "D" 4 21, 5 1 0, S_0x55f5b9585740;
 .timescale 0 0;
    .port_info 0 /INPUT 1 "clk";
    .port_info 1 /INPUT 1 "en";
    .port_info 2 /INPUT 1 "areset_n";
    .port_info 3 /INPUT 1 "d";
    .port_info 4 /OUTPUT 1 "q";
v0x55f5b95b7180_0 .net "areset_n", 0 0, L_0x55f5b95ba900;  alias, 1 drivers
v0x55f5b95b7290_0 .net "clk", 0 0, L_0x55f5b95bac50;  1 drivers
v0x55f5b95b7350_0 .net "d", 0 0, L_0x55f5b95bae10;  1 drivers
v0x55f5b95b73f0_0 .net "en", 0 0, v0x55f5b95b9d70_0;  alias, 1 drivers
v0x55f5b95b74e0_0 .var "q", 0 0;
E_0x55f5b9592640/0 .event negedge, v0x55f5b958c660_0;
E_0x55f5b9592640/1 .event posedge, v0x55f5b95b7290_0;
E_0x55f5b9592640 .event/or E_0x55f5b9592640/0, E_0x55f5b9592640/1;
S_0x55f5b95b7690 .scope module, "u3" "D" 4 13, 5 1 0, S_0x55f5b9585740;
 .timescale 0 0;
    .port_info 0 /INPUT 1 "clk";
    .port_info 1 /INPUT 1 "en";
    .port_info 2 /INPUT 1 "areset_n";
    .port_info 3 /INPUT 1 "d";
    .port_info 4 /OUTPUT 1 "q";
v0x55f5b95b78b0_0 .net "areset_n", 0 0, L_0x55f5b95ba900;  alias, 1 drivers
v0x55f5b95b7970_0 .net "clk", 0 0, v0x55f5b95b9cd0_0;  alias, 1 drivers
v0x55f5b95b7a30_0 .net "d", 0 0, L_0x55f5b95baab0;  1 drivers
v0x55f5b95b7ad0_0 .net "en", 0 0, v0x55f5b95b9d70_0;  alias, 1 drivers
v0x55f5b95b7b70_0 .var "q", 0 0;
E_0x55f5b9578780/0 .event negedge, v0x55f5b958c660_0;
E_0x55f5b9578780/1 .event posedge, v0x55f5b95b7970_0;
E_0x55f5b9578780 .event/or E_0x55f5b9578780/0, E_0x55f5b9578780/1;
    .scope S_0x55f5b95b7690;
T_1 ;
    %wait E_0x55f5b9578780;
    %load/vec4 v0x55f5b95b78b0_0;
    %nor/r;
    %flag_set/vec4 8;
    %jmp/0xz  T_1.0, 8;
    %pushi/vec4 0, 0, 1;
    %assign/vec4 v0x55f5b95b7b70_0, 0;
    %jmp T_1.1;
T_1.0 ;
    %load/vec4 v0x55f5b95b7ad0_0;
    %flag_set/vec4 8;
    %jmp/0xz  T_1.2, 8;
    %load/vec4 v0x55f5b95b7a30_0;
    %assign/vec4 v0x55f5b95b7b70_0, 0;
    %jmp T_1.3;
T_1.2 ;
    %load/vec4 v0x55f5b95b7b70_0;
    %assign/vec4 v0x55f5b95b7b70_0, 0;
T_1.3 ;
T_1.1 ;
    %jmp T_1;
    .thread T_1;
    .scope S_0x55f5b95b6f50;
T_2 ;
    %wait E_0x55f5b9592640;
    %load/vec4 v0x55f5b95b7180_0;
    %nor/r;
    %flag_set/vec4 8;
    %jmp/0xz  T_2.0, 8;
    %pushi/vec4 0, 0, 1;
    %assign/vec4 v0x55f5b95b74e0_0, 0;
    %jmp T_2.1;
T_2.0 ;
    %load/vec4 v0x55f5b95b73f0_0;
    %flag_set/vec4 8;
    %jmp/0xz  T_2.2, 8;
    %load/vec4 v0x55f5b95b7350_0;
    %assign/vec4 v0x55f5b95b74e0_0, 0;
    %jmp T_2.3;
T_2.2 ;
    %load/vec4 v0x55f5b95b74e0_0;
    %assign/vec4 v0x55f5b95b74e0_0, 0;
T_2.3 ;
T_2.1 ;
    %jmp T_2;
    .thread T_2;
    .scope S_0x55f5b95b68d0;
T_3 ;
    %wait E_0x55f5b9591ed0;
    %load/vec4 v0x55f5b95b6af0_0;
    %nor/r;
    %flag_set/vec4 8;
    %jmp/0xz  T_3.0, 8;
    %pushi/vec4 0, 0, 1;
    %assign/vec4 v0x55f5b95b6dc0_0, 0;
    %jmp T_3.1;
T_3.0 ;
    %load/vec4 v0x55f5b95b6cf0_0;
    %flag_set/vec4 8;
    %jmp/0xz  T_3.2, 8;
    %load/vec4 v0x55f5b95b6c50_0;
    %assign/vec4 v0x55f5b95b6dc0_0, 0;
    %jmp T_3.3;
T_3.2 ;
    %load/vec4 v0x55f5b95b6dc0_0;
    %assign/vec4 v0x55f5b95b6dc0_0, 0;
T_3.3 ;
T_3.1 ;
    %jmp T_3;
    .thread T_3;
    .scope S_0x55f5b958c460;
T_4 ;
    %wait E_0x55f5b9592380;
    %load/vec4 v0x55f5b958c660_0;
    %nor/r;
    %flag_set/vec4 8;
    %jmp/0xz  T_4.0, 8;
    %pushi/vec4 0, 0, 1;
    %assign/vec4 v0x55f5b95b6720_0, 0;
    %jmp T_4.1;
T_4.0 ;
    %load/vec4 v0x55f5b95b6660_0;
    %flag_set/vec4 8;
    %jmp/0xz  T_4.2, 8;
    %load/vec4 v0x55f5b95b65c0_0;
    %assign/vec4 v0x55f5b95b6720_0, 0;
    %jmp T_4.3;
T_4.2 ;
    %load/vec4 v0x55f5b95b6720_0;
    %assign/vec4 v0x55f5b95b6720_0, 0;
T_4.3 ;
T_4.1 ;
    %jmp T_4;
    .thread T_4;
    .scope S_0x55f5b9587300;
T_5 ;
    %vpi_call/w 3 17 "$dumpfile", "waves/dump.vcd" {0 0 0};
    %vpi_call/w 3 18 "$dumpvars", 32'sb00000000000000000000000000000000, S_0x55f5b9587300 {0 0 0};
    %end;
    .thread T_5;
    .scope S_0x55f5b9587300;
T_6 ;
    %pushi/vec4 0, 0, 1;
    %store/vec4 v0x55f5b95b9cd0_0, 0, 1;
T_6.0 ;
    %delay 5000, 0;
    %load/vec4 v0x55f5b95b9cd0_0;
    %inv;
    %store/vec4 v0x55f5b95b9cd0_0, 0, 1;
    %jmp T_6.0;
    %end;
    .thread T_6;
    .scope S_0x55f5b9587300;
T_7 ;
    %pushi/vec4 0, 0, 1;
    %store/vec4 v0x55f5b95b9d70_0, 0, 1;
    %pushi/vec4 0, 0, 1;
    %store/vec4 v0x55f5b95b9c10_0, 0, 1;
    %end;
    .thread T_7;
    .scope S_0x55f5b9587300;
T_8 ;
    %delay 10000, 0;
    %pushi/vec4 1, 0, 1;
    %store/vec4 v0x55f5b95b9c10_0, 0, 1;
    %delay 7000, 0;
    %pushi/vec4 1, 0, 1;
    %store/vec4 v0x55f5b95b9d70_0, 0, 1;
    %pushi/vec4 30, 0, 32;
T_8.0 %dup/vec4;
    %pushi/vec4 0, 0, 32;
    %cmp/s;
    %jmp/1xz T_8.1, 5;
    %jmp/1 T_8.1, 4;
    %pushi/vec4 1, 0, 32;
    %sub;
    %wait E_0x55f5b9591c40;
    %fork TD_tb_mod_10.check, S_0x55f5b9585e70;
    %join;
    %jmp T_8.0;
T_8.1 ;
    %pop/vec4 1;
    %delay 10000, 0;
    %vpi_call/w 3 45 "$finish" {0 0 0};
    %end;
    .thread T_8;
# The file index is used to find the file name in the following table.
:file_names 6;
    "N/A";
    "<interactive>";
    "-";
    "tb/tb_mod_10.v";
    "rtl/mod_10.v";
    "rtl/D.v";
