#! /usr/bin/vvp
:ivl_version "12.0 (stable)";
:ivl_delay_selection "TYPICAL";
:vpi_time_precision - 12;
:vpi_module "/usr/lib/x86_64-linux-gnu/ivl/system.vpi";
:vpi_module "/usr/lib/x86_64-linux-gnu/ivl/vhdl_sys.vpi";
:vpi_module "/usr/lib/x86_64-linux-gnu/ivl/vhdl_textio.vpi";
:vpi_module "/usr/lib/x86_64-linux-gnu/ivl/v2005_math.vpi";
:vpi_module "/usr/lib/x86_64-linux-gnu/ivl/va_math.vpi";
:vpi_module "/usr/lib/x86_64-linux-gnu/ivl/v2009.vpi";
S_0x55765260ad20 .scope package, "$unit" "$unit" 2 1;
 .timescale 0 0;
S_0x55765260aeb0 .scope module, "tb_JK_latch" "tb_JK_latch" 3 2;
 .timescale -9 -12;
v0x5576526237e0_0 .var "areset_n", 0 0;
v0x5576526238a0_0 .var "clk", 0 0;
v0x557652623970_0 .var "j", 0 0;
v0x557652623a70_0 .var "k", 0 0;
v0x557652623b40_0 .net "q", 0 0, L_0x557652623f60;  1 drivers
v0x557652623c30_0 .net "qb", 0 0, L_0x557652624020;  1 drivers
S_0x5576525d0490 .scope task, "check" "check" 3 34, 3 34 0, S_0x55765260aeb0;
 .timescale -9 -12;
v0x5576525f7960_0 .var "a", 2 0;
v0x557652622d70_0 .var "b", 2 0;
E_0x557652609b00 .event negedge, v0x5576526231b0_0;
TD_tb_JK_latch.check ;
    %pushi/vec4 0, 0, 3;
    %store/vec4 v0x5576525f7960_0, 0, 3;
T_0.0 ;
    %load/vec4 v0x5576525f7960_0;
    %pad/u 32;
    %cmpi/u 2, 0, 32;
    %jmp/0xz T_0.1, 5;
    %pushi/vec4 0, 0, 3;
    %store/vec4 v0x557652622d70_0, 0, 3;
T_0.2 ;
    %load/vec4 v0x557652622d70_0;
    %pad/u 32;
    %cmpi/u 2, 0, 32;
    %jmp/0xz T_0.3, 5;
    %wait E_0x557652609b00;
    %load/vec4 v0x5576525f7960_0;
    %pad/u 1;
    %store/vec4 v0x557652623970_0, 0, 1;
    %wait E_0x557652609b00;
    %load/vec4 v0x557652622d70_0;
    %pad/u 1;
    %store/vec4 v0x557652623a70_0, 0, 1;
    %delay 1000, 0;
    %vpi_call/w 3 45 "$display", "j=%b | k=%b | q=%b | qb=%b", v0x557652623970_0, v0x557652623a70_0, v0x557652623b40_0, v0x557652623c30_0 {0 0 0};
    %load/vec4 v0x557652622d70_0;
    %addi 1, 0, 3;
    %store/vec4 v0x557652622d70_0, 0, 3;
    %jmp T_0.2;
T_0.3 ;
    %load/vec4 v0x5576525f7960_0;
    %addi 1, 0, 3;
    %store/vec4 v0x5576525f7960_0, 0, 3;
    %jmp T_0.0;
T_0.1 ;
    %end;
S_0x557652622e50 .scope module, "dut" "JK_latch" 3 15, 4 1 0, S_0x55765260aeb0;
 .timescale 0 0;
    .port_info 0 /INPUT 1 "clk";
    .port_info 1 /INPUT 1 "areset_n";
    .port_info 2 /INPUT 1 "j";
    .port_info 3 /INPUT 1 "k";
    .port_info 4 /OUTPUT 1 "q";
    .port_info 5 /OUTPUT 1 "qb";
L_0x5576525f7840 .functor NAND 1, v0x557652623970_0, v0x5576526238a0_0, L_0x557652624020, C4<1>;
L_0x557652623e50 .functor NAND 1, v0x557652623a70_0, v0x5576526238a0_0, L_0x557652623f60, C4<1>;
L_0x557652623f60 .functor NAND 1, L_0x5576525f7840, L_0x557652624020, C4<1>, C4<1>;
L_0x557652624020 .functor NAND 1, L_0x557652623e50, L_0x557652623f60, v0x5576526237e0_0, C4<1>;
v0x5576526230f0_0 .net "areset_n", 0 0, v0x5576526237e0_0;  1 drivers
v0x5576526231b0_0 .net "clk", 0 0, v0x5576526238a0_0;  1 drivers
v0x557652623270_0 .net "j", 0 0, v0x557652623970_0;  1 drivers
v0x557652623310_0 .net "k", 0 0, v0x557652623a70_0;  1 drivers
v0x5576526233d0_0 .net "q", 0 0, L_0x557652623f60;  alias, 1 drivers
v0x5576526234e0_0 .net "qb", 0 0, L_0x557652624020;  alias, 1 drivers
v0x5576526235a0_0 .net "w1", 0 0, L_0x5576525f7840;  1 drivers
v0x557652623660_0 .net "w2", 0 0, L_0x557652623e50;  1 drivers
    .scope S_0x55765260aeb0;
T_1 ;
    %vpi_call/w 3 11 "$dumpfile", "waves/dump.vcd" {0 0 0};
    %vpi_call/w 3 12 "$dumpvars", 32'sb00000000000000000000000000000000, S_0x55765260aeb0 {0 0 0};
    %end;
    .thread T_1;
    .scope S_0x55765260aeb0;
T_2 ;
    %pushi/vec4 0, 0, 1;
    %store/vec4 v0x5576526238a0_0, 0, 1;
T_2.0 ;
    %delay 2000, 0;
    %load/vec4 v0x5576526238a0_0;
    %inv;
    %store/vec4 v0x5576526238a0_0, 0, 1;
    %jmp T_2.0;
    %end;
    .thread T_2;
    .scope S_0x55765260aeb0;
T_3 ;
    %pushi/vec4 0, 0, 1;
    %store/vec4 v0x557652623970_0, 0, 1;
    %pushi/vec4 0, 0, 1;
    %store/vec4 v0x557652623a70_0, 0, 1;
    %pushi/vec4 0, 0, 1;
    %store/vec4 v0x5576526237e0_0, 0, 1;
    %end;
    .thread T_3;
    .scope S_0x55765260aeb0;
T_4 ;
    %delay 10000, 0;
    %pushi/vec4 1, 0, 1;
    %store/vec4 v0x5576526237e0_0, 0, 1;
    %fork TD_tb_JK_latch.check, S_0x5576525d0490;
    %join;
    %fork TD_tb_JK_latch.check, S_0x5576525d0490;
    %join;
    %delay 50000, 0;
    %vpi_call/w 3 62 "$finish" {0 0 0};
    %end;
    .thread T_4;
# The file index is used to find the file name in the following table.
:file_names 5;
    "N/A";
    "<interactive>";
    "-";
    "tb/tb_JK_latch.v";
    "rtl/JK_latch.v";
