#! /usr/bin/vvp
:ivl_version "12.0 (stable)";
:ivl_delay_selection "TYPICAL";
:vpi_time_precision - 12;
:vpi_module "/usr/lib/x86_64-linux-gnu/ivl/system.vpi";
:vpi_module "/usr/lib/x86_64-linux-gnu/ivl/vhdl_sys.vpi";
:vpi_module "/usr/lib/x86_64-linux-gnu/ivl/vhdl_textio.vpi";
:vpi_module "/usr/lib/x86_64-linux-gnu/ivl/v2005_math.vpi";
:vpi_module "/usr/lib/x86_64-linux-gnu/ivl/va_math.vpi";
:vpi_module "/usr/lib/x86_64-linux-gnu/ivl/v2009.vpi";
S_0x5576a9ccfa60 .scope package, "$unit" "$unit" 2 1;
 .timescale 0 0;
S_0x5576a9ccfbf0 .scope module, "tb_2_in_mux" "tb_2_in_mux" 3 2;
 .timescale -9 -12;
v0x5576a9ceae40_0 .var "a", 0 0;
v0x5576a9ceaf00_0 .var "b", 0 0;
v0x5576a9ceafd0_0 .var/i "fail", 31 0;
v0x5576a9ceb0a0_0 .net "out", 0 0, L_0x5576a9ceb300;  1 drivers
v0x5576a9ceb170_0 .var/i "pass", 31 0;
v0x5576a9ceb260_0 .var "sel", 0 0;
S_0x5576a9c96490 .scope task, "check" "check" 3 16, 3 16 0, S_0x5576a9ccfbf0;
 .timescale -9 -12;
v0x5576a9c96670_0 .var "exp_out", 0 0;
v0x5576a9cea5f0_0 .var "t_a", 0 0;
v0x5576a9cea6b0_0 .var "t_b", 0 0;
v0x5576a9cea750_0 .var "t_sel", 0 0;
TD_tb_2_in_mux.check ;
    %load/vec4 v0x5576a9cea5f0_0;
    %store/vec4 v0x5576a9ceae40_0, 0, 1;
    %load/vec4 v0x5576a9cea6b0_0;
    %store/vec4 v0x5576a9ceaf00_0, 0, 1;
    %load/vec4 v0x5576a9cea750_0;
    %store/vec4 v0x5576a9ceb260_0, 0, 1;
    %delay 10000, 0;
    %load/vec4 v0x5576a9ceb0a0_0;
    %load/vec4 v0x5576a9c96670_0;
    %cmp/e;
    %jmp/0xz  T_0.0, 6;
    %vpi_call/w 3 23 "$display", "Pass | a=%b b=%b sel=%b | out=%b", v0x5576a9cea5f0_0, v0x5576a9cea6b0_0, v0x5576a9cea750_0, v0x5576a9ceb0a0_0 {0 0 0};
    %load/vec4 v0x5576a9ceb170_0;
    %addi 1, 0, 32;
    %store/vec4 v0x5576a9ceb170_0, 0, 32;
    %jmp T_0.1;
T_0.0 ;
    %vpi_call/w 3 27 "$display", "Fail | a=%b b=%b sel=%b | out=%b |exp_out=%b", v0x5576a9cea5f0_0, v0x5576a9cea6b0_0, v0x5576a9cea750_0, v0x5576a9ceb0a0_0, v0x5576a9c96670_0 {0 0 0};
    %load/vec4 v0x5576a9ceafd0_0;
    %addi 1, 0, 32;
    %store/vec4 v0x5576a9ceafd0_0, 0, 32;
T_0.1 ;
    %end;
S_0x5576a9cea810 .scope module, "uut" "mux_2in" 3 8, 4 1 0, S_0x5576a9ccfbf0;
 .timescale 0 0;
    .port_info 0 /INPUT 1 "a";
    .port_info 1 /INPUT 1 "b";
    .port_info 2 /INPUT 1 "sel";
    .port_info 3 /OUTPUT 1 "out";
v0x5576a9ceaa80_0 .net "a", 0 0, v0x5576a9ceae40_0;  1 drivers
v0x5576a9ceab40_0 .net "b", 0 0, v0x5576a9ceaf00_0;  1 drivers
v0x5576a9ceac00_0 .net "out", 0 0, L_0x5576a9ceb300;  alias, 1 drivers
v0x5576a9ceacd0_0 .net "sel", 0 0, v0x5576a9ceb260_0;  1 drivers
L_0x5576a9ceb300 .functor MUXZ 1, v0x5576a9ceae40_0, v0x5576a9ceaf00_0, v0x5576a9ceb260_0, C4<>;
    .scope S_0x5576a9ccfbf0;
T_1 ;
    %pushi/vec4 0, 0, 32;
    %store/vec4 v0x5576a9ceb170_0, 0, 32;
    %pushi/vec4 0, 0, 32;
    %store/vec4 v0x5576a9ceafd0_0, 0, 32;
    %end;
    .thread T_1, $init;
    .scope S_0x5576a9ccfbf0;
T_2 ;
    %vpi_call/w 3 11 "$dumpfile", "waves/dump.vcd" {0 0 0};
    %vpi_call/w 3 12 "$dumpvars", 32'sb00000000000000000000000000000000, S_0x5576a9ccfbf0 {0 0 0};
    %end;
    .thread T_2;
    .scope S_0x5576a9ccfbf0;
T_3 ;
    %pushi/vec4 0, 0, 1;
    %store/vec4 v0x5576a9cea5f0_0, 0, 1;
    %pushi/vec4 0, 0, 1;
    %store/vec4 v0x5576a9cea6b0_0, 0, 1;
    %pushi/vec4 0, 0, 1;
    %store/vec4 v0x5576a9cea750_0, 0, 1;
    %pushi/vec4 0, 0, 1;
    %store/vec4 v0x5576a9c96670_0, 0, 1;
    %fork TD_tb_2_in_mux.check, S_0x5576a9c96490;
    %join;
    %pushi/vec4 0, 0, 1;
    %store/vec4 v0x5576a9cea5f0_0, 0, 1;
    %pushi/vec4 0, 0, 1;
    %store/vec4 v0x5576a9cea6b0_0, 0, 1;
    %pushi/vec4 1, 0, 1;
    %store/vec4 v0x5576a9cea750_0, 0, 1;
    %pushi/vec4 0, 0, 1;
    %store/vec4 v0x5576a9c96670_0, 0, 1;
    %fork TD_tb_2_in_mux.check, S_0x5576a9c96490;
    %join;
    %pushi/vec4 0, 0, 1;
    %store/vec4 v0x5576a9cea5f0_0, 0, 1;
    %pushi/vec4 1, 0, 1;
    %store/vec4 v0x5576a9cea6b0_0, 0, 1;
    %pushi/vec4 0, 0, 1;
    %store/vec4 v0x5576a9cea750_0, 0, 1;
    %pushi/vec4 0, 0, 1;
    %store/vec4 v0x5576a9c96670_0, 0, 1;
    %fork TD_tb_2_in_mux.check, S_0x5576a9c96490;
    %join;
    %pushi/vec4 0, 0, 1;
    %store/vec4 v0x5576a9cea5f0_0, 0, 1;
    %pushi/vec4 1, 0, 1;
    %store/vec4 v0x5576a9cea6b0_0, 0, 1;
    %pushi/vec4 1, 0, 1;
    %store/vec4 v0x5576a9cea750_0, 0, 1;
    %pushi/vec4 1, 0, 1;
    %store/vec4 v0x5576a9c96670_0, 0, 1;
    %fork TD_tb_2_in_mux.check, S_0x5576a9c96490;
    %join;
    %pushi/vec4 1, 0, 1;
    %store/vec4 v0x5576a9cea5f0_0, 0, 1;
    %pushi/vec4 0, 0, 1;
    %store/vec4 v0x5576a9cea6b0_0, 0, 1;
    %pushi/vec4 0, 0, 1;
    %store/vec4 v0x5576a9cea750_0, 0, 1;
    %pushi/vec4 1, 0, 1;
    %store/vec4 v0x5576a9c96670_0, 0, 1;
    %fork TD_tb_2_in_mux.check, S_0x5576a9c96490;
    %join;
    %pushi/vec4 1, 0, 1;
    %store/vec4 v0x5576a9cea5f0_0, 0, 1;
    %pushi/vec4 0, 0, 1;
    %store/vec4 v0x5576a9cea6b0_0, 0, 1;
    %pushi/vec4 1, 0, 1;
    %store/vec4 v0x5576a9cea750_0, 0, 1;
    %pushi/vec4 0, 0, 1;
    %store/vec4 v0x5576a9c96670_0, 0, 1;
    %fork TD_tb_2_in_mux.check, S_0x5576a9c96490;
    %join;
    %pushi/vec4 1, 0, 1;
    %store/vec4 v0x5576a9cea5f0_0, 0, 1;
    %pushi/vec4 1, 0, 1;
    %store/vec4 v0x5576a9cea6b0_0, 0, 1;
    %pushi/vec4 0, 0, 1;
    %store/vec4 v0x5576a9cea750_0, 0, 1;
    %pushi/vec4 1, 0, 1;
    %store/vec4 v0x5576a9c96670_0, 0, 1;
    %fork TD_tb_2_in_mux.check, S_0x5576a9c96490;
    %join;
    %pushi/vec4 1, 0, 1;
    %store/vec4 v0x5576a9cea5f0_0, 0, 1;
    %pushi/vec4 1, 0, 1;
    %store/vec4 v0x5576a9cea6b0_0, 0, 1;
    %pushi/vec4 1, 0, 1;
    %store/vec4 v0x5576a9cea750_0, 0, 1;
    %pushi/vec4 1, 0, 1;
    %store/vec4 v0x5576a9c96670_0, 0, 1;
    %fork TD_tb_2_in_mux.check, S_0x5576a9c96490;
    %join;
    %vpi_call/w 3 41 "$display", "Test summary: %d Passed | %d Failed", v0x5576a9ceb170_0, v0x5576a9ceafd0_0 {0 0 0};
    %vpi_call/w 3 42 "$finish" {0 0 0};
    %end;
    .thread T_3;
# The file index is used to find the file name in the following table.
:file_names 5;
    "N/A";
    "<interactive>";
    "-";
    "tb/tb_2_in_mux.v";
    "rtl/mux_2in.v";
