#! /usr/bin/vvp
:ivl_version "12.0 (stable)";
:ivl_delay_selection "TYPICAL";
:vpi_time_precision - 12;
:vpi_module "/usr/lib/x86_64-linux-gnu/ivl/system.vpi";
:vpi_module "/usr/lib/x86_64-linux-gnu/ivl/vhdl_sys.vpi";
:vpi_module "/usr/lib/x86_64-linux-gnu/ivl/vhdl_textio.vpi";
:vpi_module "/usr/lib/x86_64-linux-gnu/ivl/v2005_math.vpi";
:vpi_module "/usr/lib/x86_64-linux-gnu/ivl/va_math.vpi";
:vpi_module "/usr/lib/x86_64-linux-gnu/ivl/v2009.vpi";
S_0x55c199861eb0 .scope package, "$unit" "$unit" 2 1;
 .timescale 0 0;
S_0x55c199862040 .scope module, "tb_register_file" "tb_register_file" 3 2;
 .timescale -9 -12;
P_0x55c199856160 .param/l "DEPTH" 0 3 3, +C4<00000000000000000000000000010000>;
P_0x55c1998561a0 .param/l "WIDTH" 0 3 4, +C4<00000000000000000000000000001000>;
v0x55c1998970c0_0 .var/i "FAIL", 31 0;
v0x55c1998971c0_0 .var/i "PASS", 31 0;
v0x55c1998972a0_0 .var "clk", 0 0;
v0x55c1998973a0_0 .var "exp_rd_data_a", 7 0;
v0x55c199897440_0 .var "exp_rd_data_b", 7 0;
v0x55c199897570_0 .var/i "i", 31 0;
v0x55c199897650_0 .var "pattern", 7 0;
v0x55c199897730_0 .var "rd_addr_a", 3 0;
v0x55c1998977f0_0 .var "rd_addr_b", 3 0;
v0x55c199897950_0 .net "rd_data_a", 7 0, L_0x55c199853520;  1 drivers
v0x55c199897a20_0 .net "rd_data_b", 7 0, L_0x55c199898360;  1 drivers
v0x55c199897af0 .array "t_mem", 15 0, 7 0;
v0x55c199897b90_0 .var "we", 0 0;
v0x55c199897c60_0 .var "wr_addr", 3 0;
v0x55c199897d30_0 .var "wr_data", 7 0;
S_0x55c199825490 .scope module, "dut" "register_file" 3 26, 4 1 0, S_0x55c199862040;
 .timescale 0 0;
    .port_info 0 /INPUT 1 "clk";
    .port_info 1 /INPUT 1 "we";
    .port_info 2 /INPUT 4 "wr_addr";
    .port_info 3 /INPUT 8 "wr_data";
    .port_info 4 /INPUT 4 "rd_addr_a";
    .port_info 5 /OUTPUT 8 "rd_data_a";
    .port_info 6 /INPUT 4 "rd_addr_b";
    .port_info 7 /OUTPUT 8 "rd_data_b";
P_0x55c19985bb60 .param/l "DEPTH" 0 4 2, +C4<00000000000000000000000000010000>;
P_0x55c19985bba0 .param/l "WIDTH" 0 4 3, +C4<00000000000000000000000000001000>;
L_0x55c199853520 .functor BUFZ 8, L_0x55c199897e00, C4<00000000>, C4<00000000>, C4<00000000>;
L_0x55c199898360 .functor BUFZ 8, L_0x55c199898100, C4<00000000>, C4<00000000>, C4<00000000>;
v0x55c199853640_0 .net *"_ivl_0", 7 0, L_0x55c199897e00;  1 drivers
v0x55c199895a30_0 .net *"_ivl_10", 5 0, L_0x55c1998981a0;  1 drivers
L_0x7fb0af445060 .functor BUFT 1, C4<00>, C4<0>, C4<0>, C4<0>;
v0x55c199895b10_0 .net *"_ivl_13", 1 0, L_0x7fb0af445060;  1 drivers
v0x55c199895c00_0 .net *"_ivl_2", 5 0, L_0x55c199897f00;  1 drivers
L_0x7fb0af445018 .functor BUFT 1, C4<00>, C4<0>, C4<0>, C4<0>;
v0x55c199895ce0_0 .net *"_ivl_5", 1 0, L_0x7fb0af445018;  1 drivers
v0x55c199895e10_0 .net *"_ivl_8", 7 0, L_0x55c199898100;  1 drivers
v0x55c199895ef0_0 .net "clk", 0 0, v0x55c1998972a0_0;  1 drivers
v0x55c199895fb0 .array "mem", 15 0, 7 0;
v0x55c199896070_0 .net "rd_addr_a", 3 0, v0x55c199897730_0;  1 drivers
v0x55c199896150_0 .net "rd_addr_b", 3 0, v0x55c1998977f0_0;  1 drivers
v0x55c199896230_0 .net "rd_data_a", 7 0, L_0x55c199853520;  alias, 1 drivers
v0x55c199896310_0 .net "rd_data_b", 7 0, L_0x55c199898360;  alias, 1 drivers
v0x55c1998963f0_0 .net "we", 0 0, v0x55c199897b90_0;  1 drivers
v0x55c1998964b0_0 .net "wr_addr", 3 0, v0x55c199897c60_0;  1 drivers
v0x55c199896590_0 .net "wr_data", 7 0, v0x55c199897d30_0;  1 drivers
E_0x55c199825e00 .event posedge, v0x55c199895ef0_0;
L_0x55c199897e00 .array/port v0x55c199895fb0, L_0x55c199897f00;
L_0x55c199897f00 .concat [ 4 2 0 0], v0x55c199897730_0, L_0x7fb0af445018;
L_0x55c199898100 .array/port v0x55c199895fb0, L_0x55c1998981a0;
L_0x55c1998981a0 .concat [ 4 2 0 0], v0x55c1998977f0_0, L_0x7fb0af445060;
S_0x55c199896770 .scope task, "read_a" "read_a" 3 54, 3 54 0, S_0x55c199862040;
 .timescale -9 -12;
v0x55c199896920_0 .var "t_addr", 3 0;
TD_tb_register_file.read_a ;
    %load/vec4 v0x55c199896920_0;
    %store/vec4 v0x55c199897730_0, 0, 4;
    %load/vec4 v0x55c199896920_0;
    %pad/u 6;
    %ix/vec4 4;
    %load/vec4a v0x55c199897af0, 4;
    %store/vec4 v0x55c1998973a0_0, 0, 8;
    %delay 1000, 0;
    %load/vec4 v0x55c199897950_0;
    %load/vec4 v0x55c1998973a0_0;
    %cmp/e;
    %jmp/0xz  T_0.0, 6;
    %vpi_call/w 3 62 "$display", "PASS | rd_addr_a = %h | rd_data_a = %h | exp_rd_data_a = %h", v0x55c199897730_0, v0x55c199897950_0, v0x55c1998973a0_0 {0 0 0};
    %load/vec4 v0x55c1998971c0_0;
    %addi 1, 0, 32;
    %store/vec4 v0x55c1998971c0_0, 0, 32;
    %jmp T_0.1;
T_0.0 ;
    %vpi_call/w 3 66 "$display", "FAIL | rd_addr_a = %h | rd_data_a = %h | exp_rd_data_a = %h", v0x55c199897730_0, v0x55c199897950_0, v0x55c1998973a0_0 {0 0 0};
    %load/vec4 v0x55c1998970c0_0;
    %addi 1, 0, 32;
    %store/vec4 v0x55c1998970c0_0, 0, 32;
T_0.1 ;
    %end;
S_0x55c199896a00 .scope task, "read_b" "read_b" 3 73, 3 73 0, S_0x55c199862040;
 .timescale -9 -12;
v0x55c199896be0_0 .var "t_addr", 3 0;
TD_tb_register_file.read_b ;
    %load/vec4 v0x55c199896be0_0;
    %store/vec4 v0x55c1998977f0_0, 0, 4;
    %load/vec4 v0x55c199896be0_0;
    %pad/u 6;
    %ix/vec4 4;
    %load/vec4a v0x55c199897af0, 4;
    %store/vec4 v0x55c199897440_0, 0, 8;
    %delay 1000, 0;
    %load/vec4 v0x55c199897a20_0;
    %load/vec4 v0x55c199897440_0;
    %cmp/e;
    %jmp/0xz  T_1.2, 6;
    %vpi_call/w 3 81 "$display", "PASS | rd_addr_b = %h | rd_data_b = %h | exp_rd_data_b = %h", v0x55c1998977f0_0, v0x55c199897a20_0, v0x55c199897440_0 {0 0 0};
    %load/vec4 v0x55c1998971c0_0;
    %addi 1, 0, 32;
    %store/vec4 v0x55c1998971c0_0, 0, 32;
    %jmp T_1.3;
T_1.2 ;
    %vpi_call/w 3 85 "$display", "FAIL | rd_addr_b = %h | rd_data_b = %h | exp_rd_data_b = %h", v0x55c1998977f0_0, v0x55c199897a20_0, v0x55c199897440_0 {0 0 0};
    %load/vec4 v0x55c1998970c0_0;
    %addi 1, 0, 32;
    %store/vec4 v0x55c1998970c0_0, 0, 32;
T_1.3 ;
    %end;
S_0x55c199896cc0 .scope task, "write" "write" 3 92, 3 92 0, S_0x55c199862040;
 .timescale -9 -12;
v0x55c199896ee0_0 .var "t_addr", 3 0;
v0x55c199896fe0_0 .var "t_wr_data", 7 0;
E_0x55c19985ea40 .event negedge, v0x55c199895ef0_0;
TD_tb_register_file.write ;
    %wait E_0x55c19985ea40;
    %load/vec4 v0x55c199896ee0_0;
    %store/vec4 v0x55c199897c60_0, 0, 4;
    %load/vec4 v0x55c199896fe0_0;
    %store/vec4 v0x55c199897d30_0, 0, 8;
    %wait E_0x55c199825e00;
    %load/vec4 v0x55c199897b90_0;
    %flag_set/vec4 8;
    %jmp/0xz  T_2.4, 8;
    %load/vec4 v0x55c199896fe0_0;
    %load/vec4 v0x55c199896ee0_0;
    %pad/u 6;
    %ix/vec4 4;
    %store/vec4a v0x55c199897af0, 4, 0;
T_2.4 ;
    %end;
    .scope S_0x55c199825490;
T_3 ;
    %wait E_0x55c199825e00;
    %load/vec4 v0x55c1998963f0_0;
    %flag_set/vec4 8;
    %jmp/0xz  T_3.0, 8;
    %load/vec4 v0x55c199896590_0;
    %load/vec4 v0x55c1998964b0_0;
    %pad/u 6;
    %ix/vec4 3;
    %ix/load 4, 0, 0; Constant delay
    %assign/vec4/a/d v0x55c199895fb0, 0, 4;
T_3.0 ;
    %jmp T_3;
    .thread T_3;
    .scope S_0x55c199862040;
T_4 ;
    %pushi/vec4 0, 0, 32;
    %store/vec4 v0x55c1998971c0_0, 0, 32;
    %pushi/vec4 0, 0, 32;
    %store/vec4 v0x55c1998970c0_0, 0, 32;
    %end;
    .thread T_4, $init;
    .scope S_0x55c199862040;
T_5 ;
    %vpi_call/w 3 38 "$dumpfile", "waves/dump.vcd" {0 0 0};
    %vpi_call/w 3 39 "$dumpvars", 32'sb00000000000000000000000000000000, S_0x55c199862040 {0 0 0};
    %end;
    .thread T_5;
    .scope S_0x55c199862040;
T_6 ;
    %pushi/vec4 0, 0, 1;
    %store/vec4 v0x55c1998972a0_0, 0, 1;
    %pushi/vec4 0, 0, 1;
    %store/vec4 v0x55c199897b90_0, 0, 1;
    %pushi/vec4 0, 0, 4;
    %store/vec4 v0x55c199897c60_0, 0, 4;
    %pushi/vec4 0, 0, 8;
    %store/vec4 v0x55c199897d30_0, 0, 8;
    %pushi/vec4 0, 0, 4;
    %store/vec4 v0x55c199897730_0, 0, 4;
    %pushi/vec4 0, 0, 4;
    %store/vec4 v0x55c1998977f0_0, 0, 4;
    %pushi/vec4 255, 255, 8;
    %store/vec4 v0x55c1998973a0_0, 0, 8;
    %pushi/vec4 255, 255, 8;
    %store/vec4 v0x55c199897440_0, 0, 8;
T_6.0 ;
    %delay 5000, 0;
    %load/vec4 v0x55c1998972a0_0;
    %inv;
    %store/vec4 v0x55c1998972a0_0, 0, 1;
    %jmp T_6.0;
    %end;
    .thread T_6;
    .scope S_0x55c199862040;
T_7 ;
    %delay 3000, 0;
    %pushi/vec4 1, 0, 1;
    %store/vec4 v0x55c199897b90_0, 0, 1;
    %pushi/vec4 0, 0, 32;
    %store/vec4 v0x55c199897570_0, 0, 32;
T_7.0 ;
    %load/vec4 v0x55c199897570_0;
    %cmpi/s 16, 0, 32;
    %jmp/0xz T_7.1, 5;
    %load/vec4 v0x55c199897570_0;
    %dup/vec4;
    %pushi/vec4 0, 0, 32;
    %cmp/u;
    %jmp/1 T_7.2, 6;
    %dup/vec4;
    %pushi/vec4 1, 0, 32;
    %cmp/u;
    %jmp/1 T_7.3, 6;
    %dup/vec4;
    %pushi/vec4 2, 0, 32;
    %cmp/u;
    %jmp/1 T_7.4, 6;
    %dup/vec4;
    %pushi/vec4 3, 0, 32;
    %cmp/u;
    %jmp/1 T_7.5, 6;
    %dup/vec4;
    %pushi/vec4 4, 0, 32;
    %cmp/u;
    %jmp/1 T_7.6, 6;
    %dup/vec4;
    %pushi/vec4 5, 0, 32;
    %cmp/u;
    %jmp/1 T_7.7, 6;
    %dup/vec4;
    %pushi/vec4 6, 0, 32;
    %cmp/u;
    %jmp/1 T_7.8, 6;
    %dup/vec4;
    %pushi/vec4 7, 0, 32;
    %cmp/u;
    %jmp/1 T_7.9, 6;
    %dup/vec4;
    %pushi/vec4 8, 0, 32;
    %cmp/u;
    %jmp/1 T_7.10, 6;
    %dup/vec4;
    %pushi/vec4 9, 0, 32;
    %cmp/u;
    %jmp/1 T_7.11, 6;
    %pushi/vec4 144, 0, 32;
    %load/vec4 v0x55c199897570_0;
    %add;
    %pad/u 8;
    %store/vec4 v0x55c199897650_0, 0, 8;
    %jmp T_7.13;
T_7.2 ;
    %pushi/vec4 255, 0, 8;
    %store/vec4 v0x55c199897650_0, 0, 8;
    %jmp T_7.13;
T_7.3 ;
    %pushi/vec4 0, 0, 8;
    %store/vec4 v0x55c199897650_0, 0, 8;
    %jmp T_7.13;
T_7.4 ;
    %pushi/vec4 240, 0, 8;
    %store/vec4 v0x55c199897650_0, 0, 8;
    %jmp T_7.13;
T_7.5 ;
    %pushi/vec4 15, 0, 8;
    %store/vec4 v0x55c199897650_0, 0, 8;
    %jmp T_7.13;
T_7.6 ;
    %pushi/vec4 170, 0, 8;
    %store/vec4 v0x55c199897650_0, 0, 8;
    %jmp T_7.13;
T_7.7 ;
    %pushi/vec4 85, 0, 8;
    %store/vec4 v0x55c199897650_0, 0, 8;
    %jmp T_7.13;
T_7.8 ;
    %pushi/vec4 16, 0, 8;
    %store/vec4 v0x55c199897650_0, 0, 8;
    %jmp T_7.13;
T_7.9 ;
    %pushi/vec4 1, 0, 8;
    %store/vec4 v0x55c199897650_0, 0, 8;
    %jmp T_7.13;
T_7.10 ;
    %pushi/vec4 128, 0, 8;
    %store/vec4 v0x55c199897650_0, 0, 8;
    %jmp T_7.13;
T_7.11 ;
    %pushi/vec4 8, 0, 8;
    %store/vec4 v0x55c199897650_0, 0, 8;
    %jmp T_7.13;
T_7.13 ;
    %pop/vec4 1;
    %load/vec4 v0x55c199897570_0;
    %pad/s 4;
    %store/vec4 v0x55c199896ee0_0, 0, 4;
    %load/vec4 v0x55c199897650_0;
    %store/vec4 v0x55c199896fe0_0, 0, 8;
    %fork TD_tb_register_file.write, S_0x55c199896cc0;
    %join;
    %load/vec4 v0x55c199897570_0;
    %addi 1, 0, 32;
    %store/vec4 v0x55c199897570_0, 0, 32;
    %jmp T_7.0;
T_7.1 ;
    %pushi/vec4 0, 0, 1;
    %store/vec4 v0x55c199897b90_0, 0, 1;
    %delay 8000, 0;
    %pushi/vec4 0, 0, 32;
    %store/vec4 v0x55c199897570_0, 0, 32;
T_7.14 ;
    %load/vec4 v0x55c199897570_0;
    %cmpi/s 8, 0, 32;
    %jmp/0xz T_7.15, 5;
    %delay 5000, 0;
    %load/vec4 v0x55c199897570_0;
    %muli 2, 0, 32;
    %pad/s 4;
    %store/vec4 v0x55c199896920_0, 0, 4;
    %fork TD_tb_register_file.read_a, S_0x55c199896770;
    %join;
    %delay 5000, 0;
    %load/vec4 v0x55c199897570_0;
    %muli 2, 0, 32;
    %addi 1, 0, 32;
    %pad/s 4;
    %store/vec4 v0x55c199896be0_0, 0, 4;
    %fork TD_tb_register_file.read_b, S_0x55c199896a00;
    %join;
    %load/vec4 v0x55c199897570_0;
    %addi 1, 0, 32;
    %store/vec4 v0x55c199897570_0, 0, 32;
    %jmp T_7.14;
T_7.15 ;
    %delay 8000, 0;
    %pushi/vec4 7, 0, 4;
    %store/vec4 v0x55c199897730_0, 0, 4;
    %ix/load 4, 7, 0;
    %flag_set/imm 4, 0;
    %load/vec4a v0x55c199897af0, 4;
    %store/vec4 v0x55c1998973a0_0, 0, 8;
    %pushi/vec4 7, 0, 4;
    %store/vec4 v0x55c1998977f0_0, 0, 4;
    %ix/load 4, 7, 0;
    %flag_set/imm 4, 0;
    %load/vec4a v0x55c199897af0, 4;
    %store/vec4 v0x55c199897440_0, 0, 8;
    %delay 1000, 0;
    %load/vec4 v0x55c1998973a0_0;
    %load/vec4 v0x55c199897440_0;
    %cmp/e;
    %flag_get/vec4 6;
    %jmp/0 T_7.18, 6;
    %load/vec4 v0x55c199897950_0;
    %load/vec4 v0x55c199897a20_0;
    %cmp/e;
    %flag_get/vec4 6;
    %and;
T_7.18;
    %flag_set/vec4 8;
    %jmp/0xz  T_7.16, 8;
    %vpi_call/w 3 143 "$display", "PASS | address = %h | rd_data_a = %h | rd_data_b = %h", 4'b0111, v0x55c199897950_0, v0x55c199897a20_0 {0 0 0};
    %load/vec4 v0x55c1998971c0_0;
    %addi 1, 0, 32;
    %store/vec4 v0x55c1998971c0_0, 0, 32;
    %jmp T_7.17;
T_7.16 ;
    %vpi_call/w 3 147 "$display", "FAIL | address = %h | rd_data_a = %h | rd_data_b = %h", 4'b0111, v0x55c199897950_0, v0x55c199897a20_0 {0 0 0};
    %load/vec4 v0x55c1998970c0_0;
    %addi 1, 0, 32;
    %store/vec4 v0x55c1998970c0_0, 0, 32;
T_7.17 ;
    %delay 12000, 0;
    %pushi/vec4 7, 0, 4;
    %store/vec4 v0x55c199897c60_0, 0, 4;
    %pushi/vec4 255, 0, 8;
    %store/vec4 v0x55c199897d30_0, 0, 8;
    %pushi/vec4 7, 0, 4;
    %store/vec4 v0x55c199897730_0, 0, 4;
    %delay 20000, 0;
    %delay 12000, 0;
    %pushi/vec4 1, 0, 1;
    %store/vec4 v0x55c199897b90_0, 0, 1;
    %pushi/vec4 7, 0, 4;
    %store/vec4 v0x55c199897c60_0, 0, 4;
    %pushi/vec4 255, 0, 8;
    %store/vec4 v0x55c199897d30_0, 0, 8;
    %pushi/vec4 7, 0, 4;
    %store/vec4 v0x55c199897730_0, 0, 4;
    %delay 20000, 0;
    %vpi_call/w 3 166 "$display", "SUMMARY" {0 0 0};
    %vpi_call/w 3 167 "$display", "PASS = %d", v0x55c1998971c0_0 {0 0 0};
    %vpi_call/w 3 168 "$display", "FAIL = %d", v0x55c1998970c0_0 {0 0 0};
    %delay 10000, 0;
    %vpi_call/w 3 171 "$finish" {0 0 0};
    %end;
    .thread T_7;
# The file index is used to find the file name in the following table.
:file_names 5;
    "N/A";
    "<interactive>";
    "-";
    "tb/tb_register_file.v";
    "rtl/register_file.v";
