#! /usr/bin/vvp
:ivl_version "12.0 (stable)";
:ivl_delay_selection "TYPICAL";
:vpi_time_precision - 12;
:vpi_module "/usr/lib/x86_64-linux-gnu/ivl/system.vpi";
:vpi_module "/usr/lib/x86_64-linux-gnu/ivl/vhdl_sys.vpi";
:vpi_module "/usr/lib/x86_64-linux-gnu/ivl/vhdl_textio.vpi";
:vpi_module "/usr/lib/x86_64-linux-gnu/ivl/v2005_math.vpi";
:vpi_module "/usr/lib/x86_64-linux-gnu/ivl/va_math.vpi";
:vpi_module "/usr/lib/x86_64-linux-gnu/ivl/v2009.vpi";
S_0x55b1822fa490 .scope package, "$unit" "$unit" 2 1;
 .timescale 0 0;
S_0x55b1822fa620 .scope module, "tb_down_posedge" "tb_down_posedge" 3 3;
 .timescale -9 -12;
v0x55b182356a30_0 .var "areset_n", 0 0;
v0x55b182356af0_0 .var "clk", 0 0;
v0x55b182356bb0_0 .var "en", 0 0;
v0x55b182356ce0_0 .net "out", 2 0, L_0x55b182357590;  1 drivers
E_0x55b182336510 .event negedge, v0x55b182355920_0;
S_0x55b1823384b0 .scope task, "check" "check" 3 31, 3 31 0, S_0x55b1822fa620;
 .timescale -9 -12;
TD_tb_down_posedge.check ;
    %vpi_call/w 3 33 "$display", "en = %b | areset_n = %b | out = %b", v0x55b182356bb0_0, v0x55b182356a30_0, v0x55b182356ce0_0 {0 0 0};
    %end;
S_0x55b182338640 .scope module, "dut" "down_posedge" 3 9, 4 1 0, S_0x55b1822fa620;
 .timescale 0 0;
    .port_info 0 /INPUT 1 "clk";
    .port_info 1 /INPUT 1 "en";
    .port_info 2 /INPUT 1 "areset_n";
    .port_info 3 /OUTPUT 3 "out";
L_0x55b182356e80 .functor NOT 1, L_0x55b182356d80, C4<0>, C4<0>, C4<0>;
L_0x55b182357060 .functor NOT 1, L_0x55b182356fc0, C4<0>, C4<0>, C4<0>;
L_0x55b182357380 .functor NOT 1, L_0x55b1823572b0, C4<0>, C4<0>, C4<0>;
v0x55b182355d20_0 .net *"_ivl_1", 0 0, L_0x55b182356d80;  1 drivers
v0x55b182355e20_0 .net *"_ivl_17", 0 0, L_0x55b1823572b0;  1 drivers
v0x55b182355f00_0 .net *"_ivl_23", 0 0, L_0x55b1823576e0;  1 drivers
v0x55b182355fc0_0 .net *"_ivl_25", 0 0, L_0x55b182357820;  1 drivers
v0x55b1823560a0_0 .net *"_ivl_27", 0 0, L_0x55b182357960;  1 drivers
v0x55b1823561d0_0 .net *"_ivl_35", 0 0, L_0x55b182357ab0;  1 drivers
v0x55b1823562b0_0 .net *"_ivl_37", 0 0, L_0x55b182357b50;  1 drivers
v0x55b182356390_0 .net *"_ivl_39", 0 0, L_0x55b182357c60;  1 drivers
v0x55b182356470_0 .net *"_ivl_40", 2 0, L_0x55b182357d00;  1 drivers
v0x55b182356550_0 .net *"_ivl_9", 0 0, L_0x55b182356fc0;  1 drivers
v0x55b182356630_0 .net "areset_n", 0 0, v0x55b182356a30_0;  1 drivers
v0x55b1823566d0_0 .net "clk", 0 0, v0x55b182356af0_0;  1 drivers
v0x55b182356770_0 .net "en", 0 0, v0x55b182356bb0_0;  1 drivers
v0x55b182356810_0 .net "out", 2 0, L_0x55b182357590;  alias, 1 drivers
v0x55b1823568d0_0 .net "w", 2 0, L_0x55b182357420;  1 drivers
L_0x55b182356d80 .part L_0x55b182357420, 2, 1;
L_0x55b182356f20 .part L_0x55b182357420, 2, 1;
L_0x55b182356fc0 .part L_0x55b182357420, 1, 1;
L_0x55b182357150 .part L_0x55b182357420, 1, 1;
L_0x55b1823572b0 .part L_0x55b182357420, 0, 1;
L_0x55b182357420 .concat8 [ 1 1 1 0], v0x55b182354db0_0, v0x55b182355450_0, v0x55b182355b70_0;
L_0x55b182357590 .concat8 [ 1 1 1 0], L_0x55b182357960, L_0x55b182357820, L_0x55b1823576e0;
L_0x55b1823576e0 .part L_0x55b182357d00, 2, 1;
L_0x55b182357820 .part L_0x55b182357d00, 1, 1;
L_0x55b182357960 .part L_0x55b182357d00, 0, 1;
L_0x55b182357ab0 .part L_0x55b182357420, 0, 1;
L_0x55b182357b50 .part L_0x55b182357420, 1, 1;
L_0x55b182357c60 .part L_0x55b182357420, 2, 1;
L_0x55b182357d00 .concat [ 1 1 1 0], L_0x55b182357c60, L_0x55b182357b50, L_0x55b182357ab0;
S_0x55b182335e90 .scope module, "u0" "D" 4 25, 5 1 0, S_0x55b182338640;
 .timescale 0 0;
    .port_info 0 /INPUT 1 "clk";
    .port_info 1 /INPUT 1 "en";
    .port_info 2 /INPUT 1 "areset_n";
    .port_info 3 /INPUT 1 "d";
    .port_info 4 /OUTPUT 1 "q";
v0x55b182338890_0 .net "areset_n", 0 0, v0x55b182356a30_0;  alias, 1 drivers
v0x55b182354b90_0 .net "clk", 0 0, L_0x55b182357150;  1 drivers
v0x55b182354c50_0 .net "d", 0 0, L_0x55b182357380;  1 drivers
v0x55b182354cf0_0 .net "en", 0 0, v0x55b182356bb0_0;  alias, 1 drivers
v0x55b182354db0_0 .var "q", 0 0;
E_0x55b182336c50/0 .event negedge, v0x55b182338890_0;
E_0x55b182336c50/1 .event posedge, v0x55b182354b90_0;
E_0x55b182336c50 .event/or E_0x55b182336c50/0, E_0x55b182336c50/1;
S_0x55b182354f60 .scope module, "u1" "D" 4 17, 5 1 0, S_0x55b182338640;
 .timescale 0 0;
    .port_info 0 /INPUT 1 "clk";
    .port_info 1 /INPUT 1 "en";
    .port_info 2 /INPUT 1 "areset_n";
    .port_info 3 /INPUT 1 "d";
    .port_info 4 /OUTPUT 1 "q";
v0x55b182355180_0 .net "areset_n", 0 0, v0x55b182356a30_0;  alias, 1 drivers
v0x55b182355240_0 .net "clk", 0 0, L_0x55b182356f20;  1 drivers
v0x55b1823552e0_0 .net "d", 0 0, L_0x55b182357060;  1 drivers
v0x55b182355380_0 .net "en", 0 0, v0x55b182356bb0_0;  alias, 1 drivers
v0x55b182355450_0 .var "q", 0 0;
E_0x55b1823367a0/0 .event negedge, v0x55b182338890_0;
E_0x55b1823367a0/1 .event posedge, v0x55b182355240_0;
E_0x55b1823367a0 .event/or E_0x55b1823367a0/0, E_0x55b1823367a0/1;
S_0x55b1823555e0 .scope module, "u2" "D" 4 9, 5 1 0, S_0x55b182338640;
 .timescale 0 0;
    .port_info 0 /INPUT 1 "clk";
    .port_info 1 /INPUT 1 "en";
    .port_info 2 /INPUT 1 "areset_n";
    .port_info 3 /INPUT 1 "d";
    .port_info 4 /OUTPUT 1 "q";
v0x55b182355810_0 .net "areset_n", 0 0, v0x55b182356a30_0;  alias, 1 drivers
v0x55b182355920_0 .net "clk", 0 0, v0x55b182356af0_0;  alias, 1 drivers
v0x55b1823559e0_0 .net "d", 0 0, L_0x55b182356e80;  1 drivers
v0x55b182355a80_0 .net "en", 0 0, v0x55b182356bb0_0;  alias, 1 drivers
v0x55b182355b70_0 .var "q", 0 0;
E_0x55b182336f10/0 .event negedge, v0x55b182338890_0;
E_0x55b182336f10/1 .event posedge, v0x55b182355920_0;
E_0x55b182336f10 .event/or E_0x55b182336f10/0, E_0x55b182336f10/1;
    .scope S_0x55b1823555e0;
T_1 ;
    %wait E_0x55b182336f10;
    %load/vec4 v0x55b182355810_0;
    %nor/r;
    %flag_set/vec4 8;
    %jmp/0xz  T_1.0, 8;
    %pushi/vec4 0, 0, 1;
    %assign/vec4 v0x55b182355b70_0, 0;
    %jmp T_1.1;
T_1.0 ;
    %load/vec4 v0x55b182355a80_0;
    %flag_set/vec4 8;
    %jmp/0xz  T_1.2, 8;
    %load/vec4 v0x55b1823559e0_0;
    %assign/vec4 v0x55b182355b70_0, 0;
    %jmp T_1.3;
T_1.2 ;
    %load/vec4 v0x55b182355b70_0;
    %assign/vec4 v0x55b182355b70_0, 0;
T_1.3 ;
T_1.1 ;
    %jmp T_1;
    .thread T_1;
    .scope S_0x55b182354f60;
T_2 ;
    %wait E_0x55b1823367a0;
    %load/vec4 v0x55b182355180_0;
    %nor/r;
    %flag_set/vec4 8;
    %jmp/0xz  T_2.0, 8;
    %pushi/vec4 0, 0, 1;
    %assign/vec4 v0x55b182355450_0, 0;
    %jmp T_2.1;
T_2.0 ;
    %load/vec4 v0x55b182355380_0;
    %flag_set/vec4 8;
    %jmp/0xz  T_2.2, 8;
    %load/vec4 v0x55b1823552e0_0;
    %assign/vec4 v0x55b182355450_0, 0;
    %jmp T_2.3;
T_2.2 ;
    %load/vec4 v0x55b182355450_0;
    %assign/vec4 v0x55b182355450_0, 0;
T_2.3 ;
T_2.1 ;
    %jmp T_2;
    .thread T_2;
    .scope S_0x55b182335e90;
T_3 ;
    %wait E_0x55b182336c50;
    %load/vec4 v0x55b182338890_0;
    %nor/r;
    %flag_set/vec4 8;
    %jmp/0xz  T_3.0, 8;
    %pushi/vec4 0, 0, 1;
    %assign/vec4 v0x55b182354db0_0, 0;
    %jmp T_3.1;
T_3.0 ;
    %load/vec4 v0x55b182354cf0_0;
    %flag_set/vec4 8;
    %jmp/0xz  T_3.2, 8;
    %load/vec4 v0x55b182354c50_0;
    %assign/vec4 v0x55b182354db0_0, 0;
    %jmp T_3.3;
T_3.2 ;
    %load/vec4 v0x55b182354db0_0;
    %assign/vec4 v0x55b182354db0_0, 0;
T_3.3 ;
T_3.1 ;
    %jmp T_3;
    .thread T_3;
    .scope S_0x55b1822fa620;
T_4 ;
    %vpi_call/w 3 17 "$dumpfile", "waves/dump.vcd" {0 0 0};
    %vpi_call/w 3 18 "$dumpvars", 32'sb00000000000000000000000000000000, S_0x55b1822fa620 {0 0 0};
    %end;
    .thread T_4;
    .scope S_0x55b1822fa620;
T_5 ;
    %pushi/vec4 0, 0, 1;
    %store/vec4 v0x55b182356af0_0, 0, 1;
T_5.0 ;
    %delay 5000, 0;
    %load/vec4 v0x55b182356af0_0;
    %inv;
    %store/vec4 v0x55b182356af0_0, 0, 1;
    %jmp T_5.0;
    %end;
    .thread T_5;
    .scope S_0x55b1822fa620;
T_6 ;
    %pushi/vec4 0, 0, 1;
    %store/vec4 v0x55b182356bb0_0, 0, 1;
    %pushi/vec4 0, 0, 1;
    %store/vec4 v0x55b182356a30_0, 0, 1;
    %end;
    .thread T_6;
    .scope S_0x55b1822fa620;
T_7 ;
    %delay 10000, 0;
    %pushi/vec4 1, 0, 1;
    %store/vec4 v0x55b182356a30_0, 0, 1;
    %delay 7000, 0;
    %pushi/vec4 1, 0, 1;
    %store/vec4 v0x55b182356bb0_0, 0, 1;
    %pushi/vec4 20, 0, 32;
T_7.0 %dup/vec4;
    %pushi/vec4 0, 0, 32;
    %cmp/s;
    %jmp/1xz T_7.1, 5;
    %jmp/1 T_7.1, 4;
    %pushi/vec4 1, 0, 32;
    %sub;
    %wait E_0x55b182336510;
    %fork TD_tb_down_posedge.check, S_0x55b1823384b0;
    %join;
    %jmp T_7.0;
T_7.1 ;
    %pop/vec4 1;
    %delay 10000, 0;
    %vpi_call/w 3 45 "$finish" {0 0 0};
    %end;
    .thread T_7;
# The file index is used to find the file name in the following table.
:file_names 6;
    "N/A";
    "<interactive>";
    "-";
    "tb/tb_down_posedge.v";
    "rtl/down_posedge.v";
    "rtl/D.v";
