#! /usr/bin/vvp
:ivl_version "12.0 (stable)";
:ivl_delay_selection "TYPICAL";
:vpi_time_precision - 12;
:vpi_module "/usr/lib/x86_64-linux-gnu/ivl/system.vpi";
:vpi_module "/usr/lib/x86_64-linux-gnu/ivl/vhdl_sys.vpi";
:vpi_module "/usr/lib/x86_64-linux-gnu/ivl/vhdl_textio.vpi";
:vpi_module "/usr/lib/x86_64-linux-gnu/ivl/v2005_math.vpi";
:vpi_module "/usr/lib/x86_64-linux-gnu/ivl/va_math.vpi";
:vpi_module "/usr/lib/x86_64-linux-gnu/ivl/v2009.vpi";
S_0x564adb5cd270 .scope package, "$unit" "$unit" 2 1;
 .timescale 0 0;
S_0x564adb5cd400 .scope module, "tb_alu_4bit" "tb_alu_4bit" 3 2;
 .timescale -9 -12;
v0x564adb63a030_0 .var/s "a", 3 0;
v0x564adb63a110_0 .var/s "b", 3 0;
v0x564adb63a1b0_0 .net "carry_out", 0 0, v0x564adb638080_0;  1 drivers
v0x564adb63a250_0 .var/i "fail", 31 0;
v0x564adb63a2f0_0 .net "negative", 0 0, L_0x564adb5bd800;  1 drivers
v0x564adb63a3e0_0 .var "opcode", 2 0;
v0x564adb63a480_0 .net "out", 3 0, v0x564adb6382e0_0;  1 drivers
v0x564adb63a550_0 .net "overflow", 0 0, v0x564adb6383c0_0;  1 drivers
v0x564adb63a620_0 .var/i "pass", 31 0;
v0x564adb63a750_0 .net "zero", 0 0, L_0x564adb63a850;  1 drivers
S_0x564adb58d490 .scope task, "check" "check" 3 235, 3 235 0, S_0x564adb5cd400;
 .timescale -9 -12;
v0x564adb5cfa30_0 .var "exp_carry_out", 0 0;
v0x564adb637290_0 .var "exp_negative", 0 0;
v0x564adb637350_0 .var "exp_out", 3 0;
v0x564adb637410_0 .var "exp_overflow", 0 0;
v0x564adb6374d0_0 .var "exp_zero", 0 0;
v0x564adb6375e0_0 .var/s "t_a", 3 0;
v0x564adb6376c0_0 .var/s "t_b", 3 0;
v0x564adb6377a0_0 .var "t_opcode", 3 0;
TD_tb_alu_4bit.check ;
    %load/vec4 v0x564adb6375e0_0;
    %store/vec4 v0x564adb63a030_0, 0, 4;
    %load/vec4 v0x564adb6376c0_0;
    %store/vec4 v0x564adb63a110_0, 0, 4;
    %load/vec4 v0x564adb6377a0_0;
    %pad/u 3;
    %store/vec4 v0x564adb63a3e0_0, 0, 3;
    %pushi/vec4 0, 0, 1;
    %store/vec4 v0x564adb6374d0_0, 0, 1;
    %pushi/vec4 0, 0, 1;
    %store/vec4 v0x564adb637290_0, 0, 1;
    %pushi/vec4 0, 0, 1;
    %store/vec4 v0x564adb637410_0, 0, 1;
    %pushi/vec4 0, 0, 1;
    %store/vec4 v0x564adb5cfa30_0, 0, 1;
    %pushi/vec4 0, 0, 4;
    %store/vec4 v0x564adb637350_0, 0, 4;
    %load/vec4 v0x564adb63a3e0_0;
    %dup/vec4;
    %pushi/vec4 0, 0, 3;
    %cmp/u;
    %jmp/1 T_0.0, 6;
    %dup/vec4;
    %pushi/vec4 1, 0, 3;
    %cmp/u;
    %jmp/1 T_0.1, 6;
    %dup/vec4;
    %pushi/vec4 2, 0, 3;
    %cmp/u;
    %jmp/1 T_0.2, 6;
    %dup/vec4;
    %pushi/vec4 3, 0, 3;
    %cmp/u;
    %jmp/1 T_0.3, 6;
    %dup/vec4;
    %pushi/vec4 4, 0, 3;
    %cmp/u;
    %jmp/1 T_0.4, 6;
    %dup/vec4;
    %pushi/vec4 5, 0, 3;
    %cmp/u;
    %jmp/1 T_0.5, 6;
    %dup/vec4;
    %pushi/vec4 6, 0, 3;
    %cmp/u;
    %jmp/1 T_0.6, 6;
    %dup/vec4;
    %pushi/vec4 7, 0, 3;
    %cmp/u;
    %jmp/1 T_0.7, 6;
    %pushi/vec4 15, 15, 4;
    %store/vec4 v0x564adb637350_0, 0, 4;
    %pushi/vec4 1, 1, 1;
    %store/vec4 v0x564adb5cfa30_0, 0, 1;
    %pushi/vec4 1, 1, 1;
    %store/vec4 v0x564adb637410_0, 0, 1;
    %jmp T_0.9;
T_0.0 ;
    %pushi/vec4 0, 0, 1;
    %load/vec4 v0x564adb63a030_0;
    %concat/vec4; draw_concat_vec4
    %pushi/vec4 0, 0, 1;
    %load/vec4 v0x564adb63a110_0;
    %concat/vec4; draw_concat_vec4
    %add;
    %split/vec4 4;
    %store/vec4 v0x564adb637350_0, 0, 4;
    %store/vec4 v0x564adb5cfa30_0, 0, 1;
    %load/vec4 v0x564adb63a030_0;
    %parti/s 1, 3, 3;
    %load/vec4 v0x564adb63a110_0;
    %parti/s 1, 3, 3;
    %cmp/e;
    %flag_get/vec4 4;
    %jmp/0 T_0.10, 4;
    %load/vec4 v0x564adb63a030_0;
    %parti/s 1, 3, 3;
    %load/vec4 v0x564adb637350_0;
    %parti/s 1, 3, 3;
    %cmp/ne;
    %flag_get/vec4 4;
    %and;
T_0.10;
    %store/vec4 v0x564adb637410_0, 0, 1;
    %jmp T_0.9;
T_0.1 ;
    %pushi/vec4 0, 0, 1;
    %load/vec4 v0x564adb63a030_0;
    %concat/vec4; draw_concat_vec4
    %pushi/vec4 0, 0, 1;
    %load/vec4 v0x564adb63a110_0;
    %concat/vec4; draw_concat_vec4
    %sub;
    %split/vec4 4;
    %store/vec4 v0x564adb637350_0, 0, 4;
    %store/vec4 v0x564adb5cfa30_0, 0, 1;
    %load/vec4 v0x564adb63a030_0;
    %parti/s 1, 3, 3;
    %load/vec4 v0x564adb63a110_0;
    %parti/s 1, 3, 3;
    %cmp/ne;
    %flag_get/vec4 4;
    %jmp/0 T_0.11, 4;
    %load/vec4 v0x564adb63a030_0;
    %parti/s 1, 3, 3;
    %load/vec4 v0x564adb637350_0;
    %parti/s 1, 3, 3;
    %cmp/ne;
    %flag_get/vec4 4;
    %and;
T_0.11;
    %store/vec4 v0x564adb637410_0, 0, 1;
    %jmp T_0.9;
T_0.2 ;
    %load/vec4 v0x564adb63a030_0;
    %load/vec4 v0x564adb63a110_0;
    %and;
    %store/vec4 v0x564adb637350_0, 0, 4;
    %jmp T_0.9;
T_0.3 ;
    %load/vec4 v0x564adb63a030_0;
    %load/vec4 v0x564adb63a110_0;
    %or;
    %store/vec4 v0x564adb637350_0, 0, 4;
    %jmp T_0.9;
T_0.4 ;
    %load/vec4 v0x564adb63a030_0;
    %load/vec4 v0x564adb63a110_0;
    %xor;
    %store/vec4 v0x564adb637350_0, 0, 4;
    %jmp T_0.9;
T_0.5 ;
    %load/vec4 v0x564adb63a030_0;
    %inv;
    %store/vec4 v0x564adb637350_0, 0, 4;
    %jmp T_0.9;
T_0.6 ;
    %load/vec4 v0x564adb63a030_0;
    %ix/load 4, 1, 0;
    %flag_set/imm 4, 0;
    %shiftl 4;
    %store/vec4 v0x564adb637350_0, 0, 4;
    %load/vec4 v0x564adb63a030_0;
    %parti/s 1, 3, 3;
    %store/vec4 v0x564adb5cfa30_0, 0, 1;
    %jmp T_0.9;
T_0.7 ;
    %load/vec4 v0x564adb63a030_0;
    %ix/load 4, 1, 0;
    %flag_set/imm 4, 0;
    %shiftr/s 4;
    %store/vec4 v0x564adb637350_0, 0, 4;
    %load/vec4 v0x564adb63a030_0;
    %parti/s 1, 0, 2;
    %store/vec4 v0x564adb5cfa30_0, 0, 1;
    %jmp T_0.9;
T_0.9 ;
    %pop/vec4 1;
    %load/vec4 v0x564adb637350_0;
    %pushi/vec4 0, 0, 4;
    %cmp/e;
    %flag_get/vec4 4;
    %store/vec4 v0x564adb6374d0_0, 0, 1;
    %load/vec4 v0x564adb637350_0;
    %parti/s 1, 3, 3;
    %pushi/vec4 1, 0, 1;
    %cmp/e;
    %flag_get/vec4 4;
    %store/vec4 v0x564adb637290_0, 0, 1;
    %delay 10000, 0;
    %load/vec4 v0x564adb6374d0_0;
    %load/vec4 v0x564adb63a750_0;
    %cmp/e;
    %flag_get/vec4 6;
    %jmp/0 T_0.17, 6;
    %load/vec4 v0x564adb637290_0;
    %load/vec4 v0x564adb63a2f0_0;
    %cmp/e;
    %flag_get/vec4 6;
    %and;
T_0.17;
    %flag_set/vec4 11;
    %flag_get/vec4 11;
    %jmp/0 T_0.16, 11;
    %load/vec4 v0x564adb637410_0;
    %load/vec4 v0x564adb63a550_0;
    %cmp/e;
    %flag_get/vec4 6;
    %and;
T_0.16;
    %flag_set/vec4 10;
    %flag_get/vec4 10;
    %jmp/0 T_0.15, 10;
    %load/vec4 v0x564adb5cfa30_0;
    %load/vec4 v0x564adb63a1b0_0;
    %cmp/e;
    %flag_get/vec4 6;
    %and;
T_0.15;
    %flag_set/vec4 9;
    %flag_get/vec4 9;
    %jmp/0 T_0.14, 9;
    %load/vec4 v0x564adb637350_0;
    %load/vec4 v0x564adb63a480_0;
    %cmp/e;
    %flag_get/vec4 6;
    %and;
T_0.14;
    %flag_set/vec4 8;
    %jmp/0xz  T_0.12, 8;
    %vpi_call/w 3 287 "$display", "PASS: a=%d a=%b b=%d b=%b opcode=%b | zero=%b negative=%b overflow=%b carry_out=%b out=%b", v0x564adb63a030_0, v0x564adb63a030_0, v0x564adb63a110_0, v0x564adb63a110_0, v0x564adb63a3e0_0, v0x564adb63a750_0, v0x564adb63a2f0_0, v0x564adb63a550_0, v0x564adb63a1b0_0, v0x564adb63a480_0 {0 0 0};
    %load/vec4 v0x564adb63a620_0;
    %addi 1, 0, 32;
    %store/vec4 v0x564adb63a620_0, 0, 32;
    %jmp T_0.13;
T_0.12 ;
    %vpi_call/w 3 291 "$display", "FAIL: a=%d a=%b b=%d b=%b opcode=%b | zero=%b negative=%b overflow=%b carry_out=%b out=%b | exp_zero=%b exp_negative=%b exp_overflow=%b exp_carry_out=%b exp_out=%b", v0x564adb63a030_0, v0x564adb63a030_0, v0x564adb63a110_0, v0x564adb63a110_0, v0x564adb63a3e0_0, v0x564adb63a750_0, v0x564adb63a2f0_0, v0x564adb63a550_0, v0x564adb63a1b0_0, v0x564adb63a480_0, v0x564adb6374d0_0, v0x564adb637290_0, v0x564adb637410_0, v0x564adb5cfa30_0, v0x564adb637350_0 {0 0 0};
    %load/vec4 v0x564adb63a250_0;
    %addi 1, 0, 32;
    %store/vec4 v0x564adb63a250_0, 0, 32;
T_0.13 ;
    %end;
S_0x564adb637880 .scope module, "dut" "alu_4bit" 3 12, 4 1 0, S_0x564adb5cd400;
 .timescale 0 0;
    .port_info 0 /INPUT 4 "a";
    .port_info 1 /INPUT 4 "b";
    .port_info 2 /INPUT 3 "opcode";
    .port_info 3 /OUTPUT 1 "zero";
    .port_info 4 /OUTPUT 1 "negative";
    .port_info 5 /OUTPUT 1 "overflow";
    .port_info 6 /OUTPUT 1 "carry_out";
    .port_info 7 /OUTPUT 4 "out";
L_0x7fa0cee94060 .functor BUFT 1, C4<1>, C4<0>, C4<0>, C4<0>;
L_0x564adb5bd800 .functor XNOR 1, L_0x564adb63a990, L_0x7fa0cee94060, C4<0>, C4<0>;
L_0x7fa0cee94018 .functor BUFT 1, C4<0000>, C4<0>, C4<0>, C4<0>;
v0x564adb637bd0_0 .net/2u *"_ivl_0", 3 0, L_0x7fa0cee94018;  1 drivers
v0x564adb637cd0_0 .net *"_ivl_5", 0 0, L_0x564adb63a990;  1 drivers
v0x564adb637db0_0 .net/2u *"_ivl_6", 0 0, L_0x7fa0cee94060;  1 drivers
v0x564adb637e70_0 .net/s "a", 3 0, v0x564adb63a030_0;  1 drivers
v0x564adb637f50_0 .net/s "b", 3 0, v0x564adb63a110_0;  1 drivers
v0x564adb638080_0 .var "carry_out", 0 0;
v0x564adb638140_0 .net "negative", 0 0, L_0x564adb5bd800;  alias, 1 drivers
v0x564adb638200_0 .net "opcode", 2 0, v0x564adb63a3e0_0;  1 drivers
v0x564adb6382e0_0 .var "out", 3 0;
v0x564adb6383c0_0 .var "overflow", 0 0;
v0x564adb638480_0 .net "zero", 0 0, L_0x564adb63a850;  alias, 1 drivers
E_0x564adb5c76f0 .event anyedge, v0x564adb638200_0, v0x564adb637e70_0, v0x564adb637f50_0, v0x564adb6382e0_0;
L_0x564adb63a850 .cmp/eq 4, v0x564adb6382e0_0, L_0x7fa0cee94018;
L_0x564adb63a990 .part v0x564adb6382e0_0, 3, 1;
S_0x564adb638640 .scope task, "exhaustive" "exhaustive" 3 31, 3 31 0, S_0x564adb5cd400;
 .timescale -9 -12;
v0x564adb6387d0_0 .var "exp_carry_out", 0 0;
v0x564adb638890_0 .var "exp_negative", 0 0;
v0x564adb638950_0 .var "exp_out", 3 0;
v0x564adb638a10_0 .var "exp_overflow", 0 0;
v0x564adb638ad0_0 .var "exp_zero", 0 0;
v0x564adb638be0_0 .var "i", 4 0;
v0x564adb638cc0_0 .var "j", 4 0;
v0x564adb638da0_0 .var "o", 3 0;
TD_tb_alu_4bit.exhaustive ;
    %pushi/vec4 0, 0, 5;
    %store/vec4 v0x564adb638be0_0, 0, 5;
T_1.18 ;
    %load/vec4 v0x564adb638be0_0;
    %pad/u 32;
    %cmpi/u 16, 0, 32;
    %jmp/0xz T_1.19, 5;
    %load/vec4 v0x564adb638be0_0;
    %parti/s 4, 0, 2;
    %store/vec4 v0x564adb63a030_0, 0, 4;
    %pushi/vec4 0, 0, 5;
    %store/vec4 v0x564adb638cc0_0, 0, 5;
T_1.20 ;
    %load/vec4 v0x564adb638cc0_0;
    %pad/u 32;
    %cmpi/u 16, 0, 32;
    %jmp/0xz T_1.21, 5;
    %load/vec4 v0x564adb638cc0_0;
    %parti/s 4, 0, 2;
    %store/vec4 v0x564adb63a110_0, 0, 4;
    %pushi/vec4 0, 0, 4;
    %store/vec4 v0x564adb638da0_0, 0, 4;
T_1.22 ;
    %load/vec4 v0x564adb638da0_0;
    %pad/u 32;
    %cmpi/u 8, 0, 32;
    %jmp/0xz T_1.23, 5;
    %load/vec4 v0x564adb638da0_0;
    %pad/u 3;
    %store/vec4 v0x564adb63a3e0_0, 0, 3;
    %pushi/vec4 0, 0, 4;
    %store/vec4 v0x564adb638950_0, 0, 4;
    %pushi/vec4 0, 0, 1;
    %store/vec4 v0x564adb6387d0_0, 0, 1;
    %pushi/vec4 0, 0, 1;
    %store/vec4 v0x564adb638a10_0, 0, 1;
    %load/vec4 v0x564adb63a3e0_0;
    %dup/vec4;
    %pushi/vec4 0, 0, 3;
    %cmp/u;
    %jmp/1 T_1.24, 6;
    %dup/vec4;
    %pushi/vec4 1, 0, 3;
    %cmp/u;
    %jmp/1 T_1.25, 6;
    %dup/vec4;
    %pushi/vec4 2, 0, 3;
    %cmp/u;
    %jmp/1 T_1.26, 6;
    %dup/vec4;
    %pushi/vec4 3, 0, 3;
    %cmp/u;
    %jmp/1 T_1.27, 6;
    %dup/vec4;
    %pushi/vec4 4, 0, 3;
    %cmp/u;
    %jmp/1 T_1.28, 6;
    %dup/vec4;
    %pushi/vec4 5, 0, 3;
    %cmp/u;
    %jmp/1 T_1.29, 6;
    %dup/vec4;
    %pushi/vec4 6, 0, 3;
    %cmp/u;
    %jmp/1 T_1.30, 6;
    %dup/vec4;
    %pushi/vec4 7, 0, 3;
    %cmp/u;
    %jmp/1 T_1.31, 6;
    %pushi/vec4 15, 15, 4;
    %store/vec4 v0x564adb638950_0, 0, 4;
    %pushi/vec4 1, 1, 1;
    %store/vec4 v0x564adb6387d0_0, 0, 1;
    %pushi/vec4 1, 1, 1;
    %store/vec4 v0x564adb638a10_0, 0, 1;
    %jmp T_1.33;
T_1.24 ;
    %pushi/vec4 0, 0, 1;
    %load/vec4 v0x564adb63a030_0;
    %concat/vec4; draw_concat_vec4
    %pushi/vec4 0, 0, 1;
    %load/vec4 v0x564adb63a110_0;
    %concat/vec4; draw_concat_vec4
    %add;
    %split/vec4 4;
    %store/vec4 v0x564adb638950_0, 0, 4;
    %store/vec4 v0x564adb6387d0_0, 0, 1;
    %load/vec4 v0x564adb63a030_0;
    %parti/s 1, 3, 3;
    %load/vec4 v0x564adb63a110_0;
    %parti/s 1, 3, 3;
    %cmp/e;
    %flag_get/vec4 4;
    %jmp/0 T_1.34, 4;
    %load/vec4 v0x564adb63a030_0;
    %parti/s 1, 3, 3;
    %load/vec4 v0x564adb638950_0;
    %parti/s 1, 3, 3;
    %cmp/ne;
    %flag_get/vec4 4;
    %and;
T_1.34;
    %store/vec4 v0x564adb638a10_0, 0, 1;
    %jmp T_1.33;
T_1.25 ;
    %pushi/vec4 0, 0, 1;
    %load/vec4 v0x564adb63a030_0;
    %concat/vec4; draw_concat_vec4
    %pushi/vec4 0, 0, 1;
    %load/vec4 v0x564adb63a110_0;
    %concat/vec4; draw_concat_vec4
    %sub;
    %split/vec4 4;
    %store/vec4 v0x564adb638950_0, 0, 4;
    %store/vec4 v0x564adb6387d0_0, 0, 1;
    %load/vec4 v0x564adb63a030_0;
    %parti/s 1, 3, 3;
    %load/vec4 v0x564adb63a110_0;
    %parti/s 1, 3, 3;
    %cmp/ne;
    %flag_get/vec4 4;
    %jmp/0 T_1.35, 4;
    %load/vec4 v0x564adb63a030_0;
    %parti/s 1, 3, 3;
    %load/vec4 v0x564adb638950_0;
    %parti/s 1, 3, 3;
    %cmp/ne;
    %flag_get/vec4 4;
    %and;
T_1.35;
    %store/vec4 v0x564adb638a10_0, 0, 1;
    %jmp T_1.33;
T_1.26 ;
    %load/vec4 v0x564adb63a030_0;
    %load/vec4 v0x564adb63a110_0;
    %and;
    %store/vec4 v0x564adb638950_0, 0, 4;
    %jmp T_1.33;
T_1.27 ;
    %load/vec4 v0x564adb63a030_0;
    %load/vec4 v0x564adb63a110_0;
    %or;
    %store/vec4 v0x564adb638950_0, 0, 4;
    %jmp T_1.33;
T_1.28 ;
    %load/vec4 v0x564adb63a030_0;
    %load/vec4 v0x564adb63a110_0;
    %xor;
    %store/vec4 v0x564adb638950_0, 0, 4;
    %jmp T_1.33;
T_1.29 ;
    %load/vec4 v0x564adb63a030_0;
    %inv;
    %store/vec4 v0x564adb638950_0, 0, 4;
    %jmp T_1.33;
T_1.30 ;
    %load/vec4 v0x564adb63a030_0;
    %ix/load 4, 1, 0;
    %flag_set/imm 4, 0;
    %shiftl 4;
    %store/vec4 v0x564adb638950_0, 0, 4;
    %load/vec4 v0x564adb63a030_0;
    %parti/s 1, 3, 3;
    %store/vec4 v0x564adb6387d0_0, 0, 1;
    %jmp T_1.33;
T_1.31 ;
    %load/vec4 v0x564adb63a030_0;
    %ix/load 4, 1, 0;
    %flag_set/imm 4, 0;
    %shiftr/s 4;
    %store/vec4 v0x564adb638950_0, 0, 4;
    %load/vec4 v0x564adb63a030_0;
    %parti/s 1, 0, 2;
    %store/vec4 v0x564adb6387d0_0, 0, 1;
    %jmp T_1.33;
T_1.33 ;
    %pop/vec4 1;
    %load/vec4 v0x564adb638950_0;
    %pushi/vec4 0, 0, 4;
    %cmp/e;
    %flag_get/vec4 4;
    %store/vec4 v0x564adb638ad0_0, 0, 1;
    %load/vec4 v0x564adb638950_0;
    %parti/s 1, 3, 3;
    %pushi/vec4 1, 0, 1;
    %cmp/e;
    %flag_get/vec4 4;
    %store/vec4 v0x564adb638890_0, 0, 1;
    %delay 10000, 0;
    %load/vec4 v0x564adb638ad0_0;
    %load/vec4 v0x564adb63a750_0;
    %cmp/e;
    %flag_get/vec4 6;
    %jmp/0 T_1.41, 6;
    %load/vec4 v0x564adb638890_0;
    %load/vec4 v0x564adb63a2f0_0;
    %cmp/e;
    %flag_get/vec4 6;
    %and;
T_1.41;
    %flag_set/vec4 11;
    %flag_get/vec4 11;
    %jmp/0 T_1.40, 11;
    %load/vec4 v0x564adb638a10_0;
    %load/vec4 v0x564adb63a550_0;
    %cmp/e;
    %flag_get/vec4 6;
    %and;
T_1.40;
    %flag_set/vec4 10;
    %flag_get/vec4 10;
    %jmp/0 T_1.39, 10;
    %load/vec4 v0x564adb6387d0_0;
    %load/vec4 v0x564adb63a1b0_0;
    %cmp/e;
    %flag_get/vec4 6;
    %and;
T_1.39;
    %flag_set/vec4 9;
    %flag_get/vec4 9;
    %jmp/0 T_1.38, 9;
    %load/vec4 v0x564adb638950_0;
    %load/vec4 v0x564adb63a480_0;
    %cmp/e;
    %flag_get/vec4 6;
    %and;
T_1.38;
    %flag_set/vec4 8;
    %jmp/0xz  T_1.36, 8;
    %vpi_call/w 3 84 "$display", "PASS: a=%d a=%b b=%d b=%b opcode=%b | zero=%b negative=%b overflow=%b carry_out=%b out=%b", v0x564adb63a030_0, v0x564adb63a030_0, v0x564adb63a110_0, v0x564adb63a110_0, v0x564adb63a3e0_0, v0x564adb63a750_0, v0x564adb63a2f0_0, v0x564adb63a550_0, v0x564adb63a1b0_0, v0x564adb63a480_0 {0 0 0};
    %load/vec4 v0x564adb63a620_0;
    %addi 1, 0, 32;
    %store/vec4 v0x564adb63a620_0, 0, 32;
    %jmp T_1.37;
T_1.36 ;
    %vpi_call/w 3 88 "$display", "FAIL: a=%d a=%b b=%d b=%b opcode=%b | zero=%b negative=%b overflow=%b carry_out=%b out=%b | exp_zero=%b exp_negative=%b exp_overflow=%b exp_carry_out=%b exp_out=%b", v0x564adb63a030_0, v0x564adb63a030_0, v0x564adb63a110_0, v0x564adb63a110_0, v0x564adb63a3e0_0, v0x564adb63a750_0, v0x564adb63a2f0_0, v0x564adb63a550_0, v0x564adb63a1b0_0, v0x564adb63a480_0, v0x564adb638ad0_0, v0x564adb638890_0, v0x564adb638a10_0, v0x564adb6387d0_0, v0x564adb638950_0 {0 0 0};
    %load/vec4 v0x564adb63a250_0;
    %addi 1, 0, 32;
    %store/vec4 v0x564adb63a250_0, 0, 32;
T_1.37 ;
    %load/vec4 v0x564adb638da0_0;
    %addi 1, 0, 4;
    %store/vec4 v0x564adb638da0_0, 0, 4;
    %jmp T_1.22;
T_1.23 ;
    %load/vec4 v0x564adb638cc0_0;
    %addi 1, 0, 5;
    %store/vec4 v0x564adb638cc0_0, 0, 5;
    %jmp T_1.20;
T_1.21 ;
    %load/vec4 v0x564adb638be0_0;
    %addi 1, 0, 5;
    %store/vec4 v0x564adb638be0_0, 0, 5;
    %jmp T_1.18;
T_1.19 ;
    %end;
S_0x564adb638e80 .scope task, "input_sweep" "input_sweep" 3 165, 3 165 0, S_0x564adb5cd400;
 .timescale -9 -12;
v0x564adb639060_0 .var "exp_carry_out", 0 0;
v0x564adb639140_0 .var "exp_negative", 0 0;
v0x564adb639200_0 .var "exp_out", 3 0;
v0x564adb6392c0_0 .var "exp_overflow", 0 0;
v0x564adb639380_0 .var "exp_zero", 0 0;
v0x564adb639490_0 .var "i", 4 0;
v0x564adb639570_0 .var "j", 4 0;
v0x564adb639650_0 .var "t_opcode", 3 0;
TD_tb_alu_4bit.input_sweep ;
    %pushi/vec4 0, 0, 5;
    %store/vec4 v0x564adb639490_0, 0, 5;
T_2.42 ;
    %load/vec4 v0x564adb639490_0;
    %pad/u 32;
    %cmpi/u 16, 0, 32;
    %jmp/0xz T_2.43, 5;
    %load/vec4 v0x564adb639490_0;
    %parti/s 4, 0, 2;
    %store/vec4 v0x564adb63a030_0, 0, 4;
    %pushi/vec4 0, 0, 5;
    %store/vec4 v0x564adb639570_0, 0, 5;
T_2.44 ;
    %load/vec4 v0x564adb639570_0;
    %pad/u 32;
    %cmpi/u 16, 0, 32;
    %jmp/0xz T_2.45, 5;
    %load/vec4 v0x564adb639570_0;
    %parti/s 4, 0, 2;
    %store/vec4 v0x564adb63a110_0, 0, 4;
    %load/vec4 v0x564adb639650_0;
    %pad/u 3;
    %store/vec4 v0x564adb63a3e0_0, 0, 3;
    %pushi/vec4 0, 0, 4;
    %store/vec4 v0x564adb639200_0, 0, 4;
    %pushi/vec4 0, 0, 1;
    %store/vec4 v0x564adb639060_0, 0, 1;
    %pushi/vec4 0, 0, 1;
    %store/vec4 v0x564adb6392c0_0, 0, 1;
    %load/vec4 v0x564adb63a3e0_0;
    %dup/vec4;
    %pushi/vec4 0, 0, 3;
    %cmp/u;
    %jmp/1 T_2.46, 6;
    %dup/vec4;
    %pushi/vec4 1, 0, 3;
    %cmp/u;
    %jmp/1 T_2.47, 6;
    %dup/vec4;
    %pushi/vec4 2, 0, 3;
    %cmp/u;
    %jmp/1 T_2.48, 6;
    %dup/vec4;
    %pushi/vec4 3, 0, 3;
    %cmp/u;
    %jmp/1 T_2.49, 6;
    %dup/vec4;
    %pushi/vec4 4, 0, 3;
    %cmp/u;
    %jmp/1 T_2.50, 6;
    %dup/vec4;
    %pushi/vec4 5, 0, 3;
    %cmp/u;
    %jmp/1 T_2.51, 6;
    %dup/vec4;
    %pushi/vec4 6, 0, 3;
    %cmp/u;
    %jmp/1 T_2.52, 6;
    %dup/vec4;
    %pushi/vec4 7, 0, 3;
    %cmp/u;
    %jmp/1 T_2.53, 6;
    %pushi/vec4 15, 15, 4;
    %store/vec4 v0x564adb639200_0, 0, 4;
    %pushi/vec4 1, 1, 1;
    %store/vec4 v0x564adb639060_0, 0, 1;
    %pushi/vec4 1, 1, 1;
    %store/vec4 v0x564adb6392c0_0, 0, 1;
    %jmp T_2.55;
T_2.46 ;
    %pushi/vec4 0, 0, 1;
    %load/vec4 v0x564adb63a030_0;
    %concat/vec4; draw_concat_vec4
    %pushi/vec4 0, 0, 1;
    %load/vec4 v0x564adb63a110_0;
    %concat/vec4; draw_concat_vec4
    %add;
    %split/vec4 4;
    %store/vec4 v0x564adb639200_0, 0, 4;
    %store/vec4 v0x564adb639060_0, 0, 1;
    %load/vec4 v0x564adb63a030_0;
    %parti/s 1, 3, 3;
    %load/vec4 v0x564adb63a110_0;
    %parti/s 1, 3, 3;
    %cmp/e;
    %flag_get/vec4 4;
    %jmp/0 T_2.56, 4;
    %load/vec4 v0x564adb63a030_0;
    %parti/s 1, 3, 3;
    %load/vec4 v0x564adb639200_0;
    %parti/s 1, 3, 3;
    %cmp/ne;
    %flag_get/vec4 4;
    %and;
T_2.56;
    %store/vec4 v0x564adb6392c0_0, 0, 1;
    %jmp T_2.55;
T_2.47 ;
    %pushi/vec4 0, 0, 1;
    %load/vec4 v0x564adb63a030_0;
    %concat/vec4; draw_concat_vec4
    %pushi/vec4 0, 0, 1;
    %load/vec4 v0x564adb63a110_0;
    %concat/vec4; draw_concat_vec4
    %sub;
    %split/vec4 4;
    %store/vec4 v0x564adb639200_0, 0, 4;
    %store/vec4 v0x564adb639060_0, 0, 1;
    %load/vec4 v0x564adb63a030_0;
    %parti/s 1, 3, 3;
    %load/vec4 v0x564adb63a110_0;
    %parti/s 1, 3, 3;
    %cmp/ne;
    %flag_get/vec4 4;
    %jmp/0 T_2.57, 4;
    %load/vec4 v0x564adb63a030_0;
    %parti/s 1, 3, 3;
    %load/vec4 v0x564adb639200_0;
    %parti/s 1, 3, 3;
    %cmp/ne;
    %flag_get/vec4 4;
    %and;
T_2.57;
    %store/vec4 v0x564adb6392c0_0, 0, 1;
    %jmp T_2.55;
T_2.48 ;
    %load/vec4 v0x564adb63a030_0;
    %load/vec4 v0x564adb63a110_0;
    %and;
    %store/vec4 v0x564adb639200_0, 0, 4;
    %jmp T_2.55;
T_2.49 ;
    %load/vec4 v0x564adb63a030_0;
    %load/vec4 v0x564adb63a110_0;
    %or;
    %store/vec4 v0x564adb639200_0, 0, 4;
    %jmp T_2.55;
T_2.50 ;
    %load/vec4 v0x564adb63a030_0;
    %load/vec4 v0x564adb63a110_0;
    %xor;
    %store/vec4 v0x564adb639200_0, 0, 4;
    %jmp T_2.55;
T_2.51 ;
    %load/vec4 v0x564adb63a030_0;
    %inv;
    %store/vec4 v0x564adb639200_0, 0, 4;
    %jmp T_2.55;
T_2.52 ;
    %load/vec4 v0x564adb63a030_0;
    %ix/load 4, 1, 0;
    %flag_set/imm 4, 0;
    %shiftl 4;
    %store/vec4 v0x564adb639200_0, 0, 4;
    %load/vec4 v0x564adb63a030_0;
    %parti/s 1, 3, 3;
    %store/vec4 v0x564adb639060_0, 0, 1;
    %jmp T_2.55;
T_2.53 ;
    %load/vec4 v0x564adb63a030_0;
    %ix/load 4, 1, 0;
    %flag_set/imm 4, 0;
    %shiftr/s 4;
    %store/vec4 v0x564adb639200_0, 0, 4;
    %load/vec4 v0x564adb63a030_0;
    %parti/s 1, 0, 2;
    %store/vec4 v0x564adb639060_0, 0, 1;
    %jmp T_2.55;
T_2.55 ;
    %pop/vec4 1;
    %load/vec4 v0x564adb639200_0;
    %pushi/vec4 0, 0, 4;
    %cmp/e;
    %flag_get/vec4 4;
    %store/vec4 v0x564adb639380_0, 0, 1;
    %load/vec4 v0x564adb639200_0;
    %parti/s 1, 3, 3;
    %pushi/vec4 1, 0, 1;
    %cmp/e;
    %flag_get/vec4 4;
    %store/vec4 v0x564adb639140_0, 0, 1;
    %delay 10000, 0;
    %load/vec4 v0x564adb639380_0;
    %load/vec4 v0x564adb63a750_0;
    %cmp/e;
    %flag_get/vec4 6;
    %jmp/0 T_2.63, 6;
    %load/vec4 v0x564adb639140_0;
    %load/vec4 v0x564adb63a2f0_0;
    %cmp/e;
    %flag_get/vec4 6;
    %and;
T_2.63;
    %flag_set/vec4 11;
    %flag_get/vec4 11;
    %jmp/0 T_2.62, 11;
    %load/vec4 v0x564adb6392c0_0;
    %load/vec4 v0x564adb63a550_0;
    %cmp/e;
    %flag_get/vec4 6;
    %and;
T_2.62;
    %flag_set/vec4 10;
    %flag_get/vec4 10;
    %jmp/0 T_2.61, 10;
    %load/vec4 v0x564adb639060_0;
    %load/vec4 v0x564adb63a1b0_0;
    %cmp/e;
    %flag_get/vec4 6;
    %and;
T_2.61;
    %flag_set/vec4 9;
    %flag_get/vec4 9;
    %jmp/0 T_2.60, 9;
    %load/vec4 v0x564adb639200_0;
    %load/vec4 v0x564adb63a480_0;
    %cmp/e;
    %flag_get/vec4 6;
    %and;
T_2.60;
    %flag_set/vec4 8;
    %jmp/0xz  T_2.58, 8;
    %vpi_call/w 3 219 "$display", "PASS: a=%d a=%b b=%d b=%b opcode=%b | zero=%b negative=%b overflow=%b carry_out=%b out=%b", v0x564adb63a030_0, v0x564adb63a030_0, v0x564adb63a110_0, v0x564adb63a110_0, v0x564adb63a3e0_0, v0x564adb63a750_0, v0x564adb63a2f0_0, v0x564adb63a550_0, v0x564adb63a1b0_0, v0x564adb63a480_0 {0 0 0};
    %load/vec4 v0x564adb63a620_0;
    %addi 1, 0, 32;
    %store/vec4 v0x564adb63a620_0, 0, 32;
    %jmp T_2.59;
T_2.58 ;
    %vpi_call/w 3 223 "$display", "FAIL: a=%d a=%b b=%d b=%b opcode=%b | zero=%b negative=%b overflow=%b carry_out=%b out=%b | exp_zero=%b exp_negative=%b exp_overflow=%b exp_carry_out=%b exp_out=%b", v0x564adb63a030_0, v0x564adb63a030_0, v0x564adb63a110_0, v0x564adb63a110_0, v0x564adb63a3e0_0, v0x564adb63a750_0, v0x564adb63a2f0_0, v0x564adb63a550_0, v0x564adb63a1b0_0, v0x564adb63a480_0, v0x564adb639380_0, v0x564adb639140_0, v0x564adb6392c0_0, v0x564adb639060_0, v0x564adb639200_0 {0 0 0};
    %load/vec4 v0x564adb63a250_0;
    %addi 1, 0, 32;
    %store/vec4 v0x564adb63a250_0, 0, 32;
T_2.59 ;
    %load/vec4 v0x564adb639570_0;
    %addi 1, 0, 5;
    %store/vec4 v0x564adb639570_0, 0, 5;
    %jmp T_2.44;
T_2.45 ;
    %load/vec4 v0x564adb639490_0;
    %addi 1, 0, 5;
    %store/vec4 v0x564adb639490_0, 0, 5;
    %jmp T_2.42;
T_2.43 ;
    %end;
S_0x564adb639730 .scope task, "opcode_sweep" "opcode_sweep" 3 100, 3 100 0, S_0x564adb5cd400;
 .timescale -9 -12;
v0x564adb639960_0 .var "exp_carry_out", 0 0;
v0x564adb639a40_0 .var "exp_negative", 0 0;
v0x564adb639b00_0 .var "exp_out", 3 0;
v0x564adb639bc0_0 .var "exp_overflow", 0 0;
v0x564adb639c80_0 .var "exp_zero", 0 0;
v0x564adb639d90_0 .var "o", 3 0;
v0x564adb639e70_0 .var/s "t_a", 3 0;
v0x564adb639f50_0 .var/s "t_b", 3 0;
TD_tb_alu_4bit.opcode_sweep ;
    %load/vec4 v0x564adb639e70_0;
    %store/vec4 v0x564adb63a030_0, 0, 4;
    %load/vec4 v0x564adb639f50_0;
    %store/vec4 v0x564adb63a110_0, 0, 4;
    %pushi/vec4 0, 0, 4;
    %store/vec4 v0x564adb639d90_0, 0, 4;
T_3.64 ;
    %load/vec4 v0x564adb639d90_0;
    %pad/u 32;
    %cmpi/u 8, 0, 32;
    %jmp/0xz T_3.65, 5;
    %load/vec4 v0x564adb639d90_0;
    %pad/u 3;
    %store/vec4 v0x564adb63a3e0_0, 0, 3;
    %pushi/vec4 0, 0, 1;
    %store/vec4 v0x564adb639c80_0, 0, 1;
    %pushi/vec4 0, 0, 1;
    %store/vec4 v0x564adb639a40_0, 0, 1;
    %pushi/vec4 0, 0, 1;
    %store/vec4 v0x564adb639bc0_0, 0, 1;
    %pushi/vec4 0, 0, 1;
    %store/vec4 v0x564adb639960_0, 0, 1;
    %pushi/vec4 0, 0, 4;
    %store/vec4 v0x564adb639b00_0, 0, 4;
    %load/vec4 v0x564adb63a3e0_0;
    %dup/vec4;
    %pushi/vec4 0, 0, 3;
    %cmp/u;
    %jmp/1 T_3.66, 6;
    %dup/vec4;
    %pushi/vec4 1, 0, 3;
    %cmp/u;
    %jmp/1 T_3.67, 6;
    %dup/vec4;
    %pushi/vec4 2, 0, 3;
    %cmp/u;
    %jmp/1 T_3.68, 6;
    %dup/vec4;
    %pushi/vec4 3, 0, 3;
    %cmp/u;
    %jmp/1 T_3.69, 6;
    %dup/vec4;
    %pushi/vec4 4, 0, 3;
    %cmp/u;
    %jmp/1 T_3.70, 6;
    %dup/vec4;
    %pushi/vec4 5, 0, 3;
    %cmp/u;
    %jmp/1 T_3.71, 6;
    %dup/vec4;
    %pushi/vec4 6, 0, 3;
    %cmp/u;
    %jmp/1 T_3.72, 6;
    %dup/vec4;
    %pushi/vec4 7, 0, 3;
    %cmp/u;
    %jmp/1 T_3.73, 6;
    %pushi/vec4 15, 15, 4;
    %store/vec4 v0x564adb639b00_0, 0, 4;
    %pushi/vec4 1, 1, 1;
    %store/vec4 v0x564adb639960_0, 0, 1;
    %pushi/vec4 1, 1, 1;
    %store/vec4 v0x564adb639bc0_0, 0, 1;
    %jmp T_3.75;
T_3.66 ;
    %pushi/vec4 0, 0, 1;
    %load/vec4 v0x564adb63a030_0;
    %concat/vec4; draw_concat_vec4
    %pushi/vec4 0, 0, 1;
    %load/vec4 v0x564adb63a110_0;
    %concat/vec4; draw_concat_vec4
    %add;
    %split/vec4 4;
    %store/vec4 v0x564adb639b00_0, 0, 4;
    %store/vec4 v0x564adb639960_0, 0, 1;
    %load/vec4 v0x564adb63a030_0;
    %parti/s 1, 3, 3;
    %load/vec4 v0x564adb63a110_0;
    %parti/s 1, 3, 3;
    %cmp/e;
    %flag_get/vec4 4;
    %jmp/0 T_3.76, 4;
    %load/vec4 v0x564adb63a030_0;
    %parti/s 1, 3, 3;
    %load/vec4 v0x564adb639b00_0;
    %parti/s 1, 3, 3;
    %cmp/ne;
    %flag_get/vec4 4;
    %and;
T_3.76;
    %store/vec4 v0x564adb639bc0_0, 0, 1;
    %jmp T_3.75;
T_3.67 ;
    %pushi/vec4 0, 0, 1;
    %load/vec4 v0x564adb63a030_0;
    %concat/vec4; draw_concat_vec4
    %pushi/vec4 0, 0, 1;
    %load/vec4 v0x564adb63a110_0;
    %concat/vec4; draw_concat_vec4
    %sub;
    %split/vec4 4;
    %store/vec4 v0x564adb639b00_0, 0, 4;
    %store/vec4 v0x564adb639960_0, 0, 1;
    %load/vec4 v0x564adb63a030_0;
    %parti/s 1, 3, 3;
    %load/vec4 v0x564adb63a110_0;
    %parti/s 1, 3, 3;
    %cmp/ne;
    %flag_get/vec4 4;
    %jmp/0 T_3.77, 4;
    %load/vec4 v0x564adb63a030_0;
    %parti/s 1, 3, 3;
    %load/vec4 v0x564adb639b00_0;
    %parti/s 1, 3, 3;
    %cmp/ne;
    %flag_get/vec4 4;
    %and;
T_3.77;
    %store/vec4 v0x564adb639bc0_0, 0, 1;
    %jmp T_3.75;
T_3.68 ;
    %load/vec4 v0x564adb63a030_0;
    %load/vec4 v0x564adb63a110_0;
    %and;
    %store/vec4 v0x564adb639b00_0, 0, 4;
    %jmp T_3.75;
T_3.69 ;
    %load/vec4 v0x564adb63a030_0;
    %load/vec4 v0x564adb63a110_0;
    %or;
    %store/vec4 v0x564adb639b00_0, 0, 4;
    %jmp T_3.75;
T_3.70 ;
    %load/vec4 v0x564adb63a030_0;
    %load/vec4 v0x564adb63a110_0;
    %xor;
    %store/vec4 v0x564adb639b00_0, 0, 4;
    %jmp T_3.75;
T_3.71 ;
    %load/vec4 v0x564adb63a030_0;
    %inv;
    %store/vec4 v0x564adb639b00_0, 0, 4;
    %jmp T_3.75;
T_3.72 ;
    %load/vec4 v0x564adb63a030_0;
    %ix/load 4, 1, 0;
    %flag_set/imm 4, 0;
    %shiftl 4;
    %store/vec4 v0x564adb639b00_0, 0, 4;
    %load/vec4 v0x564adb63a030_0;
    %parti/s 1, 3, 3;
    %store/vec4 v0x564adb639960_0, 0, 1;
    %jmp T_3.75;
T_3.73 ;
    %load/vec4 v0x564adb63a030_0;
    %ix/load 4, 1, 0;
    %flag_set/imm 4, 0;
    %shiftr/s 4;
    %store/vec4 v0x564adb639b00_0, 0, 4;
    %load/vec4 v0x564adb63a030_0;
    %parti/s 1, 0, 2;
    %store/vec4 v0x564adb639960_0, 0, 1;
    %jmp T_3.75;
T_3.75 ;
    %pop/vec4 1;
    %load/vec4 v0x564adb639b00_0;
    %pushi/vec4 0, 0, 4;
    %cmp/e;
    %flag_get/vec4 4;
    %store/vec4 v0x564adb639c80_0, 0, 1;
    %load/vec4 v0x564adb639b00_0;
    %parti/s 1, 3, 3;
    %pushi/vec4 1, 0, 1;
    %cmp/e;
    %flag_get/vec4 4;
    %store/vec4 v0x564adb639a40_0, 0, 1;
    %delay 10000, 0;
    %load/vec4 v0x564adb639c80_0;
    %load/vec4 v0x564adb63a750_0;
    %cmp/e;
    %flag_get/vec4 6;
    %jmp/0 T_3.83, 6;
    %load/vec4 v0x564adb639a40_0;
    %load/vec4 v0x564adb63a2f0_0;
    %cmp/e;
    %flag_get/vec4 6;
    %and;
T_3.83;
    %flag_set/vec4 11;
    %flag_get/vec4 11;
    %jmp/0 T_3.82, 11;
    %load/vec4 v0x564adb639bc0_0;
    %load/vec4 v0x564adb63a550_0;
    %cmp/e;
    %flag_get/vec4 6;
    %and;
T_3.82;
    %flag_set/vec4 10;
    %flag_get/vec4 10;
    %jmp/0 T_3.81, 10;
    %load/vec4 v0x564adb639960_0;
    %load/vec4 v0x564adb63a1b0_0;
    %cmp/e;
    %flag_get/vec4 6;
    %and;
T_3.81;
    %flag_set/vec4 9;
    %flag_get/vec4 9;
    %jmp/0 T_3.80, 9;
    %load/vec4 v0x564adb639b00_0;
    %load/vec4 v0x564adb63a480_0;
    %cmp/e;
    %flag_get/vec4 6;
    %and;
T_3.80;
    %flag_set/vec4 8;
    %jmp/0xz  T_3.78, 8;
    %vpi_call/w 3 151 "$display", "PASS: a=%d a=%b b=%d b=%b opcode=%b | zero=%b negative=%b overflow=%b carry_out=%b out=%b", v0x564adb63a030_0, v0x564adb63a030_0, v0x564adb63a110_0, v0x564adb63a110_0, v0x564adb63a3e0_0, v0x564adb63a750_0, v0x564adb63a2f0_0, v0x564adb63a550_0, v0x564adb63a1b0_0, v0x564adb63a480_0 {0 0 0};
    %load/vec4 v0x564adb63a620_0;
    %addi 1, 0, 32;
    %store/vec4 v0x564adb63a620_0, 0, 32;
    %jmp T_3.79;
T_3.78 ;
    %vpi_call/w 3 155 "$display", "FAIL: a=%d a=%b b=%d b=%b opcode=%b | zero=%b negative=%b overflow=%b carry_out=%b out=%b | exp_zero=%b exp_negative=%b exp_overflow=%b exp_carry_out=%b exp_out=%b", v0x564adb63a030_0, v0x564adb63a030_0, v0x564adb63a110_0, v0x564adb63a110_0, v0x564adb63a3e0_0, v0x564adb63a750_0, v0x564adb63a2f0_0, v0x564adb63a550_0, v0x564adb63a1b0_0, v0x564adb63a480_0, v0x564adb639c80_0, v0x564adb639a40_0, v0x564adb639bc0_0, v0x564adb639960_0, v0x564adb639b00_0 {0 0 0};
    %load/vec4 v0x564adb63a250_0;
    %addi 1, 0, 32;
    %store/vec4 v0x564adb63a250_0, 0, 32;
T_3.79 ;
    %load/vec4 v0x564adb639d90_0;
    %addi 1, 0, 4;
    %store/vec4 v0x564adb639d90_0, 0, 4;
    %jmp T_3.64;
T_3.65 ;
    %end;
    .scope S_0x564adb637880;
T_4 ;
    %wait E_0x564adb5c76f0;
    %pushi/vec4 0, 0, 4;
    %store/vec4 v0x564adb6382e0_0, 0, 4;
    %pushi/vec4 0, 0, 1;
    %store/vec4 v0x564adb638080_0, 0, 1;
    %pushi/vec4 0, 0, 1;
    %store/vec4 v0x564adb6383c0_0, 0, 1;
    %load/vec4 v0x564adb638200_0;
    %dup/vec4;
    %pushi/vec4 0, 0, 3;
    %cmp/u;
    %jmp/1 T_4.0, 6;
    %dup/vec4;
    %pushi/vec4 1, 0, 3;
    %cmp/u;
    %jmp/1 T_4.1, 6;
    %dup/vec4;
    %pushi/vec4 2, 0, 3;
    %cmp/u;
    %jmp/1 T_4.2, 6;
    %dup/vec4;
    %pushi/vec4 3, 0, 3;
    %cmp/u;
    %jmp/1 T_4.3, 6;
    %dup/vec4;
    %pushi/vec4 4, 0, 3;
    %cmp/u;
    %jmp/1 T_4.4, 6;
    %dup/vec4;
    %pushi/vec4 5, 0, 3;
    %cmp/u;
    %jmp/1 T_4.5, 6;
    %dup/vec4;
    %pushi/vec4 6, 0, 3;
    %cmp/u;
    %jmp/1 T_4.6, 6;
    %dup/vec4;
    %pushi/vec4 7, 0, 3;
    %cmp/u;
    %jmp/1 T_4.7, 6;
    %pushi/vec4 15, 15, 4;
    %store/vec4 v0x564adb6382e0_0, 0, 4;
    %pushi/vec4 1, 1, 1;
    %store/vec4 v0x564adb638080_0, 0, 1;
    %pushi/vec4 1, 1, 1;
    %store/vec4 v0x564adb6383c0_0, 0, 1;
    %jmp T_4.9;
T_4.0 ;
    %pushi/vec4 0, 0, 1;
    %load/vec4 v0x564adb637e70_0;
    %concat/vec4; draw_concat_vec4
    %pushi/vec4 0, 0, 1;
    %load/vec4 v0x564adb637f50_0;
    %concat/vec4; draw_concat_vec4
    %add;
    %split/vec4 4;
    %store/vec4 v0x564adb6382e0_0, 0, 4;
    %store/vec4 v0x564adb638080_0, 0, 1;
    %load/vec4 v0x564adb637e70_0;
    %parti/s 1, 3, 3;
    %load/vec4 v0x564adb637f50_0;
    %parti/s 1, 3, 3;
    %cmp/e;
    %flag_get/vec4 4;
    %jmp/0 T_4.10, 4;
    %load/vec4 v0x564adb637e70_0;
    %parti/s 1, 3, 3;
    %load/vec4 v0x564adb6382e0_0;
    %parti/s 1, 3, 3;
    %cmp/ne;
    %flag_get/vec4 4;
    %and;
T_4.10;
    %store/vec4 v0x564adb6383c0_0, 0, 1;
    %jmp T_4.9;
T_4.1 ;
    %pushi/vec4 0, 0, 1;
    %load/vec4 v0x564adb637e70_0;
    %concat/vec4; draw_concat_vec4
    %pushi/vec4 0, 0, 1;
    %load/vec4 v0x564adb637f50_0;
    %concat/vec4; draw_concat_vec4
    %sub;
    %split/vec4 4;
    %store/vec4 v0x564adb6382e0_0, 0, 4;
    %store/vec4 v0x564adb638080_0, 0, 1;
    %load/vec4 v0x564adb637e70_0;
    %parti/s 1, 3, 3;
    %load/vec4 v0x564adb637f50_0;
    %parti/s 1, 3, 3;
    %cmp/ne;
    %flag_get/vec4 4;
    %jmp/0 T_4.11, 4;
    %load/vec4 v0x564adb637e70_0;
    %parti/s 1, 3, 3;
    %load/vec4 v0x564adb6382e0_0;
    %parti/s 1, 3, 3;
    %cmp/ne;
    %flag_get/vec4 4;
    %and;
T_4.11;
    %store/vec4 v0x564adb6383c0_0, 0, 1;
    %jmp T_4.9;
T_4.2 ;
    %load/vec4 v0x564adb637e70_0;
    %load/vec4 v0x564adb637f50_0;
    %and;
    %store/vec4 v0x564adb6382e0_0, 0, 4;
    %jmp T_4.9;
T_4.3 ;
    %load/vec4 v0x564adb637e70_0;
    %load/vec4 v0x564adb637f50_0;
    %or;
    %store/vec4 v0x564adb6382e0_0, 0, 4;
    %jmp T_4.9;
T_4.4 ;
    %load/vec4 v0x564adb637e70_0;
    %load/vec4 v0x564adb637f50_0;
    %xor;
    %store/vec4 v0x564adb6382e0_0, 0, 4;
    %jmp T_4.9;
T_4.5 ;
    %load/vec4 v0x564adb637e70_0;
    %inv;
    %store/vec4 v0x564adb6382e0_0, 0, 4;
    %jmp T_4.9;
T_4.6 ;
    %load/vec4 v0x564adb637e70_0;
    %ix/load 4, 1, 0;
    %flag_set/imm 4, 0;
    %shiftl 4;
    %store/vec4 v0x564adb6382e0_0, 0, 4;
    %load/vec4 v0x564adb637e70_0;
    %parti/s 1, 3, 3;
    %store/vec4 v0x564adb638080_0, 0, 1;
    %jmp T_4.9;
T_4.7 ;
    %load/vec4 v0x564adb637e70_0;
    %ix/load 4, 1, 0;
    %flag_set/imm 4, 0;
    %shiftr/s 4;
    %store/vec4 v0x564adb6382e0_0, 0, 4;
    %load/vec4 v0x564adb637e70_0;
    %parti/s 1, 0, 2;
    %store/vec4 v0x564adb638080_0, 0, 1;
    %jmp T_4.9;
T_4.9 ;
    %pop/vec4 1;
    %jmp T_4;
    .thread T_4, $push;
    .scope S_0x564adb5cd400;
T_5 ;
    %pushi/vec4 0, 0, 32;
    %store/vec4 v0x564adb63a620_0, 0, 32;
    %pushi/vec4 0, 0, 32;
    %store/vec4 v0x564adb63a250_0, 0, 32;
    %end;
    .thread T_5, $init;
    .scope S_0x564adb5cd400;
T_6 ;
    %vpi_call/w 3 24 "$dumpfile", "waves/dump.vcd" {0 0 0};
    %vpi_call/w 3 25 "$dumpvars", 32'sb00000000000000000000000000000000, S_0x564adb5cd400 {0 0 0};
    %end;
    .thread T_6;
    .scope S_0x564adb5cd400;
T_7 ;
    %fork TD_tb_alu_4bit.exhaustive, S_0x564adb638640;
    %join;
    %pushi/vec4 12, 0, 4;
    %store/vec4 v0x564adb639e70_0, 0, 4;
    %pushi/vec4 5, 0, 4;
    %store/vec4 v0x564adb639f50_0, 0, 4;
    %fork TD_tb_alu_4bit.opcode_sweep, S_0x564adb639730;
    %join;
    %pushi/vec4 0, 0, 4;
    %store/vec4 v0x564adb639650_0, 0, 4;
    %fork TD_tb_alu_4bit.input_sweep, S_0x564adb638e80;
    %join;
    %pushi/vec4 0, 0, 4;
    %store/vec4 v0x564adb6375e0_0, 0, 4;
    %pushi/vec4 0, 0, 4;
    %store/vec4 v0x564adb6376c0_0, 0, 4;
    %pushi/vec4 0, 0, 4;
    %store/vec4 v0x564adb6377a0_0, 0, 4;
    %fork TD_tb_alu_4bit.check, S_0x564adb58d490;
    %join;
    %pushi/vec4 15, 0, 4;
    %store/vec4 v0x564adb6375e0_0, 0, 4;
    %pushi/vec4 15, 0, 4;
    %store/vec4 v0x564adb6376c0_0, 0, 4;
    %pushi/vec4 0, 0, 4;
    %store/vec4 v0x564adb6377a0_0, 0, 4;
    %fork TD_tb_alu_4bit.check, S_0x564adb58d490;
    %join;
    %pushi/vec4 8, 0, 4;
    %store/vec4 v0x564adb6375e0_0, 0, 4;
    %pushi/vec4 8, 0, 4;
    %store/vec4 v0x564adb6376c0_0, 0, 4;
    %pushi/vec4 0, 0, 4;
    %store/vec4 v0x564adb6377a0_0, 0, 4;
    %fork TD_tb_alu_4bit.check, S_0x564adb58d490;
    %join;
    %pushi/vec4 7, 0, 4;
    %store/vec4 v0x564adb6375e0_0, 0, 4;
    %pushi/vec4 7, 0, 4;
    %store/vec4 v0x564adb6376c0_0, 0, 4;
    %pushi/vec4 0, 0, 4;
    %store/vec4 v0x564adb6377a0_0, 0, 4;
    %fork TD_tb_alu_4bit.check, S_0x564adb58d490;
    %join;
    %pushi/vec4 1, 0, 4;
    %store/vec4 v0x564adb6375e0_0, 0, 4;
    %pushi/vec4 0, 0, 4;
    %store/vec4 v0x564adb6376c0_0, 0, 4;
    %pushi/vec4 1, 0, 4;
    %store/vec4 v0x564adb6377a0_0, 0, 4;
    %fork TD_tb_alu_4bit.check, S_0x564adb58d490;
    %join;
    %pushi/vec4 0, 0, 4;
    %store/vec4 v0x564adb6375e0_0, 0, 4;
    %pushi/vec4 1, 0, 4;
    %store/vec4 v0x564adb6376c0_0, 0, 4;
    %pushi/vec4 1, 0, 4;
    %store/vec4 v0x564adb6377a0_0, 0, 4;
    %fork TD_tb_alu_4bit.check, S_0x564adb58d490;
    %join;
    %vpi_call/w 3 313 "$display", "Test summary:" {0 0 0};
    %vpi_call/w 3 314 "$display", "PASS:%d", v0x564adb63a620_0 {0 0 0};
    %vpi_call/w 3 315 "$display", "FAIL:%d", v0x564adb63a250_0 {0 0 0};
    %vpi_call/w 3 316 "$finish" {0 0 0};
    %end;
    .thread T_7;
# The file index is used to find the file name in the following table.
:file_names 5;
    "N/A";
    "<interactive>";
    "-";
    "tb/tb_alu_4bit.v";
    "rtl/alu_4bit.v";
