#! /usr/bin/vvp
:ivl_version "12.0 (stable)";
:ivl_delay_selection "TYPICAL";
:vpi_time_precision - 12;
:vpi_module "/usr/lib/x86_64-linux-gnu/ivl/system.vpi";
:vpi_module "/usr/lib/x86_64-linux-gnu/ivl/vhdl_sys.vpi";
:vpi_module "/usr/lib/x86_64-linux-gnu/ivl/vhdl_textio.vpi";
:vpi_module "/usr/lib/x86_64-linux-gnu/ivl/v2005_math.vpi";
:vpi_module "/usr/lib/x86_64-linux-gnu/ivl/va_math.vpi";
:vpi_module "/usr/lib/x86_64-linux-gnu/ivl/v2009.vpi";
S_0x55e64236b030 .scope package, "$unit" "$unit" 2 1;
 .timescale 0 0;
S_0x55e642375660 .scope module, "tb_mod_10" "tb_mod_10" 3 3;
 .timescale -9 -12;
v0x55e6423a4e70_0 .var "areset_n", 0 0;
v0x55e6423a4f30_0 .var "clk", 0 0;
v0x55e6423a4ff0_0 .var "en", 0 0;
v0x55e6423a5090_0 .net "out", 3 0, L_0x55e6423a5500;  1 drivers
E_0x55e64237c770 .event negedge, v0x55e64236d7a0_0;
S_0x55e64233f490 .scope task, "check" "check" 3 31, 3 31 0, S_0x55e642375660;
 .timescale -9 -12;
TD_tb_mod_10.check ;
    %vpi_call/w 3 33 "$display", "en = %b | areset_n = %b | out = %b", v0x55e6423a4ff0_0, v0x55e6423a4e70_0, v0x55e6423a5090_0 {0 0 0};
    %end;
S_0x55e64233f620 .scope module, "dut" "mod_10" 3 9, 4 1 0, S_0x55e642375660;
 .timescale 0 0;
    .port_info 0 /INPUT 1 "clk";
    .port_info 1 /INPUT 1 "en";
    .port_info 2 /INPUT 1 "areset_n";
    .port_info 3 /OUTPUT 4 "out";
L_0x55e6423b5b80 .functor OR 1, L_0x55e6423b59e0, L_0x55e6423b5a80, C4<0>, C4<0>;
L_0x55e6423b5d10 .functor OR 1, L_0x55e6423b5b80, L_0x55e6423b5c70, C4<0>, C4<0>;
L_0x55e6423b5f40 .functor OR 1, L_0x55e6423b6490, L_0x55e6423b6560, C4<0>, C4<0>;
L_0x55e6423b67a0 .functor NOT 1, L_0x55e6423b5f40, C4<0>, C4<0>, C4<0>;
v0x55e6423a3b40_0 .net *"_ivl_1", 0 0, L_0x55e6423a5130;  1 drivers
L_0x7fcf19bc5018 .functor BUFT 1, C4<00000000000000000000000000000001>, C4<0>, C4<0>, C4<0>;
v0x55e6423a3c40_0 .net/2s *"_ivl_10", 31 0, L_0x7fcf19bc5018;  1 drivers
L_0x7fcf19bc5060 .functor BUFT 1, C4<00000000000000000000000000000001>, C4<0>, C4<0>, C4<0>;
v0x55e6423a3d20_0 .net/2s *"_ivl_14", 31 0, L_0x7fcf19bc5060;  1 drivers
v0x55e6423a3de0_0 .net *"_ivl_23", 0 0, L_0x55e6423b59e0;  1 drivers
v0x55e6423a3ec0_0 .net *"_ivl_25", 0 0, L_0x55e6423b5a80;  1 drivers
v0x55e6423a3ff0_0 .net *"_ivl_26", 0 0, L_0x55e6423b5b80;  1 drivers
v0x55e6423a40d0_0 .net *"_ivl_29", 0 0, L_0x55e6423b5c70;  1 drivers
v0x55e6423a41b0_0 .net *"_ivl_3", 0 0, L_0x55e6423a5200;  1 drivers
L_0x7fcf19bc50a8 .functor BUFT 1, C4<00000000000000000000000000000001>, C4<0>, C4<0>, C4<0>;
v0x55e6423a4290_0 .net/2s *"_ivl_32", 31 0, L_0x7fcf19bc50a8;  1 drivers
L_0x7fcf19bc50f0 .functor BUFT 1, C4<00000000000000000000000000000001>, C4<0>, C4<0>, C4<0>;
v0x55e6423a4370_0 .net/2s *"_ivl_40", 31 0, L_0x7fcf19bc50f0;  1 drivers
L_0x7fcf19bc5138 .functor BUFT 1, C4<00000000000000000000000000000001>, C4<0>, C4<0>, C4<0>;
v0x55e6423a4450_0 .net/2s *"_ivl_44", 31 0, L_0x7fcf19bc5138;  1 drivers
v0x55e6423a4530_0 .net *"_ivl_5", 0 0, L_0x55e6423a52d0;  1 drivers
v0x55e6423a4610_0 .net *"_ivl_53", 0 0, L_0x55e6423b6490;  1 drivers
v0x55e6423a46f0_0 .net *"_ivl_55", 0 0, L_0x55e6423b6560;  1 drivers
v0x55e6423a47d0_0 .net *"_ivl_56", 0 0, L_0x55e6423b5f40;  1 drivers
L_0x7fcf19bc5180 .functor BUFT 1, C4<00000000000000000000000000000001>, C4<0>, C4<0>, C4<0>;
v0x55e6423a48b0_0 .net/2s *"_ivl_60", 31 0, L_0x7fcf19bc5180;  1 drivers
v0x55e6423a4990_0 .net *"_ivl_7", 0 0, L_0x55e6423a5370;  1 drivers
v0x55e6423a4a70_0 .net "areset_n", 0 0, v0x55e6423a4e70_0;  1 drivers
v0x55e6423a4b10_0 .net "clk", 0 0, v0x55e6423a4f30_0;  1 drivers
v0x55e6423a4bb0_0 .net "en", 0 0, v0x55e6423a4ff0_0;  1 drivers
v0x55e6423a4c50_0 .net "out", 3 0, L_0x55e6423a5500;  alias, 1 drivers
v0x55e6423a4d10_0 .net "w", 3 0, L_0x55e6423b6980;  1 drivers
L_0x55e6423a5130 .part L_0x55e6423b6980, 3, 1;
L_0x55e6423a5200 .part L_0x55e6423b6980, 2, 1;
L_0x55e6423a52d0 .part L_0x55e6423b6980, 1, 1;
L_0x55e6423a5370 .part L_0x55e6423b6980, 0, 1;
L_0x55e6423a5500 .concat [ 1 1 1 1], L_0x55e6423a5370, L_0x55e6423a52d0, L_0x55e6423a5200, L_0x55e6423a5130;
L_0x55e6423b56d0 .part L_0x7fcf19bc5018, 0, 1;
L_0x55e6423b5800 .part L_0x7fcf19bc5060, 0, 1;
L_0x55e6423b58f0 .part L_0x55e6423b6980, 0, 1;
L_0x55e6423b59e0 .part L_0x55e6423b6980, 1, 1;
L_0x55e6423b5a80 .part L_0x55e6423b6980, 2, 1;
L_0x55e6423b5c70 .part L_0x55e6423b6980, 3, 1;
L_0x55e6423b5e20 .part L_0x7fcf19bc50a8, 0, 1;
L_0x55e6423b5fb0 .part L_0x55e6423b6980, 1, 1;
L_0x55e6423b6080 .part L_0x7fcf19bc50f0, 0, 1;
L_0x55e6423b6270 .part L_0x7fcf19bc5138, 0, 1;
L_0x55e6423b6360 .part L_0x55e6423b6980, 0, 1;
L_0x55e6423b6490 .part L_0x55e6423b6980, 1, 1;
L_0x55e6423b6560 .part L_0x55e6423b6980, 2, 1;
L_0x55e6423b6890 .part L_0x7fcf19bc5180, 0, 1;
L_0x55e6423b6980 .concat8 [ 1 1 1 1], v0x55e6423a2050_0, v0x55e6423a2820_0, v0x55e6423a30f0_0, v0x55e6423a3980_0;
S_0x55e64237efd0 .scope module, "jk0" "JK" 4 11, 5 1 0, S_0x55e64233f620;
 .timescale 0 0;
    .port_info 0 /INPUT 1 "clk";
    .port_info 1 /INPUT 1 "en";
    .port_info 2 /INPUT 1 "areset_n";
    .port_info 3 /INPUT 1 "j";
    .port_info 4 /INPUT 1 "k";
    .port_info 5 /OUTPUT 1 "q";
v0x55e642370c40_0 .net "areset_n", 0 0, v0x55e6423a4e70_0;  alias, 1 drivers
v0x55e64236d7a0_0 .net "clk", 0 0, v0x55e6423a4f30_0;  alias, 1 drivers
v0x55e6423a1de0_0 .net "en", 0 0, v0x55e6423a4ff0_0;  alias, 1 drivers
v0x55e6423a1e80_0 .net "j", 0 0, L_0x55e6423b56d0;  1 drivers
v0x55e6423a1f40_0 .net "k", 0 0, L_0x55e6423b5800;  1 drivers
v0x55e6423a2050_0 .var "q", 0 0;
E_0x55e64237cca0/0 .event negedge, v0x55e642370c40_0;
E_0x55e64237cca0/1 .event posedge, v0x55e64236d7a0_0;
E_0x55e64237cca0 .event/or E_0x55e64237cca0/0, E_0x55e64237cca0/1;
S_0x55e6423a21d0 .scope module, "jk1" "JK" 4 20, 5 1 0, S_0x55e64233f620;
 .timescale 0 0;
    .port_info 0 /INPUT 1 "clk";
    .port_info 1 /INPUT 1 "en";
    .port_info 2 /INPUT 1 "areset_n";
    .port_info 3 /INPUT 1 "j";
    .port_info 4 /INPUT 1 "k";
    .port_info 5 /OUTPUT 1 "q";
v0x55e6423a2490_0 .net "areset_n", 0 0, v0x55e6423a4e70_0;  alias, 1 drivers
v0x55e6423a2550_0 .net "clk", 0 0, L_0x55e6423b58f0;  1 drivers
v0x55e6423a25f0_0 .net "en", 0 0, v0x55e6423a4ff0_0;  alias, 1 drivers
v0x55e6423a2690_0 .net "j", 0 0, L_0x55e6423b5d10;  1 drivers
v0x55e6423a2730_0 .net "k", 0 0, L_0x55e6423b5e20;  1 drivers
v0x55e6423a2820_0 .var "q", 0 0;
E_0x55e642363780/0 .event negedge, v0x55e642370c40_0;
E_0x55e642363780/1 .event posedge, v0x55e6423a2550_0;
E_0x55e642363780 .event/or E_0x55e642363780/0, E_0x55e642363780/1;
S_0x55e6423a29a0 .scope module, "jk2" "JK" 4 29, 5 1 0, S_0x55e64233f620;
 .timescale 0 0;
    .port_info 0 /INPUT 1 "clk";
    .port_info 1 /INPUT 1 "en";
    .port_info 2 /INPUT 1 "areset_n";
    .port_info 3 /INPUT 1 "j";
    .port_info 4 /INPUT 1 "k";
    .port_info 5 /OUTPUT 1 "q";
v0x55e6423a2c80_0 .net "areset_n", 0 0, v0x55e6423a4e70_0;  alias, 1 drivers
v0x55e6423a2d90_0 .net "clk", 0 0, L_0x55e6423b5fb0;  1 drivers
v0x55e6423a2e50_0 .net "en", 0 0, v0x55e6423a4ff0_0;  alias, 1 drivers
v0x55e6423a2f40_0 .net "j", 0 0, L_0x55e6423b6080;  1 drivers
v0x55e6423a2fe0_0 .net "k", 0 0, L_0x55e6423b6270;  1 drivers
v0x55e6423a30f0_0 .var "q", 0 0;
E_0x55e6423a2c20/0 .event negedge, v0x55e642370c40_0;
E_0x55e6423a2c20/1 .event posedge, v0x55e6423a2d90_0;
E_0x55e6423a2c20 .event/or E_0x55e6423a2c20/0, E_0x55e6423a2c20/1;
S_0x55e6423a32b0 .scope module, "jk3" "JK" 4 38, 5 1 0, S_0x55e64233f620;
 .timescale 0 0;
    .port_info 0 /INPUT 1 "clk";
    .port_info 1 /INPUT 1 "en";
    .port_info 2 /INPUT 1 "areset_n";
    .port_info 3 /INPUT 1 "j";
    .port_info 4 /INPUT 1 "k";
    .port_info 5 /OUTPUT 1 "q";
v0x55e6423a35b0_0 .net "areset_n", 0 0, v0x55e6423a4e70_0;  alias, 1 drivers
v0x55e6423a3670_0 .net "clk", 0 0, L_0x55e6423b6360;  1 drivers
v0x55e6423a3730_0 .net "en", 0 0, v0x55e6423a4ff0_0;  alias, 1 drivers
v0x55e6423a37d0_0 .net "j", 0 0, L_0x55e6423b67a0;  1 drivers
v0x55e6423a3870_0 .net "k", 0 0, L_0x55e6423b6890;  1 drivers
v0x55e6423a3980_0 .var "q", 0 0;
E_0x55e6423a3530/0 .event negedge, v0x55e642370c40_0;
E_0x55e6423a3530/1 .event posedge, v0x55e6423a3670_0;
E_0x55e6423a3530 .event/or E_0x55e6423a3530/0, E_0x55e6423a3530/1;
    .scope S_0x55e64237efd0;
T_1 ;
    %wait E_0x55e64237cca0;
    %load/vec4 v0x55e642370c40_0;
    %nor/r;
    %flag_set/vec4 8;
    %jmp/0xz  T_1.0, 8;
    %pushi/vec4 0, 0, 1;
    %assign/vec4 v0x55e6423a2050_0, 0;
    %jmp T_1.1;
T_1.0 ;
    %load/vec4 v0x55e6423a1de0_0;
    %nor/r;
    %flag_set/vec4 8;
    %jmp/0xz  T_1.2, 8;
    %load/vec4 v0x55e6423a2050_0;
    %assign/vec4 v0x55e6423a2050_0, 0;
    %jmp T_1.3;
T_1.2 ;
    %load/vec4 v0x55e6423a1e80_0;
    %load/vec4 v0x55e6423a1f40_0;
    %concat/vec4; draw_concat_vec4
    %dup/vec4;
    %pushi/vec4 0, 0, 2;
    %cmp/u;
    %jmp/1 T_1.4, 6;
    %dup/vec4;
    %pushi/vec4 1, 0, 2;
    %cmp/u;
    %jmp/1 T_1.5, 6;
    %dup/vec4;
    %pushi/vec4 2, 0, 2;
    %cmp/u;
    %jmp/1 T_1.6, 6;
    %dup/vec4;
    %pushi/vec4 3, 0, 2;
    %cmp/u;
    %jmp/1 T_1.7, 6;
    %load/vec4 v0x55e6423a2050_0;
    %assign/vec4 v0x55e6423a2050_0, 0;
    %jmp T_1.9;
T_1.4 ;
    %load/vec4 v0x55e6423a2050_0;
    %assign/vec4 v0x55e6423a2050_0, 0;
    %jmp T_1.9;
T_1.5 ;
    %pushi/vec4 0, 0, 1;
    %assign/vec4 v0x55e6423a2050_0, 0;
    %jmp T_1.9;
T_1.6 ;
    %pushi/vec4 1, 0, 1;
    %assign/vec4 v0x55e6423a2050_0, 0;
    %jmp T_1.9;
T_1.7 ;
    %load/vec4 v0x55e6423a2050_0;
    %inv;
    %assign/vec4 v0x55e6423a2050_0, 0;
    %jmp T_1.9;
T_1.9 ;
    %pop/vec4 1;
T_1.3 ;
T_1.1 ;
    %jmp T_1;
    .thread T_1;
    .scope S_0x55e6423a21d0;
T_2 ;
    %wait E_0x55e642363780;
    %load/vec4 v0x55e6423a2490_0;
    %nor/r;
    %flag_set/vec4 8;
    %jmp/0xz  T_2.0, 8;
    %pushi/vec4 0, 0, 1;
    %assign/vec4 v0x55e6423a2820_0, 0;
    %jmp T_2.1;
T_2.0 ;
    %load/vec4 v0x55e6423a25f0_0;
    %nor/r;
    %flag_set/vec4 8;
    %jmp/0xz  T_2.2, 8;
    %load/vec4 v0x55e6423a2820_0;
    %assign/vec4 v0x55e6423a2820_0, 0;
    %jmp T_2.3;
T_2.2 ;
    %load/vec4 v0x55e6423a2690_0;
    %load/vec4 v0x55e6423a2730_0;
    %concat/vec4; draw_concat_vec4
    %dup/vec4;
    %pushi/vec4 0, 0, 2;
    %cmp/u;
    %jmp/1 T_2.4, 6;
    %dup/vec4;
    %pushi/vec4 1, 0, 2;
    %cmp/u;
    %jmp/1 T_2.5, 6;
    %dup/vec4;
    %pushi/vec4 2, 0, 2;
    %cmp/u;
    %jmp/1 T_2.6, 6;
    %dup/vec4;
    %pushi/vec4 3, 0, 2;
    %cmp/u;
    %jmp/1 T_2.7, 6;
    %load/vec4 v0x55e6423a2820_0;
    %assign/vec4 v0x55e6423a2820_0, 0;
    %jmp T_2.9;
T_2.4 ;
    %load/vec4 v0x55e6423a2820_0;
    %assign/vec4 v0x55e6423a2820_0, 0;
    %jmp T_2.9;
T_2.5 ;
    %pushi/vec4 0, 0, 1;
    %assign/vec4 v0x55e6423a2820_0, 0;
    %jmp T_2.9;
T_2.6 ;
    %pushi/vec4 1, 0, 1;
    %assign/vec4 v0x55e6423a2820_0, 0;
    %jmp T_2.9;
T_2.7 ;
    %load/vec4 v0x55e6423a2820_0;
    %inv;
    %assign/vec4 v0x55e6423a2820_0, 0;
    %jmp T_2.9;
T_2.9 ;
    %pop/vec4 1;
T_2.3 ;
T_2.1 ;
    %jmp T_2;
    .thread T_2;
    .scope S_0x55e6423a29a0;
T_3 ;
    %wait E_0x55e6423a2c20;
    %load/vec4 v0x55e6423a2c80_0;
    %nor/r;
    %flag_set/vec4 8;
    %jmp/0xz  T_3.0, 8;
    %pushi/vec4 0, 0, 1;
    %assign/vec4 v0x55e6423a30f0_0, 0;
    %jmp T_3.1;
T_3.0 ;
    %load/vec4 v0x55e6423a2e50_0;
    %nor/r;
    %flag_set/vec4 8;
    %jmp/0xz  T_3.2, 8;
    %load/vec4 v0x55e6423a30f0_0;
    %assign/vec4 v0x55e6423a30f0_0, 0;
    %jmp T_3.3;
T_3.2 ;
    %load/vec4 v0x55e6423a2f40_0;
    %load/vec4 v0x55e6423a2fe0_0;
    %concat/vec4; draw_concat_vec4
    %dup/vec4;
    %pushi/vec4 0, 0, 2;
    %cmp/u;
    %jmp/1 T_3.4, 6;
    %dup/vec4;
    %pushi/vec4 1, 0, 2;
    %cmp/u;
    %jmp/1 T_3.5, 6;
    %dup/vec4;
    %pushi/vec4 2, 0, 2;
    %cmp/u;
    %jmp/1 T_3.6, 6;
    %dup/vec4;
    %pushi/vec4 3, 0, 2;
    %cmp/u;
    %jmp/1 T_3.7, 6;
    %load/vec4 v0x55e6423a30f0_0;
    %assign/vec4 v0x55e6423a30f0_0, 0;
    %jmp T_3.9;
T_3.4 ;
    %load/vec4 v0x55e6423a30f0_0;
    %assign/vec4 v0x55e6423a30f0_0, 0;
    %jmp T_3.9;
T_3.5 ;
    %pushi/vec4 0, 0, 1;
    %assign/vec4 v0x55e6423a30f0_0, 0;
    %jmp T_3.9;
T_3.6 ;
    %pushi/vec4 1, 0, 1;
    %assign/vec4 v0x55e6423a30f0_0, 0;
    %jmp T_3.9;
T_3.7 ;
    %load/vec4 v0x55e6423a30f0_0;
    %inv;
    %assign/vec4 v0x55e6423a30f0_0, 0;
    %jmp T_3.9;
T_3.9 ;
    %pop/vec4 1;
T_3.3 ;
T_3.1 ;
    %jmp T_3;
    .thread T_3;
    .scope S_0x55e6423a32b0;
T_4 ;
    %wait E_0x55e6423a3530;
    %load/vec4 v0x55e6423a35b0_0;
    %nor/r;
    %flag_set/vec4 8;
    %jmp/0xz  T_4.0, 8;
    %pushi/vec4 0, 0, 1;
    %assign/vec4 v0x55e6423a3980_0, 0;
    %jmp T_4.1;
T_4.0 ;
    %load/vec4 v0x55e6423a3730_0;
    %nor/r;
    %flag_set/vec4 8;
    %jmp/0xz  T_4.2, 8;
    %load/vec4 v0x55e6423a3980_0;
    %assign/vec4 v0x55e6423a3980_0, 0;
    %jmp T_4.3;
T_4.2 ;
    %load/vec4 v0x55e6423a37d0_0;
    %load/vec4 v0x55e6423a3870_0;
    %concat/vec4; draw_concat_vec4
    %dup/vec4;
    %pushi/vec4 0, 0, 2;
    %cmp/u;
    %jmp/1 T_4.4, 6;
    %dup/vec4;
    %pushi/vec4 1, 0, 2;
    %cmp/u;
    %jmp/1 T_4.5, 6;
    %dup/vec4;
    %pushi/vec4 2, 0, 2;
    %cmp/u;
    %jmp/1 T_4.6, 6;
    %dup/vec4;
    %pushi/vec4 3, 0, 2;
    %cmp/u;
    %jmp/1 T_4.7, 6;
    %load/vec4 v0x55e6423a3980_0;
    %assign/vec4 v0x55e6423a3980_0, 0;
    %jmp T_4.9;
T_4.4 ;
    %load/vec4 v0x55e6423a3980_0;
    %assign/vec4 v0x55e6423a3980_0, 0;
    %jmp T_4.9;
T_4.5 ;
    %pushi/vec4 0, 0, 1;
    %assign/vec4 v0x55e6423a3980_0, 0;
    %jmp T_4.9;
T_4.6 ;
    %pushi/vec4 1, 0, 1;
    %assign/vec4 v0x55e6423a3980_0, 0;
    %jmp T_4.9;
T_4.7 ;
    %load/vec4 v0x55e6423a3980_0;
    %inv;
    %assign/vec4 v0x55e6423a3980_0, 0;
    %jmp T_4.9;
T_4.9 ;
    %pop/vec4 1;
T_4.3 ;
T_4.1 ;
    %jmp T_4;
    .thread T_4;
    .scope S_0x55e642375660;
T_5 ;
    %vpi_call/w 3 17 "$dumpfile", "waves/dump.vcd" {0 0 0};
    %vpi_call/w 3 18 "$dumpvars", 32'sb00000000000000000000000000000000, S_0x55e642375660 {0 0 0};
    %end;
    .thread T_5;
    .scope S_0x55e642375660;
T_6 ;
    %pushi/vec4 0, 0, 1;
    %store/vec4 v0x55e6423a4f30_0, 0, 1;
T_6.0 ;
    %delay 5000, 0;
    %load/vec4 v0x55e6423a4f30_0;
    %inv;
    %store/vec4 v0x55e6423a4f30_0, 0, 1;
    %jmp T_6.0;
    %end;
    .thread T_6;
    .scope S_0x55e642375660;
T_7 ;
    %pushi/vec4 0, 0, 1;
    %store/vec4 v0x55e6423a4ff0_0, 0, 1;
    %pushi/vec4 0, 0, 1;
    %store/vec4 v0x55e6423a4e70_0, 0, 1;
    %end;
    .thread T_7;
    .scope S_0x55e642375660;
T_8 ;
    %delay 25000, 0;
    %pushi/vec4 1, 0, 1;
    %store/vec4 v0x55e6423a4e70_0, 0, 1;
    %delay 7000, 0;
    %pushi/vec4 1, 0, 1;
    %store/vec4 v0x55e6423a4ff0_0, 0, 1;
    %pushi/vec4 30, 0, 32;
T_8.0 %dup/vec4;
    %pushi/vec4 0, 0, 32;
    %cmp/s;
    %jmp/1xz T_8.1, 5;
    %jmp/1 T_8.1, 4;
    %pushi/vec4 1, 0, 32;
    %sub;
    %wait E_0x55e64237c770;
    %fork TD_tb_mod_10.check, S_0x55e64233f490;
    %join;
    %jmp T_8.0;
T_8.1 ;
    %pop/vec4 1;
    %delay 10000, 0;
    %vpi_call/w 3 45 "$finish" {0 0 0};
    %end;
    .thread T_8;
# The file index is used to find the file name in the following table.
:file_names 6;
    "N/A";
    "<interactive>";
    "-";
    "tb/tb_mod_10.v";
    "rtl/mod_10.v";
    "rtl/JK.v";
