#! /usr/bin/vvp
:ivl_version "12.0 (stable)";
:ivl_delay_selection "TYPICAL";
:vpi_time_precision - 12;
:vpi_module "/usr/lib/x86_64-linux-gnu/ivl/system.vpi";
:vpi_module "/usr/lib/x86_64-linux-gnu/ivl/vhdl_sys.vpi";
:vpi_module "/usr/lib/x86_64-linux-gnu/ivl/vhdl_textio.vpi";
:vpi_module "/usr/lib/x86_64-linux-gnu/ivl/v2005_math.vpi";
:vpi_module "/usr/lib/x86_64-linux-gnu/ivl/va_math.vpi";
:vpi_module "/usr/lib/x86_64-linux-gnu/ivl/v2009.vpi";
S_0x5563754ea700 .scope package, "$unit" "$unit" 2 1;
 .timescale 0 0;
S_0x5563754a9490 .scope module, "tb_s_1010_overlapping" "tb_s_1010_overlapping" 3 3;
 .timescale -9 -12;
v0x556375507270_0 .var "areset_n", 0 0;
v0x556375507330_0 .var "clk", 0 0;
v0x5563755073d0_0 .var "en", 0 0;
v0x556375507470_0 .var "in", 0 0;
v0x556375507540_0 .net "out", 0 0, v0x5563754d7550_0;  1 drivers
E_0x5563754e3410 .event negedge, v0x5563754d6770_0;
S_0x5563754a9620 .scope task, "check" "check" 3 31, 3 31 0, S_0x5563754a9490;
 .timescale -9 -12;
v0x5563754d6090_0 .var "t_in", 0 0;
TD_tb_s_1010_overlapping.check ;
    %load/vec4 v0x5563754d6090_0;
    %store/vec4 v0x556375507470_0, 0, 1;
    %delay 1000, 0;
    %vpi_call/w 3 36 "$display", "en = %b | areset_n = %b | in = %b | out = %b", v0x5563755073d0_0, v0x556375507270_0, v0x556375507470_0, v0x556375507540_0 {0 0 0};
    %end;
S_0x556375506bc0 .scope module, "dut" "s_1010_overlapping" 3 10, 4 1 0, S_0x5563754a9490;
 .timescale 0 0;
    .port_info 0 /INPUT 1 "clk";
    .port_info 1 /INPUT 1 "en";
    .port_info 2 /INPUT 1 "areset_n";
    .port_info 3 /INPUT 1 "in";
    .port_info 4 /OUTPUT 1 "out";
P_0x5563754d05d0 .param/l "a" 0 4 8, C4<00>;
P_0x5563754d0610 .param/l "b" 0 4 9, C4<01>;
P_0x5563754d0650 .param/l "c" 0 4 10, C4<10>;
P_0x5563754d0690 .param/l "d" 0 4 11, C4<11>;
v0x5563754d6420_0 .net "areset_n", 0 0, v0x556375507270_0;  1 drivers
v0x5563754d6770_0 .net "clk", 0 0, v0x556375507330_0;  1 drivers
v0x5563754d6b00_0 .net "en", 0 0, v0x5563755073d0_0;  1 drivers
v0x5563754d6e70_0 .net "in", 0 0, v0x556375507470_0;  1 drivers
v0x5563754d71c0_0 .var "next", 1 0;
v0x5563754d7550_0 .var "out", 0 0;
v0x5563755070f0_0 .var "state", 1 0;
E_0x5563754e2910 .event anyedge, v0x5563754d6e70_0, v0x5563755070f0_0;
E_0x5563754e3290/0 .event negedge, v0x5563754d6420_0;
E_0x5563754e3290/1 .event posedge, v0x5563754d6770_0;
E_0x5563754e3290 .event/or E_0x5563754e3290/0, E_0x5563754e3290/1;
    .scope S_0x556375506bc0;
T_1 ;
    %wait E_0x5563754e3290;
    %load/vec4 v0x5563754d6420_0;
    %inv;
    %flag_set/vec4 8;
    %jmp/0xz  T_1.0, 8;
    %pushi/vec4 0, 0, 2;
    %assign/vec4 v0x5563755070f0_0, 0;
    %jmp T_1.1;
T_1.0 ;
    %load/vec4 v0x5563754d6b00_0;
    %flag_set/vec4 8;
    %jmp/0xz  T_1.2, 8;
    %load/vec4 v0x5563754d71c0_0;
    %assign/vec4 v0x5563755070f0_0, 0;
    %jmp T_1.3;
T_1.2 ;
    %load/vec4 v0x5563755070f0_0;
    %assign/vec4 v0x5563755070f0_0, 0;
T_1.3 ;
T_1.1 ;
    %jmp T_1;
    .thread T_1;
    .scope S_0x556375506bc0;
T_2 ;
    %wait E_0x5563754e2910;
    %pushi/vec4 0, 0, 2;
    %store/vec4 v0x5563754d71c0_0, 0, 2;
    %pushi/vec4 0, 0, 1;
    %store/vec4 v0x5563754d7550_0, 0, 1;
    %load/vec4 v0x5563755070f0_0;
    %dup/vec4;
    %pushi/vec4 0, 0, 2;
    %cmp/u;
    %jmp/1 T_2.0, 6;
    %dup/vec4;
    %pushi/vec4 1, 0, 2;
    %cmp/u;
    %jmp/1 T_2.1, 6;
    %dup/vec4;
    %pushi/vec4 2, 0, 2;
    %cmp/u;
    %jmp/1 T_2.2, 6;
    %dup/vec4;
    %pushi/vec4 3, 0, 2;
    %cmp/u;
    %jmp/1 T_2.3, 6;
    %pushi/vec4 0, 0, 2;
    %store/vec4 v0x5563754d71c0_0, 0, 2;
    %pushi/vec4 0, 0, 1;
    %store/vec4 v0x5563754d7550_0, 0, 1;
    %jmp T_2.5;
T_2.0 ;
    %load/vec4 v0x5563754d6e70_0;
    %flag_set/vec4 8;
    %jmp/0xz  T_2.6, 8;
    %pushi/vec4 1, 0, 2;
    %store/vec4 v0x5563754d71c0_0, 0, 2;
    %pushi/vec4 0, 0, 1;
    %store/vec4 v0x5563754d7550_0, 0, 1;
    %jmp T_2.7;
T_2.6 ;
    %pushi/vec4 0, 0, 2;
    %store/vec4 v0x5563754d71c0_0, 0, 2;
    %pushi/vec4 0, 0, 1;
    %store/vec4 v0x5563754d7550_0, 0, 1;
T_2.7 ;
    %jmp T_2.5;
T_2.1 ;
    %load/vec4 v0x5563754d6e70_0;
    %flag_set/vec4 8;
    %jmp/0xz  T_2.8, 8;
    %pushi/vec4 1, 0, 2;
    %store/vec4 v0x5563754d71c0_0, 0, 2;
    %pushi/vec4 0, 0, 1;
    %store/vec4 v0x5563754d7550_0, 0, 1;
    %jmp T_2.9;
T_2.8 ;
    %pushi/vec4 2, 0, 2;
    %store/vec4 v0x5563754d71c0_0, 0, 2;
    %pushi/vec4 0, 0, 1;
    %store/vec4 v0x5563754d7550_0, 0, 1;
T_2.9 ;
    %jmp T_2.5;
T_2.2 ;
    %load/vec4 v0x5563754d6e70_0;
    %flag_set/vec4 8;
    %jmp/0xz  T_2.10, 8;
    %pushi/vec4 3, 0, 2;
    %store/vec4 v0x5563754d71c0_0, 0, 2;
    %pushi/vec4 0, 0, 1;
    %store/vec4 v0x5563754d7550_0, 0, 1;
    %jmp T_2.11;
T_2.10 ;
    %pushi/vec4 0, 0, 2;
    %store/vec4 v0x5563754d71c0_0, 0, 2;
    %pushi/vec4 0, 0, 1;
    %store/vec4 v0x5563754d7550_0, 0, 1;
T_2.11 ;
    %jmp T_2.5;
T_2.3 ;
    %load/vec4 v0x5563754d6e70_0;
    %flag_set/vec4 8;
    %jmp/0xz  T_2.12, 8;
    %pushi/vec4 1, 0, 2;
    %store/vec4 v0x5563754d71c0_0, 0, 2;
    %pushi/vec4 0, 0, 1;
    %store/vec4 v0x5563754d7550_0, 0, 1;
    %jmp T_2.13;
T_2.12 ;
    %pushi/vec4 2, 0, 2;
    %store/vec4 v0x5563754d71c0_0, 0, 2;
    %pushi/vec4 1, 0, 1;
    %store/vec4 v0x5563754d7550_0, 0, 1;
T_2.13 ;
    %jmp T_2.5;
T_2.5 ;
    %pop/vec4 1;
    %jmp T_2;
    .thread T_2, $push;
    .scope S_0x5563754a9490;
T_3 ;
    %vpi_call/w 3 19 "$dumpfile", "waves/dump.vcd" {0 0 0};
    %vpi_call/w 3 20 "$dumpvars", 32'sb00000000000000000000000000000000, S_0x5563754a9490 {0 0 0};
    %end;
    .thread T_3;
    .scope S_0x5563754a9490;
T_4 ;
    %pushi/vec4 0, 0, 1;
    %store/vec4 v0x556375507330_0, 0, 1;
    %pushi/vec4 0, 0, 1;
    %store/vec4 v0x5563755073d0_0, 0, 1;
    %pushi/vec4 0, 0, 1;
    %store/vec4 v0x556375507270_0, 0, 1;
    %pushi/vec4 0, 0, 1;
    %store/vec4 v0x556375507470_0, 0, 1;
T_4.0 ;
    %delay 5000, 0;
    %load/vec4 v0x556375507330_0;
    %inv;
    %store/vec4 v0x556375507330_0, 0, 1;
    %jmp T_4.0;
    %end;
    .thread T_4;
    .scope S_0x5563754a9490;
T_5 ;
    %delay 3000, 0;
    %pushi/vec4 1, 0, 1;
    %store/vec4 v0x5563755073d0_0, 0, 1;
    %delay 3000, 0;
    %pushi/vec4 1, 0, 1;
    %store/vec4 v0x556375507270_0, 0, 1;
    %wait E_0x5563754e3410;
    %pushi/vec4 0, 0, 1;
    %store/vec4 v0x5563754d6090_0, 0, 1;
    %fork TD_tb_s_1010_overlapping.check, S_0x5563754a9620;
    %join;
    %wait E_0x5563754e3410;
    %pushi/vec4 0, 0, 1;
    %store/vec4 v0x5563754d6090_0, 0, 1;
    %fork TD_tb_s_1010_overlapping.check, S_0x5563754a9620;
    %join;
    %wait E_0x5563754e3410;
    %pushi/vec4 1, 0, 1;
    %store/vec4 v0x5563754d6090_0, 0, 1;
    %fork TD_tb_s_1010_overlapping.check, S_0x5563754a9620;
    %join;
    %wait E_0x5563754e3410;
    %pushi/vec4 0, 0, 1;
    %store/vec4 v0x5563754d6090_0, 0, 1;
    %fork TD_tb_s_1010_overlapping.check, S_0x5563754a9620;
    %join;
    %wait E_0x5563754e3410;
    %pushi/vec4 1, 0, 1;
    %store/vec4 v0x5563754d6090_0, 0, 1;
    %fork TD_tb_s_1010_overlapping.check, S_0x5563754a9620;
    %join;
    %wait E_0x5563754e3410;
    %pushi/vec4 0, 0, 1;
    %store/vec4 v0x5563754d6090_0, 0, 1;
    %fork TD_tb_s_1010_overlapping.check, S_0x5563754a9620;
    %join;
    %wait E_0x5563754e3410;
    %pushi/vec4 1, 0, 1;
    %store/vec4 v0x5563754d6090_0, 0, 1;
    %fork TD_tb_s_1010_overlapping.check, S_0x5563754a9620;
    %join;
    %wait E_0x5563754e3410;
    %pushi/vec4 0, 0, 1;
    %store/vec4 v0x5563754d6090_0, 0, 1;
    %fork TD_tb_s_1010_overlapping.check, S_0x5563754a9620;
    %join;
    %wait E_0x5563754e3410;
    %pushi/vec4 1, 0, 1;
    %store/vec4 v0x5563754d6090_0, 0, 1;
    %fork TD_tb_s_1010_overlapping.check, S_0x5563754a9620;
    %join;
    %wait E_0x5563754e3410;
    %pushi/vec4 1, 0, 1;
    %store/vec4 v0x5563754d6090_0, 0, 1;
    %fork TD_tb_s_1010_overlapping.check, S_0x5563754a9620;
    %join;
    %wait E_0x5563754e3410;
    %pushi/vec4 0, 0, 1;
    %store/vec4 v0x5563754d6090_0, 0, 1;
    %fork TD_tb_s_1010_overlapping.check, S_0x5563754a9620;
    %join;
    %wait E_0x5563754e3410;
    %pushi/vec4 1, 0, 1;
    %store/vec4 v0x5563754d6090_0, 0, 1;
    %fork TD_tb_s_1010_overlapping.check, S_0x5563754a9620;
    %join;
    %wait E_0x5563754e3410;
    %pushi/vec4 0, 0, 1;
    %store/vec4 v0x5563754d6090_0, 0, 1;
    %fork TD_tb_s_1010_overlapping.check, S_0x5563754a9620;
    %join;
    %delay 10000, 0;
    %vpi_call/w 3 58 "$finish" {0 0 0};
    %end;
    .thread T_5;
# The file index is used to find the file name in the following table.
:file_names 5;
    "N/A";
    "<interactive>";
    "-";
    "tb/tb_s_1010_overlapping.v";
    "rtl/s_1010_overlapping.v";
