#! /usr/bin/vvp
:ivl_version "12.0 (stable)";
:ivl_delay_selection "TYPICAL";
:vpi_time_precision - 12;
:vpi_module "/usr/lib/x86_64-linux-gnu/ivl/system.vpi";
:vpi_module "/usr/lib/x86_64-linux-gnu/ivl/vhdl_sys.vpi";
:vpi_module "/usr/lib/x86_64-linux-gnu/ivl/vhdl_textio.vpi";
:vpi_module "/usr/lib/x86_64-linux-gnu/ivl/v2005_math.vpi";
:vpi_module "/usr/lib/x86_64-linux-gnu/ivl/va_math.vpi";
:vpi_module "/usr/lib/x86_64-linux-gnu/ivl/v2009.vpi";
S_0x55838ce85490 .scope package, "$unit" "$unit" 2 1;
 .timescale 0 0;
S_0x55838ce85620 .scope module, "tb_SIPO" "tb_SIPO" 3 3;
 .timescale -9 -12;
v0x55838cee2280_0 .var "areset_n", 0 0;
v0x55838cee2340_0 .var "clk", 0 0;
v0x55838cee2400_0 .var "en", 0 0;
v0x55838cee24a0_0 .var "in", 0 0;
v0x55838cee2540_0 .net "out", 3 0, L_0x55838ceb4db0;  1 drivers
E_0x55838cec1b70 .event negedge, v0x55838ceb24d0_0;
S_0x55838cec3380 .scope module, "dut" "SIPO" 3 10, 4 1 0, S_0x55838ce85620;
 .timescale 0 0;
    .port_info 0 /INPUT 1 "clk";
    .port_info 1 /INPUT 1 "en";
    .port_info 2 /INPUT 1 "areset_n";
    .port_info 3 /INPUT 1 "in";
    .port_info 4 /OUTPUT 4 "out";
L_0x55838ceb4db0 .functor BUFZ 4, L_0x55838cee2870, C4<0000>, C4<0000>, C4<0000>;
v0x55838cee1d30_0 .net "areset_n", 0 0, v0x55838cee2280_0;  1 drivers
v0x55838cee1df0_0 .net "clk", 0 0, v0x55838cee2340_0;  1 drivers
v0x55838cee1eb0_0 .net "en", 0 0, v0x55838cee2400_0;  1 drivers
v0x55838cee1fe0_0 .net "in", 0 0, v0x55838cee24a0_0;  1 drivers
v0x55838cee2080_0 .net "out", 3 0, L_0x55838ceb4db0;  alias, 1 drivers
v0x55838cee2120_0 .net "w", 3 0, L_0x55838cee2870;  1 drivers
L_0x55838cee25e0 .part L_0x55838cee2870, 3, 1;
L_0x55838cee26b0 .part L_0x55838cee2870, 2, 1;
L_0x55838cee27d0 .part L_0x55838cee2870, 1, 1;
L_0x55838cee2870 .concat8 [ 1 1 1 1], v0x55838cee1ba0_0, v0x55838cee1570_0, v0x55838cee0e80_0, v0x55838ceb1470_0;
S_0x55838cec3510 .scope module, "dff1" "D" 4 10, 5 1 0, S_0x55838cec3380;
 .timescale 0 0;
    .port_info 0 /INPUT 1 "clk";
    .port_info 1 /INPUT 1 "en";
    .port_info 2 /INPUT 1 "areset_n";
    .port_info 3 /INPUT 1 "d";
    .port_info 4 /OUTPUT 1 "q";
v0x55838ceb5b00_0 .net "areset_n", 0 0, v0x55838cee2280_0;  alias, 1 drivers
v0x55838ceb24d0_0 .net "clk", 0 0, v0x55838cee2340_0;  alias, 1 drivers
v0x55838ceb25a0_0 .net "d", 0 0, v0x55838cee24a0_0;  alias, 1 drivers
v0x55838ceb13a0_0 .net "en", 0 0, v0x55838cee2400_0;  alias, 1 drivers
v0x55838ceb1470_0 .var "q", 0 0;
E_0x55838cec16c0 .event posedge, v0x55838ceb5b00_0, v0x55838ceb24d0_0;
S_0x55838cee0ae0 .scope module, "dff2" "D" 4 18, 5 1 0, S_0x55838cec3380;
 .timescale 0 0;
    .port_info 0 /INPUT 1 "clk";
    .port_info 1 /INPUT 1 "en";
    .port_info 2 /INPUT 1 "areset_n";
    .port_info 3 /INPUT 1 "d";
    .port_info 4 /OUTPUT 1 "q";
v0x55838ceb0270_0 .net "areset_n", 0 0, v0x55838cee2280_0;  alias, 1 drivers
v0x55838ceb0340_0 .net "clk", 0 0, v0x55838cee2340_0;  alias, 1 drivers
v0x55838cee0ce0_0 .net "d", 0 0, L_0x55838cee25e0;  1 drivers
v0x55838cee0db0_0 .net "en", 0 0, v0x55838cee2400_0;  alias, 1 drivers
v0x55838cee0e80_0 .var "q", 0 0;
S_0x55838cee0fd0 .scope module, "dff3" "D" 4 26, 5 1 0, S_0x55838cec3380;
 .timescale 0 0;
    .port_info 0 /INPUT 1 "clk";
    .port_info 1 /INPUT 1 "en";
    .port_info 2 /INPUT 1 "areset_n";
    .port_info 3 /INPUT 1 "d";
    .port_info 4 /OUTPUT 1 "q";
v0x55838cee11e0_0 .net "areset_n", 0 0, v0x55838cee2280_0;  alias, 1 drivers
v0x55838cee12d0_0 .net "clk", 0 0, v0x55838cee2340_0;  alias, 1 drivers
v0x55838cee13e0_0 .net "d", 0 0, L_0x55838cee26b0;  1 drivers
v0x55838cee1480_0 .net "en", 0 0, v0x55838cee2400_0;  alias, 1 drivers
v0x55838cee1570_0 .var "q", 0 0;
S_0x55838cee1700 .scope module, "dff4" "D" 4 34, 5 1 0, S_0x55838cec3380;
 .timescale 0 0;
    .port_info 0 /INPUT 1 "clk";
    .port_info 1 /INPUT 1 "en";
    .port_info 2 /INPUT 1 "areset_n";
    .port_info 3 /INPUT 1 "d";
    .port_info 4 /OUTPUT 1 "q";
v0x55838cee18e0_0 .net "areset_n", 0 0, v0x55838cee2280_0;  alias, 1 drivers
v0x55838cee19a0_0 .net "clk", 0 0, v0x55838cee2340_0;  alias, 1 drivers
v0x55838cee1a60_0 .net "d", 0 0, L_0x55838cee27d0;  1 drivers
v0x55838cee1b00_0 .net "en", 0 0, v0x55838cee2400_0;  alias, 1 drivers
v0x55838cee1ba0_0 .var "q", 0 0;
    .scope S_0x55838cec3510;
T_0 ;
    %wait E_0x55838cec16c0;
    %load/vec4 v0x55838ceb5b00_0;
    %nor/r;
    %flag_set/vec4 8;
    %jmp/0xz  T_0.0, 8;
    %pushi/vec4 0, 0, 1;
    %assign/vec4 v0x55838ceb1470_0, 0;
    %jmp T_0.1;
T_0.0 ;
    %load/vec4 v0x55838ceb13a0_0;
    %flag_set/vec4 8;
    %jmp/0xz  T_0.2, 8;
    %load/vec4 v0x55838ceb25a0_0;
    %assign/vec4 v0x55838ceb1470_0, 0;
    %jmp T_0.3;
T_0.2 ;
    %load/vec4 v0x55838ceb1470_0;
    %assign/vec4 v0x55838ceb1470_0, 0;
T_0.3 ;
T_0.1 ;
    %jmp T_0;
    .thread T_0;
    .scope S_0x55838cee0ae0;
T_1 ;
    %wait E_0x55838cec16c0;
    %load/vec4 v0x55838ceb0270_0;
    %nor/r;
    %flag_set/vec4 8;
    %jmp/0xz  T_1.0, 8;
    %pushi/vec4 0, 0, 1;
    %assign/vec4 v0x55838cee0e80_0, 0;
    %jmp T_1.1;
T_1.0 ;
    %load/vec4 v0x55838cee0db0_0;
    %flag_set/vec4 8;
    %jmp/0xz  T_1.2, 8;
    %load/vec4 v0x55838cee0ce0_0;
    %assign/vec4 v0x55838cee0e80_0, 0;
    %jmp T_1.3;
T_1.2 ;
    %load/vec4 v0x55838cee0e80_0;
    %assign/vec4 v0x55838cee0e80_0, 0;
T_1.3 ;
T_1.1 ;
    %jmp T_1;
    .thread T_1;
    .scope S_0x55838cee0fd0;
T_2 ;
    %wait E_0x55838cec16c0;
    %load/vec4 v0x55838cee11e0_0;
    %nor/r;
    %flag_set/vec4 8;
    %jmp/0xz  T_2.0, 8;
    %pushi/vec4 0, 0, 1;
    %assign/vec4 v0x55838cee1570_0, 0;
    %jmp T_2.1;
T_2.0 ;
    %load/vec4 v0x55838cee1480_0;
    %flag_set/vec4 8;
    %jmp/0xz  T_2.2, 8;
    %load/vec4 v0x55838cee13e0_0;
    %assign/vec4 v0x55838cee1570_0, 0;
    %jmp T_2.3;
T_2.2 ;
    %load/vec4 v0x55838cee1570_0;
    %assign/vec4 v0x55838cee1570_0, 0;
T_2.3 ;
T_2.1 ;
    %jmp T_2;
    .thread T_2;
    .scope S_0x55838cee1700;
T_3 ;
    %wait E_0x55838cec16c0;
    %load/vec4 v0x55838cee18e0_0;
    %nor/r;
    %flag_set/vec4 8;
    %jmp/0xz  T_3.0, 8;
    %pushi/vec4 0, 0, 1;
    %assign/vec4 v0x55838cee1ba0_0, 0;
    %jmp T_3.1;
T_3.0 ;
    %load/vec4 v0x55838cee1b00_0;
    %flag_set/vec4 8;
    %jmp/0xz  T_3.2, 8;
    %load/vec4 v0x55838cee1a60_0;
    %assign/vec4 v0x55838cee1ba0_0, 0;
    %jmp T_3.3;
T_3.2 ;
    %load/vec4 v0x55838cee1ba0_0;
    %assign/vec4 v0x55838cee1ba0_0, 0;
T_3.3 ;
T_3.1 ;
    %jmp T_3;
    .thread T_3;
    .scope S_0x55838ce85620;
T_4 ;
    %vpi_call/w 3 19 "$dumpfile", "waves/dump.vcd" {0 0 0};
    %vpi_call/w 3 20 "$dumpvars", 32'sb00000000000000000000000000000000, S_0x55838ce85620 {0 0 0};
    %end;
    .thread T_4;
    .scope S_0x55838ce85620;
T_5 ;
    %pushi/vec4 0, 0, 1;
    %store/vec4 v0x55838cee2340_0, 0, 1;
T_5.0 ;
    %delay 5000, 0;
    %load/vec4 v0x55838cee2340_0;
    %inv;
    %store/vec4 v0x55838cee2340_0, 0, 1;
    %jmp T_5.0;
    %end;
    .thread T_5;
    .scope S_0x55838ce85620;
T_6 ;
    %pushi/vec4 0, 0, 1;
    %store/vec4 v0x55838cee2400_0, 0, 1;
    %pushi/vec4 0, 0, 1;
    %store/vec4 v0x55838cee2280_0, 0, 1;
    %pushi/vec4 0, 0, 1;
    %store/vec4 v0x55838cee24a0_0, 0, 1;
    %end;
    .thread T_6;
    .scope S_0x55838ce85620;
T_7 ;
    %delay 10000, 0;
    %pushi/vec4 1, 0, 1;
    %store/vec4 v0x55838cee2400_0, 0, 1;
    %delay 5000, 0;
    %pushi/vec4 1, 0, 1;
    %store/vec4 v0x55838cee2280_0, 0, 1;
    %wait E_0x55838cec1b70;
    %pushi/vec4 1, 0, 1;
    %store/vec4 v0x55838cee24a0_0, 0, 1;
    %wait E_0x55838cec1b70;
    %pushi/vec4 1, 0, 1;
    %store/vec4 v0x55838cee24a0_0, 0, 1;
    %wait E_0x55838cec1b70;
    %pushi/vec4 0, 0, 1;
    %store/vec4 v0x55838cee24a0_0, 0, 1;
    %wait E_0x55838cec1b70;
    %pushi/vec4 1, 0, 1;
    %store/vec4 v0x55838cee24a0_0, 0, 1;
    %delay 10000, 0;
    %pushi/vec4 0, 0, 1;
    %store/vec4 v0x55838cee2280_0, 0, 1;
    %delay 20000, 0;
    %pushi/vec4 1, 0, 1;
    %store/vec4 v0x55838cee2280_0, 0, 1;
    %wait E_0x55838cec1b70;
    %pushi/vec4 1, 0, 1;
    %store/vec4 v0x55838cee24a0_0, 0, 1;
    %wait E_0x55838cec1b70;
    %pushi/vec4 1, 0, 1;
    %store/vec4 v0x55838cee24a0_0, 0, 1;
    %delay 10000, 0;
    %pushi/vec4 0, 0, 1;
    %store/vec4 v0x55838cee2400_0, 0, 1;
    %wait E_0x55838cec1b70;
    %pushi/vec4 0, 0, 1;
    %store/vec4 v0x55838cee24a0_0, 0, 1;
    %delay 10000, 0;
    %pushi/vec4 1, 0, 1;
    %store/vec4 v0x55838cee2400_0, 0, 1;
    %wait E_0x55838cec1b70;
    %pushi/vec4 1, 0, 1;
    %store/vec4 v0x55838cee24a0_0, 0, 1;
    %delay 50000, 0;
    %vpi_call/w 3 58 "$finish" {0 0 0};
    %end;
    .thread T_7;
# The file index is used to find the file name in the following table.
:file_names 6;
    "N/A";
    "<interactive>";
    "-";
    "tb/tb_SIPO.v";
    "rtl/SIPO.v";
    "rtl/D.v";
