#! /usr/bin/vvp
:ivl_version "12.0 (stable)";
:ivl_delay_selection "TYPICAL";
:vpi_time_precision - 12;
:vpi_module "/usr/lib/x86_64-linux-gnu/ivl/system.vpi";
:vpi_module "/usr/lib/x86_64-linux-gnu/ivl/vhdl_sys.vpi";
:vpi_module "/usr/lib/x86_64-linux-gnu/ivl/vhdl_textio.vpi";
:vpi_module "/usr/lib/x86_64-linux-gnu/ivl/v2005_math.vpi";
:vpi_module "/usr/lib/x86_64-linux-gnu/ivl/va_math.vpi";
:vpi_module "/usr/lib/x86_64-linux-gnu/ivl/v2009.vpi";
S_0x557cb8e3a380 .scope package, "$unit" "$unit" 2 1;
 .timescale 0 0;
S_0x557cb8e35280 .scope module, "tb_ripple_carry_adder" "tb_ripple_carry_adder" 3 2;
 .timescale -9 -12;
v0x557cb8e60280_0 .var "a", 3 0;
v0x557cb8e60360_0 .var "b", 3 0;
v0x557cb8e60430_0 .net "carry_out", 0 0, L_0x557cb8e62d90;  1 drivers
v0x557cb8e60530_0 .var "cin", 0 0;
v0x557cb8e60600_0 .var/i "fail", 31 0;
v0x557cb8e606f0_0 .var/i "pass", 31 0;
v0x557cb8e60790_0 .net "sum", 3 0, L_0x557cb8e62b10;  1 drivers
S_0x557cb8e37b00 .scope task, "check" "check" 3 58, 3 58 0, S_0x557cb8e35280;
 .timescale -9 -12;
v0x557cb8e38210_0 .var "exp_carry_out", 0 0;
v0x557cb8e35990_0 .var "exp_sum", 3 0;
v0x557cb8e33120_0 .var "t_a", 3 0;
v0x557cb8e37e40_0 .var "t_b", 3 0;
v0x557cb8e355c0_0 .var "t_cin", 0 0;
TD_tb_ripple_carry_adder.check ;
    %load/vec4 v0x557cb8e33120_0;
    %store/vec4 v0x557cb8e60280_0, 0, 4;
    %load/vec4 v0x557cb8e37e40_0;
    %store/vec4 v0x557cb8e60360_0, 0, 4;
    %load/vec4 v0x557cb8e355c0_0;
    %store/vec4 v0x557cb8e60530_0, 0, 1;
    %load/vec4 v0x557cb8e60280_0;
    %pad/u 5;
    %load/vec4 v0x557cb8e60360_0;
    %pad/u 5;
    %add;
    %load/vec4 v0x557cb8e60530_0;
    %pad/u 5;
    %add;
    %split/vec4 4;
    %store/vec4 v0x557cb8e35990_0, 0, 4;
    %store/vec4 v0x557cb8e38210_0, 0, 1;
    %delay 10000, 0;
    %load/vec4 v0x557cb8e35990_0;
    %load/vec4 v0x557cb8e60790_0;
    %cmp/e;
    %flag_get/vec4 6;
    %jmp/0 T_0.2, 6;
    %load/vec4 v0x557cb8e38210_0;
    %load/vec4 v0x557cb8e60430_0;
    %cmp/e;
    %flag_get/vec4 6;
    %and;
T_0.2;
    %flag_set/vec4 8;
    %jmp/0xz  T_0.0, 8;
    %vpi_call/w 3 68 "$display", "PASS: a=%b b=%b cin=%b | carry_out=%b sum=%b", v0x557cb8e60280_0, v0x557cb8e60360_0, v0x557cb8e60530_0, v0x557cb8e60430_0, v0x557cb8e60790_0 {0 0 0};
    %load/vec4 v0x557cb8e606f0_0;
    %addi 1, 0, 32;
    %store/vec4 v0x557cb8e606f0_0, 0, 32;
    %jmp T_0.1;
T_0.0 ;
    %vpi_call/w 3 73 "$display", "FAIL: a=%b b=%b cin=%b | carry_out=%b sum=%b | exp_carry_out=%b exp_sum=%b", v0x557cb8e60280_0, v0x557cb8e60360_0, v0x557cb8e60530_0, v0x557cb8e60430_0, v0x557cb8e60790_0, v0x557cb8e38210_0, v0x557cb8e35990_0 {0 0 0};
    %load/vec4 v0x557cb8e60600_0;
    %addi 1, 0, 32;
    %store/vec4 v0x557cb8e60600_0, 0, 32;
T_0.1 ;
    %end;
S_0x557cb8e593c0 .scope module, "dut" "ripple_carry_adder" 3 9, 4 1 0, S_0x557cb8e35280;
 .timescale 0 0;
    .port_info 0 /INPUT 4 "a";
    .port_info 1 /INPUT 4 "b";
    .port_info 2 /INPUT 1 "cin";
    .port_info 3 /OUTPUT 4 "sum";
    .port_info 4 /OUTPUT 1 "carry_out";
P_0x557cb8e595c0 .param/l "N" 0 4 1, +C4<00000000000000000000000000000100>;
L_0x557cb8e62aa0 .functor BUFZ 1, v0x557cb8e60530_0, C4<0>, C4<0>, C4<0>;
v0x557cb8e5f550_0 .net *"_ivl_33", 0 0, L_0x557cb8e62aa0;  1 drivers
v0x557cb8e5f630_0 .net "a", 3 0, v0x557cb8e60280_0;  1 drivers
v0x557cb8e5f710_0 .net "b", 3 0, v0x557cb8e60360_0;  1 drivers
v0x557cb8e5f7d0_0 .net "carry", 4 0, L_0x557cb8e62bb0;  1 drivers
v0x557cb8e5f8b0_0 .net "carry_out", 0 0, L_0x557cb8e62d90;  alias, 1 drivers
v0x557cb8e5f9c0_0 .net "cin", 0 0, v0x557cb8e60530_0;  1 drivers
v0x557cb8e5fa80_0 .net "sum", 3 0, L_0x557cb8e62b10;  alias, 1 drivers
L_0x557cb8e60cd0 .part v0x557cb8e60280_0, 0, 1;
L_0x557cb8e60e20 .part v0x557cb8e60360_0, 0, 1;
L_0x557cb8e60f50 .part L_0x557cb8e62bb0, 0, 1;
L_0x557cb8e61540 .part v0x557cb8e60280_0, 1, 1;
L_0x557cb8e61670 .part v0x557cb8e60360_0, 1, 1;
L_0x557cb8e617a0 .part L_0x557cb8e62bb0, 1, 1;
L_0x557cb8e61d80 .part v0x557cb8e60280_0, 2, 1;
L_0x557cb8e61f40 .part v0x557cb8e60360_0, 2, 1;
L_0x557cb8e62150 .part L_0x557cb8e62bb0, 2, 1;
L_0x557cb8e62620 .part v0x557cb8e60280_0, 3, 1;
L_0x557cb8e627b0 .part v0x557cb8e60360_0, 3, 1;
L_0x557cb8e628e0 .part L_0x557cb8e62bb0, 3, 1;
L_0x557cb8e62b10 .concat8 [ 1 1 1 1], L_0x557cb8e60a60, L_0x557cb8e61240, L_0x557cb8e61a80, L_0x557cb8e623c0;
LS_0x557cb8e62bb0_0_0 .concat8 [ 1 1 1 1], L_0x557cb8e62aa0, L_0x557cb8e60c40, L_0x557cb8e614b0, L_0x557cb8e61cf0;
LS_0x557cb8e62bb0_0_4 .concat8 [ 1 0 0 0], L_0x557cb8e62590;
L_0x557cb8e62bb0 .concat8 [ 4 1 0 0], LS_0x557cb8e62bb0_0_0, LS_0x557cb8e62bb0_0_4;
L_0x557cb8e62d90 .part L_0x557cb8e62bb0, 4, 1;
S_0x557cb8e59660 .scope generate, "fa_stage[0]" "fa_stage[0]" 4 15, 4 15 0, S_0x557cb8e593c0;
 .timescale 0 0;
P_0x557cb8e59860 .param/l "i" 1 4 15, +C4<00>;
S_0x557cb8e59940 .scope module, "dut" "full_adder" 4 16, 5 1 0, S_0x557cb8e59660;
 .timescale 0 0;
    .port_info 0 /INPUT 1 "a";
    .port_info 1 /INPUT 1 "b";
    .port_info 2 /INPUT 1 "cin";
    .port_info 3 /OUTPUT 1 "sum";
    .port_info 4 /OUTPUT 1 "carry_out";
L_0x557cb8e60c40 .functor OR 1, L_0x557cb8e60980, L_0x557cb8e60b60, C4<0>, C4<0>;
v0x557cb8e5a6c0_0 .net "a", 0 0, L_0x557cb8e60cd0;  1 drivers
v0x557cb8e5a780_0 .net "b", 0 0, L_0x557cb8e60e20;  1 drivers
v0x557cb8e5a850_0 .net "c1", 0 0, L_0x557cb8e60980;  1 drivers
v0x557cb8e5a950_0 .net "c2", 0 0, L_0x557cb8e60b60;  1 drivers
v0x557cb8e5aa20_0 .net "carry_out", 0 0, L_0x557cb8e60c40;  1 drivers
v0x557cb8e5ab10_0 .net "cin", 0 0, L_0x557cb8e60f50;  1 drivers
v0x557cb8e5abb0_0 .net "sum", 0 0, L_0x557cb8e60a60;  1 drivers
v0x557cb8e5ac80_0 .net "sum1", 0 0, L_0x557cb8e60850;  1 drivers
S_0x557cb8e59b20 .scope module, "ha1" "half_adder" 5 9, 6 1 0, S_0x557cb8e59940;
 .timescale 0 0;
    .port_info 0 /INPUT 1 "a";
    .port_info 1 /INPUT 1 "b";
    .port_info 2 /OUTPUT 1 "sum";
    .port_info 3 /OUTPUT 1 "carry_out";
L_0x557cb8e60850 .functor XOR 1, L_0x557cb8e60cd0, L_0x557cb8e60e20, C4<0>, C4<0>;
L_0x557cb8e60980 .functor AND 1, L_0x557cb8e60cd0, L_0x557cb8e60e20, C4<1>, C4<1>;
v0x557cb8e32cf0_0 .net "a", 0 0, L_0x557cb8e60cd0;  alias, 1 drivers
v0x557cb8e59dd0_0 .net "b", 0 0, L_0x557cb8e60e20;  alias, 1 drivers
v0x557cb8e59e90_0 .net "carry_out", 0 0, L_0x557cb8e60980;  alias, 1 drivers
v0x557cb8e59f30_0 .net "sum", 0 0, L_0x557cb8e60850;  alias, 1 drivers
S_0x557cb8e5a0a0 .scope module, "ha2" "half_adder" 5 10, 6 1 0, S_0x557cb8e59940;
 .timescale 0 0;
    .port_info 0 /INPUT 1 "a";
    .port_info 1 /INPUT 1 "b";
    .port_info 2 /OUTPUT 1 "sum";
    .port_info 3 /OUTPUT 1 "carry_out";
L_0x557cb8e60a60 .functor XOR 1, L_0x557cb8e60850, L_0x557cb8e60f50, C4<0>, C4<0>;
L_0x557cb8e60b60 .functor AND 1, L_0x557cb8e60850, L_0x557cb8e60f50, C4<1>, C4<1>;
v0x557cb8e5a310_0 .net "a", 0 0, L_0x557cb8e60850;  alias, 1 drivers
v0x557cb8e5a3e0_0 .net "b", 0 0, L_0x557cb8e60f50;  alias, 1 drivers
v0x557cb8e5a480_0 .net "carry_out", 0 0, L_0x557cb8e60b60;  alias, 1 drivers
v0x557cb8e5a550_0 .net "sum", 0 0, L_0x557cb8e60a60;  alias, 1 drivers
S_0x557cb8e5ad70 .scope generate, "fa_stage[1]" "fa_stage[1]" 4 15, 4 15 0, S_0x557cb8e593c0;
 .timescale 0 0;
P_0x557cb8e5af70 .param/l "i" 1 4 15, +C4<01>;
S_0x557cb8e5b030 .scope module, "dut" "full_adder" 4 16, 5 1 0, S_0x557cb8e5ad70;
 .timescale 0 0;
    .port_info 0 /INPUT 1 "a";
    .port_info 1 /INPUT 1 "b";
    .port_info 2 /INPUT 1 "cin";
    .port_info 3 /OUTPUT 1 "sum";
    .port_info 4 /OUTPUT 1 "carry_out";
L_0x557cb8e614b0 .functor OR 1, L_0x557cb8e61160, L_0x557cb8e613d0, C4<0>, C4<0>;
v0x557cb8e5beb0_0 .net "a", 0 0, L_0x557cb8e61540;  1 drivers
v0x557cb8e5bf70_0 .net "b", 0 0, L_0x557cb8e61670;  1 drivers
v0x557cb8e5c040_0 .net "c1", 0 0, L_0x557cb8e61160;  1 drivers
v0x557cb8e5c140_0 .net "c2", 0 0, L_0x557cb8e613d0;  1 drivers
v0x557cb8e5c210_0 .net "carry_out", 0 0, L_0x557cb8e614b0;  1 drivers
v0x557cb8e5c300_0 .net "cin", 0 0, L_0x557cb8e617a0;  1 drivers
v0x557cb8e5c3a0_0 .net "sum", 0 0, L_0x557cb8e61240;  1 drivers
v0x557cb8e5c470_0 .net "sum1", 0 0, L_0x557cb8e61080;  1 drivers
S_0x557cb8e5b210 .scope module, "ha1" "half_adder" 5 9, 6 1 0, S_0x557cb8e5b030;
 .timescale 0 0;
    .port_info 0 /INPUT 1 "a";
    .port_info 1 /INPUT 1 "b";
    .port_info 2 /OUTPUT 1 "sum";
    .port_info 3 /OUTPUT 1 "carry_out";
L_0x557cb8e61080 .functor XOR 1, L_0x557cb8e61540, L_0x557cb8e61670, C4<0>, C4<0>;
L_0x557cb8e61160 .functor AND 1, L_0x557cb8e61540, L_0x557cb8e61670, C4<1>, C4<1>;
v0x557cb8e5b4b0_0 .net "a", 0 0, L_0x557cb8e61540;  alias, 1 drivers
v0x557cb8e5b590_0 .net "b", 0 0, L_0x557cb8e61670;  alias, 1 drivers
v0x557cb8e5b650_0 .net "carry_out", 0 0, L_0x557cb8e61160;  alias, 1 drivers
v0x557cb8e5b720_0 .net "sum", 0 0, L_0x557cb8e61080;  alias, 1 drivers
S_0x557cb8e5b890 .scope module, "ha2" "half_adder" 5 10, 6 1 0, S_0x557cb8e5b030;
 .timescale 0 0;
    .port_info 0 /INPUT 1 "a";
    .port_info 1 /INPUT 1 "b";
    .port_info 2 /OUTPUT 1 "sum";
    .port_info 3 /OUTPUT 1 "carry_out";
L_0x557cb8e61240 .functor XOR 1, L_0x557cb8e61080, L_0x557cb8e617a0, C4<0>, C4<0>;
L_0x557cb8e613d0 .functor AND 1, L_0x557cb8e61080, L_0x557cb8e617a0, C4<1>, C4<1>;
v0x557cb8e5bb00_0 .net "a", 0 0, L_0x557cb8e61080;  alias, 1 drivers
v0x557cb8e5bbd0_0 .net "b", 0 0, L_0x557cb8e617a0;  alias, 1 drivers
v0x557cb8e5bc70_0 .net "carry_out", 0 0, L_0x557cb8e613d0;  alias, 1 drivers
v0x557cb8e5bd40_0 .net "sum", 0 0, L_0x557cb8e61240;  alias, 1 drivers
S_0x557cb8e5c560 .scope generate, "fa_stage[2]" "fa_stage[2]" 4 15, 4 15 0, S_0x557cb8e593c0;
 .timescale 0 0;
P_0x557cb8e5c740 .param/l "i" 1 4 15, +C4<010>;
S_0x557cb8e5c800 .scope module, "dut" "full_adder" 4 16, 5 1 0, S_0x557cb8e5c560;
 .timescale 0 0;
    .port_info 0 /INPUT 1 "a";
    .port_info 1 /INPUT 1 "b";
    .port_info 2 /INPUT 1 "cin";
    .port_info 3 /OUTPUT 1 "sum";
    .port_info 4 /OUTPUT 1 "carry_out";
L_0x557cb8e61cf0 .functor OR 1, L_0x557cb8e619a0, L_0x557cb8e61c10, C4<0>, C4<0>;
v0x557cb8e5d6b0_0 .net "a", 0 0, L_0x557cb8e61d80;  1 drivers
v0x557cb8e5d770_0 .net "b", 0 0, L_0x557cb8e61f40;  1 drivers
v0x557cb8e5d840_0 .net "c1", 0 0, L_0x557cb8e619a0;  1 drivers
v0x557cb8e5d940_0 .net "c2", 0 0, L_0x557cb8e61c10;  1 drivers
v0x557cb8e5da10_0 .net "carry_out", 0 0, L_0x557cb8e61cf0;  1 drivers
v0x557cb8e5db00_0 .net "cin", 0 0, L_0x557cb8e62150;  1 drivers
v0x557cb8e5dba0_0 .net "sum", 0 0, L_0x557cb8e61a80;  1 drivers
v0x557cb8e5dc70_0 .net "sum1", 0 0, L_0x557cb8e61910;  1 drivers
S_0x557cb8e5ca10 .scope module, "ha1" "half_adder" 5 9, 6 1 0, S_0x557cb8e5c800;
 .timescale 0 0;
    .port_info 0 /INPUT 1 "a";
    .port_info 1 /INPUT 1 "b";
    .port_info 2 /OUTPUT 1 "sum";
    .port_info 3 /OUTPUT 1 "carry_out";
L_0x557cb8e61910 .functor XOR 1, L_0x557cb8e61d80, L_0x557cb8e61f40, C4<0>, C4<0>;
L_0x557cb8e619a0 .functor AND 1, L_0x557cb8e61d80, L_0x557cb8e61f40, C4<1>, C4<1>;
v0x557cb8e5ccb0_0 .net "a", 0 0, L_0x557cb8e61d80;  alias, 1 drivers
v0x557cb8e5cd90_0 .net "b", 0 0, L_0x557cb8e61f40;  alias, 1 drivers
v0x557cb8e5ce50_0 .net "carry_out", 0 0, L_0x557cb8e619a0;  alias, 1 drivers
v0x557cb8e5cf20_0 .net "sum", 0 0, L_0x557cb8e61910;  alias, 1 drivers
S_0x557cb8e5d090 .scope module, "ha2" "half_adder" 5 10, 6 1 0, S_0x557cb8e5c800;
 .timescale 0 0;
    .port_info 0 /INPUT 1 "a";
    .port_info 1 /INPUT 1 "b";
    .port_info 2 /OUTPUT 1 "sum";
    .port_info 3 /OUTPUT 1 "carry_out";
L_0x557cb8e61a80 .functor XOR 1, L_0x557cb8e61910, L_0x557cb8e62150, C4<0>, C4<0>;
L_0x557cb8e61c10 .functor AND 1, L_0x557cb8e61910, L_0x557cb8e62150, C4<1>, C4<1>;
v0x557cb8e5d300_0 .net "a", 0 0, L_0x557cb8e61910;  alias, 1 drivers
v0x557cb8e5d3d0_0 .net "b", 0 0, L_0x557cb8e62150;  alias, 1 drivers
v0x557cb8e5d470_0 .net "carry_out", 0 0, L_0x557cb8e61c10;  alias, 1 drivers
v0x557cb8e5d540_0 .net "sum", 0 0, L_0x557cb8e61a80;  alias, 1 drivers
S_0x557cb8e5dd60 .scope generate, "fa_stage[3]" "fa_stage[3]" 4 15, 4 15 0, S_0x557cb8e593c0;
 .timescale 0 0;
P_0x557cb8e5df40 .param/l "i" 1 4 15, +C4<011>;
S_0x557cb8e5e020 .scope module, "dut" "full_adder" 4 16, 5 1 0, S_0x557cb8e5dd60;
 .timescale 0 0;
    .port_info 0 /INPUT 1 "a";
    .port_info 1 /INPUT 1 "b";
    .port_info 2 /INPUT 1 "cin";
    .port_info 3 /OUTPUT 1 "sum";
    .port_info 4 /OUTPUT 1 "carry_out";
L_0x557cb8e62590 .functor OR 1, L_0x557cb8e62330, L_0x557cb8e62500, C4<0>, C4<0>;
v0x557cb8e5eea0_0 .net "a", 0 0, L_0x557cb8e62620;  1 drivers
v0x557cb8e5ef60_0 .net "b", 0 0, L_0x557cb8e627b0;  1 drivers
v0x557cb8e5f030_0 .net "c1", 0 0, L_0x557cb8e62330;  1 drivers
v0x557cb8e5f130_0 .net "c2", 0 0, L_0x557cb8e62500;  1 drivers
v0x557cb8e5f200_0 .net "carry_out", 0 0, L_0x557cb8e62590;  1 drivers
v0x557cb8e5f2f0_0 .net "cin", 0 0, L_0x557cb8e628e0;  1 drivers
v0x557cb8e5f390_0 .net "sum", 0 0, L_0x557cb8e623c0;  1 drivers
v0x557cb8e5f460_0 .net "sum1", 0 0, L_0x557cb8e62280;  1 drivers
S_0x557cb8e5e200 .scope module, "ha1" "half_adder" 5 9, 6 1 0, S_0x557cb8e5e020;
 .timescale 0 0;
    .port_info 0 /INPUT 1 "a";
    .port_info 1 /INPUT 1 "b";
    .port_info 2 /OUTPUT 1 "sum";
    .port_info 3 /OUTPUT 1 "carry_out";
L_0x557cb8e62280 .functor XOR 1, L_0x557cb8e62620, L_0x557cb8e627b0, C4<0>, C4<0>;
L_0x557cb8e62330 .functor AND 1, L_0x557cb8e62620, L_0x557cb8e627b0, C4<1>, C4<1>;
v0x557cb8e5e4a0_0 .net "a", 0 0, L_0x557cb8e62620;  alias, 1 drivers
v0x557cb8e5e580_0 .net "b", 0 0, L_0x557cb8e627b0;  alias, 1 drivers
v0x557cb8e5e640_0 .net "carry_out", 0 0, L_0x557cb8e62330;  alias, 1 drivers
v0x557cb8e5e710_0 .net "sum", 0 0, L_0x557cb8e62280;  alias, 1 drivers
S_0x557cb8e5e880 .scope module, "ha2" "half_adder" 5 10, 6 1 0, S_0x557cb8e5e020;
 .timescale 0 0;
    .port_info 0 /INPUT 1 "a";
    .port_info 1 /INPUT 1 "b";
    .port_info 2 /OUTPUT 1 "sum";
    .port_info 3 /OUTPUT 1 "carry_out";
L_0x557cb8e623c0 .functor XOR 1, L_0x557cb8e62280, L_0x557cb8e628e0, C4<0>, C4<0>;
L_0x557cb8e62500 .functor AND 1, L_0x557cb8e62280, L_0x557cb8e628e0, C4<1>, C4<1>;
v0x557cb8e5eaf0_0 .net "a", 0 0, L_0x557cb8e62280;  alias, 1 drivers
v0x557cb8e5ebc0_0 .net "b", 0 0, L_0x557cb8e628e0;  alias, 1 drivers
v0x557cb8e5ec60_0 .net "carry_out", 0 0, L_0x557cb8e62500;  alias, 1 drivers
v0x557cb8e5ed30_0 .net "sum", 0 0, L_0x557cb8e623c0;  alias, 1 drivers
S_0x557cb8e5fc00 .scope task, "exhaustive" "exhaustive" 3 25, 3 25 0, S_0x557cb8e35280;
 .timescale -9 -12;
v0x557cb8e5fde0_0 .var "exp_carry_out", 0 0;
v0x557cb8e5fea0_0 .var "exp_sum", 3 0;
v0x557cb8e5ff80_0 .var "i", 5 0;
v0x557cb8e60070_0 .var "j", 5 0;
v0x557cb8e60150_0 .var "k", 1 0;
TD_tb_ripple_carry_adder.exhaustive ;
    %pushi/vec4 0, 0, 6;
    %store/vec4 v0x557cb8e5ff80_0, 0, 6;
T_1.3 ;
    %load/vec4 v0x557cb8e5ff80_0;
    %pad/u 32;
    %cmpi/u 16, 0, 32;
    %jmp/0xz T_1.4, 5;
    %load/vec4 v0x557cb8e5ff80_0;
    %pad/u 4;
    %store/vec4 v0x557cb8e60280_0, 0, 4;
    %pushi/vec4 0, 0, 6;
    %store/vec4 v0x557cb8e60070_0, 0, 6;
T_1.5 ;
    %load/vec4 v0x557cb8e60070_0;
    %pad/u 32;
    %cmpi/u 16, 0, 32;
    %jmp/0xz T_1.6, 5;
    %load/vec4 v0x557cb8e60070_0;
    %pad/u 4;
    %store/vec4 v0x557cb8e60360_0, 0, 4;
    %pushi/vec4 0, 0, 2;
    %store/vec4 v0x557cb8e60150_0, 0, 2;
T_1.7 ;
    %load/vec4 v0x557cb8e60150_0;
    %pad/u 32;
    %cmpi/u 2, 0, 32;
    %jmp/0xz T_1.8, 5;
    %load/vec4 v0x557cb8e60150_0;
    %pad/u 1;
    %store/vec4 v0x557cb8e60530_0, 0, 1;
    %load/vec4 v0x557cb8e60280_0;
    %pad/u 5;
    %load/vec4 v0x557cb8e60360_0;
    %pad/u 5;
    %add;
    %load/vec4 v0x557cb8e60530_0;
    %pad/u 5;
    %add;
    %split/vec4 4;
    %store/vec4 v0x557cb8e5fea0_0, 0, 4;
    %store/vec4 v0x557cb8e5fde0_0, 0, 1;
    %delay 10000, 0;
    %load/vec4 v0x557cb8e5fea0_0;
    %load/vec4 v0x557cb8e60790_0;
    %cmp/e;
    %flag_get/vec4 6;
    %jmp/0 T_1.11, 6;
    %load/vec4 v0x557cb8e5fde0_0;
    %load/vec4 v0x557cb8e60430_0;
    %cmp/e;
    %flag_get/vec4 6;
    %and;
T_1.11;
    %flag_set/vec4 8;
    %jmp/0xz  T_1.9, 8;
    %vpi_call/w 3 40 "$display", "PASS: a=%b b=%b cin=%b | carry_out=%b sum=%b", v0x557cb8e60280_0, v0x557cb8e60360_0, v0x557cb8e60530_0, v0x557cb8e60430_0, v0x557cb8e60790_0 {0 0 0};
    %load/vec4 v0x557cb8e606f0_0;
    %addi 1, 0, 32;
    %store/vec4 v0x557cb8e606f0_0, 0, 32;
    %jmp T_1.10;
T_1.9 ;
    %vpi_call/w 3 45 "$display", "FAIL: a=%b b=%b cin=%b | carry_out=%b sum=%b | exp_carry_out=%b exp_sum=%b", v0x557cb8e60280_0, v0x557cb8e60360_0, v0x557cb8e60530_0, v0x557cb8e60430_0, v0x557cb8e60790_0, v0x557cb8e5fde0_0, v0x557cb8e5fea0_0 {0 0 0};
    %load/vec4 v0x557cb8e60600_0;
    %addi 1, 0, 32;
    %store/vec4 v0x557cb8e60600_0, 0, 32;
T_1.10 ;
    %load/vec4 v0x557cb8e60150_0;
    %addi 1, 0, 2;
    %store/vec4 v0x557cb8e60150_0, 0, 2;
    %jmp T_1.7;
T_1.8 ;
    %load/vec4 v0x557cb8e60070_0;
    %addi 1, 0, 6;
    %store/vec4 v0x557cb8e60070_0, 0, 6;
    %jmp T_1.5;
T_1.6 ;
    %load/vec4 v0x557cb8e5ff80_0;
    %addi 1, 0, 6;
    %store/vec4 v0x557cb8e5ff80_0, 0, 6;
    %jmp T_1.3;
T_1.4 ;
    %end;
    .scope S_0x557cb8e35280;
T_2 ;
    %pushi/vec4 0, 0, 32;
    %store/vec4 v0x557cb8e606f0_0, 0, 32;
    %pushi/vec4 0, 0, 32;
    %store/vec4 v0x557cb8e60600_0, 0, 32;
    %end;
    .thread T_2, $init;
    .scope S_0x557cb8e35280;
T_3 ;
    %vpi_call/w 3 18 "$dumpfile", "waves/dump.vcd" {0 0 0};
    %vpi_call/w 3 19 "$dumpvars", 32'sb00000000000000000000000000000000, S_0x557cb8e35280 {0 0 0};
    %end;
    .thread T_3;
    .scope S_0x557cb8e35280;
T_4 ;
    %fork TD_tb_ripple_carry_adder.exhaustive, S_0x557cb8e5fc00;
    %join;
    %pushi/vec4 0, 0, 4;
    %store/vec4 v0x557cb8e33120_0, 0, 4;
    %pushi/vec4 0, 0, 4;
    %store/vec4 v0x557cb8e37e40_0, 0, 4;
    %pushi/vec4 0, 0, 1;
    %store/vec4 v0x557cb8e355c0_0, 0, 1;
    %fork TD_tb_ripple_carry_adder.check, S_0x557cb8e37b00;
    %join;
    %pushi/vec4 5, 0, 4;
    %store/vec4 v0x557cb8e33120_0, 0, 4;
    %pushi/vec4 5, 0, 4;
    %store/vec4 v0x557cb8e37e40_0, 0, 4;
    %pushi/vec4 1, 0, 1;
    %store/vec4 v0x557cb8e355c0_0, 0, 1;
    %fork TD_tb_ripple_carry_adder.check, S_0x557cb8e37b00;
    %join;
    %pushi/vec4 5, 0, 4;
    %store/vec4 v0x557cb8e33120_0, 0, 4;
    %pushi/vec4 5, 0, 4;
    %store/vec4 v0x557cb8e37e40_0, 0, 4;
    %pushi/vec4 0, 0, 1;
    %store/vec4 v0x557cb8e355c0_0, 0, 1;
    %fork TD_tb_ripple_carry_adder.check, S_0x557cb8e37b00;
    %join;
    %pushi/vec4 5, 0, 4;
    %store/vec4 v0x557cb8e33120_0, 0, 4;
    %pushi/vec4 5, 0, 4;
    %store/vec4 v0x557cb8e37e40_0, 0, 4;
    %pushi/vec4 1, 0, 1;
    %store/vec4 v0x557cb8e355c0_0, 0, 1;
    %fork TD_tb_ripple_carry_adder.check, S_0x557cb8e37b00;
    %join;
    %pushi/vec4 5, 0, 4;
    %store/vec4 v0x557cb8e33120_0, 0, 4;
    %pushi/vec4 0, 0, 4;
    %store/vec4 v0x557cb8e37e40_0, 0, 4;
    %pushi/vec4 0, 0, 1;
    %store/vec4 v0x557cb8e355c0_0, 0, 1;
    %fork TD_tb_ripple_carry_adder.check, S_0x557cb8e37b00;
    %join;
    %pushi/vec4 5, 0, 4;
    %store/vec4 v0x557cb8e33120_0, 0, 4;
    %pushi/vec4 1, 0, 4;
    %store/vec4 v0x557cb8e37e40_0, 0, 4;
    %pushi/vec4 0, 0, 1;
    %store/vec4 v0x557cb8e355c0_0, 0, 1;
    %fork TD_tb_ripple_carry_adder.check, S_0x557cb8e37b00;
    %join;
    %pushi/vec4 1, 0, 4;
    %store/vec4 v0x557cb8e33120_0, 0, 4;
    %pushi/vec4 0, 0, 4;
    %store/vec4 v0x557cb8e37e40_0, 0, 4;
    %pushi/vec4 0, 0, 1;
    %store/vec4 v0x557cb8e355c0_0, 0, 1;
    %fork TD_tb_ripple_carry_adder.check, S_0x557cb8e37b00;
    %join;
    %pushi/vec4 0, 0, 4;
    %store/vec4 v0x557cb8e33120_0, 0, 4;
    %pushi/vec4 1, 0, 4;
    %store/vec4 v0x557cb8e37e40_0, 0, 4;
    %pushi/vec4 0, 0, 1;
    %store/vec4 v0x557cb8e355c0_0, 0, 1;
    %fork TD_tb_ripple_carry_adder.check, S_0x557cb8e37b00;
    %join;
    %vpi_call/w 3 92 "$display", "Test Summary:" {0 0 0};
    %vpi_call/w 3 93 "$display", "PASS:%d", v0x557cb8e606f0_0 {0 0 0};
    %vpi_call/w 3 94 "$display", "FAIL:%d", v0x557cb8e60600_0 {0 0 0};
    %vpi_call/w 3 95 "$finish" {0 0 0};
    %end;
    .thread T_4;
# The file index is used to find the file name in the following table.
:file_names 7;
    "N/A";
    "<interactive>";
    "-";
    "tb/tb_ripple_carry_adder.v";
    "rtl/ripple_carry_adder.v";
    "rtl/full_adder.v";
    "rtl/half_adder.v";
