#! /usr/bin/vvp
:ivl_version "12.0 (stable)";
:ivl_delay_selection "TYPICAL";
:vpi_time_precision - 12;
:vpi_module "/usr/lib/x86_64-linux-gnu/ivl/system.vpi";
:vpi_module "/usr/lib/x86_64-linux-gnu/ivl/vhdl_sys.vpi";
:vpi_module "/usr/lib/x86_64-linux-gnu/ivl/vhdl_textio.vpi";
:vpi_module "/usr/lib/x86_64-linux-gnu/ivl/v2005_math.vpi";
:vpi_module "/usr/lib/x86_64-linux-gnu/ivl/va_math.vpi";
:vpi_module "/usr/lib/x86_64-linux-gnu/ivl/v2009.vpi";
S_0x55dc318d94e0 .scope package, "$unit" "$unit" 2 1;
 .timescale 0 0;
S_0x55dc31898490 .scope module, "tb_s_0110_non_overlapping" "tb_s_0110_non_overlapping" 3 3;
 .timescale -9 -12;
v0x55dc318f7c60_0 .var "areset_n", 0 0;
v0x55dc318f7d20_0 .var "clk", 0 0;
v0x55dc318f7dc0_0 .var "en", 0 0;
v0x55dc318f7e60_0 .var "in", 0 0;
v0x55dc318f7f30_0 .net "out", 0 0, v0x55dc318c75e0_0;  1 drivers
E_0x55dc318d2410 .event negedge, v0x55dc318c6800_0;
S_0x55dc31898620 .scope task, "check" "check" 3 31, 3 31 0, S_0x55dc31898490;
 .timescale -9 -12;
v0x55dc318c6140_0 .var "t_in", 0 0;
TD_tb_s_0110_non_overlapping.check ;
    %load/vec4 v0x55dc318c6140_0;
    %store/vec4 v0x55dc318f7e60_0, 0, 1;
    %delay 1000, 0;
    %vpi_call/w 3 36 "$display", "en = %b | areset_n = %b | in = %b | out = %b", v0x55dc318f7dc0_0, v0x55dc318f7c60_0, v0x55dc318f7e60_0, v0x55dc318f7f30_0 {0 0 0};
    %end;
S_0x55dc318f75b0 .scope module, "dut" "s_0110_non_overlapping" 3 10, 4 1 0, S_0x55dc31898490;
 .timescale 0 0;
    .port_info 0 /INPUT 1 "clk";
    .port_info 1 /INPUT 1 "en";
    .port_info 2 /INPUT 1 "areset_n";
    .port_info 3 /INPUT 1 "in";
    .port_info 4 /OUTPUT 1 "out";
P_0x55dc318bf530 .param/l "a" 0 4 8, C4<00>;
P_0x55dc318bf570 .param/l "b" 0 4 9, C4<01>;
P_0x55dc318bf5b0 .param/l "c" 0 4 10, C4<10>;
P_0x55dc318bf5f0 .param/l "d" 0 4 11, C4<11>;
v0x55dc318c6490_0 .net "areset_n", 0 0, v0x55dc318f7c60_0;  1 drivers
v0x55dc318c6800_0 .net "clk", 0 0, v0x55dc318f7d20_0;  1 drivers
v0x55dc318c6b90_0 .net "en", 0 0, v0x55dc318f7dc0_0;  1 drivers
v0x55dc318c6f00_0 .net "in", 0 0, v0x55dc318f7e60_0;  1 drivers
v0x55dc318c7250_0 .var "next", 1 0;
v0x55dc318c75e0_0 .var "out", 0 0;
v0x55dc318f7ae0_0 .var "state", 1 0;
E_0x55dc318d1910 .event anyedge, v0x55dc318c6f00_0, v0x55dc318f7ae0_0;
E_0x55dc318d2290/0 .event negedge, v0x55dc318c6490_0;
E_0x55dc318d2290/1 .event posedge, v0x55dc318c6800_0;
E_0x55dc318d2290 .event/or E_0x55dc318d2290/0, E_0x55dc318d2290/1;
    .scope S_0x55dc318f75b0;
T_1 ;
    %wait E_0x55dc318d2290;
    %load/vec4 v0x55dc318c6490_0;
    %inv;
    %flag_set/vec4 8;
    %jmp/0xz  T_1.0, 8;
    %pushi/vec4 0, 0, 2;
    %assign/vec4 v0x55dc318f7ae0_0, 0;
    %jmp T_1.1;
T_1.0 ;
    %load/vec4 v0x55dc318c6b90_0;
    %flag_set/vec4 8;
    %jmp/0xz  T_1.2, 8;
    %load/vec4 v0x55dc318c7250_0;
    %assign/vec4 v0x55dc318f7ae0_0, 0;
    %jmp T_1.3;
T_1.2 ;
    %load/vec4 v0x55dc318f7ae0_0;
    %assign/vec4 v0x55dc318f7ae0_0, 0;
T_1.3 ;
T_1.1 ;
    %jmp T_1;
    .thread T_1;
    .scope S_0x55dc318f75b0;
T_2 ;
    %wait E_0x55dc318d1910;
    %pushi/vec4 0, 0, 2;
    %store/vec4 v0x55dc318c7250_0, 0, 2;
    %pushi/vec4 0, 0, 1;
    %store/vec4 v0x55dc318c75e0_0, 0, 1;
    %load/vec4 v0x55dc318f7ae0_0;
    %dup/vec4;
    %pushi/vec4 0, 0, 2;
    %cmp/u;
    %jmp/1 T_2.0, 6;
    %dup/vec4;
    %pushi/vec4 1, 0, 2;
    %cmp/u;
    %jmp/1 T_2.1, 6;
    %dup/vec4;
    %pushi/vec4 2, 0, 2;
    %cmp/u;
    %jmp/1 T_2.2, 6;
    %dup/vec4;
    %pushi/vec4 3, 0, 2;
    %cmp/u;
    %jmp/1 T_2.3, 6;
    %pushi/vec4 0, 0, 2;
    %store/vec4 v0x55dc318c7250_0, 0, 2;
    %pushi/vec4 0, 0, 1;
    %store/vec4 v0x55dc318c75e0_0, 0, 1;
    %jmp T_2.5;
T_2.0 ;
    %load/vec4 v0x55dc318c6f00_0;
    %flag_set/vec4 8;
    %jmp/0xz  T_2.6, 8;
    %pushi/vec4 0, 0, 2;
    %store/vec4 v0x55dc318c7250_0, 0, 2;
    %pushi/vec4 0, 0, 1;
    %store/vec4 v0x55dc318c75e0_0, 0, 1;
    %jmp T_2.7;
T_2.6 ;
    %pushi/vec4 1, 0, 2;
    %store/vec4 v0x55dc318c7250_0, 0, 2;
    %pushi/vec4 0, 0, 1;
    %store/vec4 v0x55dc318c75e0_0, 0, 1;
T_2.7 ;
    %jmp T_2.5;
T_2.1 ;
    %load/vec4 v0x55dc318c6f00_0;
    %flag_set/vec4 8;
    %jmp/0xz  T_2.8, 8;
    %pushi/vec4 2, 0, 2;
    %store/vec4 v0x55dc318c7250_0, 0, 2;
    %pushi/vec4 0, 0, 1;
    %store/vec4 v0x55dc318c75e0_0, 0, 1;
    %jmp T_2.9;
T_2.8 ;
    %pushi/vec4 1, 0, 2;
    %store/vec4 v0x55dc318c7250_0, 0, 2;
    %pushi/vec4 0, 0, 1;
    %store/vec4 v0x55dc318c75e0_0, 0, 1;
T_2.9 ;
    %jmp T_2.5;
T_2.2 ;
    %load/vec4 v0x55dc318c6f00_0;
    %flag_set/vec4 8;
    %jmp/0xz  T_2.10, 8;
    %pushi/vec4 3, 0, 2;
    %store/vec4 v0x55dc318c7250_0, 0, 2;
    %pushi/vec4 0, 0, 1;
    %store/vec4 v0x55dc318c75e0_0, 0, 1;
    %jmp T_2.11;
T_2.10 ;
    %pushi/vec4 1, 0, 2;
    %store/vec4 v0x55dc318c7250_0, 0, 2;
    %pushi/vec4 0, 0, 1;
    %store/vec4 v0x55dc318c75e0_0, 0, 1;
T_2.11 ;
    %jmp T_2.5;
T_2.3 ;
    %load/vec4 v0x55dc318c6f00_0;
    %flag_set/vec4 8;
    %jmp/0xz  T_2.12, 8;
    %pushi/vec4 0, 0, 2;
    %store/vec4 v0x55dc318c7250_0, 0, 2;
    %pushi/vec4 0, 0, 1;
    %store/vec4 v0x55dc318c75e0_0, 0, 1;
    %jmp T_2.13;
T_2.12 ;
    %pushi/vec4 0, 0, 2;
    %store/vec4 v0x55dc318c7250_0, 0, 2;
    %pushi/vec4 1, 0, 1;
    %store/vec4 v0x55dc318c75e0_0, 0, 1;
T_2.13 ;
    %jmp T_2.5;
T_2.5 ;
    %pop/vec4 1;
    %jmp T_2;
    .thread T_2, $push;
    .scope S_0x55dc31898490;
T_3 ;
    %vpi_call/w 3 19 "$dumpfile", "waves/dump.vcd" {0 0 0};
    %vpi_call/w 3 20 "$dumpvars", 32'sb00000000000000000000000000000000, S_0x55dc31898490 {0 0 0};
    %end;
    .thread T_3;
    .scope S_0x55dc31898490;
T_4 ;
    %pushi/vec4 0, 0, 1;
    %store/vec4 v0x55dc318f7d20_0, 0, 1;
    %pushi/vec4 0, 0, 1;
    %store/vec4 v0x55dc318f7dc0_0, 0, 1;
    %pushi/vec4 0, 0, 1;
    %store/vec4 v0x55dc318f7c60_0, 0, 1;
    %pushi/vec4 0, 0, 1;
    %store/vec4 v0x55dc318f7e60_0, 0, 1;
T_4.0 ;
    %delay 5000, 0;
    %load/vec4 v0x55dc318f7d20_0;
    %inv;
    %store/vec4 v0x55dc318f7d20_0, 0, 1;
    %jmp T_4.0;
    %end;
    .thread T_4;
    .scope S_0x55dc31898490;
T_5 ;
    %delay 3000, 0;
    %pushi/vec4 1, 0, 1;
    %store/vec4 v0x55dc318f7dc0_0, 0, 1;
    %delay 3000, 0;
    %pushi/vec4 1, 0, 1;
    %store/vec4 v0x55dc318f7c60_0, 0, 1;
    %wait E_0x55dc318d2410;
    %pushi/vec4 0, 0, 1;
    %store/vec4 v0x55dc318c6140_0, 0, 1;
    %fork TD_tb_s_0110_non_overlapping.check, S_0x55dc31898620;
    %join;
    %wait E_0x55dc318d2410;
    %pushi/vec4 0, 0, 1;
    %store/vec4 v0x55dc318c6140_0, 0, 1;
    %fork TD_tb_s_0110_non_overlapping.check, S_0x55dc31898620;
    %join;
    %wait E_0x55dc318d2410;
    %pushi/vec4 1, 0, 1;
    %store/vec4 v0x55dc318c6140_0, 0, 1;
    %fork TD_tb_s_0110_non_overlapping.check, S_0x55dc31898620;
    %join;
    %wait E_0x55dc318d2410;
    %pushi/vec4 1, 0, 1;
    %store/vec4 v0x55dc318c6140_0, 0, 1;
    %fork TD_tb_s_0110_non_overlapping.check, S_0x55dc31898620;
    %join;
    %wait E_0x55dc318d2410;
    %pushi/vec4 1, 0, 1;
    %store/vec4 v0x55dc318c6140_0, 0, 1;
    %fork TD_tb_s_0110_non_overlapping.check, S_0x55dc31898620;
    %join;
    %wait E_0x55dc318d2410;
    %pushi/vec4 0, 0, 1;
    %store/vec4 v0x55dc318c6140_0, 0, 1;
    %fork TD_tb_s_0110_non_overlapping.check, S_0x55dc31898620;
    %join;
    %wait E_0x55dc318d2410;
    %pushi/vec4 1, 0, 1;
    %store/vec4 v0x55dc318c6140_0, 0, 1;
    %fork TD_tb_s_0110_non_overlapping.check, S_0x55dc31898620;
    %join;
    %wait E_0x55dc318d2410;
    %pushi/vec4 1, 0, 1;
    %store/vec4 v0x55dc318c6140_0, 0, 1;
    %fork TD_tb_s_0110_non_overlapping.check, S_0x55dc31898620;
    %join;
    %wait E_0x55dc318d2410;
    %pushi/vec4 0, 0, 1;
    %store/vec4 v0x55dc318c6140_0, 0, 1;
    %fork TD_tb_s_0110_non_overlapping.check, S_0x55dc31898620;
    %join;
    %wait E_0x55dc318d2410;
    %pushi/vec4 1, 0, 1;
    %store/vec4 v0x55dc318c6140_0, 0, 1;
    %fork TD_tb_s_0110_non_overlapping.check, S_0x55dc31898620;
    %join;
    %wait E_0x55dc318d2410;
    %pushi/vec4 1, 0, 1;
    %store/vec4 v0x55dc318c6140_0, 0, 1;
    %fork TD_tb_s_0110_non_overlapping.check, S_0x55dc31898620;
    %join;
    %wait E_0x55dc318d2410;
    %pushi/vec4 0, 0, 1;
    %store/vec4 v0x55dc318c6140_0, 0, 1;
    %fork TD_tb_s_0110_non_overlapping.check, S_0x55dc31898620;
    %join;
    %wait E_0x55dc318d2410;
    %pushi/vec4 0, 0, 1;
    %store/vec4 v0x55dc318c6140_0, 0, 1;
    %fork TD_tb_s_0110_non_overlapping.check, S_0x55dc31898620;
    %join;
    %wait E_0x55dc318d2410;
    %pushi/vec4 1, 0, 1;
    %store/vec4 v0x55dc318c6140_0, 0, 1;
    %fork TD_tb_s_0110_non_overlapping.check, S_0x55dc31898620;
    %join;
    %wait E_0x55dc318d2410;
    %pushi/vec4 1, 0, 1;
    %store/vec4 v0x55dc318c6140_0, 0, 1;
    %fork TD_tb_s_0110_non_overlapping.check, S_0x55dc31898620;
    %join;
    %wait E_0x55dc318d2410;
    %pushi/vec4 0, 0, 1;
    %store/vec4 v0x55dc318c6140_0, 0, 1;
    %fork TD_tb_s_0110_non_overlapping.check, S_0x55dc31898620;
    %join;
    %wait E_0x55dc318d2410;
    %pushi/vec4 1, 0, 1;
    %store/vec4 v0x55dc318c6140_0, 0, 1;
    %fork TD_tb_s_0110_non_overlapping.check, S_0x55dc31898620;
    %join;
    %wait E_0x55dc318d2410;
    %pushi/vec4 1, 0, 1;
    %store/vec4 v0x55dc318c6140_0, 0, 1;
    %fork TD_tb_s_0110_non_overlapping.check, S_0x55dc31898620;
    %join;
    %delay 10000, 0;
    %vpi_call/w 3 63 "$finish" {0 0 0};
    %end;
    .thread T_5;
# The file index is used to find the file name in the following table.
:file_names 5;
    "N/A";
    "<interactive>";
    "-";
    "tb/tb_s_0110_non_overlapping.v";
    "rtl/s_0110_non_overlapping.v";
