#! /usr/bin/vvp
:ivl_version "12.0 (stable)";
:ivl_delay_selection "TYPICAL";
:vpi_time_precision - 12;
:vpi_module "/usr/lib/x86_64-linux-gnu/ivl/system.vpi";
:vpi_module "/usr/lib/x86_64-linux-gnu/ivl/vhdl_sys.vpi";
:vpi_module "/usr/lib/x86_64-linux-gnu/ivl/vhdl_textio.vpi";
:vpi_module "/usr/lib/x86_64-linux-gnu/ivl/v2005_math.vpi";
:vpi_module "/usr/lib/x86_64-linux-gnu/ivl/va_math.vpi";
:vpi_module "/usr/lib/x86_64-linux-gnu/ivl/v2009.vpi";
S_0x558273dcf700 .scope package, "$unit" "$unit" 2 1;
 .timescale 0 0;
S_0x558273d9a490 .scope module, "tb_PISO" "tb_PISO" 3 3;
 .timescale -9 -12;
v0x558273e00310_0 .var "areset_n", 0 0;
v0x558273e003d0_0 .var "clk", 0 0;
v0x558273e00490_0 .var "en", 0 0;
v0x558273e00530_0 .var "in", 3 0;
v0x558273e00600_0 .var "load_shift", 0 0;
v0x558273e006a0_0 .net "out", 0 0, L_0x558273e01660;  1 drivers
S_0x558273d9a620 .scope module, "dut" "PISO" 3 11, 4 1 0, S_0x558273d9a490;
 .timescale 0 0;
    .port_info 0 /INPUT 1 "clk";
    .port_info 1 /INPUT 1 "en";
    .port_info 2 /INPUT 1 "areset_n";
    .port_info 3 /INPUT 4 "in";
    .port_info 4 /INPUT 1 "load_shift";
    .port_info 5 /OUTPUT 1 "out";
v0x558273dffbc0_0 .net "areset_n", 0 0, v0x558273e00310_0;  1 drivers
v0x558273dffc80_0 .net "clk", 0 0, v0x558273e003d0_0;  1 drivers
v0x558273dffd40_0 .net "en", 0 0, v0x558273e00490_0;  1 drivers
v0x558273dfff20_0 .net "in", 3 0, v0x558273e00530_0;  1 drivers
v0x558273dfffc0_0 .net "load_shift", 0 0, v0x558273e00600_0;  1 drivers
v0x558273e000b0_0 .net "out", 0 0, L_0x558273e01660;  alias, 1 drivers
v0x558273e00170_0 .net "w", 3 0, L_0x558273e014d0;  1 drivers
L_0x558273e00860 .part v0x558273e00530_0, 3, 1;
L_0x558273e009a0 .part v0x558273e00530_0, 3, 1;
L_0x558273e00b80 .part v0x558273e00530_0, 2, 1;
L_0x558273e00c70 .part L_0x558273e014d0, 3, 1;
L_0x558273e00f40 .part v0x558273e00530_0, 1, 1;
L_0x558273e01030 .part L_0x558273e014d0, 2, 1;
L_0x558273e012a0 .part v0x558273e00530_0, 0, 1;
L_0x558273e01390 .part L_0x558273e014d0, 1, 1;
L_0x558273e014d0 .concat8 [ 1 1 1 1], v0x558273dcdf50_0, v0x558273dfd4d0_0, v0x558273dfe4c0_0, v0x558273dff390_0;
L_0x558273e01660 .part L_0x558273e014d0, 0, 1;
S_0x558273dd9090 .scope module, "u0" "mux_D" 4 42, 5 1 0, S_0x558273d9a620;
 .timescale 0 0;
    .port_info 0 /INPUT 1 "clk";
    .port_info 1 /INPUT 1 "en";
    .port_info 2 /INPUT 1 "areset_n";
    .port_info 3 /INPUT 1 "p_in";
    .port_info 4 /INPUT 1 "s_in";
    .port_info 5 /INPUT 1 "load_shift";
    .port_info 6 /OUTPUT 1 "out";
v0x558273dcfaa0_0 .net "areset_n", 0 0, v0x558273e00310_0;  alias, 1 drivers
v0x558273dfc700_0 .net "clk", 0 0, v0x558273e003d0_0;  alias, 1 drivers
v0x558273dfc7a0_0 .net "en", 0 0, v0x558273e00490_0;  alias, 1 drivers
v0x558273dfc840_0 .net "in", 0 0, L_0x558273e011b0;  1 drivers
v0x558273dfc910_0 .net "load_shift", 0 0, v0x558273e00600_0;  alias, 1 drivers
v0x558273dfca00_0 .net "out", 0 0, v0x558273dcdf50_0;  1 drivers
v0x558273dfcaa0_0 .net "p_in", 0 0, L_0x558273e012a0;  1 drivers
v0x558273dfcb40_0 .net "s_in", 0 0, L_0x558273e01390;  1 drivers
L_0x558273e011b0 .functor MUXZ 1, L_0x558273e01390, L_0x558273e012a0, v0x558273e00600_0, C4<>;
S_0x558273dd9320 .scope module, "dff" "D" 5 15, 6 1 0, S_0x558273dd9090;
 .timescale 0 0;
    .port_info 0 /INPUT 1 "clk";
    .port_info 1 /INPUT 1 "en";
    .port_info 2 /INPUT 1 "areset_n";
    .port_info 3 /INPUT 1 "d";
    .port_info 4 /OUTPUT 1 "q";
v0x558273dcb510_0 .net "areset_n", 0 0, v0x558273e00310_0;  alias, 1 drivers
v0x558273dcb610_0 .net "clk", 0 0, v0x558273e003d0_0;  alias, 1 drivers
v0x558273dcd060_0 .net "d", 0 0, L_0x558273e011b0;  alias, 1 drivers
v0x558273dcd160_0 .net "en", 0 0, v0x558273e00490_0;  alias, 1 drivers
v0x558273dcdf50_0 .var "q", 0 0;
E_0x558273dd7ac0/0 .event negedge, v0x558273dcb510_0;
E_0x558273dd7ac0/1 .event posedge, v0x558273dcb610_0;
E_0x558273dd7ac0 .event/or E_0x558273dd7ac0/0, E_0x558273dd7ac0/1;
S_0x558273dfcc60 .scope module, "u1" "mux_D" 4 32, 5 1 0, S_0x558273d9a620;
 .timescale 0 0;
    .port_info 0 /INPUT 1 "clk";
    .port_info 1 /INPUT 1 "en";
    .port_info 2 /INPUT 1 "areset_n";
    .port_info 3 /INPUT 1 "p_in";
    .port_info 4 /INPUT 1 "s_in";
    .port_info 5 /INPUT 1 "load_shift";
    .port_info 6 /OUTPUT 1 "out";
v0x558273dfd660_0 .net "areset_n", 0 0, v0x558273e00310_0;  alias, 1 drivers
v0x558273dfd720_0 .net "clk", 0 0, v0x558273e003d0_0;  alias, 1 drivers
v0x558273dfd7e0_0 .net "en", 0 0, v0x558273e00490_0;  alias, 1 drivers
v0x558273dfd880_0 .net "in", 0 0, L_0x558273e00d40;  1 drivers
v0x558273dfd920_0 .net "load_shift", 0 0, v0x558273e00600_0;  alias, 1 drivers
v0x558273dfda10_0 .net "out", 0 0, v0x558273dfd4d0_0;  1 drivers
v0x558273dfdab0_0 .net "p_in", 0 0, L_0x558273e00f40;  1 drivers
v0x558273dfdb50_0 .net "s_in", 0 0, L_0x558273e01030;  1 drivers
L_0x558273e00d40 .functor MUXZ 1, L_0x558273e01030, L_0x558273e00f40, v0x558273e00600_0, C4<>;
S_0x558273dfcf10 .scope module, "dff" "D" 5 15, 6 1 0, S_0x558273dfcc60;
 .timescale 0 0;
    .port_info 0 /INPUT 1 "clk";
    .port_info 1 /INPUT 1 "en";
    .port_info 2 /INPUT 1 "areset_n";
    .port_info 3 /INPUT 1 "d";
    .port_info 4 /OUTPUT 1 "q";
v0x558273dfd120_0 .net "areset_n", 0 0, v0x558273e00310_0;  alias, 1 drivers
v0x558273dfd230_0 .net "clk", 0 0, v0x558273e003d0_0;  alias, 1 drivers
v0x558273dfd340_0 .net "d", 0 0, L_0x558273e00d40;  alias, 1 drivers
v0x558273dfd3e0_0 .net "en", 0 0, v0x558273e00490_0;  alias, 1 drivers
v0x558273dfd4d0_0 .var "q", 0 0;
S_0x558273dfdc70 .scope module, "u2" "mux_D" 4 22, 5 1 0, S_0x558273d9a620;
 .timescale 0 0;
    .port_info 0 /INPUT 1 "clk";
    .port_info 1 /INPUT 1 "en";
    .port_info 2 /INPUT 1 "areset_n";
    .port_info 3 /INPUT 1 "p_in";
    .port_info 4 /INPUT 1 "s_in";
    .port_info 5 /INPUT 1 "load_shift";
    .port_info 6 /OUTPUT 1 "out";
v0x558273dfe600_0 .net "areset_n", 0 0, v0x558273e00310_0;  alias, 1 drivers
v0x558273dfe6c0_0 .net "clk", 0 0, v0x558273e003d0_0;  alias, 1 drivers
v0x558273dfe780_0 .net "en", 0 0, v0x558273e00490_0;  alias, 1 drivers
v0x558273dfe820_0 .net "in", 0 0, L_0x558273e00a90;  1 drivers
v0x558273dfe8f0_0 .net "load_shift", 0 0, v0x558273e00600_0;  alias, 1 drivers
v0x558273dfe990_0 .net "out", 0 0, v0x558273dfe4c0_0;  1 drivers
v0x558273dfea30_0 .net "p_in", 0 0, L_0x558273e00b80;  1 drivers
v0x558273dfead0_0 .net "s_in", 0 0, L_0x558273e00c70;  1 drivers
L_0x558273e00a90 .functor MUXZ 1, L_0x558273e00c70, L_0x558273e00b80, v0x558273e00600_0, C4<>;
S_0x558273dfdf30 .scope module, "dff" "D" 5 15, 6 1 0, S_0x558273dfdc70;
 .timescale 0 0;
    .port_info 0 /INPUT 1 "clk";
    .port_info 1 /INPUT 1 "en";
    .port_info 2 /INPUT 1 "areset_n";
    .port_info 3 /INPUT 1 "d";
    .port_info 4 /OUTPUT 1 "q";
v0x558273dfe140_0 .net "areset_n", 0 0, v0x558273e00310_0;  alias, 1 drivers
v0x558273dfe200_0 .net "clk", 0 0, v0x558273e003d0_0;  alias, 1 drivers
v0x558273dfe2c0_0 .net "d", 0 0, L_0x558273e00a90;  alias, 1 drivers
v0x558273dfe390_0 .net "en", 0 0, v0x558273e00490_0;  alias, 1 drivers
v0x558273dfe4c0_0 .var "q", 0 0;
S_0x558273dfec10 .scope module, "u3" "mux_D" 4 12, 5 1 0, S_0x558273d9a620;
 .timescale 0 0;
    .port_info 0 /INPUT 1 "clk";
    .port_info 1 /INPUT 1 "en";
    .port_info 2 /INPUT 1 "areset_n";
    .port_info 3 /INPUT 1 "p_in";
    .port_info 4 /INPUT 1 "s_in";
    .port_info 5 /INPUT 1 "load_shift";
    .port_info 6 /OUTPUT 1 "out";
v0x558273dff520_0 .net "areset_n", 0 0, v0x558273e00310_0;  alias, 1 drivers
v0x558273dff5e0_0 .net "clk", 0 0, v0x558273e003d0_0;  alias, 1 drivers
v0x558273dff6a0_0 .net "en", 0 0, v0x558273e00490_0;  alias, 1 drivers
v0x558273dff740_0 .net "in", 0 0, L_0x558273e00740;  1 drivers
v0x558273dff810_0 .net "load_shift", 0 0, v0x558273e00600_0;  alias, 1 drivers
v0x558273dff900_0 .net "out", 0 0, v0x558273dff390_0;  1 drivers
v0x558273dff9a0_0 .net "p_in", 0 0, L_0x558273e00860;  1 drivers
v0x558273dffa40_0 .net "s_in", 0 0, L_0x558273e009a0;  1 drivers
L_0x558273e00740 .functor MUXZ 1, L_0x558273e009a0, L_0x558273e00860, v0x558273e00600_0, C4<>;
S_0x558273dfeea0 .scope module, "dff" "D" 5 15, 6 1 0, S_0x558273dfec10;
 .timescale 0 0;
    .port_info 0 /INPUT 1 "clk";
    .port_info 1 /INPUT 1 "en";
    .port_info 2 /INPUT 1 "areset_n";
    .port_info 3 /INPUT 1 "d";
    .port_info 4 /OUTPUT 1 "q";
v0x558273dff0a0_0 .net "areset_n", 0 0, v0x558273e00310_0;  alias, 1 drivers
v0x558273dff160_0 .net "clk", 0 0, v0x558273e003d0_0;  alias, 1 drivers
v0x558273dff220_0 .net "d", 0 0, L_0x558273e00740;  alias, 1 drivers
v0x558273dff2f0_0 .net "en", 0 0, v0x558273e00490_0;  alias, 1 drivers
v0x558273dff390_0 .var "q", 0 0;
    .scope S_0x558273dfeea0;
T_0 ;
    %wait E_0x558273dd7ac0;
    %load/vec4 v0x558273dff0a0_0;
    %nor/r;
    %flag_set/vec4 8;
    %jmp/0xz  T_0.0, 8;
    %pushi/vec4 0, 0, 1;
    %assign/vec4 v0x558273dff390_0, 0;
    %jmp T_0.1;
T_0.0 ;
    %load/vec4 v0x558273dff2f0_0;
    %flag_set/vec4 8;
    %jmp/0xz  T_0.2, 8;
    %load/vec4 v0x558273dff220_0;
    %assign/vec4 v0x558273dff390_0, 0;
    %jmp T_0.3;
T_0.2 ;
    %load/vec4 v0x558273dff390_0;
    %assign/vec4 v0x558273dff390_0, 0;
T_0.3 ;
T_0.1 ;
    %jmp T_0;
    .thread T_0;
    .scope S_0x558273dfdf30;
T_1 ;
    %wait E_0x558273dd7ac0;
    %load/vec4 v0x558273dfe140_0;
    %nor/r;
    %flag_set/vec4 8;
    %jmp/0xz  T_1.0, 8;
    %pushi/vec4 0, 0, 1;
    %assign/vec4 v0x558273dfe4c0_0, 0;
    %jmp T_1.1;
T_1.0 ;
    %load/vec4 v0x558273dfe390_0;
    %flag_set/vec4 8;
    %jmp/0xz  T_1.2, 8;
    %load/vec4 v0x558273dfe2c0_0;
    %assign/vec4 v0x558273dfe4c0_0, 0;
    %jmp T_1.3;
T_1.2 ;
    %load/vec4 v0x558273dfe4c0_0;
    %assign/vec4 v0x558273dfe4c0_0, 0;
T_1.3 ;
T_1.1 ;
    %jmp T_1;
    .thread T_1;
    .scope S_0x558273dfcf10;
T_2 ;
    %wait E_0x558273dd7ac0;
    %load/vec4 v0x558273dfd120_0;
    %nor/r;
    %flag_set/vec4 8;
    %jmp/0xz  T_2.0, 8;
    %pushi/vec4 0, 0, 1;
    %assign/vec4 v0x558273dfd4d0_0, 0;
    %jmp T_2.1;
T_2.0 ;
    %load/vec4 v0x558273dfd3e0_0;
    %flag_set/vec4 8;
    %jmp/0xz  T_2.2, 8;
    %load/vec4 v0x558273dfd340_0;
    %assign/vec4 v0x558273dfd4d0_0, 0;
    %jmp T_2.3;
T_2.2 ;
    %load/vec4 v0x558273dfd4d0_0;
    %assign/vec4 v0x558273dfd4d0_0, 0;
T_2.3 ;
T_2.1 ;
    %jmp T_2;
    .thread T_2;
    .scope S_0x558273dd9320;
T_3 ;
    %wait E_0x558273dd7ac0;
    %load/vec4 v0x558273dcb510_0;
    %nor/r;
    %flag_set/vec4 8;
    %jmp/0xz  T_3.0, 8;
    %pushi/vec4 0, 0, 1;
    %assign/vec4 v0x558273dcdf50_0, 0;
    %jmp T_3.1;
T_3.0 ;
    %load/vec4 v0x558273dcd160_0;
    %flag_set/vec4 8;
    %jmp/0xz  T_3.2, 8;
    %load/vec4 v0x558273dcd060_0;
    %assign/vec4 v0x558273dcdf50_0, 0;
    %jmp T_3.3;
T_3.2 ;
    %load/vec4 v0x558273dcdf50_0;
    %assign/vec4 v0x558273dcdf50_0, 0;
T_3.3 ;
T_3.1 ;
    %jmp T_3;
    .thread T_3;
    .scope S_0x558273d9a490;
T_4 ;
    %vpi_call/w 3 21 "$dumpfile", "waves/dump.vcd" {0 0 0};
    %vpi_call/w 3 22 "$dumpvars", 32'sb00000000000000000000000000000000, S_0x558273d9a490 {0 0 0};
    %end;
    .thread T_4;
    .scope S_0x558273d9a490;
T_5 ;
    %pushi/vec4 0, 0, 1;
    %store/vec4 v0x558273e003d0_0, 0, 1;
T_5.0 ;
    %delay 5000, 0;
    %load/vec4 v0x558273e003d0_0;
    %inv;
    %store/vec4 v0x558273e003d0_0, 0, 1;
    %jmp T_5.0;
    %end;
    .thread T_5;
    .scope S_0x558273d9a490;
T_6 ;
    %pushi/vec4 0, 0, 1;
    %store/vec4 v0x558273e00490_0, 0, 1;
    %pushi/vec4 0, 0, 1;
    %store/vec4 v0x558273e00310_0, 0, 1;
    %pushi/vec4 0, 0, 4;
    %store/vec4 v0x558273e00530_0, 0, 4;
    %pushi/vec4 0, 0, 1;
    %store/vec4 v0x558273e00600_0, 0, 1;
    %end;
    .thread T_6;
    .scope S_0x558273d9a490;
T_7 ;
    %delay 5000, 0;
    %pushi/vec4 1, 0, 1;
    %store/vec4 v0x558273e00310_0, 0, 1;
    %delay 5000, 0;
    %pushi/vec4 1, 0, 1;
    %store/vec4 v0x558273e00490_0, 0, 1;
    %delay 7000, 0;
    %pushi/vec4 10, 0, 4;
    %store/vec4 v0x558273e00530_0, 0, 4;
    %delay 16000, 0;
    %pushi/vec4 1, 0, 1;
    %store/vec4 v0x558273e00600_0, 0, 1;
    %delay 3000, 0;
    %pushi/vec4 0, 0, 1;
    %store/vec4 v0x558273e00600_0, 0, 1;
    %delay 20000, 0;
    %vpi_call/w 3 44 "$finish" {0 0 0};
    %end;
    .thread T_7;
# The file index is used to find the file name in the following table.
:file_names 7;
    "N/A";
    "<interactive>";
    "-";
    "tb/tb_PISO.v";
    "rtl/PISO.v";
    "rtl/mux_D.v";
    "rtl/D.v";
