#! /usr/bin/vvp
:ivl_version "12.0 (stable)";
:ivl_delay_selection "TYPICAL";
:vpi_time_precision - 12;
:vpi_module "/usr/lib/x86_64-linux-gnu/ivl/system.vpi";
:vpi_module "/usr/lib/x86_64-linux-gnu/ivl/vhdl_sys.vpi";
:vpi_module "/usr/lib/x86_64-linux-gnu/ivl/vhdl_textio.vpi";
:vpi_module "/usr/lib/x86_64-linux-gnu/ivl/v2005_math.vpi";
:vpi_module "/usr/lib/x86_64-linux-gnu/ivl/va_math.vpi";
:vpi_module "/usr/lib/x86_64-linux-gnu/ivl/v2009.vpi";
S_0x5586bb932d40 .scope package, "$unit" "$unit" 2 1;
 .timescale 0 0;
S_0x5586bb8f3490 .scope module, "tb_fsm" "tb_fsm" 3 3;
 .timescale -9 -12;
v0x5586bb91e880_0 .var "clk", 0 0;
v0x5586bb94b400_0 .var "in", 0 0;
v0x5586bb94b4a0_0 .net "out", 0 0, v0x5586bb91df10_0;  1 drivers
v0x5586bb94b540_0 .var "rst", 0 0;
E_0x5586bb92d1b0 .event negedge, v0x5586bb91d560_0;
S_0x5586bb8f3620 .scope module, "dut" "fsm" 3 8, 4 1 0, S_0x5586bb8f3490;
 .timescale 0 0;
    .port_info 0 /INPUT 1 "in";
    .port_info 1 /INPUT 1 "clk";
    .port_info 2 /INPUT 1 "rst";
    .port_info 3 /OUTPUT 1 "out";
P_0x5586bb91c6a0 .param/l "s0" 0 4 9, C4<00>;
P_0x5586bb91c6e0 .param/l "s1" 0 4 10, C4<01>;
P_0x5586bb91c720 .param/l "s10" 0 4 11, C4<10>;
P_0x5586bb91c760 .param/l "s101" 0 4 12, C4<11>;
v0x5586bb91d560_0 .net "clk", 0 0, v0x5586bb91e880_0;  1 drivers
v0x5586bb91d8b0_0 .net "in", 0 0, v0x5586bb94b400_0;  1 drivers
v0x5586bb91dbc0_0 .var "next", 1 0;
v0x5586bb91df10_0 .var "out", 0 0;
v0x5586bb91e240_0 .net "rst", 0 0, v0x5586bb94b540_0;  1 drivers
v0x5586bb91e570_0 .var "state", 1 0;
E_0x5586bb8f4030 .event anyedge, v0x5586bb91e570_0, v0x5586bb91d8b0_0;
E_0x5586bb8f3d60 .event posedge, v0x5586bb91e240_0, v0x5586bb91d560_0;
    .scope S_0x5586bb8f3620;
T_0 ;
    %wait E_0x5586bb8f3d60;
    %load/vec4 v0x5586bb91e240_0;
    %flag_set/vec4 8;
    %jmp/0xz  T_0.0, 8;
    %pushi/vec4 0, 0, 2;
    %assign/vec4 v0x5586bb91e570_0, 0;
    %jmp T_0.1;
T_0.0 ;
    %load/vec4 v0x5586bb91dbc0_0;
    %assign/vec4 v0x5586bb91e570_0, 0;
T_0.1 ;
    %jmp T_0;
    .thread T_0;
    .scope S_0x5586bb8f3620;
T_1 ;
    %wait E_0x5586bb8f4030;
    %pushi/vec4 0, 0, 1;
    %store/vec4 v0x5586bb91df10_0, 0, 1;
    %pushi/vec4 0, 0, 2;
    %store/vec4 v0x5586bb91dbc0_0, 0, 2;
    %load/vec4 v0x5586bb91e570_0;
    %dup/vec4;
    %pushi/vec4 0, 0, 2;
    %cmp/u;
    %jmp/1 T_1.0, 6;
    %dup/vec4;
    %pushi/vec4 1, 0, 2;
    %cmp/u;
    %jmp/1 T_1.1, 6;
    %dup/vec4;
    %pushi/vec4 2, 0, 2;
    %cmp/u;
    %jmp/1 T_1.2, 6;
    %dup/vec4;
    %pushi/vec4 3, 0, 2;
    %cmp/u;
    %jmp/1 T_1.3, 6;
    %pushi/vec4 0, 0, 1;
    %store/vec4 v0x5586bb91df10_0, 0, 1;
    %pushi/vec4 0, 0, 2;
    %store/vec4 v0x5586bb91dbc0_0, 0, 2;
    %jmp T_1.5;
T_1.0 ;
    %load/vec4 v0x5586bb91d8b0_0;
    %flag_set/vec4 8;
    %jmp/0xz  T_1.6, 8;
    %pushi/vec4 1, 0, 2;
    %store/vec4 v0x5586bb91dbc0_0, 0, 2;
    %jmp T_1.7;
T_1.6 ;
    %pushi/vec4 0, 0, 2;
    %store/vec4 v0x5586bb91dbc0_0, 0, 2;
T_1.7 ;
    %jmp T_1.5;
T_1.1 ;
    %load/vec4 v0x5586bb91d8b0_0;
    %flag_set/vec4 8;
    %jmp/0xz  T_1.8, 8;
    %pushi/vec4 1, 0, 2;
    %store/vec4 v0x5586bb91dbc0_0, 0, 2;
    %jmp T_1.9;
T_1.8 ;
    %pushi/vec4 2, 0, 2;
    %store/vec4 v0x5586bb91dbc0_0, 0, 2;
T_1.9 ;
    %jmp T_1.5;
T_1.2 ;
    %load/vec4 v0x5586bb91d8b0_0;
    %flag_set/vec4 8;
    %jmp/0xz  T_1.10, 8;
    %pushi/vec4 3, 0, 2;
    %store/vec4 v0x5586bb91dbc0_0, 0, 2;
    %jmp T_1.11;
T_1.10 ;
    %pushi/vec4 0, 0, 2;
    %store/vec4 v0x5586bb91dbc0_0, 0, 2;
T_1.11 ;
    %jmp T_1.5;
T_1.3 ;
    %load/vec4 v0x5586bb91d8b0_0;
    %flag_set/vec4 8;
    %jmp/0xz  T_1.12, 8;
    %pushi/vec4 1, 0, 2;
    %store/vec4 v0x5586bb91dbc0_0, 0, 2;
    %jmp T_1.13;
T_1.12 ;
    %pushi/vec4 2, 0, 2;
    %store/vec4 v0x5586bb91dbc0_0, 0, 2;
    %pushi/vec4 1, 0, 1;
    %store/vec4 v0x5586bb91df10_0, 0, 1;
T_1.13 ;
    %jmp T_1.5;
T_1.5 ;
    %pop/vec4 1;
    %jmp T_1;
    .thread T_1, $push;
    .scope S_0x5586bb8f3490;
T_2 ;
    %vpi_call/w 3 16 "$dumpfile", "waves/dump.vcd" {0 0 0};
    %vpi_call/w 3 17 "$dumpvars", 32'sb00000000000000000000000000000000, S_0x5586bb8f3490 {0 0 0};
    %end;
    .thread T_2;
    .scope S_0x5586bb8f3490;
T_3 ;
    %pushi/vec4 0, 0, 1;
    %store/vec4 v0x5586bb91e880_0, 0, 1;
T_3.0 ;
    %delay 5000, 0;
    %load/vec4 v0x5586bb91e880_0;
    %inv;
    %store/vec4 v0x5586bb91e880_0, 0, 1;
    %jmp T_3.0;
    %end;
    .thread T_3;
    .scope S_0x5586bb8f3490;
T_4 ;
    %pushi/vec4 1, 0, 1;
    %store/vec4 v0x5586bb94b540_0, 0, 1;
    %pushi/vec4 0, 0, 1;
    %store/vec4 v0x5586bb94b400_0, 0, 1;
    %delay 12000, 0;
    %pushi/vec4 0, 0, 1;
    %store/vec4 v0x5586bb94b540_0, 0, 1;
    %end;
    .thread T_4;
    .scope S_0x5586bb8f3490;
T_5 ;
    %wait E_0x5586bb92d1b0;
    %pushi/vec4 1, 0, 1;
    %store/vec4 v0x5586bb94b400_0, 0, 1;
    %wait E_0x5586bb92d1b0;
    %pushi/vec4 0, 0, 1;
    %store/vec4 v0x5586bb94b400_0, 0, 1;
    %wait E_0x5586bb92d1b0;
    %pushi/vec4 1, 0, 1;
    %store/vec4 v0x5586bb94b400_0, 0, 1;
    %wait E_0x5586bb92d1b0;
    %pushi/vec4 0, 0, 1;
    %store/vec4 v0x5586bb94b400_0, 0, 1;
    %wait E_0x5586bb92d1b0;
    %pushi/vec4 1, 0, 1;
    %store/vec4 v0x5586bb94b400_0, 0, 1;
    %wait E_0x5586bb92d1b0;
    %pushi/vec4 1, 0, 1;
    %store/vec4 v0x5586bb94b400_0, 0, 1;
    %wait E_0x5586bb92d1b0;
    %pushi/vec4 1, 0, 1;
    %store/vec4 v0x5586bb94b400_0, 0, 1;
    %wait E_0x5586bb92d1b0;
    %pushi/vec4 0, 0, 1;
    %store/vec4 v0x5586bb94b400_0, 0, 1;
    %wait E_0x5586bb92d1b0;
    %pushi/vec4 1, 0, 1;
    %store/vec4 v0x5586bb94b400_0, 0, 1;
    %wait E_0x5586bb92d1b0;
    %pushi/vec4 0, 0, 1;
    %store/vec4 v0x5586bb94b400_0, 0, 1;
    %delay 10000, 0;
    %vpi_call/w 3 50 "$finish" {0 0 0};
    %end;
    .thread T_5;
# The file index is used to find the file name in the following table.
:file_names 5;
    "N/A";
    "<interactive>";
    "-";
    "tb/tb_fsm.v";
    "rtl/fsm.v";
