#! /usr/bin/vvp
:ivl_version "12.0 (stable)";
:ivl_delay_selection "TYPICAL";
:vpi_time_precision - 12;
:vpi_module "/usr/lib/x86_64-linux-gnu/ivl/system.vpi";
:vpi_module "/usr/lib/x86_64-linux-gnu/ivl/vhdl_sys.vpi";
:vpi_module "/usr/lib/x86_64-linux-gnu/ivl/vhdl_textio.vpi";
:vpi_module "/usr/lib/x86_64-linux-gnu/ivl/v2005_math.vpi";
:vpi_module "/usr/lib/x86_64-linux-gnu/ivl/va_math.vpi";
:vpi_module "/usr/lib/x86_64-linux-gnu/ivl/v2009.vpi";
S_0x55ff520e6f30 .scope package, "$unit" "$unit" 2 1;
 .timescale 0 0;
S_0x55ff520e70c0 .scope module, "tb_JK" "tb_JK" 3 2;
 .timescale -9 -12;
v0x55ff52102340_0 .var "areset_n", 0 0;
v0x55ff52102400_0 .var "clk", 0 0;
v0x55ff521024a0_0 .var "en", 0 0;
v0x55ff52102570_0 .var "j", 0 0;
v0x55ff52102640_0 .var "k", 0 0;
v0x55ff52102730_0 .net "q", 0 0, v0x55ff521021c0_0;  1 drivers
S_0x55ff520ab490 .scope task, "check" "check" 3 29, 3 29 0, S_0x55ff520e70c0;
 .timescale -9 -12;
v0x55ff520d2970_0 .var "w", 2 0;
v0x55ff520d2c60_0 .var "x", 2 0;
v0x55ff520d2f30_0 .var "y", 2 0;
v0x55ff52101a10_0 .var "z", 2 0;
E_0x55ff520abfc0 .event negedge, v0x55ff52101e90_0;
TD_tb_JK.check ;
    %pushi/vec4 0, 0, 3;
    %store/vec4 v0x55ff520d2970_0, 0, 3;
T_0.0 ;
    %load/vec4 v0x55ff520d2970_0;
    %pad/u 32;
    %cmpi/u 2, 0, 32;
    %jmp/0xz T_0.1, 5;
    %pushi/vec4 0, 0, 3;
    %store/vec4 v0x55ff520d2c60_0, 0, 3;
T_0.2 ;
    %load/vec4 v0x55ff520d2c60_0;
    %pad/u 32;
    %cmpi/u 2, 0, 32;
    %jmp/0xz T_0.3, 5;
    %pushi/vec4 0, 0, 3;
    %store/vec4 v0x55ff520d2f30_0, 0, 3;
T_0.4 ;
    %load/vec4 v0x55ff520d2f30_0;
    %pad/u 32;
    %cmpi/u 2, 0, 32;
    %jmp/0xz T_0.5, 5;
    %pushi/vec4 0, 0, 3;
    %store/vec4 v0x55ff52101a10_0, 0, 3;
T_0.6 ;
    %load/vec4 v0x55ff52101a10_0;
    %pad/u 32;
    %cmpi/u 2, 0, 32;
    %jmp/0xz T_0.7, 5;
    %wait E_0x55ff520abfc0;
    %load/vec4 v0x55ff520d2970_0;
    %pad/u 1;
    %store/vec4 v0x55ff521024a0_0, 0, 1;
    %wait E_0x55ff520abfc0;
    %load/vec4 v0x55ff520d2c60_0;
    %pad/u 1;
    %store/vec4 v0x55ff52102340_0, 0, 1;
    %wait E_0x55ff520abfc0;
    %load/vec4 v0x55ff520d2f30_0;
    %pad/u 1;
    %store/vec4 v0x55ff52102570_0, 0, 1;
    %wait E_0x55ff520abfc0;
    %load/vec4 v0x55ff52101a10_0;
    %pad/u 1;
    %store/vec4 v0x55ff52102640_0, 0, 1;
    %delay 5000, 0;
    %vpi_call/w 3 40 "$display", "en=%b |areset_n=%b |j=%b |k=%b |q=%b |", v0x55ff521024a0_0, v0x55ff52102340_0, v0x55ff52102570_0, v0x55ff52102640_0, v0x55ff52102730_0 {0 0 0};
    %load/vec4 v0x55ff52101a10_0;
    %addi 1, 0, 3;
    %store/vec4 v0x55ff52101a10_0, 0, 3;
    %jmp T_0.6;
T_0.7 ;
    %load/vec4 v0x55ff520d2f30_0;
    %addi 1, 0, 3;
    %store/vec4 v0x55ff520d2f30_0, 0, 3;
    %jmp T_0.4;
T_0.5 ;
    %load/vec4 v0x55ff520d2c60_0;
    %addi 1, 0, 3;
    %store/vec4 v0x55ff520d2c60_0, 0, 3;
    %jmp T_0.2;
T_0.3 ;
    %load/vec4 v0x55ff520d2970_0;
    %addi 1, 0, 3;
    %store/vec4 v0x55ff520d2970_0, 0, 3;
    %jmp T_0.0;
T_0.1 ;
    %end;
S_0x55ff52101af0 .scope module, "dut" "JK" 3 10, 4 1 0, S_0x55ff520e70c0;
 .timescale 0 0;
    .port_info 0 /INPUT 1 "clk";
    .port_info 1 /INPUT 1 "en";
    .port_info 2 /INPUT 1 "areset_n";
    .port_info 3 /INPUT 1 "j";
    .port_info 4 /INPUT 1 "k";
    .port_info 5 /OUTPUT 1 "q";
v0x55ff52101db0_0 .net "areset_n", 0 0, v0x55ff52102340_0;  1 drivers
v0x55ff52101e90_0 .net "clk", 0 0, v0x55ff52102400_0;  1 drivers
v0x55ff52101f50_0 .net "en", 0 0, v0x55ff521024a0_0;  1 drivers
v0x55ff52101ff0_0 .net "j", 0 0, v0x55ff52102570_0;  1 drivers
v0x55ff521020b0_0 .net "k", 0 0, v0x55ff52102640_0;  1 drivers
v0x55ff521021c0_0 .var "q", 0 0;
E_0x55ff520e4b70/0 .event negedge, v0x55ff52101db0_0;
E_0x55ff520e4b70/1 .event posedge, v0x55ff52101e90_0;
E_0x55ff520e4b70 .event/or E_0x55ff520e4b70/0, E_0x55ff520e4b70/1;
    .scope S_0x55ff52101af0;
T_1 ;
    %wait E_0x55ff520e4b70;
    %load/vec4 v0x55ff52101db0_0;
    %nor/r;
    %flag_set/vec4 8;
    %jmp/0xz  T_1.0, 8;
    %pushi/vec4 0, 0, 1;
    %assign/vec4 v0x55ff521021c0_0, 0;
    %jmp T_1.1;
T_1.0 ;
    %load/vec4 v0x55ff52101f50_0;
    %nor/r;
    %flag_set/vec4 8;
    %jmp/0xz  T_1.2, 8;
    %load/vec4 v0x55ff521021c0_0;
    %assign/vec4 v0x55ff521021c0_0, 0;
    %jmp T_1.3;
T_1.2 ;
    %load/vec4 v0x55ff52101ff0_0;
    %load/vec4 v0x55ff521020b0_0;
    %concat/vec4; draw_concat_vec4
    %dup/vec4;
    %pushi/vec4 0, 0, 2;
    %cmp/u;
    %jmp/1 T_1.4, 6;
    %dup/vec4;
    %pushi/vec4 1, 0, 2;
    %cmp/u;
    %jmp/1 T_1.5, 6;
    %dup/vec4;
    %pushi/vec4 2, 0, 2;
    %cmp/u;
    %jmp/1 T_1.6, 6;
    %dup/vec4;
    %pushi/vec4 3, 0, 2;
    %cmp/u;
    %jmp/1 T_1.7, 6;
    %load/vec4 v0x55ff521021c0_0;
    %assign/vec4 v0x55ff521021c0_0, 0;
    %jmp T_1.9;
T_1.4 ;
    %load/vec4 v0x55ff521021c0_0;
    %assign/vec4 v0x55ff521021c0_0, 0;
    %jmp T_1.9;
T_1.5 ;
    %pushi/vec4 0, 0, 1;
    %assign/vec4 v0x55ff521021c0_0, 0;
    %jmp T_1.9;
T_1.6 ;
    %pushi/vec4 1, 0, 1;
    %assign/vec4 v0x55ff521021c0_0, 0;
    %jmp T_1.9;
T_1.7 ;
    %load/vec4 v0x55ff521021c0_0;
    %inv;
    %assign/vec4 v0x55ff521021c0_0, 0;
    %jmp T_1.9;
T_1.9 ;
    %pop/vec4 1;
T_1.3 ;
T_1.1 ;
    %jmp T_1;
    .thread T_1;
    .scope S_0x55ff520e70c0;
T_2 ;
    %vpi_call/w 3 20 "$dumpfile", "waves/dump.vcd" {0 0 0};
    %vpi_call/w 3 21 "$dumpvars", 32'sb00000000000000000000000000000000, S_0x55ff520e70c0 {0 0 0};
    %end;
    .thread T_2;
    .scope S_0x55ff520e70c0;
T_3 ;
    %pushi/vec4 0, 0, 1;
    %store/vec4 v0x55ff52102400_0, 0, 1;
T_3.0 ;
    %delay 5000, 0;
    %load/vec4 v0x55ff52102400_0;
    %inv;
    %store/vec4 v0x55ff52102400_0, 0, 1;
    %jmp T_3.0;
    %end;
    .thread T_3;
    .scope S_0x55ff520e70c0;
T_4 ;
    %fork TD_tb_JK.check, S_0x55ff520ab490;
    %join;
    %fork TD_tb_JK.check, S_0x55ff520ab490;
    %join;
    %vpi_call/w 3 54 "$finish" {0 0 0};
    %end;
    .thread T_4;
# The file index is used to find the file name in the following table.
:file_names 5;
    "N/A";
    "<interactive>";
    "-";
    "tb/tb_JK.v";
    "rtl/JK.v";
