#! /usr/bin/vvp
:ivl_version "12.0 (stable)";
:ivl_delay_selection "TYPICAL";
:vpi_time_precision - 12;
:vpi_module "/usr/lib/x86_64-linux-gnu/ivl/system.vpi";
:vpi_module "/usr/lib/x86_64-linux-gnu/ivl/vhdl_sys.vpi";
:vpi_module "/usr/lib/x86_64-linux-gnu/ivl/vhdl_textio.vpi";
:vpi_module "/usr/lib/x86_64-linux-gnu/ivl/v2005_math.vpi";
:vpi_module "/usr/lib/x86_64-linux-gnu/ivl/va_math.vpi";
:vpi_module "/usr/lib/x86_64-linux-gnu/ivl/v2009.vpi";
S_0x5617e0674550 .scope package, "$unit" "$unit" 2 1;
 .timescale 0 0;
S_0x5617e06746e0 .scope module, "tb_SISO" "tb_SISO" 3 3;
 .timescale -9 -12;
v0x5617e06cf1e0_0 .var "areset_n", 0 0;
v0x5617e06cf2a0_0 .var "clk", 0 0;
v0x5617e06cf360_0 .var "en", 0 0;
v0x5617e06cf400_0 .var "in", 0 0;
v0x5617e06cf4f0_0 .net "out", 0 0, v0x5617e06cea20_0;  1 drivers
E_0x5617e06afda0 .event negedge, v0x5617e06a0610_0;
S_0x5617e06b1cb0 .scope module, "dut" "SISO" 3 10, 4 1 0, S_0x5617e06746e0;
 .timescale 0 0;
    .port_info 0 /INPUT 1 "clk";
    .port_info 1 /INPUT 1 "en";
    .port_info 2 /INPUT 1 "areset_n";
    .port_info 3 /INPUT 1 "in";
    .port_info 4 /OUTPUT 1 "out";
v0x5617e06ceb70_0 .net "areset_n", 0 0, v0x5617e06cf1e0_0;  1 drivers
v0x5617e06cec30_0 .net "clk", 0 0, v0x5617e06cf2a0_0;  1 drivers
v0x5617e06cecf0_0 .net "en", 0 0, v0x5617e06cf360_0;  1 drivers
v0x5617e06cee20_0 .net "in", 0 0, v0x5617e06cf400_0;  1 drivers
v0x5617e06ceef0_0 .net "out", 0 0, v0x5617e06cea20_0;  alias, 1 drivers
v0x5617e06cef90_0 .net "w1", 0 0, v0x5617e069fd00_0;  1 drivers
v0x5617e06cf030_0 .net "w2", 0 0, v0x5617e06cdd50_0;  1 drivers
v0x5617e06cf0d0_0 .net "w3", 0 0, v0x5617e06ce400_0;  1 drivers
S_0x5617e06b1e90 .scope module, "dff1" "D" 4 11, 5 1 0, S_0x5617e06b1cb0;
 .timescale 0 0;
    .port_info 0 /INPUT 1 "clk";
    .port_info 1 /INPUT 1 "en";
    .port_info 2 /INPUT 1 "areset_n";
    .port_info 3 /INPUT 1 "d";
    .port_info 4 /OUTPUT 1 "q";
v0x5617e06a2dd0_0 .net "areset_n", 0 0, v0x5617e06cf1e0_0;  alias, 1 drivers
v0x5617e06a0610_0 .net "clk", 0 0, v0x5617e06cf2a0_0;  alias, 1 drivers
v0x5617e06a0710_0 .net "d", 0 0, v0x5617e06cf400_0;  alias, 1 drivers
v0x5617e069fc00_0 .net "en", 0 0, v0x5617e06cf360_0;  alias, 1 drivers
v0x5617e069fd00_0 .var "q", 0 0;
E_0x5617e06b04a0 .event posedge, v0x5617e06a2dd0_0, v0x5617e06a0610_0;
S_0x5617e06cd980 .scope module, "dff2" "D" 4 19, 5 1 0, S_0x5617e06b1cb0;
 .timescale 0 0;
    .port_info 0 /INPUT 1 "clk";
    .port_info 1 /INPUT 1 "en";
    .port_info 2 /INPUT 1 "areset_n";
    .port_info 3 /INPUT 1 "d";
    .port_info 4 /OUTPUT 1 "q";
v0x5617e069f1f0_0 .net "areset_n", 0 0, v0x5617e06cf1e0_0;  alias, 1 drivers
v0x5617e069f2f0_0 .net "clk", 0 0, v0x5617e06cf2a0_0;  alias, 1 drivers
v0x5617e06cdb80_0 .net "d", 0 0, v0x5617e069fd00_0;  alias, 1 drivers
v0x5617e06cdc80_0 .net "en", 0 0, v0x5617e06cf360_0;  alias, 1 drivers
v0x5617e06cdd50_0 .var "q", 0 0;
S_0x5617e06cde60 .scope module, "dff3" "D" 4 27, 5 1 0, S_0x5617e06b1cb0;
 .timescale 0 0;
    .port_info 0 /INPUT 1 "clk";
    .port_info 1 /INPUT 1 "en";
    .port_info 2 /INPUT 1 "areset_n";
    .port_info 3 /INPUT 1 "d";
    .port_info 4 /OUTPUT 1 "q";
v0x5617e06ce070_0 .net "areset_n", 0 0, v0x5617e06cf1e0_0;  alias, 1 drivers
v0x5617e06ce160_0 .net "clk", 0 0, v0x5617e06cf2a0_0;  alias, 1 drivers
v0x5617e06ce270_0 .net "d", 0 0, v0x5617e06cdd50_0;  alias, 1 drivers
v0x5617e06ce310_0 .net "en", 0 0, v0x5617e06cf360_0;  alias, 1 drivers
v0x5617e06ce400_0 .var "q", 0 0;
S_0x5617e06ce550 .scope module, "dff4" "D" 4 35, 5 1 0, S_0x5617e06b1cb0;
 .timescale 0 0;
    .port_info 0 /INPUT 1 "clk";
    .port_info 1 /INPUT 1 "en";
    .port_info 2 /INPUT 1 "areset_n";
    .port_info 3 /INPUT 1 "d";
    .port_info 4 /OUTPUT 1 "q";
v0x5617e06ce730_0 .net "areset_n", 0 0, v0x5617e06cf1e0_0;  alias, 1 drivers
v0x5617e06ce7f0_0 .net "clk", 0 0, v0x5617e06cf2a0_0;  alias, 1 drivers
v0x5617e06ce8b0_0 .net "d", 0 0, v0x5617e06ce400_0;  alias, 1 drivers
v0x5617e06ce980_0 .net "en", 0 0, v0x5617e06cf360_0;  alias, 1 drivers
v0x5617e06cea20_0 .var "q", 0 0;
    .scope S_0x5617e06b1e90;
T_0 ;
    %wait E_0x5617e06b04a0;
    %load/vec4 v0x5617e06a2dd0_0;
    %nor/r;
    %flag_set/vec4 8;
    %jmp/0xz  T_0.0, 8;
    %pushi/vec4 0, 0, 1;
    %assign/vec4 v0x5617e069fd00_0, 0;
    %jmp T_0.1;
T_0.0 ;
    %load/vec4 v0x5617e069fc00_0;
    %flag_set/vec4 8;
    %jmp/0xz  T_0.2, 8;
    %load/vec4 v0x5617e06a0710_0;
    %assign/vec4 v0x5617e069fd00_0, 0;
    %jmp T_0.3;
T_0.2 ;
    %load/vec4 v0x5617e069fd00_0;
    %assign/vec4 v0x5617e069fd00_0, 0;
T_0.3 ;
T_0.1 ;
    %jmp T_0;
    .thread T_0;
    .scope S_0x5617e06cd980;
T_1 ;
    %wait E_0x5617e06b04a0;
    %load/vec4 v0x5617e069f1f0_0;
    %nor/r;
    %flag_set/vec4 8;
    %jmp/0xz  T_1.0, 8;
    %pushi/vec4 0, 0, 1;
    %assign/vec4 v0x5617e06cdd50_0, 0;
    %jmp T_1.1;
T_1.0 ;
    %load/vec4 v0x5617e06cdc80_0;
    %flag_set/vec4 8;
    %jmp/0xz  T_1.2, 8;
    %load/vec4 v0x5617e06cdb80_0;
    %assign/vec4 v0x5617e06cdd50_0, 0;
    %jmp T_1.3;
T_1.2 ;
    %load/vec4 v0x5617e06cdd50_0;
    %assign/vec4 v0x5617e06cdd50_0, 0;
T_1.3 ;
T_1.1 ;
    %jmp T_1;
    .thread T_1;
    .scope S_0x5617e06cde60;
T_2 ;
    %wait E_0x5617e06b04a0;
    %load/vec4 v0x5617e06ce070_0;
    %nor/r;
    %flag_set/vec4 8;
    %jmp/0xz  T_2.0, 8;
    %pushi/vec4 0, 0, 1;
    %assign/vec4 v0x5617e06ce400_0, 0;
    %jmp T_2.1;
T_2.0 ;
    %load/vec4 v0x5617e06ce310_0;
    %flag_set/vec4 8;
    %jmp/0xz  T_2.2, 8;
    %load/vec4 v0x5617e06ce270_0;
    %assign/vec4 v0x5617e06ce400_0, 0;
    %jmp T_2.3;
T_2.2 ;
    %load/vec4 v0x5617e06ce400_0;
    %assign/vec4 v0x5617e06ce400_0, 0;
T_2.3 ;
T_2.1 ;
    %jmp T_2;
    .thread T_2;
    .scope S_0x5617e06ce550;
T_3 ;
    %wait E_0x5617e06b04a0;
    %load/vec4 v0x5617e06ce730_0;
    %nor/r;
    %flag_set/vec4 8;
    %jmp/0xz  T_3.0, 8;
    %pushi/vec4 0, 0, 1;
    %assign/vec4 v0x5617e06cea20_0, 0;
    %jmp T_3.1;
T_3.0 ;
    %load/vec4 v0x5617e06ce980_0;
    %flag_set/vec4 8;
    %jmp/0xz  T_3.2, 8;
    %load/vec4 v0x5617e06ce8b0_0;
    %assign/vec4 v0x5617e06cea20_0, 0;
    %jmp T_3.3;
T_3.2 ;
    %load/vec4 v0x5617e06cea20_0;
    %assign/vec4 v0x5617e06cea20_0, 0;
T_3.3 ;
T_3.1 ;
    %jmp T_3;
    .thread T_3;
    .scope S_0x5617e06746e0;
T_4 ;
    %vpi_call/w 3 19 "$dumpfile", "waves/dump.vcd" {0 0 0};
    %vpi_call/w 3 20 "$dumpvars", 32'sb00000000000000000000000000000000, S_0x5617e06746e0 {0 0 0};
    %end;
    .thread T_4;
    .scope S_0x5617e06746e0;
T_5 ;
    %pushi/vec4 0, 0, 1;
    %store/vec4 v0x5617e06cf2a0_0, 0, 1;
T_5.0 ;
    %delay 5000, 0;
    %load/vec4 v0x5617e06cf2a0_0;
    %inv;
    %store/vec4 v0x5617e06cf2a0_0, 0, 1;
    %jmp T_5.0;
    %end;
    .thread T_5;
    .scope S_0x5617e06746e0;
T_6 ;
    %pushi/vec4 0, 0, 1;
    %store/vec4 v0x5617e06cf360_0, 0, 1;
    %pushi/vec4 0, 0, 1;
    %store/vec4 v0x5617e06cf1e0_0, 0, 1;
    %end;
    .thread T_6;
    .scope S_0x5617e06746e0;
T_7 ;
    %delay 5000, 0;
    %pushi/vec4 1, 0, 1;
    %store/vec4 v0x5617e06cf360_0, 0, 1;
    %delay 5000, 0;
    %pushi/vec4 1, 0, 1;
    %store/vec4 v0x5617e06cf1e0_0, 0, 1;
    %pushi/vec4 4, 0, 32;
T_7.0 %dup/vec4;
    %pushi/vec4 0, 0, 32;
    %cmp/s;
    %jmp/1xz T_7.1, 5;
    %jmp/1 T_7.1, 4;
    %pushi/vec4 1, 0, 32;
    %sub;
    %wait E_0x5617e06afda0;
    %vpi_func 3 55 "$urandom_range" 32, 32'sb00000000000000000000000000000000, 32'sb00000000000000000000000000000001 {0 0 0};
    %pad/u 1;
    %store/vec4 v0x5617e06cf400_0, 0, 1;
    %jmp T_7.0;
T_7.1 ;
    %pop/vec4 1;
    %delay 5000, 0;
    %pushi/vec4 1, 0, 1;
    %store/vec4 v0x5617e06cf360_0, 0, 1;
    %delay 5000, 0;
    %pushi/vec4 0, 0, 1;
    %store/vec4 v0x5617e06cf1e0_0, 0, 1;
    %delay 10000, 0;
    %pushi/vec4 1, 0, 1;
    %store/vec4 v0x5617e06cf1e0_0, 0, 1;
    %pushi/vec4 4, 0, 32;
T_7.2 %dup/vec4;
    %pushi/vec4 0, 0, 32;
    %cmp/s;
    %jmp/1xz T_7.3, 5;
    %jmp/1 T_7.3, 4;
    %pushi/vec4 1, 0, 32;
    %sub;
    %wait E_0x5617e06afda0;
    %vpi_func 3 61 "$urandom_range" 32, 32'sb00000000000000000000000000000000, 32'sb00000000000000000000000000000001 {0 0 0};
    %pad/u 1;
    %store/vec4 v0x5617e06cf400_0, 0, 1;
    %jmp T_7.2;
T_7.3 ;
    %pop/vec4 1;
    %delay 50000, 0;
    %vpi_call/w 3 64 "$finish" {0 0 0};
    %end;
    .thread T_7;
# The file index is used to find the file name in the following table.
:file_names 6;
    "N/A";
    "<interactive>";
    "-";
    "tb/tb_SISO.v";
    "rtl/SISO.v";
    "rtl/D.v";
