#! /usr/bin/vvp
:ivl_version "12.0 (stable)";
:ivl_delay_selection "TYPICAL";
:vpi_time_precision - 12;
:vpi_module "/usr/lib/x86_64-linux-gnu/ivl/system.vpi";
:vpi_module "/usr/lib/x86_64-linux-gnu/ivl/vhdl_sys.vpi";
:vpi_module "/usr/lib/x86_64-linux-gnu/ivl/vhdl_textio.vpi";
:vpi_module "/usr/lib/x86_64-linux-gnu/ivl/v2005_math.vpi";
:vpi_module "/usr/lib/x86_64-linux-gnu/ivl/va_math.vpi";
:vpi_module "/usr/lib/x86_64-linux-gnu/ivl/v2009.vpi";
S_0x56442bec64b0 .scope package, "$unit" "$unit" 2 1;
 .timescale 0 0;
S_0x56442bec6640 .scope module, "tb_up_negedge" "tb_up_negedge" 3 3;
 .timescale -9 -12;
v0x56442bee4a30_0 .var "areset_n", 0 0;
v0x56442bee4af0_0 .var "clk", 0 0;
v0x56442bee4bb0_0 .var "en", 0 0;
v0x56442bee4ce0_0 .net "out", 2 0, L_0x56442bee5590;  1 drivers
E_0x56442bec4510 .event posedge, v0x56442bee3920_0;
S_0x56442be88490 .scope task, "check" "check" 3 31, 3 31 0, S_0x56442bec6640;
 .timescale -9 -12;
TD_tb_up_negedge.check ;
    %vpi_call/w 3 33 "$display", "en = %b | areset_n = %b | out = %b", v0x56442bee4bb0_0, v0x56442bee4a30_0, v0x56442bee4ce0_0 {0 0 0};
    %end;
S_0x56442be88620 .scope module, "dut" "up_negedge" 3 9, 4 1 0, S_0x56442bec6640;
 .timescale 0 0;
    .port_info 0 /INPUT 1 "clk";
    .port_info 1 /INPUT 1 "en";
    .port_info 2 /INPUT 1 "areset_n";
    .port_info 3 /OUTPUT 3 "out";
L_0x56442bee4e80 .functor NOT 1, L_0x56442bee4d80, C4<0>, C4<0>, C4<0>;
L_0x56442bee5060 .functor NOT 1, L_0x56442bee4fc0, C4<0>, C4<0>, C4<0>;
L_0x56442bee5380 .functor NOT 1, L_0x56442bee52b0, C4<0>, C4<0>, C4<0>;
v0x56442bee3d20_0 .net *"_ivl_1", 0 0, L_0x56442bee4d80;  1 drivers
v0x56442bee3e20_0 .net *"_ivl_17", 0 0, L_0x56442bee52b0;  1 drivers
v0x56442bee3f00_0 .net *"_ivl_23", 0 0, L_0x56442bee56e0;  1 drivers
v0x56442bee3fc0_0 .net *"_ivl_25", 0 0, L_0x56442bee5820;  1 drivers
v0x56442bee40a0_0 .net *"_ivl_27", 0 0, L_0x56442bee5960;  1 drivers
v0x56442bee41d0_0 .net *"_ivl_35", 0 0, L_0x56442bee5ab0;  1 drivers
v0x56442bee42b0_0 .net *"_ivl_37", 0 0, L_0x56442bee5b50;  1 drivers
v0x56442bee4390_0 .net *"_ivl_39", 0 0, L_0x56442bee5c60;  1 drivers
v0x56442bee4470_0 .net *"_ivl_40", 2 0, L_0x56442bee5d00;  1 drivers
v0x56442bee4550_0 .net *"_ivl_9", 0 0, L_0x56442bee4fc0;  1 drivers
v0x56442bee4630_0 .net "areset_n", 0 0, v0x56442bee4a30_0;  1 drivers
v0x56442bee46d0_0 .net "clk", 0 0, v0x56442bee4af0_0;  1 drivers
v0x56442bee4770_0 .net "en", 0 0, v0x56442bee4bb0_0;  1 drivers
v0x56442bee4810_0 .net "out", 2 0, L_0x56442bee5590;  alias, 1 drivers
v0x56442bee48d0_0 .net "w", 2 0, L_0x56442bee5420;  1 drivers
L_0x56442bee4d80 .part L_0x56442bee5420, 2, 1;
L_0x56442bee4f20 .part L_0x56442bee5420, 2, 1;
L_0x56442bee4fc0 .part L_0x56442bee5420, 1, 1;
L_0x56442bee5150 .part L_0x56442bee5420, 1, 1;
L_0x56442bee52b0 .part L_0x56442bee5420, 0, 1;
L_0x56442bee5420 .concat8 [ 1 1 1 0], v0x56442bee2db0_0, v0x56442bee3450_0, v0x56442bee3b70_0;
L_0x56442bee5590 .concat8 [ 1 1 1 0], L_0x56442bee5960, L_0x56442bee5820, L_0x56442bee56e0;
L_0x56442bee56e0 .part L_0x56442bee5d00, 2, 1;
L_0x56442bee5820 .part L_0x56442bee5d00, 1, 1;
L_0x56442bee5960 .part L_0x56442bee5d00, 0, 1;
L_0x56442bee5ab0 .part L_0x56442bee5420, 0, 1;
L_0x56442bee5b50 .part L_0x56442bee5420, 1, 1;
L_0x56442bee5c60 .part L_0x56442bee5420, 2, 1;
L_0x56442bee5d00 .concat [ 1 1 1 0], L_0x56442bee5c60, L_0x56442bee5b50, L_0x56442bee5ab0;
S_0x56442bec3e90 .scope module, "u0" "D_neg" 4 25, 5 1 0, S_0x56442be88620;
 .timescale 0 0;
    .port_info 0 /INPUT 1 "clk";
    .port_info 1 /INPUT 1 "en";
    .port_info 2 /INPUT 1 "areset_n";
    .port_info 3 /INPUT 1 "d";
    .port_info 4 /OUTPUT 1 "q";
v0x56442be88870_0 .net "areset_n", 0 0, v0x56442bee4a30_0;  alias, 1 drivers
v0x56442bee2b90_0 .net "clk", 0 0, L_0x56442bee5150;  1 drivers
v0x56442bee2c50_0 .net "d", 0 0, L_0x56442bee5380;  1 drivers
v0x56442bee2cf0_0 .net "en", 0 0, v0x56442bee4bb0_0;  alias, 1 drivers
v0x56442bee2db0_0 .var "q", 0 0;
E_0x56442bec4c50 .event negedge, v0x56442be88870_0, v0x56442bee2b90_0;
S_0x56442bee2f60 .scope module, "u1" "D_neg" 4 17, 5 1 0, S_0x56442be88620;
 .timescale 0 0;
    .port_info 0 /INPUT 1 "clk";
    .port_info 1 /INPUT 1 "en";
    .port_info 2 /INPUT 1 "areset_n";
    .port_info 3 /INPUT 1 "d";
    .port_info 4 /OUTPUT 1 "q";
v0x56442bee3180_0 .net "areset_n", 0 0, v0x56442bee4a30_0;  alias, 1 drivers
v0x56442bee3240_0 .net "clk", 0 0, L_0x56442bee4f20;  1 drivers
v0x56442bee32e0_0 .net "d", 0 0, L_0x56442bee5060;  1 drivers
v0x56442bee3380_0 .net "en", 0 0, v0x56442bee4bb0_0;  alias, 1 drivers
v0x56442bee3450_0 .var "q", 0 0;
E_0x56442bec47a0 .event negedge, v0x56442be88870_0, v0x56442bee3240_0;
S_0x56442bee35e0 .scope module, "u2" "D_neg" 4 9, 5 1 0, S_0x56442be88620;
 .timescale 0 0;
    .port_info 0 /INPUT 1 "clk";
    .port_info 1 /INPUT 1 "en";
    .port_info 2 /INPUT 1 "areset_n";
    .port_info 3 /INPUT 1 "d";
    .port_info 4 /OUTPUT 1 "q";
v0x56442bee3810_0 .net "areset_n", 0 0, v0x56442bee4a30_0;  alias, 1 drivers
v0x56442bee3920_0 .net "clk", 0 0, v0x56442bee4af0_0;  alias, 1 drivers
v0x56442bee39e0_0 .net "d", 0 0, L_0x56442bee4e80;  1 drivers
v0x56442bee3a80_0 .net "en", 0 0, v0x56442bee4bb0_0;  alias, 1 drivers
v0x56442bee3b70_0 .var "q", 0 0;
E_0x56442bec4f10 .event negedge, v0x56442be88870_0, v0x56442bee3920_0;
    .scope S_0x56442bee35e0;
T_1 ;
    %wait E_0x56442bec4f10;
    %load/vec4 v0x56442bee3810_0;
    %nor/r;
    %flag_set/vec4 8;
    %jmp/0xz  T_1.0, 8;
    %pushi/vec4 0, 0, 1;
    %assign/vec4 v0x56442bee3b70_0, 0;
    %jmp T_1.1;
T_1.0 ;
    %load/vec4 v0x56442bee3a80_0;
    %flag_set/vec4 8;
    %jmp/0xz  T_1.2, 8;
    %load/vec4 v0x56442bee39e0_0;
    %assign/vec4 v0x56442bee3b70_0, 0;
    %jmp T_1.3;
T_1.2 ;
    %load/vec4 v0x56442bee3b70_0;
    %assign/vec4 v0x56442bee3b70_0, 0;
T_1.3 ;
T_1.1 ;
    %jmp T_1;
    .thread T_1;
    .scope S_0x56442bee2f60;
T_2 ;
    %wait E_0x56442bec47a0;
    %load/vec4 v0x56442bee3180_0;
    %nor/r;
    %flag_set/vec4 8;
    %jmp/0xz  T_2.0, 8;
    %pushi/vec4 0, 0, 1;
    %assign/vec4 v0x56442bee3450_0, 0;
    %jmp T_2.1;
T_2.0 ;
    %load/vec4 v0x56442bee3380_0;
    %flag_set/vec4 8;
    %jmp/0xz  T_2.2, 8;
    %load/vec4 v0x56442bee32e0_0;
    %assign/vec4 v0x56442bee3450_0, 0;
    %jmp T_2.3;
T_2.2 ;
    %load/vec4 v0x56442bee3450_0;
    %assign/vec4 v0x56442bee3450_0, 0;
T_2.3 ;
T_2.1 ;
    %jmp T_2;
    .thread T_2;
    .scope S_0x56442bec3e90;
T_3 ;
    %wait E_0x56442bec4c50;
    %load/vec4 v0x56442be88870_0;
    %nor/r;
    %flag_set/vec4 8;
    %jmp/0xz  T_3.0, 8;
    %pushi/vec4 0, 0, 1;
    %assign/vec4 v0x56442bee2db0_0, 0;
    %jmp T_3.1;
T_3.0 ;
    %load/vec4 v0x56442bee2cf0_0;
    %flag_set/vec4 8;
    %jmp/0xz  T_3.2, 8;
    %load/vec4 v0x56442bee2c50_0;
    %assign/vec4 v0x56442bee2db0_0, 0;
    %jmp T_3.3;
T_3.2 ;
    %load/vec4 v0x56442bee2db0_0;
    %assign/vec4 v0x56442bee2db0_0, 0;
T_3.3 ;
T_3.1 ;
    %jmp T_3;
    .thread T_3;
    .scope S_0x56442bec6640;
T_4 ;
    %vpi_call/w 3 17 "$dumpfile", "waves/dump.vcd" {0 0 0};
    %vpi_call/w 3 18 "$dumpvars", 32'sb00000000000000000000000000000000, S_0x56442bec6640 {0 0 0};
    %end;
    .thread T_4;
    .scope S_0x56442bec6640;
T_5 ;
    %pushi/vec4 0, 0, 1;
    %store/vec4 v0x56442bee4af0_0, 0, 1;
T_5.0 ;
    %delay 5000, 0;
    %load/vec4 v0x56442bee4af0_0;
    %inv;
    %store/vec4 v0x56442bee4af0_0, 0, 1;
    %jmp T_5.0;
    %end;
    .thread T_5;
    .scope S_0x56442bec6640;
T_6 ;
    %pushi/vec4 0, 0, 1;
    %store/vec4 v0x56442bee4bb0_0, 0, 1;
    %pushi/vec4 0, 0, 1;
    %store/vec4 v0x56442bee4a30_0, 0, 1;
    %end;
    .thread T_6;
    .scope S_0x56442bec6640;
T_7 ;
    %delay 10000, 0;
    %pushi/vec4 1, 0, 1;
    %store/vec4 v0x56442bee4a30_0, 0, 1;
    %delay 7000, 0;
    %pushi/vec4 1, 0, 1;
    %store/vec4 v0x56442bee4bb0_0, 0, 1;
    %pushi/vec4 20, 0, 32;
T_7.0 %dup/vec4;
    %pushi/vec4 0, 0, 32;
    %cmp/s;
    %jmp/1xz T_7.1, 5;
    %jmp/1 T_7.1, 4;
    %pushi/vec4 1, 0, 32;
    %sub;
    %wait E_0x56442bec4510;
    %fork TD_tb_up_negedge.check, S_0x56442be88490;
    %join;
    %jmp T_7.0;
T_7.1 ;
    %pop/vec4 1;
    %delay 10000, 0;
    %vpi_call/w 3 45 "$finish" {0 0 0};
    %end;
    .thread T_7;
# The file index is used to find the file name in the following table.
:file_names 6;
    "N/A";
    "<interactive>";
    "-";
    "tb/tb_up_negedge.v";
    "rtl/up_negedge.v";
    "rtl/D_neg.v";
