#! /usr/bin/vvp
:ivl_version "12.0 (stable)";
:ivl_delay_selection "TYPICAL";
:vpi_time_precision - 12;
:vpi_module "/usr/lib/x86_64-linux-gnu/ivl/system.vpi";
:vpi_module "/usr/lib/x86_64-linux-gnu/ivl/vhdl_sys.vpi";
:vpi_module "/usr/lib/x86_64-linux-gnu/ivl/vhdl_textio.vpi";
:vpi_module "/usr/lib/x86_64-linux-gnu/ivl/v2005_math.vpi";
:vpi_module "/usr/lib/x86_64-linux-gnu/ivl/va_math.vpi";
:vpi_module "/usr/lib/x86_64-linux-gnu/ivl/v2009.vpi";
S_0x55a51f869a60 .scope package, "$unit" "$unit" 2 1;
 .timescale 0 0;
S_0x55a51f869bf0 .scope module, "tb_mux_2to1_dataflow" "tb_mux_2to1_dataflow" 3 2;
 .timescale -9 -12;
v0x55a51f884110_0 .var "a", 0 0;
v0x55a51f8841d0_0 .var "b", 0 0;
v0x55a51f8842a0_0 .var/i "failed", 31 0;
v0x55a51f884370_0 .net "out", 0 0, L_0x55a51f8845d0;  1 drivers
v0x55a51f884440_0 .var/i "passed", 31 0;
v0x55a51f884530_0 .var "sel", 0 0;
S_0x55a51f830490 .scope begin, "$unm_blk_5" "$unm_blk_5" 3 40, 3 40 0, S_0x55a51f869bf0;
 .timescale -9 -12;
v0x55a51f830670_0 .var/i "i", 31 0;
S_0x55a51f8835f0 .scope task, "check" "check" 3 22, 3 22 0, S_0x55a51f869bf0;
 .timescale -9 -12;
v0x55a51f8837f0_0 .var "exp_out", 0 0;
v0x55a51f8838b0_0 .var "t_a", 0 0;
v0x55a51f883970_0 .var "t_b", 0 0;
v0x55a51f883a10_0 .var "t_sel", 0 0;
TD_tb_mux_2to1_dataflow.check ;
    %load/vec4 v0x55a51f8838b0_0;
    %store/vec4 v0x55a51f884110_0, 0, 1;
    %load/vec4 v0x55a51f883970_0;
    %store/vec4 v0x55a51f8841d0_0, 0, 1;
    %load/vec4 v0x55a51f883a10_0;
    %store/vec4 v0x55a51f884530_0, 0, 1;
    %delay 10000, 0;
    %load/vec4 v0x55a51f884370_0;
    %load/vec4 v0x55a51f8837f0_0;
    %cmp/e;
    %jmp/0xz  T_0.0, 6;
    %vpi_call/w 3 31 "$display", "PASS: a=%b b=%b sel=%b out=%b", v0x55a51f884110_0, v0x55a51f8841d0_0, v0x55a51f884530_0, v0x55a51f884370_0 {0 0 0};
    %load/vec4 v0x55a51f884440_0;
    %addi 1, 0, 32;
    %store/vec4 v0x55a51f884440_0, 0, 32;
    %jmp T_0.1;
T_0.0 ;
    %vpi_call/w 3 35 "$display", "FAILED: a=%b b=%b sel=%b out=%b | exp_out=5%b", v0x55a51f884110_0, v0x55a51f8841d0_0, v0x55a51f884530_0, v0x55a51f884370_0, v0x55a51f8837f0_0 {0 0 0};
    %load/vec4 v0x55a51f8842a0_0;
    %addi 1, 0, 32;
    %store/vec4 v0x55a51f8842a0_0, 0, 32;
T_0.1 ;
    %end;
S_0x55a51f883ad0 .scope module, "dut" "mux_2to1_dataflow" 3 7, 4 1 0, S_0x55a51f869bf0;
 .timescale 0 0;
    .port_info 0 /INPUT 1 "a";
    .port_info 1 /INPUT 1 "b";
    .port_info 2 /INPUT 1 "sel";
    .port_info 3 /OUTPUT 1 "out";
v0x55a51f883d50_0 .net "a", 0 0, v0x55a51f884110_0;  1 drivers
v0x55a51f883e10_0 .net "b", 0 0, v0x55a51f8841d0_0;  1 drivers
v0x55a51f883ed0_0 .net "out", 0 0, L_0x55a51f8845d0;  alias, 1 drivers
v0x55a51f883fa0_0 .net "sel", 0 0, v0x55a51f884530_0;  1 drivers
L_0x55a51f8845d0 .functor MUXZ 1, v0x55a51f884110_0, v0x55a51f8841d0_0, v0x55a51f884530_0, C4<>;
    .scope S_0x55a51f869bf0;
T_1 ;
    %pushi/vec4 0, 0, 32;
    %store/vec4 v0x55a51f884440_0, 0, 32;
    %pushi/vec4 0, 0, 32;
    %store/vec4 v0x55a51f8842a0_0, 0, 32;
    %end;
    .thread T_1, $init;
    .scope S_0x55a51f869bf0;
T_2 ;
    %vpi_call/w 3 14 "$dumpfile", "waves/dump.vcd" {0 0 0};
    %vpi_call/w 3 15 "$dumpvars", 32'sb00000000000000000000000000000000, S_0x55a51f869bf0 {0 0 0};
    %end;
    .thread T_2;
    .scope S_0x55a51f869bf0;
T_3 ;
    %fork t_1, S_0x55a51f830490;
    %jmp t_0;
    .scope S_0x55a51f830490;
t_1 ;
    %pushi/vec4 0, 0, 32;
    %store/vec4 v0x55a51f830670_0, 0, 32;
T_3.0 ;
    %load/vec4 v0x55a51f830670_0;
    %cmpi/s 8, 0, 32;
    %jmp/0xz T_3.1, 5;
    %load/vec4 v0x55a51f830670_0;
    %parti/s 1, 2, 3;
    %store/vec4 v0x55a51f8838b0_0, 0, 1;
    %load/vec4 v0x55a51f830670_0;
    %parti/s 1, 1, 2;
    %store/vec4 v0x55a51f883970_0, 0, 1;
    %load/vec4 v0x55a51f830670_0;
    %parti/s 1, 0, 2;
    %store/vec4 v0x55a51f883a10_0, 0, 1;
    %load/vec4 v0x55a51f830670_0;
    %parti/s 1, 0, 2;
    %flag_set/vec4 8;
    %jmp/0 T_3.2, 8;
    %load/vec4 v0x55a51f830670_0;
    %parti/s 1, 1, 2;
    %jmp/1 T_3.3, 8;
T_3.2 ; End of true expr.
    %load/vec4 v0x55a51f830670_0;
    %parti/s 1, 2, 3;
    %jmp/0 T_3.3, 8;
 ; End of false expr.
    %blend;
T_3.3;
    %store/vec4 v0x55a51f8837f0_0, 0, 1;
    %fork TD_tb_mux_2to1_dataflow.check, S_0x55a51f8835f0;
    %join;
    %load/vec4 v0x55a51f830670_0;
    %addi 1, 0, 32;
    %store/vec4 v0x55a51f830670_0, 0, 32;
    %jmp T_3.0;
T_3.1 ;
    %vpi_call/w 3 45 "$display", "Test summary: %d passed, %d failed", v0x55a51f884440_0, v0x55a51f8842a0_0 {0 0 0};
    %vpi_call/w 3 46 "$finish" {0 0 0};
    %end;
    .scope S_0x55a51f869bf0;
t_0 %join;
    %end;
    .thread T_3;
# The file index is used to find the file name in the following table.
:file_names 5;
    "N/A";
    "<interactive>";
    "-";
    "tb/tb_mux_2to1_dataflow.v";
    "rtl/mux_2to1_dataflow.v";
