#! /usr/bin/vvp
:ivl_version "12.0 (stable)";
:ivl_delay_selection "TYPICAL";
:vpi_time_precision - 12;
:vpi_module "/usr/lib/x86_64-linux-gnu/ivl/system.vpi";
:vpi_module "/usr/lib/x86_64-linux-gnu/ivl/vhdl_sys.vpi";
:vpi_module "/usr/lib/x86_64-linux-gnu/ivl/vhdl_textio.vpi";
:vpi_module "/usr/lib/x86_64-linux-gnu/ivl/v2005_math.vpi";
:vpi_module "/usr/lib/x86_64-linux-gnu/ivl/va_math.vpi";
:vpi_module "/usr/lib/x86_64-linux-gnu/ivl/v2009.vpi";
S_0x5629e0161430 .scope package, "$unit" "$unit" 2 1;
 .timescale 0 0;
S_0x5629e01615c0 .scope module, "tb_single_port_ram" "tb_single_port_ram" 3 3;
 .timescale -9 -12;
v0x5629e018a2c0_0 .var/i "FAIL", 31 0;
v0x5629e018a3c0_0 .var/i "PASS", 31 0;
v0x5629e018a4a0_0 .var "addr", 3 0;
v0x5629e018a540_0 .var "clk", 0 0;
v0x5629e018a610_0 .var "din", 7 0;
v0x5629e018a700_0 .net "dout", 7 0, v0x5629e014fbf0_0;  1 drivers
v0x5629e018a7d0_0 .var "exp_dout", 7 0;
v0x5629e018a870_0 .var/i "i", 31 0;
v0x5629e018a950_0 .var "pattern", 7 0;
v0x5629e018aa30 .array "t_mem", 15 0, 7 0;
v0x5629e018aaf0_0 .var "we", 0 0;
S_0x5629e0126490 .scope module, "dut" "single_port_ram" 3 17, 4 1 0, S_0x5629e01615c0;
 .timescale 0 0;
    .port_info 0 /INPUT 1 "clk";
    .port_info 1 /INPUT 1 "we";
    .port_info 2 /INPUT 4 "addr";
    .port_info 3 /INPUT 8 "din";
    .port_info 4 /OUTPUT 8 "dout";
v0x5629e0156b30_0 .net "addr", 3 0, v0x5629e018a4a0_0;  1 drivers
v0x5629e01506a0_0 .net "clk", 0 0, v0x5629e018a540_0;  1 drivers
v0x5629e0150b00_0 .net "din", 7 0, v0x5629e018a610_0;  1 drivers
v0x5629e014fbf0_0 .var "dout", 7 0;
v0x5629e0189990 .array "mem", 15 0, 7 0;
v0x5629e0189aa0_0 .net "we", 0 0, v0x5629e018aaf0_0;  1 drivers
E_0x5629e015fe90 .event posedge, v0x5629e01506a0_0;
S_0x5629e0189c00 .scope task, "read" "read" 3 45, 3 45 0, S_0x5629e01615c0;
 .timescale -9 -12;
v0x5629e0189e20_0 .var "t_addr", 3 0;
E_0x5629e0160410 .event negedge, v0x5629e01506a0_0;
TD_tb_single_port_ram.read ;
    %wait E_0x5629e0160410;
    %pushi/vec4 0, 0, 1;
    %store/vec4 v0x5629e018aaf0_0, 0, 1;
    %load/vec4 v0x5629e0189e20_0;
    %store/vec4 v0x5629e018a4a0_0, 0, 4;
    %wait E_0x5629e015fe90;
    %load/vec4 v0x5629e0189e20_0;
    %pad/u 6;
    %ix/vec4 4;
    %load/vec4a v0x5629e018aa30, 4;
    %store/vec4 v0x5629e018a7d0_0, 0, 8;
    %delay 1000, 0;
    %load/vec4 v0x5629e018a700_0;
    %load/vec4 v0x5629e018a7d0_0;
    %cmp/e;
    %jmp/0xz  T_0.0, 6;
    %vpi_call/w 3 60 "$display", "PASS | addr = %h | dout = %h | exp_dout = %h", v0x5629e018a4a0_0, v0x5629e018a700_0, v0x5629e018a7d0_0 {0 0 0};
    %load/vec4 v0x5629e018a3c0_0;
    %addi 1, 0, 32;
    %store/vec4 v0x5629e018a3c0_0, 0, 32;
    %jmp T_0.1;
T_0.0 ;
    %vpi_call/w 3 64 "$display", "FAIL | addr = %h | dout = %h | exp_dout = %h", v0x5629e018a4a0_0, v0x5629e018a700_0, v0x5629e018a7d0_0 {0 0 0};
    %load/vec4 v0x5629e018a2c0_0;
    %addi 1, 0, 32;
    %store/vec4 v0x5629e018a2c0_0, 0, 32;
T_0.1 ;
    %end;
S_0x5629e0189f20 .scope task, "write" "write" 3 75, 3 75 0, S_0x5629e01615c0;
 .timescale -9 -12;
v0x5629e018a100_0 .var "t_addr", 3 0;
v0x5629e018a1e0_0 .var "t_din", 7 0;
TD_tb_single_port_ram.write ;
    %wait E_0x5629e0160410;
    %pushi/vec4 1, 0, 1;
    %store/vec4 v0x5629e018aaf0_0, 0, 1;
    %load/vec4 v0x5629e018a100_0;
    %store/vec4 v0x5629e018a4a0_0, 0, 4;
    %load/vec4 v0x5629e018a1e0_0;
    %store/vec4 v0x5629e018a610_0, 0, 8;
    %wait E_0x5629e015fe90;
    %load/vec4 v0x5629e018a1e0_0;
    %load/vec4 v0x5629e018a100_0;
    %pad/u 6;
    %ix/vec4 4;
    %store/vec4a v0x5629e018aa30, 4, 0;
    %end;
    .scope S_0x5629e0126490;
T_2 ;
    %wait E_0x5629e015fe90;
    %load/vec4 v0x5629e0189aa0_0;
    %flag_set/vec4 8;
    %jmp/0xz  T_2.0, 8;
    %load/vec4 v0x5629e0150b00_0;
    %load/vec4 v0x5629e0156b30_0;
    %pad/u 6;
    %ix/vec4 3;
    %ix/load 4, 0, 0; Constant delay
    %assign/vec4/a/d v0x5629e0189990, 0, 4;
    %jmp T_2.1;
T_2.0 ;
    %load/vec4 v0x5629e0156b30_0;
    %pad/u 6;
    %ix/vec4 4;
    %load/vec4a v0x5629e0189990, 4;
    %assign/vec4 v0x5629e014fbf0_0, 0;
T_2.1 ;
    %jmp T_2;
    .thread T_2;
    .scope S_0x5629e01615c0;
T_3 ;
    %vpi_call/w 3 26 "$dumpfile", "waves/dump.vcd" {0 0 0};
    %vpi_call/w 3 27 "$dumpvars", 32'sb00000000000000000000000000000000, S_0x5629e01615c0 {0 0 0};
    %end;
    .thread T_3;
    .scope S_0x5629e01615c0;
T_4 ;
    %pushi/vec4 0, 0, 1;
    %store/vec4 v0x5629e018a540_0, 0, 1;
    %pushi/vec4 0, 0, 1;
    %store/vec4 v0x5629e018aaf0_0, 0, 1;
    %pushi/vec4 0, 0, 4;
    %store/vec4 v0x5629e018a4a0_0, 0, 4;
    %pushi/vec4 0, 0, 8;
    %store/vec4 v0x5629e018a610_0, 0, 8;
    %pushi/vec4 255, 255, 8;
    %store/vec4 v0x5629e018a7d0_0, 0, 8;
    %pushi/vec4 0, 0, 32;
    %store/vec4 v0x5629e018a3c0_0, 0, 32;
    %pushi/vec4 0, 0, 32;
    %store/vec4 v0x5629e018a2c0_0, 0, 32;
    %pushi/vec4 0, 0, 8;
    %store/vec4 v0x5629e018a950_0, 0, 8;
T_4.0 ;
    %delay 5000, 0;
    %load/vec4 v0x5629e018a540_0;
    %inv;
    %store/vec4 v0x5629e018a540_0, 0, 1;
    %jmp T_4.0;
    %end;
    .thread T_4;
    .scope S_0x5629e01615c0;
T_5 ;
    %delay 7000, 0;
    %pushi/vec4 0, 0, 4;
    %store/vec4 v0x5629e018a100_0, 0, 4;
    %pushi/vec4 0, 0, 8;
    %store/vec4 v0x5629e018a1e0_0, 0, 8;
    %fork TD_tb_single_port_ram.write, S_0x5629e0189f20;
    %join;
    %pushi/vec4 1, 0, 32;
    %store/vec4 v0x5629e018a870_0, 0, 32;
T_5.0 ;
    %load/vec4 v0x5629e018a870_0;
    %cmpi/s 16, 0, 32;
    %jmp/0xz T_5.1, 5;
    %load/vec4 v0x5629e018a870_0;
    %dup/vec4;
    %pushi/vec4 1, 0, 32;
    %cmp/u;
    %jmp/1 T_5.2, 6;
    %dup/vec4;
    %pushi/vec4 2, 0, 32;
    %cmp/u;
    %jmp/1 T_5.3, 6;
    %dup/vec4;
    %pushi/vec4 3, 0, 32;
    %cmp/u;
    %jmp/1 T_5.4, 6;
    %dup/vec4;
    %pushi/vec4 4, 0, 32;
    %cmp/u;
    %jmp/1 T_5.5, 6;
    %dup/vec4;
    %pushi/vec4 5, 0, 32;
    %cmp/u;
    %jmp/1 T_5.6, 6;
    %dup/vec4;
    %pushi/vec4 6, 0, 32;
    %cmp/u;
    %jmp/1 T_5.7, 6;
    %dup/vec4;
    %pushi/vec4 7, 0, 32;
    %cmp/u;
    %jmp/1 T_5.8, 6;
    %dup/vec4;
    %pushi/vec4 8, 0, 32;
    %cmp/u;
    %jmp/1 T_5.9, 6;
    %pushi/vec4 32, 0, 32;
    %load/vec4 v0x5629e018a870_0;
    %add;
    %pad/u 8;
    %store/vec4 v0x5629e018a950_0, 0, 8;
    %jmp T_5.11;
T_5.2 ;
    %pushi/vec4 255, 0, 8;
    %store/vec4 v0x5629e018a950_0, 0, 8;
    %jmp T_5.11;
T_5.3 ;
    %pushi/vec4 15, 0, 8;
    %store/vec4 v0x5629e018a950_0, 0, 8;
    %jmp T_5.11;
T_5.4 ;
    %pushi/vec4 240, 0, 8;
    %store/vec4 v0x5629e018a950_0, 0, 8;
    %jmp T_5.11;
T_5.5 ;
    %pushi/vec4 136, 0, 8;
    %store/vec4 v0x5629e018a950_0, 0, 8;
    %jmp T_5.11;
T_5.6 ;
    %pushi/vec4 17, 0, 8;
    %store/vec4 v0x5629e018a950_0, 0, 8;
    %jmp T_5.11;
T_5.7 ;
    %pushi/vec4 153, 0, 8;
    %store/vec4 v0x5629e018a950_0, 0, 8;
    %jmp T_5.11;
T_5.8 ;
    %pushi/vec4 16, 0, 8;
    %store/vec4 v0x5629e018a950_0, 0, 8;
    %jmp T_5.11;
T_5.9 ;
    %pushi/vec4 1, 0, 8;
    %store/vec4 v0x5629e018a950_0, 0, 8;
    %jmp T_5.11;
T_5.11 ;
    %pop/vec4 1;
    %load/vec4 v0x5629e018a870_0;
    %pad/s 4;
    %store/vec4 v0x5629e018a100_0, 0, 4;
    %load/vec4 v0x5629e018a950_0;
    %store/vec4 v0x5629e018a1e0_0, 0, 8;
    %fork TD_tb_single_port_ram.write, S_0x5629e0189f20;
    %join;
    %load/vec4 v0x5629e018a870_0;
    %addi 1, 0, 32;
    %store/vec4 v0x5629e018a870_0, 0, 32;
    %jmp T_5.0;
T_5.1 ;
    %delay 10000, 0;
    %pushi/vec4 0, 0, 32;
    %store/vec4 v0x5629e018a870_0, 0, 32;
T_5.12 ;
    %load/vec4 v0x5629e018a870_0;
    %cmpi/s 16, 0, 32;
    %jmp/0xz T_5.13, 5;
    %load/vec4 v0x5629e018a870_0;
    %pad/s 4;
    %store/vec4 v0x5629e0189e20_0, 0, 4;
    %fork TD_tb_single_port_ram.read, S_0x5629e0189c00;
    %join;
    %load/vec4 v0x5629e018a870_0;
    %addi 1, 0, 32;
    %store/vec4 v0x5629e018a870_0, 0, 32;
    %jmp T_5.12;
T_5.13 ;
    %delay 10000, 0;
    %pushi/vec4 3, 0, 4;
    %store/vec4 v0x5629e018a100_0, 0, 4;
    %pushi/vec4 204, 0, 8;
    %store/vec4 v0x5629e018a1e0_0, 0, 8;
    %fork TD_tb_single_port_ram.write, S_0x5629e0189f20;
    %join;
    %pushi/vec4 3, 0, 4;
    %store/vec4 v0x5629e0189e20_0, 0, 4;
    %fork TD_tb_single_port_ram.read, S_0x5629e0189c00;
    %join;
    %pushi/vec4 2, 0, 4;
    %store/vec4 v0x5629e0189e20_0, 0, 4;
    %fork TD_tb_single_port_ram.read, S_0x5629e0189c00;
    %join;
    %pushi/vec4 4, 0, 4;
    %store/vec4 v0x5629e0189e20_0, 0, 4;
    %fork TD_tb_single_port_ram.read, S_0x5629e0189c00;
    %join;
    %delay 10000, 0;
    %pushi/vec4 6, 0, 4;
    %store/vec4 v0x5629e0189e20_0, 0, 4;
    %fork TD_tb_single_port_ram.read, S_0x5629e0189c00;
    %join;
    %pushi/vec4 7, 0, 4;
    %store/vec4 v0x5629e018a100_0, 0, 4;
    %pushi/vec4 34, 0, 8;
    %store/vec4 v0x5629e018a1e0_0, 0, 8;
    %fork TD_tb_single_port_ram.write, S_0x5629e0189f20;
    %join;
    %wait E_0x5629e015fe90;
    %delay 1000, 0;
    %load/vec4 v0x5629e018a700_0;
    %cmpi/e 153, 0, 8;
    %jmp/0xz  T_5.14, 6;
    %vpi_call/w 3 142 "$display", "PASS | addr = %h | dout = %h | exp_dout = %h", 32'sb00000000000000000000000000000110, v0x5629e018a700_0, 8'b10011001 {0 0 0};
    %load/vec4 v0x5629e018a3c0_0;
    %addi 1, 0, 32;
    %store/vec4 v0x5629e018a3c0_0, 0, 32;
    %jmp T_5.15;
T_5.14 ;
    %vpi_call/w 3 146 "$display", "FAIL | addr = %h | dout = %h | exp_dout = %h", 32'sb00000000000000000000000000000110, v0x5629e018a700_0, 8'b10011001 {0 0 0};
    %load/vec4 v0x5629e018a2c0_0;
    %addi 1, 0, 32;
    %store/vec4 v0x5629e018a2c0_0, 0, 32;
T_5.15 ;
    %vpi_call/w 3 151 "$display", "SUMMARY:" {0 0 0};
    %vpi_call/w 3 152 "$display", "PASS = %d", v0x5629e018a3c0_0 {0 0 0};
    %vpi_call/w 3 153 "$display", "FAIL = %d", v0x5629e018a2c0_0 {0 0 0};
    %delay 20000, 0;
    %vpi_call/w 3 157 "$finish" {0 0 0};
    %end;
    .thread T_5;
# The file index is used to find the file name in the following table.
:file_names 5;
    "N/A";
    "<interactive>";
    "-";
    "tb/tb_single_port_ram.v";
    "rtl/single_port_ram.v";
