#! /usr/bin/vvp
:ivl_version "12.0 (stable)";
:ivl_delay_selection "TYPICAL";
:vpi_time_precision - 12;
:vpi_module "/usr/lib/x86_64-linux-gnu/ivl/system.vpi";
:vpi_module "/usr/lib/x86_64-linux-gnu/ivl/vhdl_sys.vpi";
:vpi_module "/usr/lib/x86_64-linux-gnu/ivl/vhdl_textio.vpi";
:vpi_module "/usr/lib/x86_64-linux-gnu/ivl/v2005_math.vpi";
:vpi_module "/usr/lib/x86_64-linux-gnu/ivl/va_math.vpi";
:vpi_module "/usr/lib/x86_64-linux-gnu/ivl/v2009.vpi";
S_0x5598aeac3b60 .scope package, "$unit" "$unit" 2 1;
 .timescale 0 0;
S_0x5598aea98490 .scope module, "tb_down_negedge" "tb_down_negedge" 3 3;
 .timescale -9 -12;
v0x5598aeaf5310_0 .var "areset_n", 0 0;
v0x5598aeaf53d0_0 .var "clk", 0 0;
v0x5598aeaf5490_0 .var "en", 0 0;
v0x5598aeaf5530_0 .net "out", 2 0, L_0x5598aeaf5f90;  1 drivers
E_0x5598aead4590 .event posedge, v0x5598aeaf4040_0;
S_0x5598aea98620 .scope task, "check" "check" 3 31, 3 31 0, S_0x5598aea98490;
 .timescale -9 -12;
TD_tb_down_negedge.check ;
    %vpi_call/w 3 33 "$display", "en = %b | areset_n = %b | out = %b", v0x5598aeaf5490_0, v0x5598aeaf5310_0, v0x5598aeaf5530_0 {0 0 0};
    %end;
S_0x5598aead6530 .scope module, "dut" "down_negedge" 3 9, 4 1 0, S_0x5598aea98490;
 .timescale 0 0;
    .port_info 0 /INPUT 1 "clk";
    .port_info 1 /INPUT 1 "en";
    .port_info 2 /INPUT 1 "areset_n";
    .port_info 3 /OUTPUT 3 "out";
L_0x5598aeaf56d0 .functor NOT 1, L_0x5598aeaf55d0, C4<0>, C4<0>, C4<0>;
L_0x5598aeaf5810 .functor NOT 1, L_0x5598aeaf5770, C4<0>, C4<0>, C4<0>;
L_0x5598aeaf5970 .functor NOT 1, L_0x5598aeaf58d0, C4<0>, C4<0>, C4<0>;
L_0x5598aeaf5bc0 .functor NOT 1, L_0x5598aeaf5a60, C4<0>, C4<0>, C4<0>;
L_0x5598aeaf5d30 .functor NOT 1, L_0x5598aeaf5c90, C4<0>, C4<0>, C4<0>;
v0x5598aeaf4440_0 .net *"_ivl_1", 0 0, L_0x5598aeaf55d0;  1 drivers
v0x5598aeaf4540_0 .net *"_ivl_11", 0 0, L_0x5598aeaf58d0;  1 drivers
v0x5598aeaf4620_0 .net *"_ivl_17", 0 0, L_0x5598aeaf5a60;  1 drivers
v0x5598aeaf46e0_0 .net *"_ivl_21", 0 0, L_0x5598aeaf5c90;  1 drivers
v0x5598aeaf47c0_0 .net *"_ivl_27", 0 0, L_0x5598aeaf60e0;  1 drivers
v0x5598aeaf48f0_0 .net *"_ivl_29", 0 0, L_0x5598aeaf6220;  1 drivers
v0x5598aeaf49d0_0 .net *"_ivl_31", 0 0, L_0x5598aeaf6360;  1 drivers
v0x5598aeaf4ab0_0 .net *"_ivl_39", 0 0, L_0x5598aeaf64b0;  1 drivers
v0x5598aeaf4b90_0 .net *"_ivl_41", 0 0, L_0x5598aeaf6550;  1 drivers
v0x5598aeaf4c70_0 .net *"_ivl_43", 0 0, L_0x5598aeaf6660;  1 drivers
v0x5598aeaf4d50_0 .net *"_ivl_44", 2 0, L_0x5598aeaf6700;  1 drivers
v0x5598aeaf4e30_0 .net *"_ivl_7", 0 0, L_0x5598aeaf5770;  1 drivers
v0x5598aeaf4f10_0 .net "areset_n", 0 0, v0x5598aeaf5310_0;  1 drivers
v0x5598aeaf4fb0_0 .net "clk", 0 0, v0x5598aeaf53d0_0;  1 drivers
v0x5598aeaf5050_0 .net "en", 0 0, v0x5598aeaf5490_0;  1 drivers
v0x5598aeaf50f0_0 .net "out", 2 0, L_0x5598aeaf5f90;  alias, 1 drivers
v0x5598aeaf51b0_0 .net "w", 2 0, L_0x5598aeaf5e20;  1 drivers
L_0x5598aeaf55d0 .part L_0x5598aeaf5e20, 2, 1;
L_0x5598aeaf5770 .part L_0x5598aeaf5e20, 2, 1;
L_0x5598aeaf58d0 .part L_0x5598aeaf5e20, 1, 1;
L_0x5598aeaf5a60 .part L_0x5598aeaf5e20, 1, 1;
L_0x5598aeaf5c90 .part L_0x5598aeaf5e20, 0, 1;
L_0x5598aeaf5e20 .concat8 [ 1 1 1 0], v0x5598aeaf34d0_0, v0x5598aeaf3b70_0, v0x5598aeaf4290_0;
L_0x5598aeaf5f90 .concat8 [ 1 1 1 0], L_0x5598aeaf6360, L_0x5598aeaf6220, L_0x5598aeaf60e0;
L_0x5598aeaf60e0 .part L_0x5598aeaf6700, 2, 1;
L_0x5598aeaf6220 .part L_0x5598aeaf6700, 1, 1;
L_0x5598aeaf6360 .part L_0x5598aeaf6700, 0, 1;
L_0x5598aeaf64b0 .part L_0x5598aeaf5e20, 0, 1;
L_0x5598aeaf6550 .part L_0x5598aeaf5e20, 1, 1;
L_0x5598aeaf6660 .part L_0x5598aeaf5e20, 2, 1;
L_0x5598aeaf6700 .concat [ 1 1 1 0], L_0x5598aeaf6660, L_0x5598aeaf6550, L_0x5598aeaf64b0;
S_0x5598aead6780 .scope module, "u0" "D_neg" 4 25, 5 1 0, S_0x5598aead6530;
 .timescale 0 0;
    .port_info 0 /INPUT 1 "clk";
    .port_info 1 /INPUT 1 "en";
    .port_info 2 /INPUT 1 "areset_n";
    .port_info 3 /INPUT 1 "d";
    .port_info 4 /OUTPUT 1 "q";
v0x5598aeac2a80_0 .net "areset_n", 0 0, v0x5598aeaf5310_0;  alias, 1 drivers
v0x5598aeaf32b0_0 .net "clk", 0 0, L_0x5598aeaf5bc0;  1 drivers
v0x5598aeaf3370_0 .net "d", 0 0, L_0x5598aeaf5d30;  1 drivers
v0x5598aeaf3410_0 .net "en", 0 0, v0x5598aeaf5490_0;  alias, 1 drivers
v0x5598aeaf34d0_0 .var "q", 0 0;
E_0x5598aead4cd0 .event negedge, v0x5598aeac2a80_0, v0x5598aeaf32b0_0;
S_0x5598aeaf3680 .scope module, "u1" "D_neg" 4 17, 5 1 0, S_0x5598aead6530;
 .timescale 0 0;
    .port_info 0 /INPUT 1 "clk";
    .port_info 1 /INPUT 1 "en";
    .port_info 2 /INPUT 1 "areset_n";
    .port_info 3 /INPUT 1 "d";
    .port_info 4 /OUTPUT 1 "q";
v0x5598aeaf38a0_0 .net "areset_n", 0 0, v0x5598aeaf5310_0;  alias, 1 drivers
v0x5598aeaf3960_0 .net "clk", 0 0, L_0x5598aeaf5810;  1 drivers
v0x5598aeaf3a00_0 .net "d", 0 0, L_0x5598aeaf5970;  1 drivers
v0x5598aeaf3aa0_0 .net "en", 0 0, v0x5598aeaf5490_0;  alias, 1 drivers
v0x5598aeaf3b70_0 .var "q", 0 0;
E_0x5598aead4820 .event negedge, v0x5598aeac2a80_0, v0x5598aeaf3960_0;
S_0x5598aeaf3d00 .scope module, "u2" "D_neg" 4 9, 5 1 0, S_0x5598aead6530;
 .timescale 0 0;
    .port_info 0 /INPUT 1 "clk";
    .port_info 1 /INPUT 1 "en";
    .port_info 2 /INPUT 1 "areset_n";
    .port_info 3 /INPUT 1 "d";
    .port_info 4 /OUTPUT 1 "q";
v0x5598aeaf3f30_0 .net "areset_n", 0 0, v0x5598aeaf5310_0;  alias, 1 drivers
v0x5598aeaf4040_0 .net "clk", 0 0, v0x5598aeaf53d0_0;  alias, 1 drivers
v0x5598aeaf4100_0 .net "d", 0 0, L_0x5598aeaf56d0;  1 drivers
v0x5598aeaf41a0_0 .net "en", 0 0, v0x5598aeaf5490_0;  alias, 1 drivers
v0x5598aeaf4290_0 .var "q", 0 0;
E_0x5598aead4f90 .event negedge, v0x5598aeac2a80_0, v0x5598aeaf4040_0;
    .scope S_0x5598aeaf3d00;
T_1 ;
    %wait E_0x5598aead4f90;
    %load/vec4 v0x5598aeaf3f30_0;
    %nor/r;
    %flag_set/vec4 8;
    %jmp/0xz  T_1.0, 8;
    %pushi/vec4 0, 0, 1;
    %assign/vec4 v0x5598aeaf4290_0, 0;
    %jmp T_1.1;
T_1.0 ;
    %load/vec4 v0x5598aeaf41a0_0;
    %flag_set/vec4 8;
    %jmp/0xz  T_1.2, 8;
    %load/vec4 v0x5598aeaf4100_0;
    %assign/vec4 v0x5598aeaf4290_0, 0;
    %jmp T_1.3;
T_1.2 ;
    %load/vec4 v0x5598aeaf4290_0;
    %assign/vec4 v0x5598aeaf4290_0, 0;
T_1.3 ;
T_1.1 ;
    %jmp T_1;
    .thread T_1;
    .scope S_0x5598aeaf3680;
T_2 ;
    %wait E_0x5598aead4820;
    %load/vec4 v0x5598aeaf38a0_0;
    %nor/r;
    %flag_set/vec4 8;
    %jmp/0xz  T_2.0, 8;
    %pushi/vec4 0, 0, 1;
    %assign/vec4 v0x5598aeaf3b70_0, 0;
    %jmp T_2.1;
T_2.0 ;
    %load/vec4 v0x5598aeaf3aa0_0;
    %flag_set/vec4 8;
    %jmp/0xz  T_2.2, 8;
    %load/vec4 v0x5598aeaf3a00_0;
    %assign/vec4 v0x5598aeaf3b70_0, 0;
    %jmp T_2.3;
T_2.2 ;
    %load/vec4 v0x5598aeaf3b70_0;
    %assign/vec4 v0x5598aeaf3b70_0, 0;
T_2.3 ;
T_2.1 ;
    %jmp T_2;
    .thread T_2;
    .scope S_0x5598aead6780;
T_3 ;
    %wait E_0x5598aead4cd0;
    %load/vec4 v0x5598aeac2a80_0;
    %nor/r;
    %flag_set/vec4 8;
    %jmp/0xz  T_3.0, 8;
    %pushi/vec4 0, 0, 1;
    %assign/vec4 v0x5598aeaf34d0_0, 0;
    %jmp T_3.1;
T_3.0 ;
    %load/vec4 v0x5598aeaf3410_0;
    %flag_set/vec4 8;
    %jmp/0xz  T_3.2, 8;
    %load/vec4 v0x5598aeaf3370_0;
    %assign/vec4 v0x5598aeaf34d0_0, 0;
    %jmp T_3.3;
T_3.2 ;
    %load/vec4 v0x5598aeaf34d0_0;
    %assign/vec4 v0x5598aeaf34d0_0, 0;
T_3.3 ;
T_3.1 ;
    %jmp T_3;
    .thread T_3;
    .scope S_0x5598aea98490;
T_4 ;
    %vpi_call/w 3 17 "$dumpfile", "waves/dump.vcd" {0 0 0};
    %vpi_call/w 3 18 "$dumpvars", 32'sb00000000000000000000000000000000, S_0x5598aea98490 {0 0 0};
    %end;
    .thread T_4;
    .scope S_0x5598aea98490;
T_5 ;
    %pushi/vec4 0, 0, 1;
    %store/vec4 v0x5598aeaf53d0_0, 0, 1;
T_5.0 ;
    %delay 5000, 0;
    %load/vec4 v0x5598aeaf53d0_0;
    %inv;
    %store/vec4 v0x5598aeaf53d0_0, 0, 1;
    %jmp T_5.0;
    %end;
    .thread T_5;
    .scope S_0x5598aea98490;
T_6 ;
    %pushi/vec4 0, 0, 1;
    %store/vec4 v0x5598aeaf5490_0, 0, 1;
    %pushi/vec4 0, 0, 1;
    %store/vec4 v0x5598aeaf5310_0, 0, 1;
    %end;
    .thread T_6;
    .scope S_0x5598aea98490;
T_7 ;
    %delay 10000, 0;
    %pushi/vec4 1, 0, 1;
    %store/vec4 v0x5598aeaf5310_0, 0, 1;
    %delay 7000, 0;
    %pushi/vec4 1, 0, 1;
    %store/vec4 v0x5598aeaf5490_0, 0, 1;
    %pushi/vec4 20, 0, 32;
T_7.0 %dup/vec4;
    %pushi/vec4 0, 0, 32;
    %cmp/s;
    %jmp/1xz T_7.1, 5;
    %jmp/1 T_7.1, 4;
    %pushi/vec4 1, 0, 32;
    %sub;
    %wait E_0x5598aead4590;
    %fork TD_tb_down_negedge.check, S_0x5598aea98620;
    %join;
    %jmp T_7.0;
T_7.1 ;
    %pop/vec4 1;
    %delay 10000, 0;
    %vpi_call/w 3 45 "$finish" {0 0 0};
    %end;
    .thread T_7;
# The file index is used to find the file name in the following table.
:file_names 6;
    "N/A";
    "<interactive>";
    "-";
    "tb/tb_down_negedge.v";
    "rtl/down_negedge.v";
    "rtl/D_neg.v";
