#! /usr/bin/vvp
:ivl_version "12.0 (stable)";
:ivl_delay_selection "TYPICAL";
:vpi_time_precision - 12;
:vpi_module "/usr/lib/x86_64-linux-gnu/ivl/system.vpi";
:vpi_module "/usr/lib/x86_64-linux-gnu/ivl/vhdl_sys.vpi";
:vpi_module "/usr/lib/x86_64-linux-gnu/ivl/vhdl_textio.vpi";
:vpi_module "/usr/lib/x86_64-linux-gnu/ivl/v2005_math.vpi";
:vpi_module "/usr/lib/x86_64-linux-gnu/ivl/va_math.vpi";
:vpi_module "/usr/lib/x86_64-linux-gnu/ivl/v2009.vpi";
S_0x558201345150 .scope package, "$unit" "$unit" 2 1;
 .timescale 0 0;
S_0x5582013452e0 .scope module, "tb_decoder_2to4" "tb_decoder_2to4" 3 2;
 .timescale -9 -12;
v0x55820135ebc0_0 .var "din", 1 0;
v0x55820135ecb0_0 .var "en", 0 0;
v0x55820135ed80_0 .var/i "fail", 31 0;
v0x55820135ee50_0 .net "out", 3 0, v0x55820135ea50_0;  1 drivers
v0x55820135ef20_0 .var/i "pass", 31 0;
S_0x55820130b490 .scope task, "check" "check" 3 18, 3 18 0, S_0x5582013452e0;
 .timescale -9 -12;
v0x55820130b670_0 .var/i "exp_out", 31 0;
v0x55820135e460_0 .var/i "i", 31 0;
v0x55820135e540_0 .var/i "j", 31 0;
TD_tb_decoder_2to4.check ;
    %pushi/vec4 0, 0, 32;
    %store/vec4 v0x55820135e460_0, 0, 32;
T_0.0 ;
    %load/vec4 v0x55820135e460_0;
    %cmpi/s 2, 0, 32;
    %jmp/0xz T_0.1, 5;
    %load/vec4 v0x55820135e460_0;
    %pad/s 1;
    %store/vec4 v0x55820135ecb0_0, 0, 1;
    %pushi/vec4 0, 0, 32;
    %store/vec4 v0x55820135e540_0, 0, 32;
T_0.2 ;
    %load/vec4 v0x55820135e540_0;
    %cmpi/s 4, 0, 32;
    %jmp/0xz T_0.3, 5;
    %load/vec4 v0x55820135e540_0;
    %pad/s 2;
    %store/vec4 v0x55820135ebc0_0, 0, 2;
    %load/vec4 v0x55820135e460_0;
    %cmpi/ne 0, 0, 32;
    %flag_mov 8, 4;
    %jmp/0 T_0.4, 8;
    %pushi/vec4 1, 0, 32;
    %load/vec4 v0x55820135e540_0;
    %ix/vec4 4;
    %shiftl 4;
    %jmp/1 T_0.5, 8;
T_0.4 ; End of true expr.
    %pushi/vec4 0, 0, 32;
    %jmp/0 T_0.5, 8;
 ; End of false expr.
    %blend;
T_0.5;
    %store/vec4 v0x55820130b670_0, 0, 32;
    %delay 10000, 0;
    %load/vec4 v0x55820130b670_0;
    %load/vec4 v0x55820135ee50_0;
    %pad/u 32;
    %cmp/e;
    %jmp/0xz  T_0.6, 6;
    %vpi_call/w 3 30 "$display", "PASS: en=%b din=%b out=%b", v0x55820135ecb0_0, v0x55820135ebc0_0, v0x55820135ee50_0 {0 0 0};
    %load/vec4 v0x55820135ef20_0;
    %addi 1, 0, 32;
    %store/vec4 v0x55820135ef20_0, 0, 32;
    %jmp T_0.7;
T_0.6 ;
    %vpi_call/w 3 34 "$display", "FAIL: en=%b din=%b out=%b | exp_out=%b", v0x55820135ecb0_0, v0x55820135ebc0_0, v0x55820135ee50_0, v0x55820130b670_0 {0 0 0};
    %load/vec4 v0x55820135ed80_0;
    %addi 1, 0, 32;
    %store/vec4 v0x55820135ed80_0, 0, 32;
T_0.7 ;
    %load/vec4 v0x55820135e540_0;
    %addi 1, 0, 32;
    %store/vec4 v0x55820135e540_0, 0, 32;
    %jmp T_0.2;
T_0.3 ;
    %load/vec4 v0x55820135e460_0;
    %addi 1, 0, 32;
    %store/vec4 v0x55820135e460_0, 0, 32;
    %jmp T_0.0;
T_0.1 ;
    %end;
S_0x55820135e600 .scope module, "dut" "decoder_2to4" 3 6, 4 1 0, S_0x5582013452e0;
 .timescale 0 0;
    .port_info 0 /INPUT 1 "en";
    .port_info 1 /INPUT 2 "din";
    .port_info 2 /OUTPUT 4 "out";
v0x55820135e890_0 .net "din", 1 0, v0x55820135ebc0_0;  1 drivers
v0x55820135e990_0 .net "en", 0 0, v0x55820135ecb0_0;  1 drivers
v0x55820135ea50_0 .var "out", 3 0;
E_0x55820130bcd0 .event anyedge, v0x55820135e990_0, v0x55820135e890_0;
    .scope S_0x55820135e600;
T_1 ;
    %wait E_0x55820130bcd0;
    %pushi/vec4 0, 0, 4;
    %store/vec4 v0x55820135ea50_0, 0, 4;
    %load/vec4 v0x55820135e990_0;
    %flag_set/vec4 8;
    %jmp/0 T_1.0, 8;
    %pushi/vec4 1, 0, 4;
    %ix/getv 4, v0x55820135e890_0;
    %shiftl 4;
    %jmp/1 T_1.1, 8;
T_1.0 ; End of true expr.
    %pushi/vec4 0, 0, 4;
    %jmp/0 T_1.1, 8;
 ; End of false expr.
    %blend;
T_1.1;
    %store/vec4 v0x55820135ea50_0, 0, 4;
    %jmp T_1;
    .thread T_1, $push;
    .scope S_0x5582013452e0;
T_2 ;
    %pushi/vec4 0, 0, 32;
    %store/vec4 v0x55820135ef20_0, 0, 32;
    %pushi/vec4 0, 0, 32;
    %store/vec4 v0x55820135ed80_0, 0, 32;
    %end;
    .thread T_2, $init;
    .scope S_0x5582013452e0;
T_3 ;
    %vpi_call/w 3 13 "$dumpfile", "waves/dump.vcd" {0 0 0};
    %vpi_call/w 3 14 "$dumpvars", 32'sb00000000000000000000000000000000, S_0x5582013452e0 {0 0 0};
    %end;
    .thread T_3;
    .scope S_0x5582013452e0;
T_4 ;
    %fork TD_tb_decoder_2to4.check, S_0x55820130b490;
    %join;
    %vpi_call/w 3 45 "$display", "TEST SUMMARY:" {0 0 0};
    %vpi_call/w 3 46 "$display", "PASS:%d", v0x55820135ef20_0 {0 0 0};
    %vpi_call/w 3 47 "$display", "FAIL:%d", v0x55820135ed80_0 {0 0 0};
    %vpi_call/w 3 48 "$finish" {0 0 0};
    %end;
    .thread T_4;
# The file index is used to find the file name in the following table.
:file_names 5;
    "N/A";
    "<interactive>";
    "-";
    "tb/tb_decoder_2to4.v";
    "rtl/decoder_2to4.v";
