#! /usr/bin/vvp
:ivl_version "12.0 (stable)";
:ivl_delay_selection "TYPICAL";
:vpi_time_precision - 12;
:vpi_module "/usr/lib/x86_64-linux-gnu/ivl/system.vpi";
:vpi_module "/usr/lib/x86_64-linux-gnu/ivl/vhdl_sys.vpi";
:vpi_module "/usr/lib/x86_64-linux-gnu/ivl/vhdl_textio.vpi";
:vpi_module "/usr/lib/x86_64-linux-gnu/ivl/v2005_math.vpi";
:vpi_module "/usr/lib/x86_64-linux-gnu/ivl/va_math.vpi";
:vpi_module "/usr/lib/x86_64-linux-gnu/ivl/v2009.vpi";
S_0x563d52596490 .scope package, "$unit" "$unit" 2 1;
 .timescale 0 0;
S_0x563d52596620 .scope module, "tb_mod_8" "tb_mod_8" 3 3;
 .timescale -9 -12;
v0x563d525f9e60_0 .var "areset_n", 0 0;
v0x563d525f9f20_0 .var "clk", 0 0;
v0x563d525f9fe0_0 .var "en", 0 0;
v0x563d525fa110_0 .net "out", 2 0, L_0x563d525fb1a0;  1 drivers
v0x563d525fa1e0_0 .var "up_down", 0 0;
S_0x563d525d59a0 .scope task, "check" "check" 3 35, 3 35 0, S_0x563d52596620;
 .timescale -9 -12;
v0x563d525c8580_0 .var "in", 0 0;
E_0x563d525d3a90 .event negedge, v0x563d525c9060_0;
TD_tb_mod_8.check ;
    %load/vec4 v0x563d525c8580_0;
    %store/vec4 v0x563d525fa1e0_0, 0, 1;
    %delay 1000, 0;
    %pushi/vec4 10, 0, 32;
T_0.0 %dup/vec4;
    %pushi/vec4 0, 0, 32;
    %cmp/s;
    %jmp/1xz T_0.1, 5;
    %jmp/1 T_0.1, 4;
    %pushi/vec4 1, 0, 32;
    %sub;
    %wait E_0x563d525d3a90;
    %vpi_call/w 3 42 "$display", "en = %b | areset_n = %b | up_down = %b | out = %h", v0x563d525f9fe0_0, v0x563d525f9e60_0, v0x563d525fa1e0_0, v0x563d525fa110_0 {0 0 0};
    %jmp T_0.0;
T_0.1 ;
    %pop/vec4 1;
    %end;
S_0x563d525f69f0 .scope module, "dut" "mod_8" 3 10, 4 1 0, S_0x563d52596620;
 .timescale 0 0;
    .port_info 0 /INPUT 1 "clk";
    .port_info 1 /INPUT 1 "en";
    .port_info 2 /INPUT 1 "areset_n";
    .port_info 3 /INPUT 1 "up_down";
    .port_info 4 /OUTPUT 3 "out";
L_0x563d525c8460 .functor NOT 1, v0x563d525f7cb0_0, C4<0>, C4<0>, C4<0>;
L_0x563d525c8f40 .functor NOT 1, v0x563d525f75c0_0, C4<0>, C4<0>, C4<0>;
L_0x563d525fa2b0 .functor AND 1, L_0x563d525c8460, L_0x563d525c8f40, C4<1>, C4<1>;
L_0x563d525fa370 .functor NOT 1, v0x563d525f6f30_0, C4<0>, C4<0>, C4<0>;
L_0x563d525fa460 .functor AND 1, L_0x563d525fa2b0, L_0x563d525fa370, C4<1>, C4<1>;
L_0x563d525fa570 .functor NOT 1, v0x563d525fa1e0_0, C4<0>, C4<0>, C4<0>;
L_0x563d525fa670 .functor AND 1, L_0x563d525fa460, L_0x563d525fa570, C4<1>, C4<1>;
L_0x563d525fa780 .functor NOT 1, v0x563d525f7cb0_0, C4<0>, C4<0>, C4<0>;
L_0x563d525fa840 .functor AND 1, L_0x563d525fa780, v0x563d525f75c0_0, C4<1>, C4<1>;
L_0x563d525fa900 .functor AND 1, L_0x563d525fa840, v0x563d525f6f30_0, C4<1>, C4<1>;
L_0x563d525faa20 .functor AND 1, L_0x563d525fa900, v0x563d525fa1e0_0, C4<1>, C4<1>;
L_0x563d525faa90 .functor OR 1, L_0x563d525fa670, L_0x563d525faa20, C4<0>, C4<0>;
L_0x563d525fac10 .functor AND 1, v0x563d525f7cb0_0, v0x563d525f75c0_0, C4<1>, C4<1>;
L_0x563d525fada0 .functor NOT 1, v0x563d525f6f30_0, C4<0>, C4<0>, C4<0>;
L_0x563d525faba0 .functor AND 1, L_0x563d525fac10, L_0x563d525fada0, C4<1>, C4<1>;
L_0x563d525faf20 .functor OR 1, L_0x563d525faa90, L_0x563d525faba0, C4<0>, C4<0>;
L_0x563d525fb070 .functor NOT 1, v0x563d525f75c0_0, C4<0>, C4<0>, C4<0>;
L_0x563d525fb0e0 .functor AND 1, v0x563d525f7cb0_0, L_0x563d525fb070, C4<1>, C4<1>;
L_0x563d525fb240 .functor AND 1, L_0x563d525fb0e0, v0x563d525fa1e0_0, C4<1>, C4<1>;
L_0x563d525fb300 .functor OR 1, L_0x563d525faf20, L_0x563d525fb240, C4<0>, C4<0>;
L_0x563d525fb470 .functor AND 1, v0x563d525f7cb0_0, v0x563d525f6f30_0, C4<1>, C4<1>;
L_0x563d525fb4e0 .functor NOT 1, v0x563d525fa1e0_0, C4<0>, C4<0>, C4<0>;
L_0x563d525fb610 .functor AND 1, L_0x563d525fb470, L_0x563d525fb4e0, C4<1>, C4<1>;
L_0x563d525fb720 .functor OR 1, L_0x563d525fb300, L_0x563d525fb610, C4<0>, C4<0>;
L_0x563d525fb950 .functor XOR 1, v0x563d525f6f30_0, v0x563d525fa1e0_0, C4<0>, C4<0>;
L_0x563d525fb9c0 .functor XOR 1, v0x563d525f75c0_0, L_0x563d525fb950, C4<0>, C4<0>;
L_0x563d525fbb60 .functor NOT 1, L_0x563d525fb9c0, C4<0>, C4<0>, C4<0>;
L_0x563d525fbc70 .functor NOT 1, v0x563d525f6f30_0, C4<0>, C4<0>, C4<0>;
v0x563d525f7e40_0 .net *"_ivl_0", 0 0, L_0x563d525c8460;  1 drivers
v0x563d525f7f40_0 .net *"_ivl_10", 0 0, L_0x563d525fa570;  1 drivers
v0x563d525f8020_0 .net *"_ivl_12", 0 0, L_0x563d525fa670;  1 drivers
v0x563d525f80e0_0 .net *"_ivl_14", 0 0, L_0x563d525fa780;  1 drivers
v0x563d525f81c0_0 .net *"_ivl_16", 0 0, L_0x563d525fa840;  1 drivers
v0x563d525f82f0_0 .net *"_ivl_18", 0 0, L_0x563d525fa900;  1 drivers
v0x563d525f83d0_0 .net *"_ivl_2", 0 0, L_0x563d525c8f40;  1 drivers
v0x563d525f84b0_0 .net *"_ivl_20", 0 0, L_0x563d525faa20;  1 drivers
v0x563d525f8590_0 .net *"_ivl_22", 0 0, L_0x563d525faa90;  1 drivers
v0x563d525f8670_0 .net *"_ivl_24", 0 0, L_0x563d525fac10;  1 drivers
v0x563d525f8750_0 .net *"_ivl_26", 0 0, L_0x563d525fada0;  1 drivers
v0x563d525f8830_0 .net *"_ivl_28", 0 0, L_0x563d525faba0;  1 drivers
v0x563d525f8910_0 .net *"_ivl_30", 0 0, L_0x563d525faf20;  1 drivers
v0x563d525f89f0_0 .net *"_ivl_32", 0 0, L_0x563d525fb070;  1 drivers
v0x563d525f8ad0_0 .net *"_ivl_34", 0 0, L_0x563d525fb0e0;  1 drivers
v0x563d525f8bb0_0 .net *"_ivl_36", 0 0, L_0x563d525fb240;  1 drivers
v0x563d525f8c90_0 .net *"_ivl_38", 0 0, L_0x563d525fb300;  1 drivers
v0x563d525f8d70_0 .net *"_ivl_4", 0 0, L_0x563d525fa2b0;  1 drivers
v0x563d525f8e50_0 .net *"_ivl_40", 0 0, L_0x563d525fb470;  1 drivers
v0x563d525f8f30_0 .net *"_ivl_42", 0 0, L_0x563d525fb4e0;  1 drivers
v0x563d525f9010_0 .net *"_ivl_44", 0 0, L_0x563d525fb610;  1 drivers
v0x563d525f90f0_0 .net *"_ivl_48", 0 0, L_0x563d525fb950;  1 drivers
v0x563d525f91d0_0 .net *"_ivl_50", 0 0, L_0x563d525fb9c0;  1 drivers
v0x563d525f92b0_0 .net *"_ivl_6", 0 0, L_0x563d525fa370;  1 drivers
v0x563d525f9390_0 .net *"_ivl_8", 0 0, L_0x563d525fa460;  1 drivers
v0x563d525f9470_0 .net "a", 0 0, v0x563d525f7cb0_0;  1 drivers
v0x563d525f9510_0 .net "a_in", 0 0, L_0x563d525fb720;  1 drivers
v0x563d525f95b0_0 .net "areset_n", 0 0, v0x563d525f9e60_0;  1 drivers
v0x563d525f9650_0 .net "b", 0 0, v0x563d525f75c0_0;  1 drivers
v0x563d525f96f0_0 .net "b_in", 0 0, L_0x563d525fbb60;  1 drivers
v0x563d525f97c0_0 .net "c", 0 0, v0x563d525f6f30_0;  1 drivers
v0x563d525f9890_0 .net "c_in", 0 0, L_0x563d525fbc70;  1 drivers
v0x563d525f9960_0 .net "clk", 0 0, v0x563d525f9f20_0;  1 drivers
v0x563d525f9c10_0 .net "en", 0 0, v0x563d525f9fe0_0;  1 drivers
v0x563d525f9cb0_0 .net "out", 2 0, L_0x563d525fb1a0;  alias, 1 drivers
v0x563d525f9d50_0 .net "up_down", 0 0, v0x563d525fa1e0_0;  1 drivers
L_0x563d525fb1a0 .concat [ 1 1 1 0], v0x563d525f6f30_0, v0x563d525f75c0_0, v0x563d525f7cb0_0;
S_0x563d525f6bf0 .scope module, "dff0" "D" 4 35, 5 1 0, S_0x563d525f69f0;
 .timescale 0 0;
    .port_info 0 /INPUT 1 "clk";
    .port_info 1 /INPUT 1 "en";
    .port_info 2 /INPUT 1 "areset_n";
    .port_info 3 /INPUT 1 "d";
    .port_info 4 /OUTPUT 1 "q";
v0x563d525c8680_0 .net "areset_n", 0 0, v0x563d525f9e60_0;  alias, 1 drivers
v0x563d525c9060_0 .net "clk", 0 0, v0x563d525f9f20_0;  alias, 1 drivers
v0x563d525c9130_0 .net "d", 0 0, L_0x563d525fbc70;  alias, 1 drivers
v0x563d525f6e70_0 .net "en", 0 0, v0x563d525f9fe0_0;  alias, 1 drivers
v0x563d525f6f30_0 .var "q", 0 0;
E_0x563d525d4190/0 .event negedge, v0x563d525c8680_0;
E_0x563d525d4190/1 .event posedge, v0x563d525c9060_0;
E_0x563d525d4190 .event/or E_0x563d525d4190/0, E_0x563d525d4190/1;
S_0x563d525f70e0 .scope module, "dff1" "D" 4 27, 5 1 0, S_0x563d525f69f0;
 .timescale 0 0;
    .port_info 0 /INPUT 1 "clk";
    .port_info 1 /INPUT 1 "en";
    .port_info 2 /INPUT 1 "areset_n";
    .port_info 3 /INPUT 1 "d";
    .port_info 4 /OUTPUT 1 "q";
v0x563d525f72e0_0 .net "areset_n", 0 0, v0x563d525f9e60_0;  alias, 1 drivers
v0x563d525f7380_0 .net "clk", 0 0, v0x563d525f9f20_0;  alias, 1 drivers
v0x563d525f7420_0 .net "d", 0 0, L_0x563d525fbb60;  alias, 1 drivers
v0x563d525f74f0_0 .net "en", 0 0, v0x563d525f9fe0_0;  alias, 1 drivers
v0x563d525f75c0_0 .var "q", 0 0;
S_0x563d525f7710 .scope module, "dff2" "D" 4 19, 5 1 0, S_0x563d525f69f0;
 .timescale 0 0;
    .port_info 0 /INPUT 1 "clk";
    .port_info 1 /INPUT 1 "en";
    .port_info 2 /INPUT 1 "areset_n";
    .port_info 3 /INPUT 1 "d";
    .port_info 4 /OUTPUT 1 "q";
v0x563d525f7920_0 .net "areset_n", 0 0, v0x563d525f9e60_0;  alias, 1 drivers
v0x563d525f7a10_0 .net "clk", 0 0, v0x563d525f9f20_0;  alias, 1 drivers
v0x563d525f7b20_0 .net "d", 0 0, L_0x563d525fb720;  alias, 1 drivers
v0x563d525f7bc0_0 .net "en", 0 0, v0x563d525f9fe0_0;  alias, 1 drivers
v0x563d525f7cb0_0 .var "q", 0 0;
    .scope S_0x563d525f7710;
T_1 ;
    %wait E_0x563d525d4190;
    %load/vec4 v0x563d525f7920_0;
    %nor/r;
    %flag_set/vec4 8;
    %jmp/0xz  T_1.0, 8;
    %pushi/vec4 0, 0, 1;
    %assign/vec4 v0x563d525f7cb0_0, 0;
    %jmp T_1.1;
T_1.0 ;
    %load/vec4 v0x563d525f7bc0_0;
    %flag_set/vec4 8;
    %jmp/0xz  T_1.2, 8;
    %load/vec4 v0x563d525f7b20_0;
    %assign/vec4 v0x563d525f7cb0_0, 0;
    %jmp T_1.3;
T_1.2 ;
    %load/vec4 v0x563d525f7cb0_0;
    %assign/vec4 v0x563d525f7cb0_0, 0;
T_1.3 ;
T_1.1 ;
    %jmp T_1;
    .thread T_1;
    .scope S_0x563d525f70e0;
T_2 ;
    %wait E_0x563d525d4190;
    %load/vec4 v0x563d525f72e0_0;
    %nor/r;
    %flag_set/vec4 8;
    %jmp/0xz  T_2.0, 8;
    %pushi/vec4 0, 0, 1;
    %assign/vec4 v0x563d525f75c0_0, 0;
    %jmp T_2.1;
T_2.0 ;
    %load/vec4 v0x563d525f74f0_0;
    %flag_set/vec4 8;
    %jmp/0xz  T_2.2, 8;
    %load/vec4 v0x563d525f7420_0;
    %assign/vec4 v0x563d525f75c0_0, 0;
    %jmp T_2.3;
T_2.2 ;
    %load/vec4 v0x563d525f75c0_0;
    %assign/vec4 v0x563d525f75c0_0, 0;
T_2.3 ;
T_2.1 ;
    %jmp T_2;
    .thread T_2;
    .scope S_0x563d525f6bf0;
T_3 ;
    %wait E_0x563d525d4190;
    %load/vec4 v0x563d525c8680_0;
    %nor/r;
    %flag_set/vec4 8;
    %jmp/0xz  T_3.0, 8;
    %pushi/vec4 0, 0, 1;
    %assign/vec4 v0x563d525f6f30_0, 0;
    %jmp T_3.1;
T_3.0 ;
    %load/vec4 v0x563d525f6e70_0;
    %flag_set/vec4 8;
    %jmp/0xz  T_3.2, 8;
    %load/vec4 v0x563d525c9130_0;
    %assign/vec4 v0x563d525f6f30_0, 0;
    %jmp T_3.3;
T_3.2 ;
    %load/vec4 v0x563d525f6f30_0;
    %assign/vec4 v0x563d525f6f30_0, 0;
T_3.3 ;
T_3.1 ;
    %jmp T_3;
    .thread T_3;
    .scope S_0x563d52596620;
T_4 ;
    %vpi_call/w 3 19 "$dumpfile", "waves/dump.vcd" {0 0 0};
    %vpi_call/w 3 20 "$dumpvars", 32'sb00000000000000000000000000000000, S_0x563d52596620 {0 0 0};
    %end;
    .thread T_4;
    .scope S_0x563d52596620;
T_5 ;
    %pushi/vec4 0, 0, 1;
    %store/vec4 v0x563d525f9f20_0, 0, 1;
T_5.0 ;
    %delay 5000, 0;
    %load/vec4 v0x563d525f9f20_0;
    %inv;
    %store/vec4 v0x563d525f9f20_0, 0, 1;
    %jmp T_5.0;
    %end;
    .thread T_5;
    .scope S_0x563d52596620;
T_6 ;
    %pushi/vec4 0, 0, 1;
    %store/vec4 v0x563d525f9fe0_0, 0, 1;
    %pushi/vec4 0, 0, 1;
    %store/vec4 v0x563d525f9e60_0, 0, 1;
    %pushi/vec4 0, 0, 1;
    %store/vec4 v0x563d525fa1e0_0, 0, 1;
    %end;
    .thread T_6;
    .scope S_0x563d52596620;
T_7 ;
    %delay 6000, 0;
    %pushi/vec4 1, 0, 1;
    %store/vec4 v0x563d525f9fe0_0, 0, 1;
    %delay 6000, 0;
    %pushi/vec4 1, 0, 1;
    %store/vec4 v0x563d525f9e60_0, 0, 1;
    %delay 8000, 0;
    %pushi/vec4 1, 0, 1;
    %store/vec4 v0x563d525c8580_0, 0, 1;
    %fork TD_tb_mod_8.check, S_0x563d525d59a0;
    %join;
    %pushi/vec4 0, 0, 1;
    %store/vec4 v0x563d525c8580_0, 0, 1;
    %fork TD_tb_mod_8.check, S_0x563d525d59a0;
    %join;
    %delay 20000, 0;
    %vpi_call/w 3 53 "$finish" {0 0 0};
    %end;
    .thread T_7;
# The file index is used to find the file name in the following table.
:file_names 6;
    "N/A";
    "<interactive>";
    "-";
    "tb/tb_mod_8.v";
    "rtl/mod_8.v";
    "rtl/D.v";
