#! /usr/bin/vvp
:ivl_version "12.0 (stable)";
:ivl_delay_selection "TYPICAL";
:vpi_time_precision - 12;
:vpi_module "/usr/lib/x86_64-linux-gnu/ivl/system.vpi";
:vpi_module "/usr/lib/x86_64-linux-gnu/ivl/vhdl_sys.vpi";
:vpi_module "/usr/lib/x86_64-linux-gnu/ivl/vhdl_textio.vpi";
:vpi_module "/usr/lib/x86_64-linux-gnu/ivl/v2005_math.vpi";
:vpi_module "/usr/lib/x86_64-linux-gnu/ivl/va_math.vpi";
:vpi_module "/usr/lib/x86_64-linux-gnu/ivl/v2009.vpi";
S_0x55d28dfd0b60 .scope package, "$unit" "$unit" 2 1;
 .timescale 0 0;
S_0x55d28dfe3530 .scope module, "tb_up_posedge" "tb_up_posedge" 3 3;
 .timescale -9 -12;
v0x55d28e002310_0 .var "areset_n", 0 0;
v0x55d28e0023d0_0 .var "clk", 0 0;
v0x55d28e002490_0 .var "en", 0 0;
v0x55d28e002530_0 .net "out", 2 0, L_0x55d28e002f90;  1 drivers
E_0x55d28dfe1590 .event negedge, v0x55d28e001040_0;
S_0x55d28dfe36c0 .scope task, "check" "check" 3 31, 3 31 0, S_0x55d28dfe3530;
 .timescale -9 -12;
TD_tb_up_posedge.check ;
    %vpi_call/w 3 33 "$display", "en = %b | areset_n = %b | out = %b", v0x55d28e002490_0, v0x55d28e002310_0, v0x55d28e002530_0 {0 0 0};
    %end;
S_0x55d28dfa5490 .scope module, "dut" "up_posedge" 3 9, 4 1 0, S_0x55d28dfe3530;
 .timescale 0 0;
    .port_info 0 /INPUT 1 "clk";
    .port_info 1 /INPUT 1 "en";
    .port_info 2 /INPUT 1 "areset_n";
    .port_info 3 /OUTPUT 3 "out";
L_0x55d28e0026d0 .functor NOT 1, L_0x55d28e0025d0, C4<0>, C4<0>, C4<0>;
L_0x55d28e002810 .functor NOT 1, L_0x55d28e002770, C4<0>, C4<0>, C4<0>;
L_0x55d28e002970 .functor NOT 1, L_0x55d28e0028d0, C4<0>, C4<0>, C4<0>;
L_0x55d28e002bc0 .functor NOT 1, L_0x55d28e002a60, C4<0>, C4<0>, C4<0>;
L_0x55d28e002d30 .functor NOT 1, L_0x55d28e002c90, C4<0>, C4<0>, C4<0>;
v0x55d28e001440_0 .net *"_ivl_1", 0 0, L_0x55d28e0025d0;  1 drivers
v0x55d28e001540_0 .net *"_ivl_11", 0 0, L_0x55d28e0028d0;  1 drivers
v0x55d28e001620_0 .net *"_ivl_17", 0 0, L_0x55d28e002a60;  1 drivers
v0x55d28e0016e0_0 .net *"_ivl_21", 0 0, L_0x55d28e002c90;  1 drivers
v0x55d28e0017c0_0 .net *"_ivl_27", 0 0, L_0x55d28e0030e0;  1 drivers
v0x55d28e0018f0_0 .net *"_ivl_29", 0 0, L_0x55d28e003220;  1 drivers
v0x55d28e0019d0_0 .net *"_ivl_31", 0 0, L_0x55d28e003360;  1 drivers
v0x55d28e001ab0_0 .net *"_ivl_39", 0 0, L_0x55d28e0034b0;  1 drivers
v0x55d28e001b90_0 .net *"_ivl_41", 0 0, L_0x55d28e003550;  1 drivers
v0x55d28e001c70_0 .net *"_ivl_43", 0 0, L_0x55d28e003660;  1 drivers
v0x55d28e001d50_0 .net *"_ivl_44", 2 0, L_0x55d28e003700;  1 drivers
v0x55d28e001e30_0 .net *"_ivl_7", 0 0, L_0x55d28e002770;  1 drivers
v0x55d28e001f10_0 .net "areset_n", 0 0, v0x55d28e002310_0;  1 drivers
v0x55d28e001fb0_0 .net "clk", 0 0, v0x55d28e0023d0_0;  1 drivers
v0x55d28e002050_0 .net "en", 0 0, v0x55d28e002490_0;  1 drivers
v0x55d28e0020f0_0 .net "out", 2 0, L_0x55d28e002f90;  alias, 1 drivers
v0x55d28e0021b0_0 .net "w", 2 0, L_0x55d28e002e20;  1 drivers
L_0x55d28e0025d0 .part L_0x55d28e002e20, 2, 1;
L_0x55d28e002770 .part L_0x55d28e002e20, 2, 1;
L_0x55d28e0028d0 .part L_0x55d28e002e20, 1, 1;
L_0x55d28e002a60 .part L_0x55d28e002e20, 1, 1;
L_0x55d28e002c90 .part L_0x55d28e002e20, 0, 1;
L_0x55d28e002e20 .concat8 [ 1 1 1 0], v0x55d28e0004d0_0, v0x55d28e000b70_0, v0x55d28e001290_0;
L_0x55d28e002f90 .concat8 [ 1 1 1 0], L_0x55d28e003360, L_0x55d28e003220, L_0x55d28e0030e0;
L_0x55d28e0030e0 .part L_0x55d28e003700, 2, 1;
L_0x55d28e003220 .part L_0x55d28e003700, 1, 1;
L_0x55d28e003360 .part L_0x55d28e003700, 0, 1;
L_0x55d28e0034b0 .part L_0x55d28e002e20, 0, 1;
L_0x55d28e003550 .part L_0x55d28e002e20, 1, 1;
L_0x55d28e003660 .part L_0x55d28e002e20, 2, 1;
L_0x55d28e003700 .concat [ 1 1 1 0], L_0x55d28e003660, L_0x55d28e003550, L_0x55d28e0034b0;
S_0x55d28dfa56e0 .scope module, "u0" "D" 4 26, 5 1 0, S_0x55d28dfa5490;
 .timescale 0 0;
    .port_info 0 /INPUT 1 "clk";
    .port_info 1 /INPUT 1 "en";
    .port_info 2 /INPUT 1 "areset_n";
    .port_info 3 /INPUT 1 "d";
    .port_info 4 /OUTPUT 1 "q";
v0x55d28dfcfa80_0 .net "areset_n", 0 0, v0x55d28e002310_0;  alias, 1 drivers
v0x55d28e0002b0_0 .net "clk", 0 0, L_0x55d28e002bc0;  1 drivers
v0x55d28e000370_0 .net "d", 0 0, L_0x55d28e002d30;  1 drivers
v0x55d28e000410_0 .net "en", 0 0, v0x55d28e002490_0;  alias, 1 drivers
v0x55d28e0004d0_0 .var "q", 0 0;
E_0x55d28dfe1cd0/0 .event negedge, v0x55d28dfcfa80_0;
E_0x55d28dfe1cd0/1 .event posedge, v0x55d28e0002b0_0;
E_0x55d28dfe1cd0 .event/or E_0x55d28dfe1cd0/0, E_0x55d28dfe1cd0/1;
S_0x55d28e000680 .scope module, "u1" "D" 4 18, 5 1 0, S_0x55d28dfa5490;
 .timescale 0 0;
    .port_info 0 /INPUT 1 "clk";
    .port_info 1 /INPUT 1 "en";
    .port_info 2 /INPUT 1 "areset_n";
    .port_info 3 /INPUT 1 "d";
    .port_info 4 /OUTPUT 1 "q";
v0x55d28e0008a0_0 .net "areset_n", 0 0, v0x55d28e002310_0;  alias, 1 drivers
v0x55d28e000960_0 .net "clk", 0 0, L_0x55d28e002810;  1 drivers
v0x55d28e000a00_0 .net "d", 0 0, L_0x55d28e002970;  1 drivers
v0x55d28e000aa0_0 .net "en", 0 0, v0x55d28e002490_0;  alias, 1 drivers
v0x55d28e000b70_0 .var "q", 0 0;
E_0x55d28dfe1820/0 .event negedge, v0x55d28dfcfa80_0;
E_0x55d28dfe1820/1 .event posedge, v0x55d28e000960_0;
E_0x55d28dfe1820 .event/or E_0x55d28dfe1820/0, E_0x55d28dfe1820/1;
S_0x55d28e000d00 .scope module, "u2" "D" 4 10, 5 1 0, S_0x55d28dfa5490;
 .timescale 0 0;
    .port_info 0 /INPUT 1 "clk";
    .port_info 1 /INPUT 1 "en";
    .port_info 2 /INPUT 1 "areset_n";
    .port_info 3 /INPUT 1 "d";
    .port_info 4 /OUTPUT 1 "q";
v0x55d28e000f30_0 .net "areset_n", 0 0, v0x55d28e002310_0;  alias, 1 drivers
v0x55d28e001040_0 .net "clk", 0 0, v0x55d28e0023d0_0;  alias, 1 drivers
v0x55d28e001100_0 .net "d", 0 0, L_0x55d28e0026d0;  1 drivers
v0x55d28e0011a0_0 .net "en", 0 0, v0x55d28e002490_0;  alias, 1 drivers
v0x55d28e001290_0 .var "q", 0 0;
E_0x55d28dfe1f90/0 .event negedge, v0x55d28dfcfa80_0;
E_0x55d28dfe1f90/1 .event posedge, v0x55d28e001040_0;
E_0x55d28dfe1f90 .event/or E_0x55d28dfe1f90/0, E_0x55d28dfe1f90/1;
    .scope S_0x55d28e000d00;
T_1 ;
    %wait E_0x55d28dfe1f90;
    %load/vec4 v0x55d28e000f30_0;
    %nor/r;
    %flag_set/vec4 8;
    %jmp/0xz  T_1.0, 8;
    %pushi/vec4 0, 0, 1;
    %assign/vec4 v0x55d28e001290_0, 0;
    %jmp T_1.1;
T_1.0 ;
    %load/vec4 v0x55d28e0011a0_0;
    %flag_set/vec4 8;
    %jmp/0xz  T_1.2, 8;
    %load/vec4 v0x55d28e001100_0;
    %assign/vec4 v0x55d28e001290_0, 0;
    %jmp T_1.3;
T_1.2 ;
    %load/vec4 v0x55d28e001290_0;
    %assign/vec4 v0x55d28e001290_0, 0;
T_1.3 ;
T_1.1 ;
    %jmp T_1;
    .thread T_1;
    .scope S_0x55d28e000680;
T_2 ;
    %wait E_0x55d28dfe1820;
    %load/vec4 v0x55d28e0008a0_0;
    %nor/r;
    %flag_set/vec4 8;
    %jmp/0xz  T_2.0, 8;
    %pushi/vec4 0, 0, 1;
    %assign/vec4 v0x55d28e000b70_0, 0;
    %jmp T_2.1;
T_2.0 ;
    %load/vec4 v0x55d28e000aa0_0;
    %flag_set/vec4 8;
    %jmp/0xz  T_2.2, 8;
    %load/vec4 v0x55d28e000a00_0;
    %assign/vec4 v0x55d28e000b70_0, 0;
    %jmp T_2.3;
T_2.2 ;
    %load/vec4 v0x55d28e000b70_0;
    %assign/vec4 v0x55d28e000b70_0, 0;
T_2.3 ;
T_2.1 ;
    %jmp T_2;
    .thread T_2;
    .scope S_0x55d28dfa56e0;
T_3 ;
    %wait E_0x55d28dfe1cd0;
    %load/vec4 v0x55d28dfcfa80_0;
    %nor/r;
    %flag_set/vec4 8;
    %jmp/0xz  T_3.0, 8;
    %pushi/vec4 0, 0, 1;
    %assign/vec4 v0x55d28e0004d0_0, 0;
    %jmp T_3.1;
T_3.0 ;
    %load/vec4 v0x55d28e000410_0;
    %flag_set/vec4 8;
    %jmp/0xz  T_3.2, 8;
    %load/vec4 v0x55d28e000370_0;
    %assign/vec4 v0x55d28e0004d0_0, 0;
    %jmp T_3.3;
T_3.2 ;
    %load/vec4 v0x55d28e0004d0_0;
    %assign/vec4 v0x55d28e0004d0_0, 0;
T_3.3 ;
T_3.1 ;
    %jmp T_3;
    .thread T_3;
    .scope S_0x55d28dfe3530;
T_4 ;
    %vpi_call/w 3 17 "$dumpfile", "waves/dump.vcd" {0 0 0};
    %vpi_call/w 3 18 "$dumpvars", 32'sb00000000000000000000000000000000, S_0x55d28dfe3530 {0 0 0};
    %end;
    .thread T_4;
    .scope S_0x55d28dfe3530;
T_5 ;
    %pushi/vec4 0, 0, 1;
    %store/vec4 v0x55d28e0023d0_0, 0, 1;
T_5.0 ;
    %delay 5000, 0;
    %load/vec4 v0x55d28e0023d0_0;
    %inv;
    %store/vec4 v0x55d28e0023d0_0, 0, 1;
    %jmp T_5.0;
    %end;
    .thread T_5;
    .scope S_0x55d28dfe3530;
T_6 ;
    %pushi/vec4 0, 0, 1;
    %store/vec4 v0x55d28e002490_0, 0, 1;
    %pushi/vec4 0, 0, 1;
    %store/vec4 v0x55d28e002310_0, 0, 1;
    %end;
    .thread T_6;
    .scope S_0x55d28dfe3530;
T_7 ;
    %delay 10000, 0;
    %pushi/vec4 1, 0, 1;
    %store/vec4 v0x55d28e002310_0, 0, 1;
    %delay 7000, 0;
    %pushi/vec4 1, 0, 1;
    %store/vec4 v0x55d28e002490_0, 0, 1;
    %pushi/vec4 20, 0, 32;
T_7.0 %dup/vec4;
    %pushi/vec4 0, 0, 32;
    %cmp/s;
    %jmp/1xz T_7.1, 5;
    %jmp/1 T_7.1, 4;
    %pushi/vec4 1, 0, 32;
    %sub;
    %wait E_0x55d28dfe1590;
    %fork TD_tb_up_posedge.check, S_0x55d28dfe36c0;
    %join;
    %jmp T_7.0;
T_7.1 ;
    %pop/vec4 1;
    %delay 10000, 0;
    %vpi_call/w 3 45 "$finish" {0 0 0};
    %end;
    .thread T_7;
# The file index is used to find the file name in the following table.
:file_names 6;
    "N/A";
    "<interactive>";
    "-";
    "tb/tb_up_posedge.v";
    "rtl/up_posedge.v";
    "rtl/D.v";
