#! /usr/bin/vvp
:ivl_version "12.0 (stable)";
:ivl_delay_selection "TYPICAL";
:vpi_time_precision - 12;
:vpi_module "/usr/lib/x86_64-linux-gnu/ivl/system.vpi";
:vpi_module "/usr/lib/x86_64-linux-gnu/ivl/vhdl_sys.vpi";
:vpi_module "/usr/lib/x86_64-linux-gnu/ivl/vhdl_textio.vpi";
:vpi_module "/usr/lib/x86_64-linux-gnu/ivl/v2005_math.vpi";
:vpi_module "/usr/lib/x86_64-linux-gnu/ivl/va_math.vpi";
:vpi_module "/usr/lib/x86_64-linux-gnu/ivl/v2009.vpi";
S_0x5559e40b76f0 .scope package, "$unit" "$unit" 2 1;
 .timescale 0 0;
S_0x5559e40b7880 .scope module, "tb_dual_port_ram" "tb_dual_port_ram" 3 2;
 .timescale -9 -12;
v0x5559e40e1e30_0 .var/i "FAIL", 31 0;
v0x5559e40e1f30_0 .var/i "PASS", 31 0;
v0x5559e40e2010_0 .var "clk", 0 0;
v0x5559e40e2110_0 .var "exp_rd_data", 7 0;
v0x5559e40e21b0_0 .var/i "i", 31 0;
v0x5559e40e22e0_0 .var "pattern", 7 0;
v0x5559e40e23c0_0 .var "rd_addr", 3 0;
v0x5559e40e2480_0 .net "rd_data", 7 0, v0x5559e40e1220_0;  1 drivers
v0x5559e40e2550_0 .var "re", 0 0;
v0x5559e40e2620 .array "t_mem", 15 0, 7 0;
v0x5559e40e26c0_0 .var "we", 0 0;
v0x5559e40e2790_0 .var "wr_addr", 3 0;
v0x5559e40e2860_0 .var "wr_data", 7 0;
S_0x5559e407a490 .scope module, "dut" "dual_port_ram" 3 22, 4 1 0, S_0x5559e40b7880;
 .timescale 0 0;
    .port_info 0 /INPUT 1 "clk";
    .port_info 1 /INPUT 1 "we";
    .port_info 2 /INPUT 4 "wr_addr";
    .port_info 3 /INPUT 8 "wr_data";
    .port_info 4 /INPUT 1 "re";
    .port_info 5 /INPUT 4 "rd_addr";
    .port_info 6 /OUTPUT 8 "rd_data";
P_0x5559e40a1b20 .param/l "DEPTH" 0 4 2, +C4<00000000000000000000000000010000>;
P_0x5559e40a1b60 .param/l "WIDTH" 0 4 3, +C4<00000000000000000000000000001000>;
v0x5559e40a5c10_0 .net "clk", 0 0, v0x5559e40e2010_0;  1 drivers
v0x5559e40a6970 .array "mem", 15 0, 7 0;
v0x5559e40a5870_0 .net "rd_addr", 3 0, v0x5559e40e23c0_0;  1 drivers
v0x5559e40e1220_0 .var "rd_data", 7 0;
v0x5559e40e1300_0 .net "re", 0 0, v0x5559e40e2550_0;  1 drivers
v0x5559e40e1410_0 .net "we", 0 0, v0x5559e40e26c0_0;  1 drivers
v0x5559e40e14d0_0 .net "wr_addr", 3 0, v0x5559e40e2790_0;  1 drivers
v0x5559e40e15b0_0 .net "wr_data", 7 0, v0x5559e40e2860_0;  1 drivers
E_0x5559e40b3fa0 .event posedge, v0x5559e40a5c10_0;
S_0x5559e40e1770 .scope task, "read" "read" 3 52, 3 52 0, S_0x5559e40b7880;
 .timescale -9 -12;
v0x5559e40e1990_0 .var "t_addr", 3 0;
E_0x5559e40b3a40 .event negedge, v0x5559e40a5c10_0;
TD_tb_dual_port_ram.read ;
    %wait E_0x5559e40b3a40;
    %load/vec4 v0x5559e40e1990_0;
    %store/vec4 v0x5559e40e23c0_0, 0, 4;
    %wait E_0x5559e40b3fa0;
    %load/vec4 v0x5559e40e2550_0;
    %flag_set/vec4 8;
    %jmp/0xz  T_0.0, 8;
    %load/vec4 v0x5559e40e1990_0;
    %pad/u 6;
    %ix/vec4 4;
    %load/vec4a v0x5559e40e2620, 4;
    %store/vec4 v0x5559e40e2110_0, 0, 8;
T_0.0 ;
    %delay 1000, 0;
    %load/vec4 v0x5559e40e2480_0;
    %load/vec4 v0x5559e40e2110_0;
    %cmp/e;
    %jmp/0xz  T_0.2, 6;
    %vpi_call/w 3 61 "$display", "PASS | re = %b | rd_addr = %h | rd_data = %h | exp_rd_data = %h", v0x5559e40e2550_0, v0x5559e40e23c0_0, v0x5559e40e2480_0, v0x5559e40e2110_0 {0 0 0};
    %load/vec4 v0x5559e40e1f30_0;
    %addi 1, 0, 32;
    %store/vec4 v0x5559e40e1f30_0, 0, 32;
    %jmp T_0.3;
T_0.2 ;
    %vpi_call/w 3 65 "$display", "FAIL | re = %b | rd_addr = %h | rd_data = %h | exp_rd_data = %h", v0x5559e40e2550_0, v0x5559e40e23c0_0, v0x5559e40e2480_0, v0x5559e40e2110_0 {0 0 0};
    %load/vec4 v0x5559e40e1e30_0;
    %addi 1, 0, 32;
    %store/vec4 v0x5559e40e1e30_0, 0, 32;
T_0.3 ;
    %end;
S_0x5559e40e1a90 .scope task, "write" "write" 3 73, 3 73 0, S_0x5559e40b7880;
 .timescale -9 -12;
v0x5559e40e1c70_0 .var "t_addr", 3 0;
v0x5559e40e1d50_0 .var "t_wr_data", 7 0;
TD_tb_dual_port_ram.write ;
    %wait E_0x5559e40b3a40;
    %load/vec4 v0x5559e40e1c70_0;
    %store/vec4 v0x5559e40e2790_0, 0, 4;
    %load/vec4 v0x5559e40e1d50_0;
    %store/vec4 v0x5559e40e2860_0, 0, 8;
    %wait E_0x5559e40b3fa0;
    %load/vec4 v0x5559e40e26c0_0;
    %flag_set/vec4 8;
    %jmp/0xz  T_1.4, 8;
    %load/vec4 v0x5559e40e1d50_0;
    %load/vec4 v0x5559e40e1c70_0;
    %pad/u 6;
    %ix/vec4 4;
    %store/vec4a v0x5559e40e2620, 4, 0;
T_1.4 ;
    %end;
    .scope S_0x5559e407a490;
T_2 ;
    %wait E_0x5559e40b3fa0;
    %load/vec4 v0x5559e40e1410_0;
    %flag_set/vec4 9;
    %flag_get/vec4 9;
    %jmp/0 T_2.2, 9;
    %load/vec4 v0x5559e40e1300_0;
    %and;
T_2.2;
    %flag_set/vec4 8;
    %jmp/0xz  T_2.0, 8;
    %load/vec4 v0x5559e40a5870_0;
    %pad/u 6;
    %ix/vec4 4;
    %load/vec4a v0x5559e40a6970, 4;
    %assign/vec4 v0x5559e40e1220_0, 0;
    %load/vec4 v0x5559e40e15b0_0;
    %load/vec4 v0x5559e40e14d0_0;
    %pad/u 6;
    %ix/vec4 3;
    %ix/load 4, 0, 0; Constant delay
    %assign/vec4/a/d v0x5559e40a6970, 0, 4;
    %jmp T_2.1;
T_2.0 ;
    %load/vec4 v0x5559e40e1300_0;
    %flag_set/vec4 8;
    %jmp/0xz  T_2.3, 8;
    %load/vec4 v0x5559e40a5870_0;
    %pad/u 6;
    %ix/vec4 4;
    %load/vec4a v0x5559e40a6970, 4;
    %assign/vec4 v0x5559e40e1220_0, 0;
    %jmp T_2.4;
T_2.3 ;
    %load/vec4 v0x5559e40e1410_0;
    %flag_set/vec4 8;
    %jmp/0xz  T_2.5, 8;
    %load/vec4 v0x5559e40e15b0_0;
    %load/vec4 v0x5559e40e14d0_0;
    %pad/u 6;
    %ix/vec4 3;
    %ix/load 4, 0, 0; Constant delay
    %assign/vec4/a/d v0x5559e40a6970, 0, 4;
    %load/vec4 v0x5559e40e1220_0;
    %assign/vec4 v0x5559e40e1220_0, 0;
    %jmp T_2.6;
T_2.5 ;
    %load/vec4 v0x5559e40e1220_0;
    %assign/vec4 v0x5559e40e1220_0, 0;
T_2.6 ;
T_2.4 ;
T_2.1 ;
    %jmp T_2;
    .thread T_2;
    .scope S_0x5559e40b7880;
T_3 ;
    %vpi_call/w 3 34 "$dumpfile", "waves/dump.vcd" {0 0 0};
    %vpi_call/w 3 35 "$dumpvars", 32'sb00000000000000000000000000000000, S_0x5559e40b7880 {0 0 0};
    %end;
    .thread T_3;
    .scope S_0x5559e40b7880;
T_4 ;
    %pushi/vec4 0, 0, 1;
    %store/vec4 v0x5559e40e2010_0, 0, 1;
    %pushi/vec4 0, 0, 1;
    %store/vec4 v0x5559e40e26c0_0, 0, 1;
    %pushi/vec4 0, 0, 4;
    %store/vec4 v0x5559e40e2790_0, 0, 4;
    %pushi/vec4 0, 0, 8;
    %store/vec4 v0x5559e40e2860_0, 0, 8;
    %pushi/vec4 0, 0, 1;
    %store/vec4 v0x5559e40e2550_0, 0, 1;
    %pushi/vec4 0, 0, 4;
    %store/vec4 v0x5559e40e23c0_0, 0, 4;
    %pushi/vec4 255, 255, 8;
    %store/vec4 v0x5559e40e2110_0, 0, 8;
    %pushi/vec4 0, 0, 32;
    %store/vec4 v0x5559e40e1f30_0, 0, 32;
    %pushi/vec4 0, 0, 32;
    %store/vec4 v0x5559e40e1e30_0, 0, 32;
    %pushi/vec4 0, 0, 8;
    %store/vec4 v0x5559e40e22e0_0, 0, 8;
T_4.0 ;
    %delay 5000, 0;
    %load/vec4 v0x5559e40e2010_0;
    %inv;
    %store/vec4 v0x5559e40e2010_0, 0, 1;
    %jmp T_4.0;
    %end;
    .thread T_4;
    .scope S_0x5559e40b7880;
T_5 ;
    %delay 2000, 0;
    %pushi/vec4 1, 0, 1;
    %store/vec4 v0x5559e40e26c0_0, 0, 1;
    %pushi/vec4 0, 0, 32;
    %store/vec4 v0x5559e40e21b0_0, 0, 32;
T_5.0 ;
    %load/vec4 v0x5559e40e21b0_0;
    %cmpi/s 16, 0, 32;
    %jmp/0xz T_5.1, 5;
    %load/vec4 v0x5559e40e21b0_0;
    %dup/vec4;
    %pushi/vec4 0, 0, 32;
    %cmp/u;
    %jmp/1 T_5.2, 6;
    %dup/vec4;
    %pushi/vec4 1, 0, 32;
    %cmp/u;
    %jmp/1 T_5.3, 6;
    %dup/vec4;
    %pushi/vec4 2, 0, 32;
    %cmp/u;
    %jmp/1 T_5.4, 6;
    %dup/vec4;
    %pushi/vec4 3, 0, 32;
    %cmp/u;
    %jmp/1 T_5.5, 6;
    %dup/vec4;
    %pushi/vec4 4, 0, 32;
    %cmp/u;
    %jmp/1 T_5.6, 6;
    %dup/vec4;
    %pushi/vec4 5, 0, 32;
    %cmp/u;
    %jmp/1 T_5.7, 6;
    %dup/vec4;
    %pushi/vec4 6, 0, 32;
    %cmp/u;
    %jmp/1 T_5.8, 6;
    %dup/vec4;
    %pushi/vec4 7, 0, 32;
    %cmp/u;
    %jmp/1 T_5.9, 6;
    %dup/vec4;
    %pushi/vec4 8, 0, 32;
    %cmp/u;
    %jmp/1 T_5.10, 6;
    %dup/vec4;
    %pushi/vec4 9, 0, 32;
    %cmp/u;
    %jmp/1 T_5.11, 6;
    %pushi/vec4 144, 0, 32;
    %load/vec4 v0x5559e40e21b0_0;
    %add;
    %pad/u 8;
    %store/vec4 v0x5559e40e22e0_0, 0, 8;
    %jmp T_5.13;
T_5.2 ;
    %pushi/vec4 255, 0, 8;
    %store/vec4 v0x5559e40e22e0_0, 0, 8;
    %jmp T_5.13;
T_5.3 ;
    %pushi/vec4 0, 0, 8;
    %store/vec4 v0x5559e40e22e0_0, 0, 8;
    %jmp T_5.13;
T_5.4 ;
    %pushi/vec4 240, 0, 8;
    %store/vec4 v0x5559e40e22e0_0, 0, 8;
    %jmp T_5.13;
T_5.5 ;
    %pushi/vec4 15, 0, 8;
    %store/vec4 v0x5559e40e22e0_0, 0, 8;
    %jmp T_5.13;
T_5.6 ;
    %pushi/vec4 170, 0, 8;
    %store/vec4 v0x5559e40e22e0_0, 0, 8;
    %jmp T_5.13;
T_5.7 ;
    %pushi/vec4 85, 0, 8;
    %store/vec4 v0x5559e40e22e0_0, 0, 8;
    %jmp T_5.13;
T_5.8 ;
    %pushi/vec4 16, 0, 8;
    %store/vec4 v0x5559e40e22e0_0, 0, 8;
    %jmp T_5.13;
T_5.9 ;
    %pushi/vec4 1, 0, 8;
    %store/vec4 v0x5559e40e22e0_0, 0, 8;
    %jmp T_5.13;
T_5.10 ;
    %pushi/vec4 128, 0, 8;
    %store/vec4 v0x5559e40e22e0_0, 0, 8;
    %jmp T_5.13;
T_5.11 ;
    %pushi/vec4 8, 0, 8;
    %store/vec4 v0x5559e40e22e0_0, 0, 8;
    %jmp T_5.13;
T_5.13 ;
    %pop/vec4 1;
    %load/vec4 v0x5559e40e21b0_0;
    %pad/s 4;
    %store/vec4 v0x5559e40e1c70_0, 0, 4;
    %load/vec4 v0x5559e40e22e0_0;
    %store/vec4 v0x5559e40e1d50_0, 0, 8;
    %fork TD_tb_dual_port_ram.write, S_0x5559e40e1a90;
    %join;
    %load/vec4 v0x5559e40e21b0_0;
    %addi 1, 0, 32;
    %store/vec4 v0x5559e40e21b0_0, 0, 32;
    %jmp T_5.0;
T_5.1 ;
    %pushi/vec4 0, 0, 1;
    %store/vec4 v0x5559e40e26c0_0, 0, 1;
    %delay 3000, 0;
    %pushi/vec4 1, 0, 1;
    %store/vec4 v0x5559e40e2550_0, 0, 1;
    %pushi/vec4 0, 0, 32;
    %store/vec4 v0x5559e40e21b0_0, 0, 32;
T_5.14 ;
    %load/vec4 v0x5559e40e21b0_0;
    %cmpi/s 16, 0, 32;
    %jmp/0xz T_5.15, 5;
    %load/vec4 v0x5559e40e21b0_0;
    %pad/s 4;
    %store/vec4 v0x5559e40e1990_0, 0, 4;
    %fork TD_tb_dual_port_ram.read, S_0x5559e40e1770;
    %join;
    %load/vec4 v0x5559e40e21b0_0;
    %addi 1, 0, 32;
    %store/vec4 v0x5559e40e21b0_0, 0, 32;
    %jmp T_5.14;
T_5.15 ;
    %delay 7000, 0;
    %pushi/vec4 1, 0, 1;
    %store/vec4 v0x5559e40e2550_0, 0, 1;
    %pushi/vec4 1, 0, 1;
    %store/vec4 v0x5559e40e26c0_0, 0, 1;
    %pushi/vec4 5, 0, 4;
    %store/vec4 v0x5559e40e1990_0, 0, 4;
    %fork TD_tb_dual_port_ram.read, S_0x5559e40e1770;
    %join;
    %pushi/vec4 5, 0, 4;
    %store/vec4 v0x5559e40e1c70_0, 0, 4;
    %pushi/vec4 119, 0, 8;
    %store/vec4 v0x5559e40e1d50_0, 0, 8;
    %fork TD_tb_dual_port_ram.write, S_0x5559e40e1a90;
    %join;
    %pushi/vec4 5, 0, 4;
    %store/vec4 v0x5559e40e1990_0, 0, 4;
    %fork TD_tb_dual_port_ram.read, S_0x5559e40e1770;
    %join;
    %delay 7000, 0;
    %pushi/vec4 0, 0, 1;
    %store/vec4 v0x5559e40e2550_0, 0, 1;
    %pushi/vec4 9, 0, 4;
    %store/vec4 v0x5559e40e1990_0, 0, 4;
    %fork TD_tb_dual_port_ram.read, S_0x5559e40e1770;
    %join;
    %delay 8000, 0;
    %pushi/vec4 0, 0, 1;
    %store/vec4 v0x5559e40e26c0_0, 0, 1;
    %pushi/vec4 9, 0, 4;
    %store/vec4 v0x5559e40e1c70_0, 0, 4;
    %pushi/vec4 255, 0, 8;
    %store/vec4 v0x5559e40e1d50_0, 0, 8;
    %fork TD_tb_dual_port_ram.write, S_0x5559e40e1a90;
    %join;
    %pushi/vec4 1, 0, 1;
    %store/vec4 v0x5559e40e2550_0, 0, 1;
    %pushi/vec4 9, 0, 4;
    %store/vec4 v0x5559e40e1990_0, 0, 4;
    %fork TD_tb_dual_port_ram.read, S_0x5559e40e1770;
    %join;
    %vpi_call/w 3 128 "$display", "SUMMARY" {0 0 0};
    %vpi_call/w 3 129 "$display", "PASS = %d", v0x5559e40e1f30_0 {0 0 0};
    %vpi_call/w 3 130 "$display", "FAIL = %d", v0x5559e40e1e30_0 {0 0 0};
    %delay 10000, 0;
    %vpi_call/w 3 133 "$finish" {0 0 0};
    %end;
    .thread T_5;
# The file index is used to find the file name in the following table.
:file_names 5;
    "N/A";
    "<interactive>";
    "-";
    "tb/tb_dual_port_ram.v";
    "rtl/dual_port_ram.v";
