#! /usr/bin/vvp
:ivl_version "12.0 (stable)";
:ivl_delay_selection "TYPICAL";
:vpi_time_precision - 12;
:vpi_module "/usr/lib/x86_64-linux-gnu/ivl/system.vpi";
:vpi_module "/usr/lib/x86_64-linux-gnu/ivl/vhdl_sys.vpi";
:vpi_module "/usr/lib/x86_64-linux-gnu/ivl/vhdl_textio.vpi";
:vpi_module "/usr/lib/x86_64-linux-gnu/ivl/v2005_math.vpi";
:vpi_module "/usr/lib/x86_64-linux-gnu/ivl/va_math.vpi";
:vpi_module "/usr/lib/x86_64-linux-gnu/ivl/v2009.vpi";
S_0x55b1b9ac3490 .scope package, "$unit" "$unit" 2 1;
 .timescale 0 0;
S_0x55b1b9ac3620 .scope module, "tb_mod_8" "tb_mod_8" 3 2;
 .timescale -9 -12;
v0x55b1b9b1ea40_0 .var "areset_n", 0 0;
v0x55b1b9b1eb00_0 .var "clk", 0 0;
v0x55b1b9b1ec50_0 .var "en", 0 0;
v0x55b1b9b1ed80_0 .net "out", 2 0, L_0x55b1b9b1f930;  1 drivers
E_0x55b1b9aff0a0 .event negedge, v0x55b1b9aecfe0_0;
S_0x55b1b9b01040 .scope task, "check" "check" 3 30, 3 30 0, S_0x55b1b9ac3620;
 .timescale -9 -12;
TD_tb_mod_8.check ;
    %vpi_call/w 3 32 "$display", "en = %b | areset_n = %b | out = %h", v0x55b1b9b1ec50_0, v0x55b1b9b1ea40_0, v0x55b1b9b1ed80_0 {0 0 0};
    %end;
S_0x55b1b9b011d0 .scope module, "dut" "mod_8" 3 8, 4 1 0, S_0x55b1b9ac3620;
 .timescale 0 0;
    .port_info 0 /INPUT 1 "clk";
    .port_info 1 /INPUT 1 "en";
    .port_info 2 /INPUT 1 "areset_n";
    .port_info 3 /OUTPUT 3 "out";
L_0x55b1b9aef590 .functor NOT 1, L_0x55b1b9b1eef0, C4<0>, C4<0>, C4<0>;
L_0x55b1b9b1f060 .functor NOT 1, L_0x55b1b9b1efc0, C4<0>, C4<0>, C4<0>;
L_0x55b1b9b1f100 .functor AND 1, L_0x55b1b9aef590, L_0x55b1b9b1f060, C4<1>, C4<1>;
L_0x55b1b9b1f1c0 .functor XOR 1, L_0x55b1b9b1ee20, L_0x55b1b9b1f100, C4<0>, C4<0>;
L_0x55b1b9b1f500 .functor XOR 1, L_0x55b1b9b1f300, L_0x55b1b9b1f460, C4<0>, C4<0>;
L_0x55b1b9b1f5c0 .functor NOT 1, L_0x55b1b9b1f500, C4<0>, C4<0>, C4<0>;
L_0x55b1b9b1f7a0 .functor NOT 1, L_0x55b1b9b1f6c0, C4<0>, C4<0>, C4<0>;
L_0x55b1b9b1f930 .functor BUFZ 3, L_0x55b1b9b1f860, C4<000>, C4<000>, C4<000>;
v0x55b1b9b1dd10_0 .net *"_ivl_1", 0 0, L_0x55b1b9b1ee20;  1 drivers
v0x55b1b9b1de10_0 .net *"_ivl_10", 0 0, L_0x55b1b9b1f100;  1 drivers
v0x55b1b9b1def0_0 .net *"_ivl_17", 0 0, L_0x55b1b9b1f300;  1 drivers
v0x55b1b9b1dfb0_0 .net *"_ivl_19", 0 0, L_0x55b1b9b1f460;  1 drivers
v0x55b1b9b1e090_0 .net *"_ivl_20", 0 0, L_0x55b1b9b1f500;  1 drivers
v0x55b1b9b1e1c0_0 .net *"_ivl_27", 0 0, L_0x55b1b9b1f6c0;  1 drivers
v0x55b1b9b1e2a0_0 .net *"_ivl_3", 0 0, L_0x55b1b9b1eef0;  1 drivers
v0x55b1b9b1e380_0 .net *"_ivl_4", 0 0, L_0x55b1b9aef590;  1 drivers
v0x55b1b9b1e460_0 .net *"_ivl_7", 0 0, L_0x55b1b9b1efc0;  1 drivers
v0x55b1b9b1e540_0 .net *"_ivl_8", 0 0, L_0x55b1b9b1f060;  1 drivers
v0x55b1b9b1e620_0 .net "areset_n", 0 0, v0x55b1b9b1ea40_0;  1 drivers
v0x55b1b9b1e6c0_0 .net "clk", 0 0, v0x55b1b9b1eb00_0;  1 drivers
v0x55b1b9b1e760_0 .net "en", 0 0, v0x55b1b9b1ec50_0;  1 drivers
v0x55b1b9b1e800_0 .net "out", 2 0, L_0x55b1b9b1f930;  alias, 1 drivers
v0x55b1b9b1e8e0_0 .net "w", 2 0, L_0x55b1b9b1f860;  1 drivers
L_0x55b1b9b1ee20 .part L_0x55b1b9b1f860, 2, 1;
L_0x55b1b9b1eef0 .part L_0x55b1b9b1f860, 1, 1;
L_0x55b1b9b1efc0 .part L_0x55b1b9b1f860, 0, 1;
L_0x55b1b9b1f300 .part L_0x55b1b9b1f860, 1, 1;
L_0x55b1b9b1f460 .part L_0x55b1b9b1f860, 0, 1;
L_0x55b1b9b1f6c0 .part L_0x55b1b9b1f860, 0, 1;
L_0x55b1b9b1f860 .concat8 [ 1 1 1 0], v0x55b1b9af0b30_0, v0x55b1b9b1d490_0, v0x55b1b9b1db80_0;
S_0x55b1b9afe9f0 .scope module, "dff0" "D" 4 26, 5 1 0, S_0x55b1b9b011d0;
 .timescale 0 0;
    .port_info 0 /INPUT 1 "clk";
    .port_info 1 /INPUT 1 "en";
    .port_info 2 /INPUT 1 "areset_n";
    .port_info 3 /INPUT 1 "d";
    .port_info 4 /OUTPUT 1 "q";
v0x55b1b9aecf10_0 .net "areset_n", 0 0, v0x55b1b9b1ea40_0;  alias, 1 drivers
v0x55b1b9aecfe0_0 .net "clk", 0 0, v0x55b1b9b1eb00_0;  alias, 1 drivers
v0x55b1b9aef6b0_0 .net "d", 0 0, L_0x55b1b9b1f7a0;  1 drivers
v0x55b1b9aef7b0_0 .net "en", 0 0, v0x55b1b9b1ec50_0;  alias, 1 drivers
v0x55b1b9af0b30_0 .var "q", 0 0;
E_0x55b1b9aff7e0/0 .event negedge, v0x55b1b9aecf10_0;
E_0x55b1b9aff7e0/1 .event posedge, v0x55b1b9aecfe0_0;
E_0x55b1b9aff7e0 .event/or E_0x55b1b9aff7e0/0, E_0x55b1b9aff7e0/1;
S_0x55b1b9b1d050 .scope module, "dff1" "D" 4 18, 5 1 0, S_0x55b1b9b011d0;
 .timescale 0 0;
    .port_info 0 /INPUT 1 "clk";
    .port_info 1 /INPUT 1 "en";
    .port_info 2 /INPUT 1 "areset_n";
    .port_info 3 /INPUT 1 "d";
    .port_info 4 /OUTPUT 1 "q";
v0x55b1b9af1e80_0 .net "areset_n", 0 0, v0x55b1b9b1ea40_0;  alias, 1 drivers
v0x55b1b9b1d250_0 .net "clk", 0 0, v0x55b1b9b1eb00_0;  alias, 1 drivers
v0x55b1b9b1d2f0_0 .net "d", 0 0, L_0x55b1b9b1f5c0;  1 drivers
v0x55b1b9b1d3c0_0 .net "en", 0 0, v0x55b1b9b1ec50_0;  alias, 1 drivers
v0x55b1b9b1d490_0 .var "q", 0 0;
S_0x55b1b9b1d5e0 .scope module, "dff2" "D" 4 10, 5 1 0, S_0x55b1b9b011d0;
 .timescale 0 0;
    .port_info 0 /INPUT 1 "clk";
    .port_info 1 /INPUT 1 "en";
    .port_info 2 /INPUT 1 "areset_n";
    .port_info 3 /INPUT 1 "d";
    .port_info 4 /OUTPUT 1 "q";
v0x55b1b9b1d7f0_0 .net "areset_n", 0 0, v0x55b1b9b1ea40_0;  alias, 1 drivers
v0x55b1b9b1d8e0_0 .net "clk", 0 0, v0x55b1b9b1eb00_0;  alias, 1 drivers
v0x55b1b9b1d9f0_0 .net "d", 0 0, L_0x55b1b9b1f1c0;  1 drivers
v0x55b1b9b1da90_0 .net "en", 0 0, v0x55b1b9b1ec50_0;  alias, 1 drivers
v0x55b1b9b1db80_0 .var "q", 0 0;
    .scope S_0x55b1b9b1d5e0;
T_1 ;
    %wait E_0x55b1b9aff7e0;
    %load/vec4 v0x55b1b9b1d7f0_0;
    %nor/r;
    %flag_set/vec4 8;
    %jmp/0xz  T_1.0, 8;
    %pushi/vec4 0, 0, 1;
    %assign/vec4 v0x55b1b9b1db80_0, 0;
    %jmp T_1.1;
T_1.0 ;
    %load/vec4 v0x55b1b9b1da90_0;
    %flag_set/vec4 8;
    %jmp/0xz  T_1.2, 8;
    %load/vec4 v0x55b1b9b1d9f0_0;
    %assign/vec4 v0x55b1b9b1db80_0, 0;
    %jmp T_1.3;
T_1.2 ;
    %load/vec4 v0x55b1b9b1db80_0;
    %assign/vec4 v0x55b1b9b1db80_0, 0;
T_1.3 ;
T_1.1 ;
    %jmp T_1;
    .thread T_1;
    .scope S_0x55b1b9b1d050;
T_2 ;
    %wait E_0x55b1b9aff7e0;
    %load/vec4 v0x55b1b9af1e80_0;
    %nor/r;
    %flag_set/vec4 8;
    %jmp/0xz  T_2.0, 8;
    %pushi/vec4 0, 0, 1;
    %assign/vec4 v0x55b1b9b1d490_0, 0;
    %jmp T_2.1;
T_2.0 ;
    %load/vec4 v0x55b1b9b1d3c0_0;
    %flag_set/vec4 8;
    %jmp/0xz  T_2.2, 8;
    %load/vec4 v0x55b1b9b1d2f0_0;
    %assign/vec4 v0x55b1b9b1d490_0, 0;
    %jmp T_2.3;
T_2.2 ;
    %load/vec4 v0x55b1b9b1d490_0;
    %assign/vec4 v0x55b1b9b1d490_0, 0;
T_2.3 ;
T_2.1 ;
    %jmp T_2;
    .thread T_2;
    .scope S_0x55b1b9afe9f0;
T_3 ;
    %wait E_0x55b1b9aff7e0;
    %load/vec4 v0x55b1b9aecf10_0;
    %nor/r;
    %flag_set/vec4 8;
    %jmp/0xz  T_3.0, 8;
    %pushi/vec4 0, 0, 1;
    %assign/vec4 v0x55b1b9af0b30_0, 0;
    %jmp T_3.1;
T_3.0 ;
    %load/vec4 v0x55b1b9aef7b0_0;
    %flag_set/vec4 8;
    %jmp/0xz  T_3.2, 8;
    %load/vec4 v0x55b1b9aef6b0_0;
    %assign/vec4 v0x55b1b9af0b30_0, 0;
    %jmp T_3.3;
T_3.2 ;
    %load/vec4 v0x55b1b9af0b30_0;
    %assign/vec4 v0x55b1b9af0b30_0, 0;
T_3.3 ;
T_3.1 ;
    %jmp T_3;
    .thread T_3;
    .scope S_0x55b1b9ac3620;
T_4 ;
    %vpi_call/w 3 16 "$dumpfile", "waves/dump.vcd" {0 0 0};
    %vpi_call/w 3 17 "$dumpvars", 32'sb00000000000000000000000000000000, S_0x55b1b9ac3620 {0 0 0};
    %end;
    .thread T_4;
    .scope S_0x55b1b9ac3620;
T_5 ;
    %pushi/vec4 0, 0, 1;
    %store/vec4 v0x55b1b9b1eb00_0, 0, 1;
T_5.0 ;
    %delay 5000, 0;
    %load/vec4 v0x55b1b9b1eb00_0;
    %inv;
    %store/vec4 v0x55b1b9b1eb00_0, 0, 1;
    %jmp T_5.0;
    %end;
    .thread T_5;
    .scope S_0x55b1b9ac3620;
T_6 ;
    %pushi/vec4 0, 0, 1;
    %store/vec4 v0x55b1b9b1ec50_0, 0, 1;
    %pushi/vec4 0, 0, 1;
    %store/vec4 v0x55b1b9b1ea40_0, 0, 1;
    %end;
    .thread T_6;
    .scope S_0x55b1b9ac3620;
T_7 ;
    %delay 20000, 0;
    %pushi/vec4 1, 0, 1;
    %store/vec4 v0x55b1b9b1ea40_0, 0, 1;
    %delay 10000, 0;
    %pushi/vec4 1, 0, 1;
    %store/vec4 v0x55b1b9b1ec50_0, 0, 1;
    %pushi/vec4 20, 0, 32;
T_7.0 %dup/vec4;
    %pushi/vec4 0, 0, 32;
    %cmp/s;
    %jmp/1xz T_7.1, 5;
    %jmp/1 T_7.1, 4;
    %pushi/vec4 1, 0, 32;
    %sub;
    %wait E_0x55b1b9aff0a0;
    %fork TD_tb_mod_8.check, S_0x55b1b9b01040;
    %join;
    %jmp T_7.0;
T_7.1 ;
    %pop/vec4 1;
    %delay 20000, 0;
    %vpi_call/w 3 43 "$finish" {0 0 0};
    %end;
    .thread T_7;
# The file index is used to find the file name in the following table.
:file_names 6;
    "N/A";
    "<interactive>";
    "-";
    "tb/tb_mod_8.v";
    "rtl/mod_8.v";
    "rtl/D.v";
