#! /usr/bin/vvp
:ivl_version "12.0 (stable)";
:ivl_delay_selection "TYPICAL";
:vpi_time_precision - 12;
:vpi_module "/usr/lib/x86_64-linux-gnu/ivl/system.vpi";
:vpi_module "/usr/lib/x86_64-linux-gnu/ivl/vhdl_sys.vpi";
:vpi_module "/usr/lib/x86_64-linux-gnu/ivl/vhdl_textio.vpi";
:vpi_module "/usr/lib/x86_64-linux-gnu/ivl/v2005_math.vpi";
:vpi_module "/usr/lib/x86_64-linux-gnu/ivl/va_math.vpi";
:vpi_module "/usr/lib/x86_64-linux-gnu/ivl/v2009.vpi";
S_0x5614c1dfa740 .scope package, "$unit" "$unit" 2 1;
 .timescale 0 0;
S_0x5614c1dfa8d0 .scope module, "tb_rom" "tb_rom" 3 2;
 .timescale -9 -12;
v0x5614c1e18380_0 .var/i "FAIL", 31 0;
v0x5614c1e18460_0 .var/i "PASS", 31 0;
v0x5614c1e18540_0 .var "addr", 3 0;
v0x5614c1e18610_0 .net "data", 7 0, v0x5614c1e18240_0;  1 drivers
v0x5614c1e186e0_0 .var "exp_data", 7 0;
v0x5614c1e187f0_0 .var/i "i", 31 0;
S_0x5614c1dbe490 .scope task, "check" "check" 3 21, 3 21 0, S_0x5614c1dfa8d0;
 .timescale -9 -12;
v0x5614c1dbe670_0 .var "t_addr", 3 0;
TD_tb_rom.check ;
    %load/vec4 v0x5614c1dbe670_0;
    %store/vec4 v0x5614c1e18540_0, 0, 4;
    %load/vec4 v0x5614c1dbe670_0;
    %dup/vec4;
    %pushi/vec4 0, 0, 4;
    %cmp/u;
    %jmp/1 T_0.0, 6;
    %dup/vec4;
    %pushi/vec4 1, 0, 4;
    %cmp/u;
    %jmp/1 T_0.1, 6;
    %dup/vec4;
    %pushi/vec4 2, 0, 4;
    %cmp/u;
    %jmp/1 T_0.2, 6;
    %dup/vec4;
    %pushi/vec4 3, 0, 4;
    %cmp/u;
    %jmp/1 T_0.3, 6;
    %dup/vec4;
    %pushi/vec4 4, 0, 4;
    %cmp/u;
    %jmp/1 T_0.4, 6;
    %dup/vec4;
    %pushi/vec4 5, 0, 4;
    %cmp/u;
    %jmp/1 T_0.5, 6;
    %dup/vec4;
    %pushi/vec4 6, 0, 4;
    %cmp/u;
    %jmp/1 T_0.6, 6;
    %dup/vec4;
    %pushi/vec4 7, 0, 4;
    %cmp/u;
    %jmp/1 T_0.7, 6;
    %dup/vec4;
    %pushi/vec4 8, 0, 4;
    %cmp/u;
    %jmp/1 T_0.8, 6;
    %dup/vec4;
    %pushi/vec4 9, 0, 4;
    %cmp/u;
    %jmp/1 T_0.9, 6;
    %dup/vec4;
    %pushi/vec4 10, 0, 4;
    %cmp/u;
    %jmp/1 T_0.10, 6;
    %dup/vec4;
    %pushi/vec4 11, 0, 4;
    %cmp/u;
    %jmp/1 T_0.11, 6;
    %dup/vec4;
    %pushi/vec4 12, 0, 4;
    %cmp/u;
    %jmp/1 T_0.12, 6;
    %dup/vec4;
    %pushi/vec4 13, 0, 4;
    %cmp/u;
    %jmp/1 T_0.13, 6;
    %dup/vec4;
    %pushi/vec4 14, 0, 4;
    %cmp/u;
    %jmp/1 T_0.14, 6;
    %dup/vec4;
    %pushi/vec4 15, 0, 4;
    %cmp/u;
    %jmp/1 T_0.15, 6;
    %pushi/vec4 0, 0, 8;
    %store/vec4 v0x5614c1e186e0_0, 0, 8;
    %jmp T_0.17;
T_0.0 ;
    %pushi/vec4 63, 0, 8;
    %store/vec4 v0x5614c1e186e0_0, 0, 8;
    %jmp T_0.17;
T_0.1 ;
    %pushi/vec4 6, 0, 8;
    %store/vec4 v0x5614c1e186e0_0, 0, 8;
    %jmp T_0.17;
T_0.2 ;
    %pushi/vec4 91, 0, 8;
    %store/vec4 v0x5614c1e186e0_0, 0, 8;
    %jmp T_0.17;
T_0.3 ;
    %pushi/vec4 79, 0, 8;
    %store/vec4 v0x5614c1e186e0_0, 0, 8;
    %jmp T_0.17;
T_0.4 ;
    %pushi/vec4 102, 0, 8;
    %store/vec4 v0x5614c1e186e0_0, 0, 8;
    %jmp T_0.17;
T_0.5 ;
    %pushi/vec4 109, 0, 8;
    %store/vec4 v0x5614c1e186e0_0, 0, 8;
    %jmp T_0.17;
T_0.6 ;
    %pushi/vec4 125, 0, 8;
    %store/vec4 v0x5614c1e186e0_0, 0, 8;
    %jmp T_0.17;
T_0.7 ;
    %pushi/vec4 7, 0, 8;
    %store/vec4 v0x5614c1e186e0_0, 0, 8;
    %jmp T_0.17;
T_0.8 ;
    %pushi/vec4 127, 0, 8;
    %store/vec4 v0x5614c1e186e0_0, 0, 8;
    %jmp T_0.17;
T_0.9 ;
    %pushi/vec4 111, 0, 8;
    %store/vec4 v0x5614c1e186e0_0, 0, 8;
    %jmp T_0.17;
T_0.10 ;
    %pushi/vec4 119, 0, 8;
    %store/vec4 v0x5614c1e186e0_0, 0, 8;
    %jmp T_0.17;
T_0.11 ;
    %pushi/vec4 124, 0, 8;
    %store/vec4 v0x5614c1e186e0_0, 0, 8;
    %jmp T_0.17;
T_0.12 ;
    %pushi/vec4 57, 0, 8;
    %store/vec4 v0x5614c1e186e0_0, 0, 8;
    %jmp T_0.17;
T_0.13 ;
    %pushi/vec4 94, 0, 8;
    %store/vec4 v0x5614c1e186e0_0, 0, 8;
    %jmp T_0.17;
T_0.14 ;
    %pushi/vec4 121, 0, 8;
    %store/vec4 v0x5614c1e186e0_0, 0, 8;
    %jmp T_0.17;
T_0.15 ;
    %pushi/vec4 113, 0, 8;
    %store/vec4 v0x5614c1e186e0_0, 0, 8;
    %jmp T_0.17;
T_0.17 ;
    %pop/vec4 1;
    %delay 1000, 0;
    %load/vec4 v0x5614c1e186e0_0;
    %load/vec4 v0x5614c1e18610_0;
    %cmp/e;
    %jmp/0xz  T_0.18, 6;
    %vpi_call/w 3 47 "$display", "PASS | addr = %h | data = %h | exp_data = %h", v0x5614c1e18540_0, v0x5614c1e18610_0, v0x5614c1e186e0_0 {0 0 0};
    %load/vec4 v0x5614c1e18460_0;
    %addi 1, 0, 32;
    %store/vec4 v0x5614c1e18460_0, 0, 32;
    %jmp T_0.19;
T_0.18 ;
    %vpi_call/w 3 51 "$display", "FAIL | addr = %h | data = %h | exp_data = %h", v0x5614c1e18540_0, v0x5614c1e18610_0, v0x5614c1e186e0_0 {0 0 0};
    %load/vec4 v0x5614c1e18380_0;
    %addi 1, 0, 32;
    %store/vec4 v0x5614c1e18380_0, 0, 32;
T_0.19 ;
    %end;
S_0x5614c1e17f00 .scope module, "dut" "rom" 3 11, 4 1 0, S_0x5614c1dfa8d0;
 .timescale 0 0;
    .port_info 0 /INPUT 4 "addr";
    .port_info 1 /OUTPUT 8 "data";
v0x5614c1e18140_0 .net "addr", 3 0, v0x5614c1e18540_0;  1 drivers
v0x5614c1e18240_0 .var "data", 7 0;
E_0x5614c1dbea50 .event anyedge, v0x5614c1e18140_0;
    .scope S_0x5614c1e17f00;
T_1 ;
    %wait E_0x5614c1dbea50;
    %load/vec4 v0x5614c1e18140_0;
    %dup/vec4;
    %pushi/vec4 0, 0, 4;
    %cmp/u;
    %jmp/1 T_1.0, 6;
    %dup/vec4;
    %pushi/vec4 1, 0, 4;
    %cmp/u;
    %jmp/1 T_1.1, 6;
    %dup/vec4;
    %pushi/vec4 2, 0, 4;
    %cmp/u;
    %jmp/1 T_1.2, 6;
    %dup/vec4;
    %pushi/vec4 3, 0, 4;
    %cmp/u;
    %jmp/1 T_1.3, 6;
    %dup/vec4;
    %pushi/vec4 4, 0, 4;
    %cmp/u;
    %jmp/1 T_1.4, 6;
    %dup/vec4;
    %pushi/vec4 5, 0, 4;
    %cmp/u;
    %jmp/1 T_1.5, 6;
    %dup/vec4;
    %pushi/vec4 6, 0, 4;
    %cmp/u;
    %jmp/1 T_1.6, 6;
    %dup/vec4;
    %pushi/vec4 7, 0, 4;
    %cmp/u;
    %jmp/1 T_1.7, 6;
    %dup/vec4;
    %pushi/vec4 8, 0, 4;
    %cmp/u;
    %jmp/1 T_1.8, 6;
    %dup/vec4;
    %pushi/vec4 9, 0, 4;
    %cmp/u;
    %jmp/1 T_1.9, 6;
    %dup/vec4;
    %pushi/vec4 10, 0, 4;
    %cmp/u;
    %jmp/1 T_1.10, 6;
    %dup/vec4;
    %pushi/vec4 11, 0, 4;
    %cmp/u;
    %jmp/1 T_1.11, 6;
    %dup/vec4;
    %pushi/vec4 12, 0, 4;
    %cmp/u;
    %jmp/1 T_1.12, 6;
    %dup/vec4;
    %pushi/vec4 13, 0, 4;
    %cmp/u;
    %jmp/1 T_1.13, 6;
    %dup/vec4;
    %pushi/vec4 14, 0, 4;
    %cmp/u;
    %jmp/1 T_1.14, 6;
    %dup/vec4;
    %pushi/vec4 15, 0, 4;
    %cmp/u;
    %jmp/1 T_1.15, 6;
    %pushi/vec4 0, 0, 8;
    %store/vec4 v0x5614c1e18240_0, 0, 8;
    %jmp T_1.17;
T_1.0 ;
    %pushi/vec4 63, 0, 8;
    %store/vec4 v0x5614c1e18240_0, 0, 8;
    %jmp T_1.17;
T_1.1 ;
    %pushi/vec4 6, 0, 8;
    %store/vec4 v0x5614c1e18240_0, 0, 8;
    %jmp T_1.17;
T_1.2 ;
    %pushi/vec4 91, 0, 8;
    %store/vec4 v0x5614c1e18240_0, 0, 8;
    %jmp T_1.17;
T_1.3 ;
    %pushi/vec4 79, 0, 8;
    %store/vec4 v0x5614c1e18240_0, 0, 8;
    %jmp T_1.17;
T_1.4 ;
    %pushi/vec4 102, 0, 8;
    %store/vec4 v0x5614c1e18240_0, 0, 8;
    %jmp T_1.17;
T_1.5 ;
    %pushi/vec4 109, 0, 8;
    %store/vec4 v0x5614c1e18240_0, 0, 8;
    %jmp T_1.17;
T_1.6 ;
    %pushi/vec4 125, 0, 8;
    %store/vec4 v0x5614c1e18240_0, 0, 8;
    %jmp T_1.17;
T_1.7 ;
    %pushi/vec4 7, 0, 8;
    %store/vec4 v0x5614c1e18240_0, 0, 8;
    %jmp T_1.17;
T_1.8 ;
    %pushi/vec4 127, 0, 8;
    %store/vec4 v0x5614c1e18240_0, 0, 8;
    %jmp T_1.17;
T_1.9 ;
    %pushi/vec4 111, 0, 8;
    %store/vec4 v0x5614c1e18240_0, 0, 8;
    %jmp T_1.17;
T_1.10 ;
    %pushi/vec4 119, 0, 8;
    %store/vec4 v0x5614c1e18240_0, 0, 8;
    %jmp T_1.17;
T_1.11 ;
    %pushi/vec4 124, 0, 8;
    %store/vec4 v0x5614c1e18240_0, 0, 8;
    %jmp T_1.17;
T_1.12 ;
    %pushi/vec4 57, 0, 8;
    %store/vec4 v0x5614c1e18240_0, 0, 8;
    %jmp T_1.17;
T_1.13 ;
    %pushi/vec4 94, 0, 8;
    %store/vec4 v0x5614c1e18240_0, 0, 8;
    %jmp T_1.17;
T_1.14 ;
    %pushi/vec4 121, 0, 8;
    %store/vec4 v0x5614c1e18240_0, 0, 8;
    %jmp T_1.17;
T_1.15 ;
    %pushi/vec4 113, 0, 8;
    %store/vec4 v0x5614c1e18240_0, 0, 8;
    %jmp T_1.17;
T_1.17 ;
    %pop/vec4 1;
    %jmp T_1;
    .thread T_1, $push;
    .scope S_0x5614c1dfa8d0;
T_2 ;
    %vpi_call/w 3 17 "$dumpfile", "waves/dump.vcd" {0 0 0};
    %vpi_call/w 3 18 "$dumpvars", 32'sb00000000000000000000000000000000, S_0x5614c1dfa8d0 {0 0 0};
    %end;
    .thread T_2;
    .scope S_0x5614c1dfa8d0;
T_3 ;
    %pushi/vec4 0, 0, 32;
    %store/vec4 v0x5614c1e18460_0, 0, 32;
    %pushi/vec4 0, 0, 32;
    %store/vec4 v0x5614c1e18380_0, 0, 32;
    %pushi/vec4 0, 0, 32;
    %store/vec4 v0x5614c1e187f0_0, 0, 32;
T_3.0 ;
    %load/vec4 v0x5614c1e187f0_0;
    %cmpi/s 16, 0, 32;
    %jmp/0xz T_3.1, 5;
    %load/vec4 v0x5614c1e187f0_0;
    %pad/s 4;
    %store/vec4 v0x5614c1dbe670_0, 0, 4;
    %fork TD_tb_rom.check, S_0x5614c1dbe490;
    %join;
    %delay 5000, 0;
    %load/vec4 v0x5614c1e187f0_0;
    %addi 1, 0, 32;
    %store/vec4 v0x5614c1e187f0_0, 0, 32;
    %jmp T_3.0;
T_3.1 ;
    %vpi_call/w 3 65 "$display", "SUMMARY" {0 0 0};
    %vpi_call/w 3 66 "$display", "PASS = %d", v0x5614c1e18460_0 {0 0 0};
    %vpi_call/w 3 67 "$display", "FAIL = %d", v0x5614c1e18380_0 {0 0 0};
    %delay 20000, 0;
    %vpi_call/w 3 70 "$finish" {0 0 0};
    %end;
    .thread T_3;
# The file index is used to find the file name in the following table.
:file_names 5;
    "N/A";
    "<interactive>";
    "-";
    "tb/tb_rom.v";
    "rtl/rom.v";
