#! /usr/bin/vvp
:ivl_version "12.0 (stable)";
:ivl_delay_selection "TYPICAL";
:vpi_time_precision - 12;
:vpi_module "/usr/lib/x86_64-linux-gnu/ivl/system.vpi";
:vpi_module "/usr/lib/x86_64-linux-gnu/ivl/vhdl_sys.vpi";
:vpi_module "/usr/lib/x86_64-linux-gnu/ivl/vhdl_textio.vpi";
:vpi_module "/usr/lib/x86_64-linux-gnu/ivl/v2005_math.vpi";
:vpi_module "/usr/lib/x86_64-linux-gnu/ivl/va_math.vpi";
:vpi_module "/usr/lib/x86_64-linux-gnu/ivl/v2009.vpi";
S_0x557965cfa740 .scope package, "$unit" "$unit" 2 1;
 .timescale 0 0;
S_0x557965cfa8d0 .scope module, "tb_T" "tb_T" 3 3;
 .timescale -9 -12;
v0x557965d133a0_0 .var "areset_n", 0 0;
v0x557965d13460_0 .var "clk", 0 0;
v0x557965d13530_0 .var "en", 0 0;
v0x557965d13630_0 .net "q", 0 0, v0x557965d13130_0;  1 drivers
v0x557965d13700_0 .var "t", 0 0;
S_0x557965cbf490 .scope task, "check" "check" 3 24, 3 24 0, S_0x557965cfa8d0;
 .timescale -9 -12;
v0x557965ce6440_0 .var "i", 2 0;
v0x557965ce6730_0 .var "j", 2 0;
v0x557965d12be0_0 .var "k", 2 0;
E_0x557965cd3640 .event negedge, v0x557965d12fa0_0;
TD_tb_T.check ;
    %pushi/vec4 0, 0, 3;
    %store/vec4 v0x557965ce6440_0, 0, 3;
T_0.0 ;
    %load/vec4 v0x557965ce6440_0;
    %pad/u 32;
    %cmpi/u 2, 0, 32;
    %jmp/0xz T_0.1, 5;
    %pushi/vec4 0, 0, 3;
    %store/vec4 v0x557965ce6730_0, 0, 3;
T_0.2 ;
    %load/vec4 v0x557965ce6730_0;
    %pad/u 32;
    %cmpi/u 2, 0, 32;
    %jmp/0xz T_0.3, 5;
    %pushi/vec4 0, 0, 3;
    %store/vec4 v0x557965d12be0_0, 0, 3;
T_0.4 ;
    %load/vec4 v0x557965d12be0_0;
    %pad/u 32;
    %cmpi/u 2, 0, 32;
    %jmp/0xz T_0.5, 5;
    %wait E_0x557965cd3640;
    %load/vec4 v0x557965ce6440_0;
    %pad/u 1;
    %store/vec4 v0x557965d13530_0, 0, 1;
    %wait E_0x557965cd3640;
    %load/vec4 v0x557965ce6730_0;
    %pad/u 1;
    %store/vec4 v0x557965d133a0_0, 0, 1;
    %wait E_0x557965cd3640;
    %load/vec4 v0x557965d12be0_0;
    %pad/u 1;
    %store/vec4 v0x557965d13700_0, 0, 1;
    %delay 1000, 0;
    %vpi_call/w 3 34 "$display", "en= %b |areset_n= %b |t= %b |q= %b ", v0x557965d13530_0, v0x557965d133a0_0, v0x557965d13700_0, v0x557965d13630_0 {0 0 0};
    %load/vec4 v0x557965d12be0_0;
    %addi 1, 0, 3;
    %store/vec4 v0x557965d12be0_0, 0, 3;
    %jmp T_0.4;
T_0.5 ;
    %load/vec4 v0x557965ce6730_0;
    %addi 1, 0, 3;
    %store/vec4 v0x557965ce6730_0, 0, 3;
    %jmp T_0.2;
T_0.3 ;
    %load/vec4 v0x557965ce6440_0;
    %addi 1, 0, 3;
    %store/vec4 v0x557965ce6440_0, 0, 3;
    %jmp T_0.0;
T_0.1 ;
    %end;
S_0x557965d12ca0 .scope module, "dut" "T" 3 11, 4 1 0, S_0x557965cfa8d0;
 .timescale 0 0;
    .port_info 0 /INPUT 1 "clk";
    .port_info 1 /INPUT 1 "en";
    .port_info 2 /INPUT 1 "areset_n";
    .port_info 3 /INPUT 1 "t";
    .port_info 4 /OUTPUT 1 "q";
v0x557965d12ec0_0 .net "areset_n", 0 0, v0x557965d133a0_0;  1 drivers
v0x557965d12fa0_0 .net "clk", 0 0, v0x557965d13460_0;  1 drivers
v0x557965d13060_0 .net "en", 0 0, v0x557965d13530_0;  1 drivers
v0x557965d13130_0 .var "q", 0 0;
v0x557965d131f0_0 .net "t", 0 0, v0x557965d13700_0;  1 drivers
E_0x557965cbfb20 .event posedge, v0x557965d12fa0_0;
    .scope S_0x557965d12ca0;
T_1 ;
    %wait E_0x557965cbfb20;
    %load/vec4 v0x557965d12ec0_0;
    %nor/r;
    %flag_set/vec4 8;
    %jmp/0xz  T_1.0, 8;
    %pushi/vec4 0, 0, 1;
    %assign/vec4 v0x557965d13130_0, 0;
    %jmp T_1.1;
T_1.0 ;
    %load/vec4 v0x557965d13060_0;
    %nor/r;
    %flag_set/vec4 8;
    %jmp/0xz  T_1.2, 8;
    %load/vec4 v0x557965d13130_0;
    %assign/vec4 v0x557965d13130_0, 0;
    %jmp T_1.3;
T_1.2 ;
    %load/vec4 v0x557965d131f0_0;
    %flag_set/vec4 8;
    %jmp/0xz  T_1.4, 8;
    %load/vec4 v0x557965d13130_0;
    %inv;
    %assign/vec4 v0x557965d13130_0, 0;
    %jmp T_1.5;
T_1.4 ;
    %load/vec4 v0x557965d13130_0;
    %assign/vec4 v0x557965d13130_0, 0;
T_1.5 ;
T_1.3 ;
T_1.1 ;
    %jmp T_1;
    .thread T_1;
    .scope S_0x557965cfa8d0;
T_2 ;
    %vpi_call/w 3 20 "$dumpfile", "waves/dump.vcd" {0 0 0};
    %vpi_call/w 3 21 "$dumpvars", 32'sb00000000000000000000000000000000, S_0x557965cfa8d0 {0 0 0};
    %end;
    .thread T_2;
    .scope S_0x557965cfa8d0;
T_3 ;
    %pushi/vec4 0, 0, 1;
    %store/vec4 v0x557965d13460_0, 0, 1;
T_3.0 ;
    %delay 5000, 0;
    %load/vec4 v0x557965d13460_0;
    %inv;
    %store/vec4 v0x557965d13460_0, 0, 1;
    %jmp T_3.0;
    %end;
    .thread T_3;
    .scope S_0x557965cfa8d0;
T_4 ;
    %fork TD_tb_T.check, S_0x557965cbf490;
    %join;
    %delay 10000, 0;
    %vpi_call/w 3 52 "$finish" {0 0 0};
    %end;
    .thread T_4;
# The file index is used to find the file name in the following table.
:file_names 5;
    "N/A";
    "<interactive>";
    "-";
    "tb/tb_T.v";
    "rtl/T.v";
