#! /usr/bin/vvp
:ivl_version "12.0 (stable)";
:ivl_delay_selection "TYPICAL";
:vpi_time_precision - 12;
:vpi_module "/usr/lib/x86_64-linux-gnu/ivl/system.vpi";
:vpi_module "/usr/lib/x86_64-linux-gnu/ivl/vhdl_sys.vpi";
:vpi_module "/usr/lib/x86_64-linux-gnu/ivl/vhdl_textio.vpi";
:vpi_module "/usr/lib/x86_64-linux-gnu/ivl/v2005_math.vpi";
:vpi_module "/usr/lib/x86_64-linux-gnu/ivl/va_math.vpi";
:vpi_module "/usr/lib/x86_64-linux-gnu/ivl/v2009.vpi";
S_0x55be8ce21490 .scope package, "$unit" "$unit" 2 1;
 .timescale 0 0;
S_0x55be8ce21620 .scope module, "tb_mod_6" "tb_mod_6" 3 3;
 .timescale -9 -12;
v0x55be8ce7f9a0_0 .var "areset_n", 0 0;
v0x55be8ce7fa60_0 .var "clk", 0 0;
v0x55be8ce7fb20_0 .var "en", 0 0;
v0x55be8ce7fc50_0 .net "out", 2 0, L_0x55be8ce810b0;  1 drivers
E_0x55be8ce5d720 .event negedge, v0x55be8ce4afe0_0;
S_0x55be8ce5f6c0 .scope task, "check" "check" 3 31, 3 31 0, S_0x55be8ce21620;
 .timescale -9 -12;
TD_tb_mod_6.check ;
    %vpi_call/w 3 33 "$display", "en = %b | areset_n = %b | out = %h", v0x55be8ce7fb20_0, v0x55be8ce7f9a0_0, v0x55be8ce7fc50_0 {0 0 0};
    %end;
S_0x55be8ce5f850 .scope module, "dut" "mod_6" 3 9, 4 1 0, S_0x55be8ce21620;
 .timescale 0 0;
    .port_info 0 /INPUT 1 "clk";
    .port_info 1 /INPUT 1 "en";
    .port_info 2 /INPUT 1 "areset_n";
    .port_info 3 /OUTPUT 3 "out";
L_0x55be8ce4e910 .functor AND 1, L_0x55be8ce7fcf0, L_0x55be8ce7fdc0, C4<1>, C4<1>;
L_0x55be8ce7ff30 .functor NOT 1, L_0x55be8ce7fe90, C4<0>, C4<0>, C4<0>;
L_0x55be8ce80100 .functor NOT 1, L_0x55be8ce7ffa0, C4<0>, C4<0>, C4<0>;
L_0x55be8ce801a0 .functor AND 1, L_0x55be8ce7ff30, L_0x55be8ce80100, C4<1>, C4<1>;
L_0x55be8ce80380 .functor NOT 1, L_0x55be8ce802e0, C4<0>, C4<0>, C4<0>;
L_0x55be8ce80440 .functor AND 1, L_0x55be8ce801a0, L_0x55be8ce80380, C4<1>, C4<1>;
L_0x55be8ce80590 .functor OR 1, L_0x55be8ce4e910, L_0x55be8ce80440, C4<0>, C4<0>;
L_0x55be8ce80820 .functor NOT 1, L_0x55be8ce80780, C4<0>, C4<0>, C4<0>;
L_0x55be8ce80930 .functor AND 1, L_0x55be8ce806a0, L_0x55be8ce80820, C4<1>, C4<1>;
L_0x55be8ce80bd0 .functor AND 1, L_0x55be8ce80a40, L_0x55be8ce80b30, C4<1>, C4<1>;
L_0x55be8ce80d40 .functor OR 1, L_0x55be8ce80930, L_0x55be8ce80bd0, C4<0>, C4<0>;
L_0x55be8ce80f00 .functor NOT 1, L_0x55be8ce80e00, C4<0>, C4<0>, C4<0>;
L_0x55be8ce810b0 .functor BUFZ 3, L_0x55be8ce80fe0, C4<000>, C4<000>, C4<000>;
v0x55be8ce7e490_0 .net *"_ivl_1", 0 0, L_0x55be8ce7fcf0;  1 drivers
v0x55be8ce7e590_0 .net *"_ivl_11", 0 0, L_0x55be8ce7ffa0;  1 drivers
v0x55be8ce7e670_0 .net *"_ivl_12", 0 0, L_0x55be8ce80100;  1 drivers
v0x55be8ce7e730_0 .net *"_ivl_14", 0 0, L_0x55be8ce801a0;  1 drivers
v0x55be8ce7e810_0 .net *"_ivl_17", 0 0, L_0x55be8ce802e0;  1 drivers
v0x55be8ce7e940_0 .net *"_ivl_18", 0 0, L_0x55be8ce80380;  1 drivers
v0x55be8ce7ea20_0 .net *"_ivl_20", 0 0, L_0x55be8ce80440;  1 drivers
v0x55be8ce7eb00_0 .net *"_ivl_27", 0 0, L_0x55be8ce806a0;  1 drivers
v0x55be8ce7ebe0_0 .net *"_ivl_29", 0 0, L_0x55be8ce80780;  1 drivers
v0x55be8ce7ecc0_0 .net *"_ivl_3", 0 0, L_0x55be8ce7fdc0;  1 drivers
v0x55be8ce7eda0_0 .net *"_ivl_30", 0 0, L_0x55be8ce80820;  1 drivers
v0x55be8ce7ee80_0 .net *"_ivl_32", 0 0, L_0x55be8ce80930;  1 drivers
v0x55be8ce7ef60_0 .net *"_ivl_35", 0 0, L_0x55be8ce80a40;  1 drivers
v0x55be8ce7f040_0 .net *"_ivl_37", 0 0, L_0x55be8ce80b30;  1 drivers
v0x55be8ce7f120_0 .net *"_ivl_38", 0 0, L_0x55be8ce80bd0;  1 drivers
v0x55be8ce7f200_0 .net *"_ivl_4", 0 0, L_0x55be8ce4e910;  1 drivers
v0x55be8ce7f2e0_0 .net *"_ivl_45", 0 0, L_0x55be8ce80e00;  1 drivers
v0x55be8ce7f3c0_0 .net *"_ivl_7", 0 0, L_0x55be8ce7fe90;  1 drivers
v0x55be8ce7f4a0_0 .net *"_ivl_8", 0 0, L_0x55be8ce7ff30;  1 drivers
v0x55be8ce7f580_0 .net "areset_n", 0 0, v0x55be8ce7f9a0_0;  1 drivers
v0x55be8ce7f620_0 .net "clk", 0 0, v0x55be8ce7fa60_0;  1 drivers
v0x55be8ce7f6c0_0 .net "en", 0 0, v0x55be8ce7fb20_0;  1 drivers
v0x55be8ce7f760_0 .net "out", 2 0, L_0x55be8ce810b0;  alias, 1 drivers
v0x55be8ce7f840_0 .net "w", 2 0, L_0x55be8ce80fe0;  1 drivers
L_0x55be8ce7fcf0 .part L_0x55be8ce80fe0, 2, 1;
L_0x55be8ce7fdc0 .part L_0x55be8ce80fe0, 0, 1;
L_0x55be8ce7fe90 .part L_0x55be8ce80fe0, 2, 1;
L_0x55be8ce7ffa0 .part L_0x55be8ce80fe0, 1, 1;
L_0x55be8ce802e0 .part L_0x55be8ce80fe0, 0, 1;
L_0x55be8ce806a0 .part L_0x55be8ce80fe0, 2, 1;
L_0x55be8ce80780 .part L_0x55be8ce80fe0, 0, 1;
L_0x55be8ce80a40 .part L_0x55be8ce80fe0, 1, 1;
L_0x55be8ce80b30 .part L_0x55be8ce80fe0, 0, 1;
L_0x55be8ce80e00 .part L_0x55be8ce80fe0, 0, 1;
L_0x55be8ce80fe0 .concat8 [ 1 1 1 0], v0x55be8ce50e90_0, v0x55be8ce7dc10_0, v0x55be8ce7e300_0;
S_0x55be8ce5d070 .scope module, "dff0" "D" 4 25, 5 1 0, S_0x55be8ce5f850;
 .timescale 0 0;
    .port_info 0 /INPUT 1 "clk";
    .port_info 1 /INPUT 1 "en";
    .port_info 2 /INPUT 1 "areset_n";
    .port_info 3 /INPUT 1 "d";
    .port_info 4 /OUTPUT 1 "q";
v0x55be8ce4af10_0 .net "areset_n", 0 0, v0x55be8ce7f9a0_0;  alias, 1 drivers
v0x55be8ce4afe0_0 .net "clk", 0 0, v0x55be8ce7fa60_0;  alias, 1 drivers
v0x55be8ce4ea30_0 .net "d", 0 0, L_0x55be8ce80f00;  1 drivers
v0x55be8ce4eb30_0 .net "en", 0 0, v0x55be8ce7fb20_0;  alias, 1 drivers
v0x55be8ce50e90_0 .var "q", 0 0;
E_0x55be8ce5de60/0 .event negedge, v0x55be8ce4af10_0;
E_0x55be8ce5de60/1 .event posedge, v0x55be8ce4afe0_0;
E_0x55be8ce5de60 .event/or E_0x55be8ce5de60/0, E_0x55be8ce5de60/1;
S_0x55be8ce7d7d0 .scope module, "dff1" "D" 4 17, 5 1 0, S_0x55be8ce5f850;
 .timescale 0 0;
    .port_info 0 /INPUT 1 "clk";
    .port_info 1 /INPUT 1 "en";
    .port_info 2 /INPUT 1 "areset_n";
    .port_info 3 /INPUT 1 "d";
    .port_info 4 /OUTPUT 1 "q";
v0x55be8ce51f80_0 .net "areset_n", 0 0, v0x55be8ce7f9a0_0;  alias, 1 drivers
v0x55be8ce7d9d0_0 .net "clk", 0 0, v0x55be8ce7fa60_0;  alias, 1 drivers
v0x55be8ce7da70_0 .net "d", 0 0, L_0x55be8ce80d40;  1 drivers
v0x55be8ce7db40_0 .net "en", 0 0, v0x55be8ce7fb20_0;  alias, 1 drivers
v0x55be8ce7dc10_0 .var "q", 0 0;
S_0x55be8ce7dd60 .scope module, "dff2" "D" 4 9, 5 1 0, S_0x55be8ce5f850;
 .timescale 0 0;
    .port_info 0 /INPUT 1 "clk";
    .port_info 1 /INPUT 1 "en";
    .port_info 2 /INPUT 1 "areset_n";
    .port_info 3 /INPUT 1 "d";
    .port_info 4 /OUTPUT 1 "q";
v0x55be8ce7df70_0 .net "areset_n", 0 0, v0x55be8ce7f9a0_0;  alias, 1 drivers
v0x55be8ce7e060_0 .net "clk", 0 0, v0x55be8ce7fa60_0;  alias, 1 drivers
v0x55be8ce7e170_0 .net "d", 0 0, L_0x55be8ce80590;  1 drivers
v0x55be8ce7e210_0 .net "en", 0 0, v0x55be8ce7fb20_0;  alias, 1 drivers
v0x55be8ce7e300_0 .var "q", 0 0;
    .scope S_0x55be8ce7dd60;
T_1 ;
    %wait E_0x55be8ce5de60;
    %load/vec4 v0x55be8ce7df70_0;
    %nor/r;
    %flag_set/vec4 8;
    %jmp/0xz  T_1.0, 8;
    %pushi/vec4 0, 0, 1;
    %assign/vec4 v0x55be8ce7e300_0, 0;
    %jmp T_1.1;
T_1.0 ;
    %load/vec4 v0x55be8ce7e210_0;
    %flag_set/vec4 8;
    %jmp/0xz  T_1.2, 8;
    %load/vec4 v0x55be8ce7e170_0;
    %assign/vec4 v0x55be8ce7e300_0, 0;
    %jmp T_1.3;
T_1.2 ;
    %load/vec4 v0x55be8ce7e300_0;
    %assign/vec4 v0x55be8ce7e300_0, 0;
T_1.3 ;
T_1.1 ;
    %jmp T_1;
    .thread T_1;
    .scope S_0x55be8ce7d7d0;
T_2 ;
    %wait E_0x55be8ce5de60;
    %load/vec4 v0x55be8ce51f80_0;
    %nor/r;
    %flag_set/vec4 8;
    %jmp/0xz  T_2.0, 8;
    %pushi/vec4 0, 0, 1;
    %assign/vec4 v0x55be8ce7dc10_0, 0;
    %jmp T_2.1;
T_2.0 ;
    %load/vec4 v0x55be8ce7db40_0;
    %flag_set/vec4 8;
    %jmp/0xz  T_2.2, 8;
    %load/vec4 v0x55be8ce7da70_0;
    %assign/vec4 v0x55be8ce7dc10_0, 0;
    %jmp T_2.3;
T_2.2 ;
    %load/vec4 v0x55be8ce7dc10_0;
    %assign/vec4 v0x55be8ce7dc10_0, 0;
T_2.3 ;
T_2.1 ;
    %jmp T_2;
    .thread T_2;
    .scope S_0x55be8ce5d070;
T_3 ;
    %wait E_0x55be8ce5de60;
    %load/vec4 v0x55be8ce4af10_0;
    %nor/r;
    %flag_set/vec4 8;
    %jmp/0xz  T_3.0, 8;
    %pushi/vec4 0, 0, 1;
    %assign/vec4 v0x55be8ce50e90_0, 0;
    %jmp T_3.1;
T_3.0 ;
    %load/vec4 v0x55be8ce4eb30_0;
    %flag_set/vec4 8;
    %jmp/0xz  T_3.2, 8;
    %load/vec4 v0x55be8ce4ea30_0;
    %assign/vec4 v0x55be8ce50e90_0, 0;
    %jmp T_3.3;
T_3.2 ;
    %load/vec4 v0x55be8ce50e90_0;
    %assign/vec4 v0x55be8ce50e90_0, 0;
T_3.3 ;
T_3.1 ;
    %jmp T_3;
    .thread T_3;
    .scope S_0x55be8ce21620;
T_4 ;
    %vpi_call/w 3 17 "$dumpfile", "waves/dump.vcd" {0 0 0};
    %vpi_call/w 3 18 "$dumpvars", 32'sb00000000000000000000000000000000, S_0x55be8ce21620 {0 0 0};
    %end;
    .thread T_4;
    .scope S_0x55be8ce21620;
T_5 ;
    %pushi/vec4 0, 0, 1;
    %store/vec4 v0x55be8ce7fa60_0, 0, 1;
T_5.0 ;
    %delay 5000, 0;
    %load/vec4 v0x55be8ce7fa60_0;
    %inv;
    %store/vec4 v0x55be8ce7fa60_0, 0, 1;
    %jmp T_5.0;
    %end;
    .thread T_5;
    .scope S_0x55be8ce21620;
T_6 ;
    %pushi/vec4 0, 0, 1;
    %store/vec4 v0x55be8ce7fb20_0, 0, 1;
    %pushi/vec4 0, 0, 1;
    %store/vec4 v0x55be8ce7f9a0_0, 0, 1;
    %end;
    .thread T_6;
    .scope S_0x55be8ce21620;
T_7 ;
    %delay 3000, 0;
    %pushi/vec4 1, 0, 1;
    %store/vec4 v0x55be8ce7fb20_0, 0, 1;
    %delay 3000, 0;
    %pushi/vec4 1, 0, 1;
    %store/vec4 v0x55be8ce7f9a0_0, 0, 1;
    %pushi/vec4 20, 0, 32;
T_7.0 %dup/vec4;
    %pushi/vec4 0, 0, 32;
    %cmp/s;
    %jmp/1xz T_7.1, 5;
    %jmp/1 T_7.1, 4;
    %pushi/vec4 1, 0, 32;
    %sub;
    %wait E_0x55be8ce5d720;
    %fork TD_tb_mod_6.check, S_0x55be8ce5f6c0;
    %join;
    %jmp T_7.0;
T_7.1 ;
    %pop/vec4 1;
    %delay 20000, 0;
    %vpi_call/w 3 44 "$finish" {0 0 0};
    %end;
    .thread T_7;
# The file index is used to find the file name in the following table.
:file_names 6;
    "N/A";
    "<interactive>";
    "-";
    "tb/tb_mod_6.v";
    "rtl/mod_6.v";
    "rtl/D.v";
