#! /usr/bin/vvp
:ivl_version "12.0 (stable)";
:ivl_delay_selection "TYPICAL";
:vpi_time_precision - 12;
:vpi_module "/usr/lib/x86_64-linux-gnu/ivl/system.vpi";
:vpi_module "/usr/lib/x86_64-linux-gnu/ivl/vhdl_sys.vpi";
:vpi_module "/usr/lib/x86_64-linux-gnu/ivl/vhdl_textio.vpi";
:vpi_module "/usr/lib/x86_64-linux-gnu/ivl/v2005_math.vpi";
:vpi_module "/usr/lib/x86_64-linux-gnu/ivl/va_math.vpi";
:vpi_module "/usr/lib/x86_64-linux-gnu/ivl/v2009.vpi";
S_0x55c3f41c6240 .scope package, "$unit" "$unit" 2 1;
 .timescale 0 0;
S_0x55c3f41c63d0 .scope module, "tb_priority_encoder_4to2" "tb_priority_encoder_4to2" 3 2;
 .timescale -9 -12;
v0x55c3f41e5af0_0 .var "d_in", 3 0;
v0x55c3f41e5be0_0 .net "d_out", 1 0, v0x55c3f41e58f0_0;  1 drivers
v0x55c3f41e5cb0_0 .var/i "fail", 31 0;
v0x55c3f41e5d80_0 .var/i "pass", 31 0;
v0x55c3f41e5e60_0 .net "valid", 0 0, v0x55c3f41e59d0_0;  1 drivers
S_0x55c3f418b490 .scope task, "check" "check" 3 21, 3 21 0, S_0x55c3f41c63d0;
 .timescale -9 -12;
v0x55c3f418b670_0 .var "exp_out", 1 0;
v0x55c3f41e50f0_0 .var "exp_valid", 0 0;
v0x55c3f41e51b0_0 .var "i", 1 0;
v0x55c3f41e5270_0 .var "j", 1 0;
v0x55c3f41e5350_0 .var "k", 1 0;
v0x55c3f41e5480_0 .var "l", 1 0;
TD_tb_priority_encoder_4to2.check ;
    %pushi/vec4 0, 0, 2;
    %store/vec4 v0x55c3f41e51b0_0, 0, 2;
T_0.0 ;
    %load/vec4 v0x55c3f41e51b0_0;
    %pad/u 32;
    %cmpi/u 2, 0, 32;
    %jmp/0xz T_0.1, 5;
    %load/vec4 v0x55c3f41e51b0_0;
    %pad/u 1;
    %ix/load 4, 3, 0;
    %flag_set/imm 4, 0;
    %store/vec4 v0x55c3f41e5af0_0, 4, 1;
    %pushi/vec4 0, 0, 2;
    %store/vec4 v0x55c3f41e5270_0, 0, 2;
T_0.2 ;
    %load/vec4 v0x55c3f41e5270_0;
    %pad/u 32;
    %cmpi/u 2, 0, 32;
    %jmp/0xz T_0.3, 5;
    %load/vec4 v0x55c3f41e5270_0;
    %pad/u 1;
    %ix/load 4, 2, 0;
    %flag_set/imm 4, 0;
    %store/vec4 v0x55c3f41e5af0_0, 4, 1;
    %pushi/vec4 0, 0, 2;
    %store/vec4 v0x55c3f41e5350_0, 0, 2;
T_0.4 ;
    %load/vec4 v0x55c3f41e5350_0;
    %pad/u 32;
    %cmpi/u 2, 0, 32;
    %jmp/0xz T_0.5, 5;
    %load/vec4 v0x55c3f41e5350_0;
    %pad/u 1;
    %ix/load 4, 1, 0;
    %flag_set/imm 4, 0;
    %store/vec4 v0x55c3f41e5af0_0, 4, 1;
    %pushi/vec4 0, 0, 2;
    %store/vec4 v0x55c3f41e5480_0, 0, 2;
T_0.6 ;
    %load/vec4 v0x55c3f41e5480_0;
    %pad/u 32;
    %cmpi/u 2, 0, 32;
    %jmp/0xz T_0.7, 5;
    %load/vec4 v0x55c3f41e5480_0;
    %pad/u 1;
    %ix/load 4, 0, 0;
    %flag_set/imm 4, 0;
    %store/vec4 v0x55c3f41e5af0_0, 4, 1;
    %pushi/vec4 1, 0, 1;
    %store/vec4 v0x55c3f41e50f0_0, 0, 1;
    %pushi/vec4 0, 0, 2;
    %store/vec4 v0x55c3f418b670_0, 0, 2;
    %load/vec4 v0x55c3f41e5af0_0;
    %dup/vec4;
    %pushi/vec4 1, 0, 4;
    %cmp/z;
    %jmp/1 T_0.8, 4;
    %dup/vec4;
    %pushi/vec4 2, 1, 4;
    %cmp/z;
    %jmp/1 T_0.9, 4;
    %dup/vec4;
    %pushi/vec4 4, 3, 4;
    %cmp/z;
    %jmp/1 T_0.10, 4;
    %dup/vec4;
    %pushi/vec4 8, 7, 4;
    %cmp/z;
    %jmp/1 T_0.11, 4;
    %pushi/vec4 0, 0, 2;
    %store/vec4 v0x55c3f418b670_0, 0, 2;
    %pushi/vec4 0, 0, 1;
    %store/vec4 v0x55c3f41e50f0_0, 0, 1;
    %jmp T_0.13;
T_0.8 ;
    %pushi/vec4 0, 0, 2;
    %store/vec4 v0x55c3f418b670_0, 0, 2;
    %jmp T_0.13;
T_0.9 ;
    %pushi/vec4 1, 0, 2;
    %store/vec4 v0x55c3f418b670_0, 0, 2;
    %jmp T_0.13;
T_0.10 ;
    %pushi/vec4 2, 0, 2;
    %store/vec4 v0x55c3f418b670_0, 0, 2;
    %jmp T_0.13;
T_0.11 ;
    %pushi/vec4 3, 0, 2;
    %store/vec4 v0x55c3f418b670_0, 0, 2;
    %jmp T_0.13;
T_0.13 ;
    %pop/vec4 1;
    %delay 10000, 0;
    %load/vec4 v0x55c3f418b670_0;
    %load/vec4 v0x55c3f41e5be0_0;
    %cmp/e;
    %flag_get/vec4 6;
    %jmp/0 T_0.16, 6;
    %load/vec4 v0x55c3f41e50f0_0;
    %load/vec4 v0x55c3f41e5e60_0;
    %cmp/e;
    %flag_get/vec4 6;
    %and;
T_0.16;
    %flag_set/vec4 8;
    %jmp/0xz  T_0.14, 8;
    %vpi_call/w 3 48 "$display", "PASS: d_in=%b d_out=%b valid=%b", v0x55c3f41e5af0_0, v0x55c3f41e5be0_0, v0x55c3f41e5e60_0 {0 0 0};
    %load/vec4 v0x55c3f41e5d80_0;
    %addi 1, 0, 32;
    %store/vec4 v0x55c3f41e5d80_0, 0, 32;
    %jmp T_0.15;
T_0.14 ;
    %vpi_call/w 3 52 "$display", "FAIL: d_in=%b d_out=%b valid=%b | exp_out=%b exp_valid=%b", v0x55c3f41e5af0_0, v0x55c3f41e5be0_0, v0x55c3f41e5e60_0, v0x55c3f418b670_0, v0x55c3f41e50f0_0 {0 0 0};
    %load/vec4 v0x55c3f41e5cb0_0;
    %addi 1, 0, 32;
    %store/vec4 v0x55c3f41e5cb0_0, 0, 32;
T_0.15 ;
    %load/vec4 v0x55c3f41e5480_0;
    %addi 1, 0, 2;
    %store/vec4 v0x55c3f41e5480_0, 0, 2;
    %jmp T_0.6;
T_0.7 ;
    %load/vec4 v0x55c3f41e5350_0;
    %addi 1, 0, 2;
    %store/vec4 v0x55c3f41e5350_0, 0, 2;
    %jmp T_0.4;
T_0.5 ;
    %load/vec4 v0x55c3f41e5270_0;
    %addi 1, 0, 2;
    %store/vec4 v0x55c3f41e5270_0, 0, 2;
    %jmp T_0.2;
T_0.3 ;
    %load/vec4 v0x55c3f41e51b0_0;
    %addi 1, 0, 2;
    %store/vec4 v0x55c3f41e51b0_0, 0, 2;
    %jmp T_0.0;
T_0.1 ;
    %end;
S_0x55c3f41e5560 .scope module, "dut" "priority_encoder_4to2" 3 7, 4 1 0, S_0x55c3f41c63d0;
 .timescale 0 0;
    .port_info 0 /INPUT 4 "d_in";
    .port_info 1 /OUTPUT 2 "d_out";
    .port_info 2 /OUTPUT 1 "valid";
v0x55c3f41e57f0_0 .net "d_in", 3 0, v0x55c3f41e5af0_0;  1 drivers
v0x55c3f41e58f0_0 .var "d_out", 1 0;
v0x55c3f41e59d0_0 .var "valid", 0 0;
E_0x55c3f418ba50 .event anyedge, v0x55c3f41e57f0_0;
    .scope S_0x55c3f41e5560;
T_1 ;
    %wait E_0x55c3f418ba50;
    %pushi/vec4 0, 0, 2;
    %store/vec4 v0x55c3f41e58f0_0, 0, 2;
    %pushi/vec4 1, 0, 1;
    %store/vec4 v0x55c3f41e59d0_0, 0, 1;
    %load/vec4 v0x55c3f41e57f0_0;
    %dup/vec4;
    %pushi/vec4 1, 0, 4;
    %cmp/z;
    %jmp/1 T_1.0, 4;
    %dup/vec4;
    %pushi/vec4 2, 1, 4;
    %cmp/z;
    %jmp/1 T_1.1, 4;
    %dup/vec4;
    %pushi/vec4 4, 3, 4;
    %cmp/z;
    %jmp/1 T_1.2, 4;
    %dup/vec4;
    %pushi/vec4 8, 7, 4;
    %cmp/z;
    %jmp/1 T_1.3, 4;
    %pushi/vec4 0, 0, 1;
    %store/vec4 v0x55c3f41e59d0_0, 0, 1;
    %pushi/vec4 0, 0, 2;
    %store/vec4 v0x55c3f41e58f0_0, 0, 2;
    %jmp T_1.5;
T_1.0 ;
    %pushi/vec4 0, 0, 2;
    %store/vec4 v0x55c3f41e58f0_0, 0, 2;
    %jmp T_1.5;
T_1.1 ;
    %pushi/vec4 1, 0, 2;
    %store/vec4 v0x55c3f41e58f0_0, 0, 2;
    %jmp T_1.5;
T_1.2 ;
    %pushi/vec4 2, 0, 2;
    %store/vec4 v0x55c3f41e58f0_0, 0, 2;
    %jmp T_1.5;
T_1.3 ;
    %pushi/vec4 3, 0, 2;
    %store/vec4 v0x55c3f41e58f0_0, 0, 2;
    %jmp T_1.5;
T_1.5 ;
    %pop/vec4 1;
    %jmp T_1;
    .thread T_1, $push;
    .scope S_0x55c3f41c63d0;
T_2 ;
    %pushi/vec4 0, 0, 32;
    %store/vec4 v0x55c3f41e5d80_0, 0, 32;
    %pushi/vec4 0, 0, 32;
    %store/vec4 v0x55c3f41e5cb0_0, 0, 32;
    %end;
    .thread T_2, $init;
    .scope S_0x55c3f41c63d0;
T_3 ;
    %vpi_call/w 3 14 "$dumpfile", "waves/dump.vcd" {0 0 0};
    %vpi_call/w 3 15 "$dumpvars", 32'sb00000000000000000000000000000000, S_0x55c3f41c63d0 {0 0 0};
    %end;
    .thread T_3;
    .scope S_0x55c3f41c63d0;
T_4 ;
    %fork TD_tb_priority_encoder_4to2.check, S_0x55c3f418b490;
    %join;
    %vpi_call/w 3 66 "$display", "Test Summary:" {0 0 0};
    %vpi_call/w 3 67 "$display", "PASS: %d", v0x55c3f41e5d80_0 {0 0 0};
    %vpi_call/w 3 68 "$display", "FAIL: %d", v0x55c3f41e5cb0_0 {0 0 0};
    %vpi_call/w 3 69 "$finish" {0 0 0};
    %end;
    .thread T_4;
# The file index is used to find the file name in the following table.
:file_names 5;
    "N/A";
    "<interactive>";
    "-";
    "tb/tb_priority_encoder_4to2.v";
    "rtl/priority_encoder_4to2.v";
