#! /usr/bin/vvp
:ivl_version "12.0 (stable)";
:ivl_delay_selection "TYPICAL";
:vpi_time_precision - 12;
:vpi_module "/usr/lib/x86_64-linux-gnu/ivl/system.vpi";
:vpi_module "/usr/lib/x86_64-linux-gnu/ivl/vhdl_sys.vpi";
:vpi_module "/usr/lib/x86_64-linux-gnu/ivl/vhdl_textio.vpi";
:vpi_module "/usr/lib/x86_64-linux-gnu/ivl/v2005_math.vpi";
:vpi_module "/usr/lib/x86_64-linux-gnu/ivl/va_math.vpi";
:vpi_module "/usr/lib/x86_64-linux-gnu/ivl/v2009.vpi";
S_0x55804984d010 .scope package, "$unit" "$unit" 2 1;
 .timescale 0 0;
S_0x55804984c8e0 .scope module, "tb_bit3_BCD" "tb_bit3_BCD" 3 3;
 .timescale -9 -12;
v0x558049892980_0 .var "areset_n", 0 0;
v0x558049892ad0_0 .var "clk", 0 0;
v0x558049892b90_0 .var "en", 0 0;
v0x558049892e40_0 .net "out", 11 0, L_0x55804989ac00;  1 drivers
E_0x55804983c6a0 .event negedge, v0x55804988fd10_0;
S_0x55804984b450 .scope task, "check" "check" 3 31, 3 31 0, S_0x55804984c8e0;
 .timescale -9 -12;
TD_tb_bit3_BCD.check ;
    %vpi_call/w 3 33 "$display", "en = %b | areset_n = %b | out = %h", v0x558049892b90_0, v0x558049892980_0, v0x558049892e40_0 {0 0 0};
    %end;
S_0x55804984ad20 .scope module, "dut" "bit3_BCD" 3 9, 4 1 0, S_0x55804984c8e0;
 .timescale 0 0;
    .port_info 0 /INPUT 1 "clk";
    .port_info 1 /INPUT 1 "en";
    .port_info 2 /INPUT 1 "areset_n";
    .port_info 3 /OUTPUT 12 "out";
v0x558049892100_0 .net *"_ivl_19", 3 0, L_0x55804989a990;  1 drivers
v0x558049892200_0 .net *"_ivl_21", 3 0, L_0x55804989aa80;  1 drivers
v0x5580498922e0_0 .net *"_ivl_23", 3 0, L_0x55804989ab60;  1 drivers
v0x5580498923a0_0 .net "areset_n", 0 0, v0x558049892980_0;  1 drivers
v0x558049892440_0 .net "clk", 0 0, v0x558049892ad0_0;  1 drivers
v0x558049892530_0 .net "en", 0 0, v0x558049892b90_0;  1 drivers
v0x5580498925d0_0 .net "out", 11 0, L_0x55804989ac00;  alias, 1 drivers
v0x5580498926b0_0 .net "rst_out", 2 0, L_0x55804989a800;  1 drivers
v0x558049892790_0 .net "w", 11 0, L_0x55804989a670;  1 drivers
L_0x558049897d80 .part L_0x55804989a800, 2, 1;
L_0x55804989a530 .part L_0x55804989a800, 1, 1;
L_0x55804989a670 .concat8 [ 4 4 4 0], L_0x558049899690, L_0x558049896ee0, L_0x558049894820;
L_0x55804989a800 .concat8 [ 1 1 1 0], L_0x558049898860, L_0x5580498960b0, L_0x5580498939f0;
L_0x55804989a990 .part L_0x55804989a670, 0, 4;
L_0x55804989aa80 .part L_0x55804989a670, 4, 4;
L_0x55804989ab60 .part L_0x55804989a670, 8, 4;
L_0x55804989ac00 .concat [ 4 4 4 0], L_0x55804989ab60, L_0x55804989aa80, L_0x55804989a990;
S_0x558049849890 .scope module, "bcd0" "mod_10" 4 26, 5 1 0, S_0x55804984ad20;
 .timescale 0 0;
    .port_info 0 /INPUT 1 "clk";
    .port_info 1 /INPUT 1 "en";
    .port_info 2 /INPUT 1 "areset_n";
    .port_info 3 /OUTPUT 4 "out";
    .port_info 4 /OUTPUT 1 "rst_out";
L_0x558049896e70 .functor NOT 1, v0x558049892980_0, C4<0>, C4<0>, C4<0>;
L_0x558049898000 .functor NOT 1, L_0x558049897f10, C4<0>, C4<0>, C4<0>;
L_0x5580498980c0 .functor AND 1, L_0x558049897e70, L_0x558049898000, C4<1>, C4<1>;
L_0x558049898270 .functor AND 1, L_0x5580498980c0, L_0x5580498981d0, C4<1>, C4<1>;
L_0x558049898480 .functor NOT 1, L_0x5580498983b0, C4<0>, C4<0>, C4<0>;
L_0x5580498984f0 .functor AND 1, L_0x558049898270, L_0x558049898480, C4<1>, C4<1>;
L_0x558049898640 .functor OR 1, L_0x558049896e70, L_0x5580498984f0, C4<0>, C4<0>;
L_0x558049898750 .functor NOT 1, L_0x558049898640, C4<0>, C4<0>, C4<0>;
L_0x558049898860 .functor NOT 1, L_0x558049898750, C4<0>, C4<0>, C4<0>;
L_0x558049898970 .functor NOT 1, L_0x5580498988d0, C4<0>, C4<0>, C4<0>;
L_0x558049898b70 .functor NOT 1, L_0x558049898a90, C4<0>, C4<0>, C4<0>;
L_0x558049898c80 .functor NOT 1, L_0x558049898be0, C4<0>, C4<0>, C4<0>;
L_0x558049898ea0 .functor NOT 1, L_0x558049898db0, C4<0>, C4<0>, C4<0>;
L_0x558049899000 .functor NOT 1, L_0x558049898f60, C4<0>, C4<0>, C4<0>;
L_0x558049898d40 .functor NOT 1, L_0x558049899170, C4<0>, C4<0>, C4<0>;
L_0x558049899340 .functor NOT 1, L_0x5580498992a0, C4<0>, C4<0>, C4<0>;
v0x558049888200_0 .net *"_ivl_0", 0 0, L_0x558049896e70;  1 drivers
v0x558049888300_0 .net *"_ivl_11", 0 0, L_0x5580498981d0;  1 drivers
v0x5580498883e0_0 .net *"_ivl_12", 0 0, L_0x558049898270;  1 drivers
v0x5580498884a0_0 .net *"_ivl_15", 0 0, L_0x5580498983b0;  1 drivers
v0x558049888580_0 .net *"_ivl_16", 0 0, L_0x558049898480;  1 drivers
v0x5580498886b0_0 .net *"_ivl_18", 0 0, L_0x5580498984f0;  1 drivers
v0x558049888790_0 .net *"_ivl_20", 0 0, L_0x558049898640;  1 drivers
v0x558049888870_0 .net *"_ivl_27", 0 0, L_0x5580498988d0;  1 drivers
v0x558049888950_0 .net *"_ivl_3", 0 0, L_0x558049897e70;  1 drivers
v0x558049888a30_0 .net *"_ivl_33", 0 0, L_0x558049898a90;  1 drivers
v0x558049888b10_0 .net *"_ivl_37", 0 0, L_0x558049898be0;  1 drivers
v0x558049888bf0_0 .net *"_ivl_43", 0 0, L_0x558049898db0;  1 drivers
v0x558049888cd0_0 .net *"_ivl_47", 0 0, L_0x558049898f60;  1 drivers
v0x558049888db0_0 .net *"_ivl_5", 0 0, L_0x558049897f10;  1 drivers
v0x558049888e90_0 .net *"_ivl_53", 0 0, L_0x558049899170;  1 drivers
v0x558049888f70_0 .net *"_ivl_57", 0 0, L_0x5580498992a0;  1 drivers
v0x558049889050_0 .net *"_ivl_6", 0 0, L_0x558049898000;  1 drivers
v0x558049889130_0 .net *"_ivl_63", 0 0, L_0x558049899850;  1 drivers
v0x558049889210_0 .net *"_ivl_65", 0 0, L_0x5580498999c0;  1 drivers
v0x5580498892f0_0 .net *"_ivl_67", 0 0, L_0x558049899b00;  1 drivers
v0x5580498893d0_0 .net *"_ivl_69", 0 0, L_0x558049899c80;  1 drivers
v0x5580498894b0_0 .net *"_ivl_78", 0 0, L_0x558049899d70;  1 drivers
v0x558049889590_0 .net *"_ivl_8", 0 0, L_0x5580498980c0;  1 drivers
v0x558049889670_0 .net *"_ivl_80", 0 0, L_0x558049899eb0;  1 drivers
v0x558049889750_0 .net *"_ivl_82", 0 0, L_0x558049899f50;  1 drivers
v0x558049889830_0 .net *"_ivl_84", 0 0, L_0x558049899e10;  1 drivers
v0x558049889910_0 .net *"_ivl_85", 3 0, L_0x55804989a2b0;  1 drivers
v0x5580498899f0_0 .net "areset_n", 0 0, v0x558049892980_0;  alias, 1 drivers
v0x558049889ab0_0 .net "clk", 0 0, L_0x55804989a530;  1 drivers
v0x558049889b50_0 .net "en", 0 0, v0x558049892b90_0;  alias, 1 drivers
v0x558049889bf0_0 .net "out", 3 0, L_0x558049899690;  1 drivers
v0x558049889cb0_0 .net "rst", 0 0, L_0x558049898750;  1 drivers
v0x558049889d50_0 .net "rst_out", 0 0, L_0x558049898860;  1 drivers
v0x55804988a020_0 .net "w", 3 0, L_0x5580498994c0;  1 drivers
L_0x558049897e70 .part L_0x5580498994c0, 0, 1;
L_0x558049897f10 .part L_0x5580498994c0, 1, 1;
L_0x5580498981d0 .part L_0x5580498994c0, 2, 1;
L_0x5580498983b0 .part L_0x5580498994c0, 3, 1;
L_0x5580498988d0 .part L_0x5580498994c0, 3, 1;
L_0x558049898a90 .part L_0x5580498994c0, 3, 1;
L_0x558049898be0 .part L_0x5580498994c0, 2, 1;
L_0x558049898db0 .part L_0x5580498994c0, 2, 1;
L_0x558049898f60 .part L_0x5580498994c0, 1, 1;
L_0x558049899170 .part L_0x5580498994c0, 1, 1;
L_0x5580498992a0 .part L_0x5580498994c0, 0, 1;
L_0x5580498994c0 .concat8 [ 1 1 1 1], v0x558049886bd0_0, v0x5580498872a0_0, v0x5580498879c0_0, v0x558049888050_0;
L_0x558049899690 .concat8 [ 1 1 1 1], L_0x558049899c80, L_0x558049899b00, L_0x5580498999c0, L_0x558049899850;
L_0x558049899850 .part L_0x55804989a2b0, 3, 1;
L_0x5580498999c0 .part L_0x55804989a2b0, 2, 1;
L_0x558049899b00 .part L_0x55804989a2b0, 1, 1;
L_0x558049899c80 .part L_0x55804989a2b0, 0, 1;
L_0x558049899d70 .part L_0x5580498994c0, 0, 1;
L_0x558049899eb0 .part L_0x5580498994c0, 1, 1;
L_0x558049899f50 .part L_0x5580498994c0, 2, 1;
L_0x558049899e10 .part L_0x5580498994c0, 3, 1;
L_0x55804989a2b0 .concat [ 1 1 1 1], L_0x558049899e10, L_0x558049899f50, L_0x558049899eb0, L_0x558049899d70;
S_0x558049849160 .scope module, "u0" "D" 5 39, 6 1 0, S_0x558049849890;
 .timescale 0 0;
    .port_info 0 /INPUT 1 "clk";
    .port_info 1 /INPUT 1 "en";
    .port_info 2 /INPUT 1 "areset_n";
    .port_info 3 /INPUT 1 "d";
    .port_info 4 /OUTPUT 1 "q";
v0x558049869780_0 .net "areset_n", 0 0, L_0x558049898750;  alias, 1 drivers
v0x5580498869b0_0 .net "clk", 0 0, L_0x558049898d40;  1 drivers
v0x558049886a70_0 .net "d", 0 0, L_0x558049899340;  1 drivers
v0x558049886b10_0 .net "en", 0 0, v0x558049892b90_0;  alias, 1 drivers
v0x558049886bd0_0 .var "q", 0 0;
E_0x55804983cde0/0 .event negedge, v0x558049869780_0;
E_0x55804983cde0/1 .event posedge, v0x5580498869b0_0;
E_0x55804983cde0 .event/or E_0x55804983cde0/0, E_0x55804983cde0/1;
S_0x558049886d80 .scope module, "u1" "D" 5 31, 6 1 0, S_0x558049849890;
 .timescale 0 0;
    .port_info 0 /INPUT 1 "clk";
    .port_info 1 /INPUT 1 "en";
    .port_info 2 /INPUT 1 "areset_n";
    .port_info 3 /INPUT 1 "d";
    .port_info 4 /OUTPUT 1 "q";
v0x558049886fa0_0 .net "areset_n", 0 0, L_0x558049898750;  alias, 1 drivers
v0x558049887060_0 .net "clk", 0 0, L_0x558049898ea0;  1 drivers
v0x558049887100_0 .net "d", 0 0, L_0x558049899000;  1 drivers
v0x5580498871d0_0 .net "en", 0 0, v0x558049892b90_0;  alias, 1 drivers
v0x5580498872a0_0 .var "q", 0 0;
E_0x55804983c930/0 .event negedge, v0x558049869780_0;
E_0x55804983c930/1 .event posedge, v0x558049887060_0;
E_0x55804983c930 .event/or E_0x55804983c930/0, E_0x55804983c930/1;
S_0x558049887430 .scope module, "u2" "D" 5 23, 6 1 0, S_0x558049849890;
 .timescale 0 0;
    .port_info 0 /INPUT 1 "clk";
    .port_info 1 /INPUT 1 "en";
    .port_info 2 /INPUT 1 "areset_n";
    .port_info 3 /INPUT 1 "d";
    .port_info 4 /OUTPUT 1 "q";
v0x558049887660_0 .net "areset_n", 0 0, L_0x558049898750;  alias, 1 drivers
v0x558049887770_0 .net "clk", 0 0, L_0x558049898b70;  1 drivers
v0x558049887830_0 .net "d", 0 0, L_0x558049898c80;  1 drivers
v0x5580498878d0_0 .net "en", 0 0, v0x558049892b90_0;  alias, 1 drivers
v0x5580498879c0_0 .var "q", 0 0;
E_0x55804983d0a0/0 .event negedge, v0x558049869780_0;
E_0x55804983d0a0/1 .event posedge, v0x558049887770_0;
E_0x55804983d0a0 .event/or E_0x55804983d0a0/0, E_0x55804983d0a0/1;
S_0x558049887b70 .scope module, "u3" "D" 5 15, 6 1 0, S_0x558049849890;
 .timescale 0 0;
    .port_info 0 /INPUT 1 "clk";
    .port_info 1 /INPUT 1 "en";
    .port_info 2 /INPUT 1 "areset_n";
    .port_info 3 /INPUT 1 "d";
    .port_info 4 /OUTPUT 1 "q";
v0x558049887d90_0 .net "areset_n", 0 0, L_0x558049898750;  alias, 1 drivers
v0x558049887e50_0 .net "clk", 0 0, L_0x55804989a530;  alias, 1 drivers
v0x558049887f10_0 .net "d", 0 0, L_0x558049898970;  1 drivers
v0x558049887fb0_0 .net "en", 0 0, v0x558049892b90_0;  alias, 1 drivers
v0x558049888050_0 .var "q", 0 0;
E_0x5580498247c0/0 .event negedge, v0x558049869780_0;
E_0x5580498247c0/1 .event posedge, v0x558049887e50_0;
E_0x5580498247c0 .event/or E_0x5580498247c0/0, E_0x5580498247c0/1;
S_0x55804988a1d0 .scope module, "bcd1" "mod_10" 4 18, 5 1 0, S_0x55804984ad20;
 .timescale 0 0;
    .port_info 0 /INPUT 1 "clk";
    .port_info 1 /INPUT 1 "en";
    .port_info 2 /INPUT 1 "areset_n";
    .port_info 3 /OUTPUT 4 "out";
    .port_info 4 /OUTPUT 1 "rst_out";
L_0x5580498947b0 .functor NOT 1, v0x558049892980_0, C4<0>, C4<0>, C4<0>;
L_0x558049895850 .functor NOT 1, L_0x558049895760, C4<0>, C4<0>, C4<0>;
L_0x558049895910 .functor AND 1, L_0x5580498956c0, L_0x558049895850, C4<1>, C4<1>;
L_0x558049895ac0 .functor AND 1, L_0x558049895910, L_0x558049895a20, C4<1>, C4<1>;
L_0x558049895cd0 .functor NOT 1, L_0x558049895c00, C4<0>, C4<0>, C4<0>;
L_0x558049895d40 .functor AND 1, L_0x558049895ac0, L_0x558049895cd0, C4<1>, C4<1>;
L_0x558049895e90 .functor OR 1, L_0x5580498947b0, L_0x558049895d40, C4<0>, C4<0>;
L_0x558049895fa0 .functor NOT 1, L_0x558049895e90, C4<0>, C4<0>, C4<0>;
L_0x5580498960b0 .functor NOT 1, L_0x558049895fa0, C4<0>, C4<0>, C4<0>;
L_0x5580498961c0 .functor NOT 1, L_0x558049896120, C4<0>, C4<0>, C4<0>;
L_0x5580498963c0 .functor NOT 1, L_0x5580498962e0, C4<0>, C4<0>, C4<0>;
L_0x5580498964d0 .functor NOT 1, L_0x558049896430, C4<0>, C4<0>, C4<0>;
L_0x5580498966f0 .functor NOT 1, L_0x558049896600, C4<0>, C4<0>, C4<0>;
L_0x558049896850 .functor NOT 1, L_0x5580498967b0, C4<0>, C4<0>, C4<0>;
L_0x558049896590 .functor NOT 1, L_0x5580498969c0, C4<0>, C4<0>, C4<0>;
L_0x558049896b90 .functor NOT 1, L_0x558049896af0, C4<0>, C4<0>, C4<0>;
v0x55804988c0b0_0 .net *"_ivl_0", 0 0, L_0x5580498947b0;  1 drivers
v0x55804988c1b0_0 .net *"_ivl_11", 0 0, L_0x558049895a20;  1 drivers
v0x55804988c290_0 .net *"_ivl_12", 0 0, L_0x558049895ac0;  1 drivers
v0x55804988c350_0 .net *"_ivl_15", 0 0, L_0x558049895c00;  1 drivers
v0x55804988c430_0 .net *"_ivl_16", 0 0, L_0x558049895cd0;  1 drivers
v0x55804988c560_0 .net *"_ivl_18", 0 0, L_0x558049895d40;  1 drivers
v0x55804988c640_0 .net *"_ivl_20", 0 0, L_0x558049895e90;  1 drivers
v0x55804988c720_0 .net *"_ivl_27", 0 0, L_0x558049896120;  1 drivers
v0x55804988c800_0 .net *"_ivl_3", 0 0, L_0x5580498956c0;  1 drivers
v0x55804988c8e0_0 .net *"_ivl_33", 0 0, L_0x5580498962e0;  1 drivers
v0x55804988c9c0_0 .net *"_ivl_37", 0 0, L_0x558049896430;  1 drivers
v0x55804988caa0_0 .net *"_ivl_43", 0 0, L_0x558049896600;  1 drivers
v0x55804988cb80_0 .net *"_ivl_47", 0 0, L_0x5580498967b0;  1 drivers
v0x55804988cc60_0 .net *"_ivl_5", 0 0, L_0x558049895760;  1 drivers
v0x55804988cd40_0 .net *"_ivl_53", 0 0, L_0x5580498969c0;  1 drivers
v0x55804988ce20_0 .net *"_ivl_57", 0 0, L_0x558049896af0;  1 drivers
v0x55804988cf00_0 .net *"_ivl_6", 0 0, L_0x558049895850;  1 drivers
v0x55804988cfe0_0 .net *"_ivl_63", 0 0, L_0x5580498970a0;  1 drivers
v0x55804988d0c0_0 .net *"_ivl_65", 0 0, L_0x558049897210;  1 drivers
v0x55804988d1a0_0 .net *"_ivl_67", 0 0, L_0x558049897350;  1 drivers
v0x55804988d280_0 .net *"_ivl_69", 0 0, L_0x5580498974d0;  1 drivers
v0x55804988d360_0 .net *"_ivl_78", 0 0, L_0x5580498975c0;  1 drivers
v0x55804988d440_0 .net *"_ivl_8", 0 0, L_0x558049895910;  1 drivers
v0x55804988d520_0 .net *"_ivl_80", 0 0, L_0x558049897700;  1 drivers
v0x55804988d600_0 .net *"_ivl_82", 0 0, L_0x5580498977a0;  1 drivers
v0x55804988d6e0_0 .net *"_ivl_84", 0 0, L_0x558049897660;  1 drivers
v0x55804988d7c0_0 .net *"_ivl_85", 3 0, L_0x558049897b00;  1 drivers
v0x55804988d8a0_0 .net "areset_n", 0 0, v0x558049892980_0;  alias, 1 drivers
v0x55804988d940_0 .net "clk", 0 0, L_0x558049897d80;  1 drivers
v0x55804988da10_0 .net "en", 0 0, v0x558049892b90_0;  alias, 1 drivers
v0x55804988dab0_0 .net "out", 3 0, L_0x558049896ee0;  1 drivers
v0x55804988db50_0 .net "rst", 0 0, L_0x558049895fa0;  1 drivers
v0x55804988dbf0_0 .net "rst_out", 0 0, L_0x5580498960b0;  1 drivers
v0x55804988dec0_0 .net "w", 3 0, L_0x558049896d10;  1 drivers
L_0x5580498956c0 .part L_0x558049896d10, 0, 1;
L_0x558049895760 .part L_0x558049896d10, 1, 1;
L_0x558049895a20 .part L_0x558049896d10, 2, 1;
L_0x558049895c00 .part L_0x558049896d10, 3, 1;
L_0x558049896120 .part L_0x558049896d10, 3, 1;
L_0x5580498962e0 .part L_0x558049896d10, 3, 1;
L_0x558049896430 .part L_0x558049896d10, 2, 1;
L_0x558049896600 .part L_0x558049896d10, 2, 1;
L_0x5580498967b0 .part L_0x558049896d10, 1, 1;
L_0x5580498969c0 .part L_0x558049896d10, 1, 1;
L_0x558049896af0 .part L_0x558049896d10, 0, 1;
L_0x558049896d10 .concat8 [ 1 1 1 1], v0x55804988a890_0, v0x55804988afd0_0, v0x55804988b780_0, v0x55804988bf00_0;
L_0x558049896ee0 .concat8 [ 1 1 1 1], L_0x5580498974d0, L_0x558049897350, L_0x558049897210, L_0x5580498970a0;
L_0x5580498970a0 .part L_0x558049897b00, 3, 1;
L_0x558049897210 .part L_0x558049897b00, 2, 1;
L_0x558049897350 .part L_0x558049897b00, 1, 1;
L_0x5580498974d0 .part L_0x558049897b00, 0, 1;
L_0x5580498975c0 .part L_0x558049896d10, 0, 1;
L_0x558049897700 .part L_0x558049896d10, 1, 1;
L_0x5580498977a0 .part L_0x558049896d10, 2, 1;
L_0x558049897660 .part L_0x558049896d10, 3, 1;
L_0x558049897b00 .concat [ 1 1 1 1], L_0x558049897660, L_0x5580498977a0, L_0x558049897700, L_0x5580498975c0;
S_0x55804988a380 .scope module, "u0" "D" 5 39, 6 1 0, S_0x55804988a1d0;
 .timescale 0 0;
    .port_info 0 /INPUT 1 "clk";
    .port_info 1 /INPUT 1 "en";
    .port_info 2 /INPUT 1 "areset_n";
    .port_info 3 /INPUT 1 "d";
    .port_info 4 /OUTPUT 1 "q";
v0x55804988a580_0 .net "areset_n", 0 0, L_0x558049895fa0;  alias, 1 drivers
v0x55804988a660_0 .net "clk", 0 0, L_0x558049896590;  1 drivers
v0x55804988a720_0 .net "d", 0 0, L_0x558049896b90;  1 drivers
v0x55804988a7f0_0 .net "en", 0 0, v0x558049892b90_0;  alias, 1 drivers
v0x55804988a890_0 .var "q", 0 0;
E_0x55804986bb60/0 .event negedge, v0x55804988a580_0;
E_0x55804986bb60/1 .event posedge, v0x55804988a660_0;
E_0x55804986bb60 .event/or E_0x55804986bb60/0, E_0x55804986bb60/1;
S_0x55804988a9f0 .scope module, "u1" "D" 5 31, 6 1 0, S_0x55804988a1d0;
 .timescale 0 0;
    .port_info 0 /INPUT 1 "clk";
    .port_info 1 /INPUT 1 "en";
    .port_info 2 /INPUT 1 "areset_n";
    .port_info 3 /INPUT 1 "d";
    .port_info 4 /OUTPUT 1 "q";
v0x55804988acd0_0 .net "areset_n", 0 0, L_0x558049895fa0;  alias, 1 drivers
v0x55804988adc0_0 .net "clk", 0 0, L_0x5580498966f0;  1 drivers
v0x55804988ae60_0 .net "d", 0 0, L_0x558049896850;  1 drivers
v0x55804988af30_0 .net "en", 0 0, v0x558049892b90_0;  alias, 1 drivers
v0x55804988afd0_0 .var "q", 0 0;
E_0x55804988ac70/0 .event negedge, v0x55804988a580_0;
E_0x55804988ac70/1 .event posedge, v0x55804988adc0_0;
E_0x55804988ac70 .event/or E_0x55804988ac70/0, E_0x55804988ac70/1;
S_0x55804988b180 .scope module, "u2" "D" 5 23, 6 1 0, S_0x55804988a1d0;
 .timescale 0 0;
    .port_info 0 /INPUT 1 "clk";
    .port_info 1 /INPUT 1 "en";
    .port_info 2 /INPUT 1 "areset_n";
    .port_info 3 /INPUT 1 "d";
    .port_info 4 /OUTPUT 1 "q";
v0x55804988b470_0 .net "areset_n", 0 0, L_0x558049895fa0;  alias, 1 drivers
v0x55804988b580_0 .net "clk", 0 0, L_0x5580498963c0;  1 drivers
v0x55804988b640_0 .net "d", 0 0, L_0x5580498964d0;  1 drivers
v0x55804988b6e0_0 .net "en", 0 0, v0x558049892b90_0;  alias, 1 drivers
v0x55804988b780_0 .var "q", 0 0;
E_0x55804988b410/0 .event negedge, v0x55804988a580_0;
E_0x55804988b410/1 .event posedge, v0x55804988b580_0;
E_0x55804988b410 .event/or E_0x55804988b410/0, E_0x55804988b410/1;
S_0x55804988b930 .scope module, "u3" "D" 5 15, 6 1 0, S_0x55804988a1d0;
 .timescale 0 0;
    .port_info 0 /INPUT 1 "clk";
    .port_info 1 /INPUT 1 "en";
    .port_info 2 /INPUT 1 "areset_n";
    .port_info 3 /INPUT 1 "d";
    .port_info 4 /OUTPUT 1 "q";
v0x55804988bc10_0 .net "areset_n", 0 0, L_0x558049895fa0;  alias, 1 drivers
v0x55804988bcd0_0 .net "clk", 0 0, L_0x558049897d80;  alias, 1 drivers
v0x55804988bd90_0 .net "d", 0 0, L_0x5580498961c0;  1 drivers
v0x55804988be60_0 .net "en", 0 0, v0x558049892b90_0;  alias, 1 drivers
v0x55804988bf00_0 .var "q", 0 0;
E_0x55804988bb90/0 .event negedge, v0x55804988a580_0;
E_0x55804988bb90/1 .event posedge, v0x55804988bcd0_0;
E_0x55804988bb90 .event/or E_0x55804988bb90/0, E_0x55804988bb90/1;
S_0x55804988e070 .scope module, "bcd2" "mod_10" 4 10, 5 1 0, S_0x55804984ad20;
 .timescale 0 0;
    .port_info 0 /INPUT 1 "clk";
    .port_info 1 /INPUT 1 "en";
    .port_info 2 /INPUT 1 "areset_n";
    .port_info 3 /OUTPUT 4 "out";
    .port_info 4 /OUTPUT 1 "rst_out";
L_0x558049892ee0 .functor NOT 1, v0x558049892980_0, C4<0>, C4<0>, C4<0>;
L_0x558049893150 .functor NOT 1, L_0x558049893080, C4<0>, C4<0>, C4<0>;
L_0x5580498931c0 .functor AND 1, L_0x558049892f80, L_0x558049893150, C4<1>, C4<1>;
L_0x558049893370 .functor AND 1, L_0x5580498931c0, L_0x5580498932d0, C4<1>, C4<1>;
L_0x558049893610 .functor NOT 1, L_0x5580498934b0, C4<0>, C4<0>, C4<0>;
L_0x558049893680 .functor AND 1, L_0x558049893370, L_0x558049893610, C4<1>, C4<1>;
L_0x5580498937d0 .functor OR 1, L_0x558049892ee0, L_0x558049893680, C4<0>, C4<0>;
L_0x5580498938e0 .functor NOT 1, L_0x5580498937d0, C4<0>, C4<0>, C4<0>;
L_0x5580498939f0 .functor NOT 1, L_0x5580498938e0, C4<0>, C4<0>, C4<0>;
L_0x558049893b00 .functor NOT 1, L_0x558049893a60, C4<0>, C4<0>, C4<0>;
L_0x558049893d00 .functor NOT 1, L_0x558049893c20, C4<0>, C4<0>, C4<0>;
L_0x558049893e10 .functor NOT 1, L_0x558049893d70, C4<0>, C4<0>, C4<0>;
L_0x558049894030 .functor NOT 1, L_0x558049893f40, C4<0>, C4<0>, C4<0>;
L_0x558049894190 .functor NOT 1, L_0x5580498940f0, C4<0>, C4<0>, C4<0>;
L_0x558049893ed0 .functor NOT 1, L_0x558049894300, C4<0>, C4<0>, C4<0>;
L_0x5580498944d0 .functor NOT 1, L_0x558049894430, C4<0>, C4<0>, C4<0>;
v0x5580498900f0_0 .net *"_ivl_0", 0 0, L_0x558049892ee0;  1 drivers
v0x5580498901f0_0 .net *"_ivl_11", 0 0, L_0x5580498932d0;  1 drivers
v0x5580498902d0_0 .net *"_ivl_12", 0 0, L_0x558049893370;  1 drivers
v0x558049890390_0 .net *"_ivl_15", 0 0, L_0x5580498934b0;  1 drivers
v0x558049890470_0 .net *"_ivl_16", 0 0, L_0x558049893610;  1 drivers
v0x5580498905a0_0 .net *"_ivl_18", 0 0, L_0x558049893680;  1 drivers
v0x558049890680_0 .net *"_ivl_20", 0 0, L_0x5580498937d0;  1 drivers
v0x558049890760_0 .net *"_ivl_27", 0 0, L_0x558049893a60;  1 drivers
v0x558049890840_0 .net *"_ivl_3", 0 0, L_0x558049892f80;  1 drivers
v0x5580498909b0_0 .net *"_ivl_33", 0 0, L_0x558049893c20;  1 drivers
v0x558049890a90_0 .net *"_ivl_37", 0 0, L_0x558049893d70;  1 drivers
v0x558049890b70_0 .net *"_ivl_43", 0 0, L_0x558049893f40;  1 drivers
v0x558049890c50_0 .net *"_ivl_47", 0 0, L_0x5580498940f0;  1 drivers
v0x558049890d30_0 .net *"_ivl_5", 0 0, L_0x558049893080;  1 drivers
v0x558049890e10_0 .net *"_ivl_53", 0 0, L_0x558049894300;  1 drivers
v0x558049890ef0_0 .net *"_ivl_57", 0 0, L_0x558049894430;  1 drivers
v0x558049890fd0_0 .net *"_ivl_6", 0 0, L_0x558049893150;  1 drivers
v0x5580498910b0_0 .net *"_ivl_63", 0 0, L_0x5580498949e0;  1 drivers
v0x558049891190_0 .net *"_ivl_65", 0 0, L_0x558049894b50;  1 drivers
v0x558049891270_0 .net *"_ivl_67", 0 0, L_0x558049894c90;  1 drivers
v0x558049891350_0 .net *"_ivl_69", 0 0, L_0x558049894e10;  1 drivers
v0x558049891430_0 .net *"_ivl_78", 0 0, L_0x558049894f00;  1 drivers
v0x558049891510_0 .net *"_ivl_8", 0 0, L_0x5580498931c0;  1 drivers
v0x5580498915f0_0 .net *"_ivl_80", 0 0, L_0x558049895040;  1 drivers
v0x5580498916d0_0 .net *"_ivl_82", 0 0, L_0x5580498950e0;  1 drivers
v0x5580498917b0_0 .net *"_ivl_84", 0 0, L_0x558049894fa0;  1 drivers
v0x558049891890_0 .net *"_ivl_85", 3 0, L_0x558049895440;  1 drivers
v0x558049891970_0 .net "areset_n", 0 0, v0x558049892980_0;  alias, 1 drivers
v0x558049891a10_0 .net "clk", 0 0, v0x558049892ad0_0;  alias, 1 drivers
v0x558049891ab0_0 .net "en", 0 0, v0x558049892b90_0;  alias, 1 drivers
v0x558049891b50_0 .net "out", 3 0, L_0x558049894820;  1 drivers
v0x558049891c10_0 .net "rst", 0 0, L_0x5580498938e0;  1 drivers
v0x558049891cb0_0 .net "rst_out", 0 0, L_0x5580498939f0;  1 drivers
v0x558049891f80_0 .net "w", 3 0, L_0x558049894650;  1 drivers
L_0x558049892f80 .part L_0x558049894650, 0, 1;
L_0x558049893080 .part L_0x558049894650, 1, 1;
L_0x5580498932d0 .part L_0x558049894650, 2, 1;
L_0x5580498934b0 .part L_0x558049894650, 3, 1;
L_0x558049893a60 .part L_0x558049894650, 3, 1;
L_0x558049893c20 .part L_0x558049894650, 3, 1;
L_0x558049893d70 .part L_0x558049894650, 2, 1;
L_0x558049893f40 .part L_0x558049894650, 2, 1;
L_0x5580498940f0 .part L_0x558049894650, 1, 1;
L_0x558049894300 .part L_0x558049894650, 1, 1;
L_0x558049894430 .part L_0x558049894650, 0, 1;
L_0x558049894650 .concat8 [ 1 1 1 1], v0x55804988e880_0, v0x55804988f010_0, v0x55804988f7c0_0, v0x55804988ff40_0;
L_0x558049894820 .concat8 [ 1 1 1 1], L_0x558049894e10, L_0x558049894c90, L_0x558049894b50, L_0x5580498949e0;
L_0x5580498949e0 .part L_0x558049895440, 3, 1;
L_0x558049894b50 .part L_0x558049895440, 2, 1;
L_0x558049894c90 .part L_0x558049895440, 1, 1;
L_0x558049894e10 .part L_0x558049895440, 0, 1;
L_0x558049894f00 .part L_0x558049894650, 0, 1;
L_0x558049895040 .part L_0x558049894650, 1, 1;
L_0x5580498950e0 .part L_0x558049894650, 2, 1;
L_0x558049894fa0 .part L_0x558049894650, 3, 1;
L_0x558049895440 .concat [ 1 1 1 1], L_0x558049894fa0, L_0x5580498950e0, L_0x558049895040, L_0x558049894f00;
S_0x55804988e2b0 .scope module, "u0" "D" 5 39, 6 1 0, S_0x55804988e070;
 .timescale 0 0;
    .port_info 0 /INPUT 1 "clk";
    .port_info 1 /INPUT 1 "en";
    .port_info 2 /INPUT 1 "areset_n";
    .port_info 3 /INPUT 1 "d";
    .port_info 4 /OUTPUT 1 "q";
v0x55804988e570_0 .net "areset_n", 0 0, L_0x5580498938e0;  alias, 1 drivers
v0x55804988e650_0 .net "clk", 0 0, L_0x558049893ed0;  1 drivers
v0x55804988e710_0 .net "d", 0 0, L_0x5580498944d0;  1 drivers
v0x55804988e7e0_0 .net "en", 0 0, v0x558049892b90_0;  alias, 1 drivers
v0x55804988e880_0 .var "q", 0 0;
E_0x55804988e4f0/0 .event negedge, v0x55804988e570_0;
E_0x55804988e4f0/1 .event posedge, v0x55804988e650_0;
E_0x55804988e4f0 .event/or E_0x55804988e4f0/0, E_0x55804988e4f0/1;
S_0x55804988ea30 .scope module, "u1" "D" 5 31, 6 1 0, S_0x55804988e070;
 .timescale 0 0;
    .port_info 0 /INPUT 1 "clk";
    .port_info 1 /INPUT 1 "en";
    .port_info 2 /INPUT 1 "areset_n";
    .port_info 3 /INPUT 1 "d";
    .port_info 4 /OUTPUT 1 "q";
v0x55804988ed10_0 .net "areset_n", 0 0, L_0x5580498938e0;  alias, 1 drivers
v0x55804988ee00_0 .net "clk", 0 0, L_0x558049894030;  1 drivers
v0x55804988eea0_0 .net "d", 0 0, L_0x558049894190;  1 drivers
v0x55804988ef70_0 .net "en", 0 0, v0x558049892b90_0;  alias, 1 drivers
v0x55804988f010_0 .var "q", 0 0;
E_0x55804988ecb0/0 .event negedge, v0x55804988e570_0;
E_0x55804988ecb0/1 .event posedge, v0x55804988ee00_0;
E_0x55804988ecb0 .event/or E_0x55804988ecb0/0, E_0x55804988ecb0/1;
S_0x55804988f1c0 .scope module, "u2" "D" 5 23, 6 1 0, S_0x55804988e070;
 .timescale 0 0;
    .port_info 0 /INPUT 1 "clk";
    .port_info 1 /INPUT 1 "en";
    .port_info 2 /INPUT 1 "areset_n";
    .port_info 3 /INPUT 1 "d";
    .port_info 4 /OUTPUT 1 "q";
v0x55804988f4b0_0 .net "areset_n", 0 0, L_0x5580498938e0;  alias, 1 drivers
v0x55804988f5c0_0 .net "clk", 0 0, L_0x558049893d00;  1 drivers
v0x55804988f680_0 .net "d", 0 0, L_0x558049893e10;  1 drivers
v0x55804988f720_0 .net "en", 0 0, v0x558049892b90_0;  alias, 1 drivers
v0x55804988f7c0_0 .var "q", 0 0;
E_0x55804988f450/0 .event negedge, v0x55804988e570_0;
E_0x55804988f450/1 .event posedge, v0x55804988f5c0_0;
E_0x55804988f450 .event/or E_0x55804988f450/0, E_0x55804988f450/1;
S_0x55804988f970 .scope module, "u3" "D" 5 15, 6 1 0, S_0x55804988e070;
 .timescale 0 0;
    .port_info 0 /INPUT 1 "clk";
    .port_info 1 /INPUT 1 "en";
    .port_info 2 /INPUT 1 "areset_n";
    .port_info 3 /INPUT 1 "d";
    .port_info 4 /OUTPUT 1 "q";
v0x55804988fc50_0 .net "areset_n", 0 0, L_0x5580498938e0;  alias, 1 drivers
v0x55804988fd10_0 .net "clk", 0 0, v0x558049892ad0_0;  alias, 1 drivers
v0x55804988fdd0_0 .net "d", 0 0, L_0x558049893b00;  1 drivers
v0x55804988fea0_0 .net "en", 0 0, v0x558049892b90_0;  alias, 1 drivers
v0x55804988ff40_0 .var "q", 0 0;
E_0x55804988fbd0/0 .event negedge, v0x55804988e570_0;
E_0x55804988fbd0/1 .event posedge, v0x55804988fd10_0;
E_0x55804988fbd0 .event/or E_0x55804988fbd0/0, E_0x55804988fbd0/1;
    .scope S_0x55804988f970;
T_1 ;
    %wait E_0x55804988fbd0;
    %load/vec4 v0x55804988fc50_0;
    %nor/r;
    %flag_set/vec4 8;
    %jmp/0xz  T_1.0, 8;
    %pushi/vec4 0, 0, 1;
    %assign/vec4 v0x55804988ff40_0, 0;
    %jmp T_1.1;
T_1.0 ;
    %load/vec4 v0x55804988fea0_0;
    %flag_set/vec4 8;
    %jmp/0xz  T_1.2, 8;
    %load/vec4 v0x55804988fdd0_0;
    %assign/vec4 v0x55804988ff40_0, 0;
    %jmp T_1.3;
T_1.2 ;
    %load/vec4 v0x55804988ff40_0;
    %assign/vec4 v0x55804988ff40_0, 0;
T_1.3 ;
T_1.1 ;
    %jmp T_1;
    .thread T_1;
    .scope S_0x55804988f1c0;
T_2 ;
    %wait E_0x55804988f450;
    %load/vec4 v0x55804988f4b0_0;
    %nor/r;
    %flag_set/vec4 8;
    %jmp/0xz  T_2.0, 8;
    %pushi/vec4 0, 0, 1;
    %assign/vec4 v0x55804988f7c0_0, 0;
    %jmp T_2.1;
T_2.0 ;
    %load/vec4 v0x55804988f720_0;
    %flag_set/vec4 8;
    %jmp/0xz  T_2.2, 8;
    %load/vec4 v0x55804988f680_0;
    %assign/vec4 v0x55804988f7c0_0, 0;
    %jmp T_2.3;
T_2.2 ;
    %load/vec4 v0x55804988f7c0_0;
    %assign/vec4 v0x55804988f7c0_0, 0;
T_2.3 ;
T_2.1 ;
    %jmp T_2;
    .thread T_2;
    .scope S_0x55804988ea30;
T_3 ;
    %wait E_0x55804988ecb0;
    %load/vec4 v0x55804988ed10_0;
    %nor/r;
    %flag_set/vec4 8;
    %jmp/0xz  T_3.0, 8;
    %pushi/vec4 0, 0, 1;
    %assign/vec4 v0x55804988f010_0, 0;
    %jmp T_3.1;
T_3.0 ;
    %load/vec4 v0x55804988ef70_0;
    %flag_set/vec4 8;
    %jmp/0xz  T_3.2, 8;
    %load/vec4 v0x55804988eea0_0;
    %assign/vec4 v0x55804988f010_0, 0;
    %jmp T_3.3;
T_3.2 ;
    %load/vec4 v0x55804988f010_0;
    %assign/vec4 v0x55804988f010_0, 0;
T_3.3 ;
T_3.1 ;
    %jmp T_3;
    .thread T_3;
    .scope S_0x55804988e2b0;
T_4 ;
    %wait E_0x55804988e4f0;
    %load/vec4 v0x55804988e570_0;
    %nor/r;
    %flag_set/vec4 8;
    %jmp/0xz  T_4.0, 8;
    %pushi/vec4 0, 0, 1;
    %assign/vec4 v0x55804988e880_0, 0;
    %jmp T_4.1;
T_4.0 ;
    %load/vec4 v0x55804988e7e0_0;
    %flag_set/vec4 8;
    %jmp/0xz  T_4.2, 8;
    %load/vec4 v0x55804988e710_0;
    %assign/vec4 v0x55804988e880_0, 0;
    %jmp T_4.3;
T_4.2 ;
    %load/vec4 v0x55804988e880_0;
    %assign/vec4 v0x55804988e880_0, 0;
T_4.3 ;
T_4.1 ;
    %jmp T_4;
    .thread T_4;
    .scope S_0x55804988b930;
T_5 ;
    %wait E_0x55804988bb90;
    %load/vec4 v0x55804988bc10_0;
    %nor/r;
    %flag_set/vec4 8;
    %jmp/0xz  T_5.0, 8;
    %pushi/vec4 0, 0, 1;
    %assign/vec4 v0x55804988bf00_0, 0;
    %jmp T_5.1;
T_5.0 ;
    %load/vec4 v0x55804988be60_0;
    %flag_set/vec4 8;
    %jmp/0xz  T_5.2, 8;
    %load/vec4 v0x55804988bd90_0;
    %assign/vec4 v0x55804988bf00_0, 0;
    %jmp T_5.3;
T_5.2 ;
    %load/vec4 v0x55804988bf00_0;
    %assign/vec4 v0x55804988bf00_0, 0;
T_5.3 ;
T_5.1 ;
    %jmp T_5;
    .thread T_5;
    .scope S_0x55804988b180;
T_6 ;
    %wait E_0x55804988b410;
    %load/vec4 v0x55804988b470_0;
    %nor/r;
    %flag_set/vec4 8;
    %jmp/0xz  T_6.0, 8;
    %pushi/vec4 0, 0, 1;
    %assign/vec4 v0x55804988b780_0, 0;
    %jmp T_6.1;
T_6.0 ;
    %load/vec4 v0x55804988b6e0_0;
    %flag_set/vec4 8;
    %jmp/0xz  T_6.2, 8;
    %load/vec4 v0x55804988b640_0;
    %assign/vec4 v0x55804988b780_0, 0;
    %jmp T_6.3;
T_6.2 ;
    %load/vec4 v0x55804988b780_0;
    %assign/vec4 v0x55804988b780_0, 0;
T_6.3 ;
T_6.1 ;
    %jmp T_6;
    .thread T_6;
    .scope S_0x55804988a9f0;
T_7 ;
    %wait E_0x55804988ac70;
    %load/vec4 v0x55804988acd0_0;
    %nor/r;
    %flag_set/vec4 8;
    %jmp/0xz  T_7.0, 8;
    %pushi/vec4 0, 0, 1;
    %assign/vec4 v0x55804988afd0_0, 0;
    %jmp T_7.1;
T_7.0 ;
    %load/vec4 v0x55804988af30_0;
    %flag_set/vec4 8;
    %jmp/0xz  T_7.2, 8;
    %load/vec4 v0x55804988ae60_0;
    %assign/vec4 v0x55804988afd0_0, 0;
    %jmp T_7.3;
T_7.2 ;
    %load/vec4 v0x55804988afd0_0;
    %assign/vec4 v0x55804988afd0_0, 0;
T_7.3 ;
T_7.1 ;
    %jmp T_7;
    .thread T_7;
    .scope S_0x55804988a380;
T_8 ;
    %wait E_0x55804986bb60;
    %load/vec4 v0x55804988a580_0;
    %nor/r;
    %flag_set/vec4 8;
    %jmp/0xz  T_8.0, 8;
    %pushi/vec4 0, 0, 1;
    %assign/vec4 v0x55804988a890_0, 0;
    %jmp T_8.1;
T_8.0 ;
    %load/vec4 v0x55804988a7f0_0;
    %flag_set/vec4 8;
    %jmp/0xz  T_8.2, 8;
    %load/vec4 v0x55804988a720_0;
    %assign/vec4 v0x55804988a890_0, 0;
    %jmp T_8.3;
T_8.2 ;
    %load/vec4 v0x55804988a890_0;
    %assign/vec4 v0x55804988a890_0, 0;
T_8.3 ;
T_8.1 ;
    %jmp T_8;
    .thread T_8;
    .scope S_0x558049887b70;
T_9 ;
    %wait E_0x5580498247c0;
    %load/vec4 v0x558049887d90_0;
    %nor/r;
    %flag_set/vec4 8;
    %jmp/0xz  T_9.0, 8;
    %pushi/vec4 0, 0, 1;
    %assign/vec4 v0x558049888050_0, 0;
    %jmp T_9.1;
T_9.0 ;
    %load/vec4 v0x558049887fb0_0;
    %flag_set/vec4 8;
    %jmp/0xz  T_9.2, 8;
    %load/vec4 v0x558049887f10_0;
    %assign/vec4 v0x558049888050_0, 0;
    %jmp T_9.3;
T_9.2 ;
    %load/vec4 v0x558049888050_0;
    %assign/vec4 v0x558049888050_0, 0;
T_9.3 ;
T_9.1 ;
    %jmp T_9;
    .thread T_9;
    .scope S_0x558049887430;
T_10 ;
    %wait E_0x55804983d0a0;
    %load/vec4 v0x558049887660_0;
    %nor/r;
    %flag_set/vec4 8;
    %jmp/0xz  T_10.0, 8;
    %pushi/vec4 0, 0, 1;
    %assign/vec4 v0x5580498879c0_0, 0;
    %jmp T_10.1;
T_10.0 ;
    %load/vec4 v0x5580498878d0_0;
    %flag_set/vec4 8;
    %jmp/0xz  T_10.2, 8;
    %load/vec4 v0x558049887830_0;
    %assign/vec4 v0x5580498879c0_0, 0;
    %jmp T_10.3;
T_10.2 ;
    %load/vec4 v0x5580498879c0_0;
    %assign/vec4 v0x5580498879c0_0, 0;
T_10.3 ;
T_10.1 ;
    %jmp T_10;
    .thread T_10;
    .scope S_0x558049886d80;
T_11 ;
    %wait E_0x55804983c930;
    %load/vec4 v0x558049886fa0_0;
    %nor/r;
    %flag_set/vec4 8;
    %jmp/0xz  T_11.0, 8;
    %pushi/vec4 0, 0, 1;
    %assign/vec4 v0x5580498872a0_0, 0;
    %jmp T_11.1;
T_11.0 ;
    %load/vec4 v0x5580498871d0_0;
    %flag_set/vec4 8;
    %jmp/0xz  T_11.2, 8;
    %load/vec4 v0x558049887100_0;
    %assign/vec4 v0x5580498872a0_0, 0;
    %jmp T_11.3;
T_11.2 ;
    %load/vec4 v0x5580498872a0_0;
    %assign/vec4 v0x5580498872a0_0, 0;
T_11.3 ;
T_11.1 ;
    %jmp T_11;
    .thread T_11;
    .scope S_0x558049849160;
T_12 ;
    %wait E_0x55804983cde0;
    %load/vec4 v0x558049869780_0;
    %nor/r;
    %flag_set/vec4 8;
    %jmp/0xz  T_12.0, 8;
    %pushi/vec4 0, 0, 1;
    %assign/vec4 v0x558049886bd0_0, 0;
    %jmp T_12.1;
T_12.0 ;
    %load/vec4 v0x558049886b10_0;
    %flag_set/vec4 8;
    %jmp/0xz  T_12.2, 8;
    %load/vec4 v0x558049886a70_0;
    %assign/vec4 v0x558049886bd0_0, 0;
    %jmp T_12.3;
T_12.2 ;
    %load/vec4 v0x558049886bd0_0;
    %assign/vec4 v0x558049886bd0_0, 0;
T_12.3 ;
T_12.1 ;
    %jmp T_12;
    .thread T_12;
    .scope S_0x55804984c8e0;
T_13 ;
    %vpi_call/w 3 17 "$dumpfile", "waves/dump.vcd" {0 0 0};
    %vpi_call/w 3 18 "$dumpvars", 32'sb00000000000000000000000000000000, S_0x55804984c8e0 {0 0 0};
    %end;
    .thread T_13;
    .scope S_0x55804984c8e0;
T_14 ;
    %pushi/vec4 0, 0, 1;
    %store/vec4 v0x558049892ad0_0, 0, 1;
T_14.0 ;
    %delay 5000, 0;
    %load/vec4 v0x558049892ad0_0;
    %inv;
    %store/vec4 v0x558049892ad0_0, 0, 1;
    %jmp T_14.0;
    %end;
    .thread T_14;
    .scope S_0x55804984c8e0;
T_15 ;
    %pushi/vec4 0, 0, 1;
    %store/vec4 v0x558049892b90_0, 0, 1;
    %pushi/vec4 0, 0, 1;
    %store/vec4 v0x558049892980_0, 0, 1;
    %end;
    .thread T_15;
    .scope S_0x55804984c8e0;
T_16 ;
    %delay 14000, 0;
    %pushi/vec4 1, 0, 1;
    %store/vec4 v0x558049892b90_0, 0, 1;
    %delay 7000, 0;
    %pushi/vec4 1, 0, 1;
    %store/vec4 v0x558049892980_0, 0, 1;
    %pushi/vec4 1000, 0, 32;
T_16.0 %dup/vec4;
    %pushi/vec4 0, 0, 32;
    %cmp/s;
    %jmp/1xz T_16.1, 5;
    %jmp/1 T_16.1, 4;
    %pushi/vec4 1, 0, 32;
    %sub;
    %wait E_0x55804983c6a0;
    %fork TD_tb_bit3_BCD.check, S_0x55804984b450;
    %join;
    %jmp T_16.0;
T_16.1 ;
    %pop/vec4 1;
    %delay 50000, 0;
    %vpi_call/w 3 45 "$finish" {0 0 0};
    %end;
    .thread T_16;
# The file index is used to find the file name in the following table.
:file_names 7;
    "N/A";
    "<interactive>";
    "-";
    "tb/tb_bit3_BCD.v";
    "rtl/bit3_BCD.v";
    "rtl/mod_10.v";
    "rtl/D.v";
